Archive member included because of file (symbol)

c:/NXP/bstudio_nxp/workspace/sdk/JN-SW-4168/Components/Library\libOS_JN516x.a(os.o)
                              c:/NXP/bstudio_nxp/workspace/JN-AN-1201-YCL/JN-AN-1201-ZigBee-Intruder-Alarm-System/ZONE/Build/os_gen.o (symbol from plugin) (os_vStart)
c:/NXP/bstudio_nxp/workspace/sdk/JN-SW-4168/Components/Library\libOS_JN516x.a(os_contirq_JN516x.o)
                              c:/NXP/bstudio_nxp/workspace/JN-AN-1201-YCL/JN-AN-1201-ZigBee-Intruder-Alarm-System/ZONE/Build/os_irq.o (os_UnclaimedException_W)
c:/NXP/bstudio_nxp/workspace/sdk/JN-SW-4168/Components/Library\libPWRM_JN516x.a(pwrm.o)
                              c:/NXP/bstudio_nxp/workspace/JN-AN-1201-YCL/JN-AN-1201-ZigBee-Intruder-Alarm-System/ZONE/Build/app_start_ZONE.o (symbol from plugin) (PWRM_vInit)
c:/NXP/bstudio_nxp/workspace/sdk/JN-SW-4168/Components/Library\libPWRM_JN516x.a(pwrm_setjmp_JN516x.o)
                              pwrm.o (symbol from plugin) (setjmp)
c:/NXP/bstudio_nxp/workspace/sdk/JN-SW-4168/Components/Library\libPWRM_JN516x.a(pwrm_cold_start.o)
                              (AppColdStart)
c:/NXP/bstudio_nxp/workspace/sdk/JN-SW-4168/Components/Library\libPWRM_JN516x.a(pwrm_warm_start.o)
                              (AppWarmStart)
c:/NXP/bstudio_nxp/workspace/sdk/JN-SW-4168/Components/Library\libPDUM_JN516x.a(pdum_nwk.o)
                              c:/NXP/bstudio_nxp/workspace/JN-AN-1201-YCL/JN-AN-1201-ZigBee-Intruder-Alarm-System/ZONE/Build/pdum_gen.o (symbol from plugin) (pdum_vNPduInit)
c:/NXP/bstudio_nxp/workspace/sdk/JN-SW-4168/Components/Library\libPDUM_JN516x.a(pdum_apl.o)
                              c:/NXP/bstudio_nxp/workspace/JN-AN-1201-YCL/JN-AN-1201-ZigBee-Intruder-Alarm-System/ZONE/Build/appZdpExtraction.o (symbol from plugin) (PDUM_u16APduInstanceReadNBO)
c:/NXP/bstudio_nxp/workspace/sdk/JN-SW-4168/Components/Library\libPDUM_JN516x.a(pdum.o)
                              pdum_nwk.o (symbol from plugin) (PDUM_u16SizeNBO)
c:/NXP/bstudio_nxp/workspace/sdk/JN-SW-4168/Components/Library\libZPSAPL_JN516x.a(zps_apl_af.o)
                              c:/NXP/bstudio_nxp/workspace/JN-AN-1201-YCL/JN-AN-1201-ZigBee-Intruder-Alarm-System/ZONE/Build/zha_ZONE_node.o (symbol from plugin) (ZPS_eAplAfInit)
c:/NXP/bstudio_nxp/workspace/sdk/JN-SW-4168/Components/Library\libZPSAPL_JN516x.a(zps_apl_af_apsde.o)
                              c:/NXP/bstudio_nxp/workspace/JN-AN-1201-YCL/JN-AN-1201-ZigBee-Intruder-Alarm-System/ZONE/Build/zps_gen.o (symbol from plugin) (zps_vHandleApsdeDataFragInd)
c:/NXP/bstudio_nxp/workspace/sdk/JN-SW-4168/Components/Library\libZPSAPL_JN516x.a(zps_apl_task.o)
                              zps_apl_af_apsde.o (symbol from plugin) (zps_vAplAfPostEvent)
c:/NXP/bstudio_nxp/workspace/sdk/JN-SW-4168/Components/Library\libZPSAPL_JN516x.a(zps_apl_apsde.o)
                              zps_apl_task.o (symbol from plugin) (ZPS_vAplRegisterApsdeDcfmIndCallbacks)
c:/NXP/bstudio_nxp/workspace/sdk/JN-SW-4168/Components/Library\libZPSAPL_JN516x.a(zps_apl_apsme.o)
                              zps_apl_task.o (symbol from plugin) (ZPS_vAplRegisterApsmeDcfmIndCallbacks)
c:/NXP/bstudio_nxp/workspace/sdk/JN-SW-4168/Components/Library\libZPSAPL_JN516x.a(zps_apl_aps_nlde.o)
                              c:/NXP/bstudio_nxp/workspace/JN-AN-1201-YCL/JN-AN-1201-ZigBee-Intruder-Alarm-System/ZONE/Build/zps_gen.o (symbol from plugin) (zps_vHandleExtendedDataAckFrame)
c:/NXP/bstudio_nxp/workspace/sdk/JN-SW-4168/Components/Library\libZPSAPL_JN516x.a(zps_apl_sec.o)
                              zps_apl_task.o (symbol from plugin) (zps_psFindKeyDescr)
c:/NXP/bstudio_nxp/workspace/sdk/JN-SW-4168/Components/Library\libZPSAPL_JN516x.a(zps_apl_aib.o)
                              c:/NXP/bstudio_nxp/workspace/JN-AN-1201-YCL/JN-AN-1201-ZigBee-Intruder-Alarm-System/ZONE/Build/app_zbp_utilities.o (symbol from plugin) (zps_psAplAibGetAib)
c:/NXP/bstudio_nxp/workspace/sdk/JN-SW-4168/Components/Library\libZPSAPL_JN516x.a(zps_apl_zdo_nwkmanager.o)
                              zps_apl_apsme.o (symbol from plugin) (zps_vAplSaveRecord)
c:/NXP/bstudio_nxp/workspace/sdk/JN-SW-4168/Components/Library\libZPSAPL_JN516x.a(zps_apl_zdo_handle_zdp_event.o)
                              zps_apl_task.o (symbol from plugin) (zps_bAplZdoHandleZdpEvent)
c:/NXP/bstudio_nxp/workspace/sdk/JN-SW-4168/Components/Library\libZPSAPL_JN516x.a(zps_apl_zdo_trust_center.o)
                              zps_apl_sec.o (symbol from plugin) (zps_eAplTrustCenterFindDevice)
c:/NXP/bstudio_nxp/workspace/sdk/JN-SW-4168/Components/Library\libZPSAPL_JN516x.a(zps_apl_zdo_common.o)
                              zps_apl_zdo_nwkmanager.o (symbol from plugin) (zps_eAplZdoNlmeleaveWrapper)
c:/NXP/bstudio_nxp/workspace/sdk/JN-SW-4168/Components/Library\libZPSAPL_JN516x.a(zps_apl_zdo_group.o)
[...]
Memory Configuration

Name             Origin             Length             Attributes
flash            0x0000000000080000 0x0000000000080000
ram              0x000000000400004c 0x0000000000007fb4
*default*        0x0000000000000000 0xffffffffffffffff

Linker script and memory map

                0x0000000000001388                __stack_size = 0x1388
                0x00000000000007d0                __minimum_heap_size = 0x7d0
START GROUP
LOAD c:/NXP/bstudio_nxp/workspace/JN-AN-1201-YCL/JN-AN-1201-ZigBee-Intruder-Alarm-System/ZONE/Build/os_gen.o
LOAD C:\Users\1\AppData\Local\Temp\ccQg0ZWh.ltrans0.ltrans.o
LOAD C:\Users\1\AppData\Local\Temp\ccQg0ZWh.ltrans1.ltrans.o
LOAD C:\Users\1\AppData\Local\Temp\ccQg0ZWh.ltrans2.ltrans.o
LOAD C:\Users\1\AppData\Local\Temp\ccQg0ZWh.ltrans3.ltrans.o
LOAD C:\Users\1\AppData\Local\Temp\ccQg0ZWh.ltrans4.ltrans.o
LOAD C:\Users\1\AppData\Local\Temp\ccQg0ZWh.ltrans5.ltrans.o
LOAD C:\Users\1\AppData\Local\Temp\ccQg0ZWh.ltrans6.ltrans.o
LOAD C:\Users\1\AppData\Local\Temp\ccQg0ZWh.ltrans7.ltrans.o
LOAD C:\Users\1\AppData\Local\Temp\ccQg0ZWh.ltrans8.ltrans.o
LOAD C:\Users\1\AppData\Local\Temp\ccQg0ZWh.ltrans9.ltrans.o
LOAD C:\Users\1\AppData\Local\Temp\ccQg0ZWh.ltrans10.ltrans.o
LOAD C:\Users\1\AppData\Local\Temp\ccQg0ZWh.ltrans11.ltrans.o
LOAD C:\Users\1\AppData\Local\Temp\ccQg0ZWh.ltrans12.ltrans.o
LOAD C:\Users\1\AppData\Local\Temp\ccQg0ZWh.ltrans13.ltrans.o
LOAD C:\Users\1\AppData\Local\Temp\ccQg0ZWh.ltrans14.ltrans.o
LOAD C:\Users\1\AppData\Local\Temp\ccQg0ZWh.ltrans15.ltrans.o
LOAD C:\Users\1\AppData\Local\Temp\ccQg0ZWh.ltrans16.ltrans.o
LOAD C:\Users\1\AppData\Local\Temp\ccQg0ZWh.ltrans17.ltrans.o
LOAD C:\Users\1\AppData\Local\Temp\ccQg0ZWh.ltrans18.ltrans.o
LOAD C:\Users\1\AppData\Local\Temp\ccQg0ZWh.ltrans19.ltrans.o
LOAD C:\Users\1\AppData\Local\Temp\ccQg0ZWh.ltrans20.ltrans.o
LOAD C:\Users\1\AppData\Local\Temp\ccQg0ZWh.ltrans21.ltrans.o
LOAD C:\Users\1\AppData\Local\Temp\ccQg0ZWh.ltrans22.ltrans.o
LOAD C:\Users\1\AppData\Local\Temp\ccQg0ZWh.ltrans23.ltrans.o
LOAD C:\Users\1\AppData\Local\Temp\ccQg0ZWh.ltrans24.ltrans.o
LOAD C:\Users\1\AppData\Local\Temp\ccQg0ZWh.ltrans25.ltrans.o
LOAD C:\Users\1\AppData\Local\Temp\ccQg0ZWh.ltrans26.ltrans.o
LOAD C:\Users\1\AppData\Local\Temp\ccQg0ZWh.ltrans27.ltrans.o
LOAD C:\Users\1\AppData\Local\Temp\ccQg0ZWh.ltrans28.ltrans.o
LOAD C:\Users\1\AppData\Local\Temp\ccQg0ZWh.ltrans29.ltrans.o
LOAD C:\Users\1\AppData\Local\Temp\ccQg0ZWh.ltrans30.ltrans.o
LOAD C:\Users\1\AppData\Local\Temp\ccQg0ZWh.ltrans31.ltrans.o
LOAD c:/nxp/bstudio_nxp/workspace/sdk/tools/ba-elf-ba2-r36379/bin/../lib/gcc/ba-elf/4.7.4/../../../../ba-elf/lib/mcpu_jn51xx_sizeopt\libc.a
LOAD c:/nxp/bstudio_nxp/workspace/sdk/tools/ba-elf-ba2-r36379/bin/../lib/gcc/ba-elf/4.7.4/mcpu_jn51xx_sizeopt\libgcc.a
LOAD c:/nxp/bstudio_nxp/workspace/sdk/tools/ba-elf-ba2-r36379/bin/../lib/gcc/ba-elf/4.7.4/../../../../ba-elf/lib/mcpu_jn51xx_sizeopt\libc.a
LOAD c:/NXP/bstudio_nxp/workspace/JN-AN-1201-YCL/JN-AN-1201-ZigBee-Intruder-Alarm-System/ZONE/Build/os_irq.o
LOAD c:/NXP/bstudio_nxp/workspace/JN-AN-1201-YCL/JN-AN-1201-ZigBee-Intruder-Alarm-System/ZONE/Build/os_irq_alignment.o
LOAD c:/NXP/bstudio_nxp/workspace/JN-AN-1201-YCL/JN-AN-1201-ZigBee-Intruder-Alarm-System/ZONE/Build/os_irq_buserror.o
LOAD c:/NXP/bstudio_nxp/workspace/JN-AN-1201-YCL/JN-AN-1201-ZigBee-Intruder-Alarm-System/ZONE/Build/os_irq_illegalinstruction.o
LOAD c:/NXP/bstudio_nxp/workspace/JN-AN-1201-YCL/JN-AN-1201-ZigBee-Intruder-Alarm-System/ZONE/Build/os_irq_stackoverflowexception.o
LOAD c:/NXP/bstudio_nxp/workspace/JN-AN-1201-YCL/JN-AN-1201-ZigBee-Intruder-Alarm-System/ZONE/Build/os_irq_unimplementedmodule.o
LOAD c:/NXP/bstudio_nxp/workspace/JN-AN-1201-YCL/JN-AN-1201-ZigBee-Intruder-Alarm-System/ZONE/Build/pdum_gen.o
LOAD c:/NXP/bstudio_nxp/workspace/JN-AN-1201-YCL/JN-AN-1201-ZigBee-Intruder-Alarm-System/ZONE/Build/pdum_apdu.o
LOAD c:/NXP/bstudio_nxp/workspace/JN-AN-1201-YCL/JN-AN-1201-ZigBee-Intruder-Alarm-System/ZONE/Build/zps_gen.o
LOAD c:/NXP/bstudio_nxp/workspace/JN-AN-1201-YCL/JN-AN-1201-ZigBee-Intruder-Alarm-System/ZONE/Build/app_uart.o
LOAD c:/NXP/bstudio_nxp/workspace/JN-AN-1201-YCL/JN-AN-1201-ZigBee-Intruder-Alarm-System/ZONE/Build/app_timer_driver.o
LOAD c:/NXP/bstudio_nxp/workspace/JN-AN-1201-YCL/JN-AN-1201-ZigBee-Intruder-Alarm-System/ZONE/Build/app_start_ZONE.o
LOAD c:/NXP/bstudio_nxp/workspace/JN-AN-1201-YCL/JN-AN-1201-ZigBee-Intruder-Alarm-System/ZONE/Build/app_zbp_utilities.o
LOAD c:/NXP/bstudio_nxp/workspace/JN-AN-1201-YCL/JN-AN-1201-ZigBee-Intruder-Alarm-System/ZONE/Build/app_exceptions.o
LOAD c:/NXP/bstudio_nxp/workspace/JN-AN-1201-YCL/JN-AN-1201-ZigBee-Intruder-Alarm-System/ZONE/Build/app_pdm.o
LOAD c:/NXP/bstudio_nxp/workspace/JN-AN-1201-YCL/JN-AN-1201-ZigBee-Intruder-Alarm-System/ZONE/Build/app_ias_enroll_req.o
LOAD c:/NXP/bstudio_nxp/workspace/JN-AN-1201-YCL/JN-AN-1201-ZigBee-Intruder-Alarm-System/ZONE/Build/app_ias_unenroll_req.o
LOAD c:/NXP/bstudio_nxp/workspace/JN-AN-1201-YCL/JN-AN-1201-ZigBee-Intruder-Alarm-System/ZONE/Build/app_ias_indicator.o
LOAD c:/NXP/bstudio_nxp/workspace/JN-AN-1201-YCL/JN-AN-1201-ZigBee-Intruder-Alarm-System/ZONE/Build/app_ias_save.o
LOAD c:/NXP/bstudio_nxp/workspace/JN-AN-1201-YCL/JN-AN-1201-ZigBee-Intruder-Alarm-System/ZONE/Build/zha_ZONE_node.o
LOAD c:/NXP/bstudio_nxp/workspace/JN-AN-1201-YCL/JN-AN-1201-ZigBee-Intruder-Alarm-System/ZONE/Build/app_sleep_functions.o
LOAD c:/NXP/bstudio_nxp/workspace/JN-AN-1201-YCL/JN-AN-1201-ZigBee-Intruder-Alarm-System/ZONE/Build/appZdpExtraction.o
LOAD c:/NXP/bstudio_nxp/workspace/JN-AN-1201-YCL/JN-AN-1201-ZigBee-Intruder-Alarm-System/ZONE/Build/appZpsBeaconHandler.o
LOAD c:/NXP/bstudio_nxp/workspace/JN-AN-1201-YCL/JN-AN-1201-ZigBee-Intruder-Alarm-System/ZONE/Build/app_zcl_ZONE_task.o
LOAD c:/NXP/bstudio_nxp/workspace/JN-AN-1201-YCL/JN-AN-1201-ZigBee-Intruder-Alarm-System/ZONE/Build/app_buttons.o
LOAD c:/NXP/bstudio_nxp/workspace/JN-AN-1201-YCL/JN-AN-1201-ZigBee-Intruder-Alarm-System/ZONE/Build/haEzJoin.o
LOAD c:/NXP/bstudio_nxp/workspace/JN-AN-1201-YCL/JN-AN-1201-ZigBee-Intruder-Alarm-System/ZONE/Build/PingParent.o
LOAD c:/NXP/bstudio_nxp/workspace/JN-AN-1201-YCL/JN-AN-1201-ZigBee-Intruder-Alarm-System/ZONE/Build/Alarms.o
LOAD c:/NXP/bstudio_nxp/workspace/JN-AN-1201-YCL/JN-AN-1201-ZigBee-Intruder-Alarm-System/ZONE/Build/AlarmsClientCommands.o
LOAD c:/NXP/bstudio_nxp/workspace/JN-AN-1201-YCL/JN-AN-1201-ZigBee-Intruder-Alarm-System/ZONE/Build/AlarmsCommandHandler.o
LOAD c:/NXP/bstudio_nxp/workspace/JN-AN-1201-YCL/JN-AN-1201-ZigBee-Intruder-Alarm-System/ZONE/Build/AlarmsServerCommands.o
LOAD c:/NXP/bstudio_nxp/workspace/JN-AN-1201-YCL/JN-AN-1201-ZigBee-Intruder-Alarm-System/ZONE/Build/AlarmsTableManager.o
LOAD c:/NXP/bstudio_nxp/workspace/JN-AN-1201-YCL/JN-AN-1201-ZigBee-Intruder-Alarm-System/ZONE/Build/AnalogInputBasic.o
LOAD c:/NXP/bstudio_nxp/workspace/JN-AN-1201-YCL/JN-AN-1201-ZigBee-Intruder-Alarm-System/ZONE/Build/AnalogOutputBasic.o
LOAD c:/NXP/bstudio_nxp/workspace/JN-AN-1201-YCL/JN-AN-1201-ZigBee-Intruder-Alarm-System/ZONE/Build/Basic.o
LOAD c:/NXP/bstudio_nxp/workspace/JN-AN-1201-YCL/JN-AN-1201-ZigBee-Intruder-Alarm-System/ZONE/Build/BasicClientCommands.o
LOAD c:/NXP/bstudio_nxp/workspace/JN-AN-1201-YCL/JN-AN-1201-ZigBee-Intruder-Alarm-System/ZONE/Build/BasicCommandHandler.o
LOAD c:/NXP/bstudio_nxp/workspace/JN-AN-1201-YCL/JN-AN-1201-ZigBee-Intruder-Alarm-System/ZONE/Build/BinaryInputBasic.o
LOAD c:/NXP/bstudio_nxp/workspace/JN-AN-1201-YCL/JN-AN-1201-ZigBee-Intruder-Alarm-System/ZONE/Build/BinaryOutputBasic.o
LOAD c:/NXP/bstudio_nxp/workspace/JN-AN-1201-YCL/JN-AN-1201-ZigBee-Intruder-Alarm-System/ZONE/Build/Commissioning.o
LOAD c:/NXP/bstudio_nxp/workspace/JN-AN-1201-YCL/JN-AN-1201-ZigBee-Intruder-Alarm-System/ZONE/Build/DeviceTemperatureConfiguration.o
LOAD c:/NXP/bstudio_nxp/workspace/JN-AN-1201-YCL/JN-AN-1201-ZigBee-Intruder-Alarm-System/ZONE/Build/Diagnostics.o
LOAD c:/NXP/bstudio_nxp/workspace/JN-AN-1201-YCL/JN-AN-1201-ZigBee-Intruder-Alarm-System/ZONE/Build/DoorLock.o
LOAD c:/NXP/bstudio_nxp/workspace/JN-AN-1201-YCL/JN-AN-1201-ZigBee-Intruder-Alarm-System/ZONE/Build/DoorLockCommandHandler.o
LOAD c:/NXP/bstudio_nxp/workspace/JN-AN-1201-YCL/JN-AN-1201-ZigBee-Intruder-Alarm-System/ZONE/Build/DoorLockCommands.o
LOAD c:/NXP/bstudio_nxp/workspace/JN-AN-1201-YCL/JN-AN-1201-ZigBee-Intruder-Alarm-System/ZONE/Build/ElectricalMeasurement.o
LOAD c:/NXP/bstudio_nxp/workspace/JN-AN-1201-YCL/JN-AN-1201-ZigBee-Intruder-Alarm-System/ZONE/Build/Groups.o
LOAD c:/NXP/bstudio_nxp/workspace/JN-AN-1201-YCL/JN-AN-1201-ZigBee-Intruder-Alarm-System/ZONE/Build/GroupsClientCommands.o
LOAD c:/NXP/bstudio_nxp/workspace/JN-AN-1201-YCL/JN-AN-1201-ZigBee-Intruder-Alarm-System/ZONE/Build/GroupsCommandHandler.o
LOAD c:/NXP/bstudio_nxp/workspace/JN-AN-1201-YCL/JN-AN-1201-ZigBee-Intruder-Alarm-System/ZONE/Build/GroupsServerCommands.o
LOAD c:/NXP/bstudio_nxp/workspace/JN-AN-1201-YCL/JN-AN-1201-ZigBee-Intruder-Alarm-System/ZONE/Build/GroupsTableManager.o
LOAD c:/NXP/bstudio_nxp/workspace/JN-AN-1201-YCL/JN-AN-1201-ZigBee-Intruder-Alarm-System/ZONE/Build/Identify.o
LOAD c:/NXP/bstudio_nxp/workspace/JN-AN-1201-YCL/JN-AN-1201-ZigBee-Intruder-Alarm-System/ZONE/Build/IdentifyClientCommands.o
LOAD c:/NXP/bstudio_nxp/workspace/JN-AN-1201-YCL/JN-AN-1201-ZigBee-Intruder-Alarm-System/ZONE/Build/IdentifyCommandHandler.o
LOAD c:/NXP/bstudio_nxp/workspace/JN-AN-1201-YCL/JN-AN-1201-ZigBee-Intruder-Alarm-System/ZONE/Build/IdentifyServerCommands.o
LOAD c:/NXP/bstudio_nxp/workspace/JN-AN-1201-YCL/JN-AN-1201-ZigBee-Intruder-Alarm-System/ZONE/Build/LevelControl.o
LOAD c:/NXP/bstudio_nxp/workspace/JN-AN-1201-YCL/JN-AN-1201-ZigBee-Intruder-Alarm-System/ZONE/Build/LevelControlClientCommands.o
LOAD c:/NXP/bstudio_nxp/workspace/JN-AN-1201-YCL/JN-AN-1201-ZigBee-Intruder-Alarm-System/ZONE/Build/LevelControlCommandHandler.o
LOAD c:/NXP/bstudio_nxp/workspace/JN-AN-1201-YCL/JN-AN-1201-ZigBee-Intruder-Alarm-System/ZONE/Build/MultistateInputBasic.o
LOAD c:/NXP/bstudio_nxp/workspace/JN-AN-1201-YCL/JN-AN-1201-ZigBee-Intruder-Alarm-System/ZONE/Build/MultistateOutputBasic.o
LOAD c:/NXP/bstudio_nxp/workspace/JN-AN-1201-YCL/JN-AN-1201-ZigBee-Intruder-Alarm-System/ZONE/Build/OOSC.o
LOAD c:/NXP/bstudio_nxp/workspace/JN-AN-1201-YCL/JN-AN-1201-ZigBee-Intruder-Alarm-System/ZONE/Build/OnOff.o
LOAD c:/NXP/bstudio_nxp/workspace/JN-AN-1201-YCL/JN-AN-1201-ZigBee-Intruder-Alarm-System/ZONE/Build/OnOffCommandHandler.o
LOAD c:/NXP/bstudio_nxp/workspace/JN-AN-1201-YCL/JN-AN-1201-ZigBee-Intruder-Alarm-System/ZONE/Build/OnOffCommands.o
LOAD c:/NXP/bstudio_nxp/workspace/JN-AN-1201-YCL/JN-AN-1201-ZigBee-Intruder-Alarm-System/ZONE/Build/PollControl.o
LOAD c:/NXP/bstudio_nxp/workspace/JN-AN-1201-YCL/JN-AN-1201-ZigBee-Intruder-Alarm-System/ZONE/Build/PollControlClientCommands.o
LOAD c:/NXP/bstudio_nxp/workspace/JN-AN-1201-YCL/JN-AN-1201-ZigBee-Intruder-Alarm-System/ZONE/Build/PollControlCommandHandler.o
LOAD c:/NXP/bstudio_nxp/workspace/JN-AN-1201-YCL/JN-AN-1201-ZigBee-Intruder-Alarm-System/ZONE/Build/PollControlServerCommands.o
LOAD c:/NXP/bstudio_nxp/workspace/JN-AN-1201-YCL/JN-AN-1201-ZigBee-Intruder-Alarm-System/ZONE/Build/PowerConfiguration.o
LOAD c:/NXP/bstudio_nxp/workspace/JN-AN-1201-YCL/JN-AN-1201-ZigBee-Intruder-Alarm-System/ZONE/Build/Scenes.o
LOAD c:/NXP/bstudio_nxp/workspace/JN-AN-1201-YCL/JN-AN-1201-ZigBee-Intruder-Alarm-System/ZONE/Build/ScenesClientCommands.o
LOAD c:/NXP/bstudio_nxp/workspace/JN-AN-1201-YCL/JN-AN-1201-ZigBee-Intruder-Alarm-System/ZONE/Build/ScenesClusterManagement.o
LOAD c:/NXP/bstudio_nxp/workspace/JN-AN-1201-YCL/JN-AN-1201-ZigBee-Intruder-Alarm-System/ZONE/Build/ScenesCommandHandler.o
LOAD c:/NXP/bstudio_nxp/workspace/JN-AN-1201-YCL/JN-AN-1201-ZigBee-Intruder-Alarm-System/ZONE/Build/ScenesServerCommands.o
LOAD c:/NXP/bstudio_nxp/workspace/JN-AN-1201-YCL/JN-AN-1201-ZigBee-Intruder-Alarm-System/ZONE/Build/ScenesTableManager.o
LOAD c:/NXP/bstudio_nxp/workspace/JN-AN-1201-YCL/JN-AN-1201-ZigBee-Intruder-Alarm-System/ZONE/Build/TC.o
LOAD c:/NXP/bstudio_nxp/workspace/JN-AN-1201-YCL/JN-AN-1201-ZigBee-Intruder-Alarm-System/ZONE/Build/Time.o
LOAD c:/NXP/bstudio_nxp/workspace/JN-AN-1201-YCL/JN-AN-1201-ZigBee-Intruder-Alarm-System/ZONE/Build/ha.o
LOAD c:/NXP/bstudio_nxp/workspace/JN-AN-1201-YCL/JN-AN-1201-ZigBee-Intruder-Alarm-System/ZONE/Build/door_lock.o
LOAD c:/NXP/bstudio_nxp/workspace/JN-AN-1201-YCL/JN-AN-1201-ZigBee-Intruder-Alarm-System/ZONE/Build/door_lock_controller.o
LOAD c:/NXP/bstudio_nxp/workspace/JN-AN-1201-YCL/JN-AN-1201-ZigBee-Intruder-Alarm-System/ZONE/Build/mains_power_outlet.o
LOAD c:/NXP/bstudio_nxp/workspace/JN-AN-1201-YCL/JN-AN-1201-ZigBee-Intruder-Alarm-System/ZONE/Build/on_off_output.o
LOAD c:/NXP/bstudio_nxp/workspace/JN-AN-1201-YCL/JN-AN-1201-ZigBee-Intruder-Alarm-System/ZONE/Build/on_off_switch.o
LOAD c:/NXP/bstudio_nxp/workspace/JN-AN-1201-YCL/JN-AN-1201-ZigBee-Intruder-Alarm-System/ZONE/Build/plug_control.o
LOAD c:/NXP/bstudio_nxp/workspace/JN-AN-1201-YCL/JN-AN-1201-ZigBee-Intruder-Alarm-System/ZONE/Build/remote_control.o
LOAD c:/NXP/bstudio_nxp/workspace/JN-AN-1201-YCL/JN-AN-1201-ZigBee-Intruder-Alarm-System/ZONE/Build/simple_sensor.o
LOAD c:/NXP/bstudio_nxp/workspace/JN-AN-1201-YCL/JN-AN-1201-ZigBee-Intruder-Alarm-System/ZONE/Build/smart_plug.o
LOAD c:/NXP/bstudio_nxp/workspace/JN-AN-1201-YCL/JN-AN-1201-ZigBee-Intruder-Alarm-System/ZONE/Build/IASACE.o
LOAD c:/NXP/bstudio_nxp/workspace/JN-AN-1201-YCL/JN-AN-1201-ZigBee-Intruder-Alarm-System/ZONE/Build/IASACEClientCommands.o
LOAD c:/NXP/bstudio_nxp/workspace/JN-AN-1201-YCL/JN-AN-1201-ZigBee-Intruder-Alarm-System/ZONE/Build/IASACECommandHandler.o
LOAD c:/NXP/bstudio_nxp/workspace/JN-AN-1201-YCL/JN-AN-1201-ZigBee-Intruder-Alarm-System/ZONE/Build/IASACEServerCommands.o
LOAD c:/NXP/bstudio_nxp/workspace/JN-AN-1201-YCL/JN-AN-1201-ZigBee-Intruder-Alarm-System/ZONE/Build/IASWD.o
LOAD c:/NXP/bstudio_nxp/workspace/JN-AN-1201-YCL/JN-AN-1201-ZigBee-Intruder-Alarm-System/ZONE/Build/IASWDCommandHandler.o
LOAD c:/NXP/bstudio_nxp/workspace/JN-AN-1201-YCL/JN-AN-1201-ZigBee-Intruder-Alarm-System/ZONE/Build/IASWDCommands.o
LOAD c:/NXP/bstudio_nxp/workspace/JN-AN-1201-YCL/JN-AN-1201-ZigBee-Intruder-Alarm-System/ZONE/Build/IASZone.o
LOAD c:/NXP/bstudio_nxp/workspace/JN-AN-1201-YCL/JN-AN-1201-ZigBee-Intruder-Alarm-System/ZONE/Build/IASZoneCommandHandler.o
LOAD c:/NXP/bstudio_nxp/workspace/JN-AN-1201-YCL/JN-AN-1201-ZigBee-Intruder-Alarm-System/ZONE/Build/IASZoneCommands.o
LOAD c:/NXP/bstudio_nxp/workspace/JN-AN-1201-YCL/JN-AN-1201-ZigBee-Intruder-Alarm-System/ZONE/Build/ancillary_control_equipment.o
LOAD c:/NXP/bstudio_nxp/workspace/JN-AN-1201-YCL/JN-AN-1201-ZigBee-Intruder-Alarm-System/ZONE/Build/control_and_indicating_equipment.o
LOAD c:/NXP/bstudio_nxp/workspace/JN-AN-1201-YCL/JN-AN-1201-ZigBee-Intruder-Alarm-System/ZONE/Build/warning_device.o
LOAD c:/NXP/bstudio_nxp/workspace/JN-AN-1201-YCL/JN-AN-1201-ZigBee-Intruder-Alarm-System/ZONE/Build/zone.o
LOAD c:/NXP/bstudio_nxp/workspace/JN-AN-1201-YCL/JN-AN-1201-ZigBee-Intruder-Alarm-System/ZONE/Build/dlist.o
LOAD c:/NXP/bstudio_nxp/workspace/JN-AN-1201-YCL/JN-AN-1201-ZigBee-Intruder-Alarm-System/ZONE/Build/zcl.o
LOAD c:/NXP/bstudio_nxp/workspace/JN-AN-1201-YCL/JN-AN-1201-ZigBee-Intruder-Alarm-System/ZONE/Build/zcl_CustomCommandReceive.o
LOAD c:/NXP/bstudio_nxp/workspace/JN-AN-1201-YCL/JN-AN-1201-ZigBee-Intruder-Alarm-System/ZONE/Build/zcl_CustomCommandSend.o
LOAD c:/NXP/bstudio_nxp/workspace/JN-AN-1201-YCL/JN-AN-1201-ZigBee-Intruder-Alarm-System/ZONE/Build/zcl_PDUbufferReadWrite.o
LOAD c:/NXP/bstudio_nxp/workspace/JN-AN-1201-YCL/JN-AN-1201-ZigBee-Intruder-Alarm-System/ZONE/Build/zcl_PDUbufferReadWriteString.o
LOAD c:/NXP/bstudio_nxp/workspace/JN-AN-1201-YCL/JN-AN-1201-ZigBee-Intruder-Alarm-System/ZONE/Build/zcl_WriteAttributesRequestHandle.o
LOAD c:/NXP/bstudio_nxp/workspace/JN-AN-1201-YCL/JN-AN-1201-ZigBee-Intruder-Alarm-System/ZONE/Build/zcl_WriteAttributesRequestSend.o
LOAD c:/NXP/bstudio_nxp/workspace/JN-AN-1201-YCL/JN-AN-1201-ZigBee-Intruder-Alarm-System/ZONE/Build/zcl_WriteAttributesResponseHandle.o
LOAD c:/NXP/bstudio_nxp/workspace/JN-AN-1201-YCL/JN-AN-1201-ZigBee-Intruder-Alarm-System/ZONE/Build/zcl_attribute.o
LOAD c:/NXP/bstudio_nxp/workspace/JN-AN-1201-YCL/JN-AN-1201-ZigBee-Intruder-Alarm-System/ZONE/Build/zcl_buffer.o
LOAD c:/NXP/bstudio_nxp/workspace/JN-AN-1201-YCL/JN-AN-1201-ZigBee-Intruder-Alarm-System/ZONE/Build/zcl_clusterCommand.o
LOAD c:/NXP/bstudio_nxp/workspace/JN-AN-1201-YCL/JN-AN-1201-ZigBee-Intruder-Alarm-System/ZONE/Build/zcl_command.o
LOAD c:/NXP/bstudio_nxp/workspace/JN-AN-1201-YCL/JN-AN-1201-ZigBee-Intruder-Alarm-System/ZONE/Build/zcl_configureReportingCommandHandle.o
LOAD c:/NXP/bstudio_nxp/workspace/JN-AN-1201-YCL/JN-AN-1201-ZigBee-Intruder-Alarm-System/ZONE/Build/zcl_configureReportingCommandSend.o
LOAD c:/NXP/bstudio_nxp/workspace/JN-AN-1201-YCL/JN-AN-1201-ZigBee-Intruder-Alarm-System/ZONE/Build/zcl_configureReportingResponseHandle.o
LOAD c:/NXP/bstudio_nxp/workspace/JN-AN-1201-YCL/JN-AN-1201-ZigBee-Intruder-Alarm-System/ZONE/Build/zcl_defaultResponse.o
LOAD c:/NXP/bstudio_nxp/workspace/JN-AN-1201-YCL/JN-AN-1201-ZigBee-Intruder-Alarm-System/ZONE/Build/zcl_discoverAttributesExtendedRequestHandle.o
LOAD c:/NXP/bstudio_nxp/workspace/JN-AN-1201-YCL/JN-AN-1201-ZigBee-Intruder-Alarm-System/ZONE/Build/zcl_discoverAttributesExtendedRequestSend.o
LOAD c:/NXP/bstudio_nxp/workspace/JN-AN-1201-YCL/JN-AN-1201-ZigBee-Intruder-Alarm-System/ZONE/Build/zcl_discoverAttributesExtendedResponseHandle.o
LOAD c:/NXP/bstudio_nxp/workspace/JN-AN-1201-YCL/JN-AN-1201-ZigBee-Intruder-Alarm-System/ZONE/Build/zcl_discoverAttributesRequestHandle.o
LOAD c:/NXP/bstudio_nxp/workspace/JN-AN-1201-YCL/JN-AN-1201-ZigBee-Intruder-Alarm-System/ZONE/Build/zcl_discoverAttributesRequestSend.o
LOAD c:/NXP/bstudio_nxp/workspace/JN-AN-1201-YCL/JN-AN-1201-ZigBee-Intruder-Alarm-System/ZONE/Build/zcl_discoverAttributesResponseHandle.o
LOAD c:/NXP/bstudio_nxp/workspace/JN-AN-1201-YCL/JN-AN-1201-ZigBee-Intruder-Alarm-System/ZONE/Build/zcl_discoverCommandsRequestHandle.o
LOAD c:/NXP/bstudio_nxp/workspace/JN-AN-1201-YCL/JN-AN-1201-ZigBee-Intruder-Alarm-System/ZONE/Build/zcl_discoverCommandsRequestSend.o
LOAD c:/NXP/bstudio_nxp/workspace/JN-AN-1201-YCL/JN-AN-1201-ZigBee-Intruder-Alarm-System/ZONE/Build/zcl_discoverCommandsResponseHandle.o
LOAD c:/NXP/bstudio_nxp/workspace/JN-AN-1201-YCL/JN-AN-1201-ZigBee-Intruder-Alarm-System/ZONE/Build/zcl_event.o
LOAD c:/NXP/bstudio_nxp/workspace/JN-AN-1201-YCL/JN-AN-1201-ZigBee-Intruder-Alarm-System/ZONE/Build/zcl_heap.o
LOAD c:/NXP/bstudio_nxp/workspace/JN-AN-1201-YCL/JN-AN-1201-ZigBee-Intruder-Alarm-System/ZONE/Build/zcl_library_options.o
LOAD c:/NXP/bstudio_nxp/workspace/JN-AN-1201-YCL/JN-AN-1201-ZigBee-Intruder-Alarm-System/ZONE/Build/zcl_readAttributesRequestHandle.o
LOAD c:/NXP/bstudio_nxp/workspace/JN-AN-1201-YCL/JN-AN-1201-ZigBee-Intruder-Alarm-System/ZONE/Build/zcl_readAttributesRequestSend.o
LOAD c:/NXP/bstudio_nxp/workspace/JN-AN-1201-YCL/JN-AN-1201-ZigBee-Intruder-Alarm-System/ZONE/Build/zcl_readAttributesResponseHandle.o
LOAD c:/NXP/bstudio_nxp/workspace/JN-AN-1201-YCL/JN-AN-1201-ZigBee-Intruder-Alarm-System/ZONE/Build/zcl_readReportingConfigurationCommandHandle.o
LOAD c:/NXP/bstudio_nxp/workspace/JN-AN-1201-YCL/JN-AN-1201-ZigBee-Intruder-Alarm-System/ZONE/Build/zcl_readReportingConfigurationCommandSend.o
LOAD c:/NXP/bstudio_nxp/workspace/JN-AN-1201-YCL/JN-AN-1201-ZigBee-Intruder-Alarm-System/ZONE/Build/zcl_readReportingConfigurationResponseHandle.o
LOAD c:/NXP/bstudio_nxp/workspace/JN-AN-1201-YCL/JN-AN-1201-ZigBee-Intruder-Alarm-System/ZONE/Build/zcl_reportManager.o
LOAD c:/NXP/bstudio_nxp/workspace/JN-AN-1201-YCL/JN-AN-1201-ZigBee-Intruder-Alarm-System/ZONE/Build/zcl_reportMaths.o
LOAD c:/NXP/bstudio_nxp/workspace/JN-AN-1201-YCL/JN-AN-1201-ZigBee-Intruder-Alarm-System/ZONE/Build/zcl_reportScheduler.o
LOAD c:/NXP/bstudio_nxp/workspace/JN-AN-1201-YCL/JN-AN-1201-ZigBee-Intruder-Alarm-System/ZONE/Build/zcl_reportStringHandling.o
LOAD c:/NXP/bstudio_nxp/workspace/JN-AN-1201-YCL/JN-AN-1201-ZigBee-Intruder-Alarm-System/ZONE/Build/zcl_reportStructure.o
LOAD c:/NXP/bstudio_nxp/workspace/JN-AN-1201-YCL/JN-AN-1201-ZigBee-Intruder-Alarm-System/ZONE/Build/zcl_search.o
LOAD c:/NXP/bstudio_nxp/workspace/JN-AN-1201-YCL/JN-AN-1201-ZigBee-Intruder-Alarm-System/ZONE/Build/zcl_timer.o
LOAD c:/NXP/bstudio_nxp/workspace/JN-AN-1201-YCL/JN-AN-1201-ZigBee-Intruder-Alarm-System/ZONE/Build/zcl_transmit.o
LOAD c:/NXP/bstudio_nxp/workspace/sdk/JN-SW-4168/Components/Library\libZPSMAC_Mini_JN516x.a
LOAD c:/NXP/bstudio_nxp/workspace/sdk/JN-SW-4168/Components/Library\libOS_JN516x.a
LOAD c:/NXP/bstudio_nxp/workspace/sdk/JN-SW-4168/Components/Library\libPWRM_JN516x.a
LOAD c:/NXP/bstudio_nxp/workspace/sdk/JN-SW-4168/Components/Library\libZPSTSV_JN516x.a
LOAD c:/NXP/bstudio_nxp/workspace/sdk/JN-SW-4168/Components/Library\libAES_SW_JN516x.a
LOAD c:/NXP/bstudio_nxp/workspace/sdk/JN-SW-4168/Components/Library\libPDUM_JN516x.a
LOAD c:/NXP/bstudio_nxp/workspace/sdk/JN-SW-4168/Components/Library\libZPSAPL_JN516x.a
LOAD c:/NXP/bstudio_nxp/workspace/sdk/JN-SW-4168/Components/Library\libRandom_JN516x.a
LOAD c:/NXP/bstudio_nxp/workspace/sdk/JN-SW-4168/Components/Library\libPDM_EEPROM_JN516x.a
LOAD c:/NXP/bstudio_nxp/workspace/sdk/JN-SW-4168/Components/Library\libDBG_JN516x.a
LOAD c:/NXP/bstudio_nxp/workspace/sdk/JN-SW-4168/Components/Library\libZPSNWK_ZED_JN516x.a
LOAD c:/NXP/bstudio_nxp/workspace/sdk/JN-SW-4168/Components/Library\libMiniMac_JN5169.a
LOAD c:/NXP/bstudio_nxp/workspace/sdk/JN-SW-4168/Components/Library\libMiniMacShim_JN516x.a
LOAD c:/NXP/bstudio_nxp/workspace/sdk/JN-SW-4168/Components/Library\libMMAC_JN5169.a
LOAD c:/NXP/bstudio_nxp/workspace/sdk/JN-SW-4168/Components/Library\libJPT_JN5169.a
LOAD c:/NXP/bstudio_nxp/workspace/sdk/JN-SW-4168/Components/Library\libAes_JN516x.a
LOAD c:/NXP/bstudio_nxp/workspace/sdk/JN-SW-4168/Components/Library\libHardwareApi_JN5169.a
LOAD c:/NXP/bstudio_nxp/workspace/sdk/JN-SW-4168/Components/Library\libMicroSpecific_JN516x.a
LOAD c:/NXP/bstudio_nxp/workspace/sdk/JN-SW-4168/Components/Library\libBoot_JN516x.a
LOAD c:/NXP/bstudio_nxp/workspace/sdk/JN-SW-4168/Platform/DK4/Library\libBoardLib_JN516x.a
LOAD c:/nxp/bstudio_nxp/workspace/sdk/tools/ba-elf-ba2-r36379/bin/../lib/gcc/ba-elf/4.7.4/../../../../ba-elf/lib/mcpu_jn51xx_sizeopt\libm.a
END GROUP
LOAD c:/nxp/bstudio_nxp/workspace/sdk/tools/ba-elf-ba2-r36379/bin/../lib/gcc/ba-elf/4.7.4/../../../../ba-elf/lib/mcpu_jn51xx_sizeopt\libc.a
LOAD c:/nxp/bstudio_nxp/workspace/sdk/tools/ba-elf-ba2-r36379/bin/../lib/gcc/ba-elf/4.7.4/mcpu_jn51xx_sizeopt\libgcc.a
LOAD c:/nxp/bstudio_nxp/workspace/sdk/tools/ba-elf-ba2-r36379/bin/../lib/gcc/ba-elf/4.7.4/../../../../ba-elf/lib/mcpu_jn51xx_sizeopt\libc.a
                0x0000000000080038                exception_vsr_table = 0x80038
                0x0000000004000000                pSPIflashFncTable = 0x4000000
                0x0000000000000044                restore_state = 0x44
                0x000000000000004a                bZSPIWaitWIPClear = 0x4a
                0x0000000000000050                u16ZSPIflashRDID = 0x50
                0x0000000000000056                u8SelectFlashChipType = 0x56
                0x000000000000005c                memcpy = 0x5c
                0x0000000000000066                vBootFlashProg = 0x66
                [0x00000000000007d0]                __minimum_heap_size = DEFINED (__minimum_heap_size)?__minimum_heap_size:0xd16
                [0x0000000000001388]                __stack_size = DEFINED (__stack_size)?__stack_size:0x800
                0x0000000000000000                _SwConfig = (DEFINED (g_bSWConf_Debug) | (DEFINED (g_bSWConf_AltDebugPort) << 0x1))

.version        0x000000000007fffc        0x4
                0x000000000007fffc        0x4 LONG 0xf03000b

.bir            0x0000000000080000       0x10
                0x0000000000080000                _flash_start = ABSOLUTE (.)
                0x0000000000080000                _flash_beg = ABSOLUTE (.)
                0x0000000000080000        0x4 LONG 0x12345678
                0x0000000000080004        0x4 LONG 0x11223344
                0x0000000000080008        0x4 LONG 0x55667788
                0x000000000008000c        0x1 BYTE 0x8
                0x000000000008000d        0x1 BYTE 0x1
                0x000000000008000e        0x2 SHORT 0x0

.flashheader    0x0000000000080010       0x28
                0x0000000000080010        0x4 LONG 0x0
                0x0000000000080014        0x4 LONG 0x0
                0x0000000000080018        0x4 LONG 0x0
                0x000000000008001c        0x2 SHORT 0x0
                0x000000000008001e        0x2 SHORT 0x0 ABSOLUTE (_SwConfig)
                0x0000000000080020                _enc_start = ABSOLUTE (.)
                0x0000000000080020        0x4 LONG 0x1f1a4 ABSOLUTE (_image_len)
                0x0000000000080024        0x4 LONG 0x9e848 ABSOLUTE (_flash_data_start)
                0x0000000000080028        0x2 SHORT 0x13 ((ABSOLUTE (_ram_data_start) / 0x4) & 0xffff)
                0x000000000008002a        0x2 SHORT 0x257 ((ABSOLUTE (_ram_data_len) / 0x4) & 0xffff)
                0x000000000008002c        0x2 SHORT 0x26a ((ABSOLUTE (_bss_start) / 0x4) & 0xffff)
                0x000000000008002e        0x2 SHORT 0xfd2 ((ABSOLUTE (_bss_len) / 0x4) & 0xffff)
                0x0000000000080030        0x4 LONG 0x9cca0 ABSOLUTE (AppWarmStart)
                0x0000000000080034        0x4 LONG 0x9ccba ABSOLUTE (AppColdStart)
                0x0000000000000000                _enc_offset = (_enc_start & 0xf)

.ro_mac_address
                0x0000000000080040        0x0
                0x0000000000080040                _FlsMACAddress = ABSOLUTE (.)
 *(.ro_mac_address)
                0x0000000000080040                . = ALIGN (0x10)

.ro_ota_header  0x0000000000080040        0x0
                0x0000000000080040                _FlsOtaHeader = ABSOLUTE (.)
 *(.ro_ota_header)
                0x0000000000080040                . = ALIGN (0x10)

.ro_se_lnkKey   0x0000000000080040        0x0
                0x0000000000080040                _FlsLinkKey = ABSOLUTE (.)
 *(.ro_se_lnkKey)
                0x0000000000080040                . = ALIGN (0x10)

.rodata         0x0000000000080038     0x1741
 *(.rodata*)
 .rodata.str1.1
                0x0000000000080038       0xfd C:\Users\1\AppData\Local\Temp\ccQg0ZWh.ltrans0.ltrans.o
                                        0x11b (size before relaxing)
 *fill*         0x0000000000080135        0x3 00
 .rodata        0x0000000000080138       0x98 C:\Users\1\AppData\Local\Temp\ccQg0ZWh.ltrans0.ltrans.o
                0x0000000000080138                psAplDefaultZLLAPSLinkKey
                0x000000000008013c                gMAC_u8MaxBuffers
                0x0000000000080140                g_u32ApsFcSaveCountBitShift
                0x0000000000080144                u8MaxZpsConfigEp
                0x0000000000080145                au8EpMapPresent
                0x0000000000080148                s_groupPdmTable
 .rodata.str1.1
                0x00000000000801d0       0x3e C:\Users\1\AppData\Local\Temp\ccQg0ZWh.ltrans1.ltrans.o
 *fill*         0x000000000008020e        0x2 00
 .rodata        0x0000000000080210       0x40 C:\Users\1\AppData\Local\Temp\ccQg0ZWh.ltrans2.ltrans.o
 .rodata.str1.1
                0x0000000000080250        0x5 C:\Users\1\AppData\Local\Temp\ccQg0ZWh.ltrans3.ltrans.o
                                          0x8 (size before relaxing)
 .rodata        0x0000000000080255       0x6b C:\Users\1\AppData\Local\Temp\ccQg0ZWh.ltrans3.ltrans.o
 .rodata.str1.1
                0x0000000000000000        0x5 C:\Users\1\AppData\Local\Temp\ccQg0ZWh.ltrans5.ltrans.o
                                          0x7 (size before relaxing)
 .rodata        0x00000000000802c0       0x10 C:\Users\1\AppData\Local\Temp\ccQg0ZWh.ltrans6.ltrans.o
 .rodata.str1.1
                0x0000000000000000        0x5 C:\Users\1\AppData\Local\Temp\ccQg0ZWh.ltrans7.ltrans.o
                                         0x10 (size before relaxing)
 .rodata        0x00000000000802d0        0x7 C:\Users\1\AppData\Local\Temp\ccQg0ZWh.ltrans7.ltrans.o
                0x00000000000802d0                u8MacNwkTriesTimeout
 .rodata.str1.1
                0x00000000000802d7       0x17 C:\Users\1\AppData\Local\Temp\ccQg0ZWh.ltrans9.ltrans.o
                                         0x2f (size before relaxing)
 .rodata.str1.1
                0x00000000000802ee        0x4 C:\Users\1\AppData\Local\Temp\ccQg0ZWh.ltrans10.ltrans.o
                                         0x13 (size before relaxing)
 .rodata.str1.1
                0x00000000000802f2       0x3b C:\Users\1\AppData\Local\Temp\ccQg0ZWh.ltrans11.ltrans.o
                                         0x45 (size before relaxing)
 *fill*         0x000000000008032d        0x3 00
 .rodata        0x0000000000080330      0x17c C:\Users\1\AppData\Local\Temp\ccQg0ZWh.ltrans12.ltrans.o
                0x0000000000080330                s_apsStSceTbl.115704
                0x0000000000080344                s_apsStSmeTbl.115767
                0x0000000000080358                s_aprIdleStHandleCme.123721
                0x0000000000080368                s_aprActvStHandleCme.120607
                0x0000000000080380                bRxOnOptimisationTurnedOff
                0x0000000000080384                zps_sJoinSceTbl
                0x0000000000080390                zps_sActvSceTbl
                0x000000000008039c                zps_sDiscSmeTbl
                0x00000000000803a8                zps_sJoinSmeTbl
                0x00000000000803b4                zps_sActvSmeTbl
 .rodata.str1.1
                0x00000000000804ac      0x270 C:\Users\1\AppData\Local\Temp\ccQg0ZWh.ltrans13.ltrans.o
                                        0x277 (size before relaxing)
 .rodata.str1.1
                0x000000000008071c       0xf7 C:\Users\1\AppData\Local\Temp\ccQg0ZWh.ltrans14.ltrans.o
                                        0x10c (size before relaxing)
 *fill*         0x0000000000080813        0x1 00
 .rodata        0x0000000000080814       0x18 C:\Users\1\AppData\Local\Temp\ccQg0ZWh.ltrans15.ltrans.o
                0x0000000000080814                au32NwkPdmRecordOffsets
 .rodata.str1.1
                0x000000000008082c      0x40a C:\Users\1\AppData\Local\Temp\ccQg0ZWh.ltrans16.ltrans.o
                                        0x410 (size before relaxing)
 *fill*         0x0000000000080c36        0x2 00
 .rodata        0x0000000000080c38      0x118 C:\Users\1\AppData\Local\Temp\ccQg0ZWh.ltrans17.ltrans.o
                0x0000000000080c38                gu32ZCLVersion
                0x0000000000080c3c                OS_g_u32Version
                0x0000000000080c40                PDUM_g_u32Version
                0x0000000000080c44                ZPS_g_u32MacVersion
                0x0000000000080c48                ZPS_g_u32TsvVersion
 .rodata.str1.1
                0x0000000000080d50       0x3d C:\Users\1\AppData\Local\Temp\ccQg0ZWh.ltrans18.ltrans.o
                                         0x56 (size before relaxing)
 *fill*         0x0000000000080d8d        0x3 00
 .rodata        0x0000000000080d90       0x10 C:\Users\1\AppData\Local\Temp\ccQg0ZWh.ltrans19.ltrans.o
                0x0000000000080d98                au32UartAddrOffset
 .rodata.str1.1
                0x0000000000080da0        0x3 C:\Users\1\AppData\Local\Temp\ccQg0ZWh.ltrans19.ltrans.o
 .rodata.str1.1
                0x0000000000080da3        0x5 C:\Users\1\AppData\Local\Temp\ccQg0ZWh.ltrans20.ltrans.o
                                         0x17 (size before relaxing)
 .rodata.str1.1
                0x0000000000080da8        0x5 C:\Users\1\AppData\Local\Temp\ccQg0ZWh.ltrans22.ltrans.o
 .rodata.str1.1
                0x0000000000000000        0x3 C:\Users\1\AppData\Local\Temp\ccQg0ZWh.ltrans24.ltrans.o
 *fill*         0x0000000000080dad        0x3 00
 .rodata        0x0000000000080db0       0x4c C:\Users\1\AppData\Local\Temp\ccQg0ZWh.ltrans24.ltrans.o
                0x0000000000080db0                g_u32NwkFcSaveCountBitShift
 .rodata.str1.1
                0x0000000000080dfc       0x21 C:\Users\1\AppData\Local\Temp\ccQg0ZWh.ltrans25.ltrans.o
                                         0x4c (size before relaxing)
 .rodata.str1.1
                0x0000000000080e1d      0x3fd C:\Users\1\AppData\Local\Temp\ccQg0ZWh.ltrans26.ltrans.o
                                        0x41f (size before relaxing)
 *fill*         0x000000000008121a        0x2 00
 .rodata        0x000000000008121c       0x14 C:\Users\1\AppData\Local\Temp\ccQg0ZWh.ltrans26.ltrans.o
                0x000000000008122c                pu64NewMacOverrideMyAddressLocation
 .rodata.str1.1
                0x0000000000081230       0x67 C:\Users\1\AppData\Local\Temp\ccQg0ZWh.ltrans27.ltrans.o
 .rodata.str1.1
                0x0000000000081297       0xeb C:\Users\1\AppData\Local\Temp\ccQg0ZWh.ltrans29.ltrans.o
 *fill*         0x0000000000081382        0x2 00
 .rodata        0x0000000000081384      0x3c8 C:\Users\1\AppData\Local\Temp\ccQg0ZWh.ltrans29.ltrans.o
                0x0000000000081384                zps_g_pvApl
 .rodata.str1.1
                0x0000000000000000       0xeb C:\Users\1\AppData\Local\Temp\ccQg0ZWh.ltrans30.ltrans.o
                                          0x4 (size before relaxing)
 .rodata.str1.1
                0x000000000008174c       0x21 C:\Users\1\AppData\Local\Temp\ccQg0ZWh.ltrans31.ltrans.o
                                         0x28 (size before relaxing)
 .rodata        0x000000000008176d        0xc C:\Users\1\AppData\Local\Temp\ccQg0ZWh.ltrans31.ltrans.o

.text           0x0000000000081780    0x1d0c6
 *(.text*)
 .text          0x0000000000081780     0x1afc C:\Users\1\AppData\Local\Temp\ccQg0ZWh.ltrans0.ltrans.o
                0x0000000000081780                APP_TIMER_Version_1v0
                0x0000000000081780                vInitialiseApp.3489
 .text          0x000000000008327c     0x1770 C:\Users\1\AppData\Local\Temp\ccQg0ZWh.ltrans1.ltrans.o
                0x000000000008327c                vZCL_EventHandler
 .text          0x00000000000849ec     0x136f C:\Users\1\AppData\Local\Temp\ccQg0ZWh.ltrans2.ltrans.o
                0x00000000000849ec                DBG_iUartGetChar
                0x0000000000084aa0                vMMAC_IntHandlerBbc
                0x0000000000084aba                eBasicTxCompleteHandler
                0x0000000000084abf                vTxRxTimeout.129159
                0x0000000000084b1c                zps_eNwkHandleSmeOrphanInd
                0x0000000000084b23                eSmeASFlBeaconInd.122371
                0x0000000000084b45                eSmeUDNTScanDcfm.121826
                0x0000000000084bcc                zps_eNwkHandleSmePollDcfm
                0x0000000000084bf6                eSmeGenlScanDcfm.122363
                0x0000000000084c54                eSmeEdScScanDcfm.122359
                0x0000000000084dfb                eSmeAcScBeaconInd.122379
                0x0000000000084f03                eSmeUDNTBeaconInd.122355
                0x0000000000084f26                vMicroIntEnableOnly.constprop.137
                0x0000000000084f52                vACI_OptimisedCcmStar.constprop.130
                0x000000000008513d                u16AHI_UartBlockReadData.part.14.131914.constprop.113
                0x000000000008516d                vAHI_WakeTimerStart.part.1.132126.constprop.105
                0x00000000000851ae                vMiniMac_MLME_SetReq_PanId
                0x00000000000851eb                vMiniMac_MLME_SetReq_ShortAddr
                0x00000000000851f9                vZCL_InitializeClusterInstance.constprop.63
                0x000000000008520a                pvZCL_HeapAlloc.part.0.42826.constprop.59
                0x0000000000085243                vMiniMac_ReturnTxBufferCallback
                0x0000000000085255                vEnableReceive.129163
                0x000000000008528f                pvHeap_Alloc
                0x0000000000085292                vMicroIntRestoreState
                0x000000000008529e                TSV_eStart
                0x00000000000852ee                bAHI_WriteEEPROMfixSegmentData
                0x000000000008534c                bAHI_InitialiseEEPROM
                0x0000000000085394                vAHI_ReadDataFromEEPROMregister
                0x00000000000853c1                vAHI_WriteDataIntoEEPROMregister
                0x00000000000853f1                iAHI_WriteDataIntoEEPROMsegment.constprop.132
                0x000000000008543f                iPDM_WriteSegmentHeaderDataIntoEEPROMsegment
                0x000000000008546e                u8AHI_WakeTimerFiredStatus
                0x0000000000085482                vAHI_WakeTimerStop.part.3.132138
                0x00000000000854a2                vAHI_UartReset.part.4.131892
                0x00000000000854da                vAHI_UartDisable.part.8.132025
                0x0000000000085546                vAHI_UartSetBaudDivisor.part.1.131872
                0x0000000000085585                vAHI_OptimiseWaitStates
                0x00000000000855d1                bAHI_GetClkSource
                0x00000000000855de                vAHI_SwReset
                0x000000000008560e                vAHI_DioSetOutput
                0x0000000000085622                vAHI_DioSetDirection
                0x0000000000085636                bIssueACIcommand
                0x0000000000085898                vTransformKey.isra.0.60070
                0x00000000000858c8                MAC_u64GetExtAddr
                0x00000000000858e3                ZPS_u64NwkNibFindExtAddr
                0x000000000008598e                ZPS_u16NwkNibFindNwkAddr
                0x0000000000085a34                psSearchForFrameToSend
                0x0000000000085a8b                eMiniMac_FrameInProgress
                0x0000000000085ab6                vRemoveFromTxQueue
                0x0000000000085af2                vAddToTxQueue
                0x0000000000085b28                u8GetHeaderSize
                0x0000000000085b50                vMiniMac_PLME_SetReq_CcaMode
                0x0000000000085b64                vMiniMac_MLME_SetReq_MaxCsmaBackoffs
                0x0000000000085b84                vMiniMac_MLME_SetReq_MaxBe
                0x0000000000085ba7                vMiniMac_MLME_SetReq_MinBe
                0x0000000000085bca                zps_vSendJoinInd
                0x0000000000085c3b                zps_psNwkSlistRemoveFromHead
                0x0000000000085c52                zps_psNwkSlistRemove
                0x0000000000085c8a                zps_bNwkMcpsMgrRemoveDescrFromLists
                0x0000000000085cc8                zps_vNwkSlistAddToTail
                0x0000000000085ce2                ZPS_vNwkSecResetDevice
                0x0000000000085d27                ZPS_bNwkSecHaveNetworkKey
 .text.unlikely
                0x0000000000085d5b       0xc8 C:\Users\1\AppData\Local\Temp\ccQg0ZWh.ltrans2.ltrans.o
                0x0000000000085d70                vAHI_MemoryHold.131570
 .text          0x0000000000085e23      0xebb C:\Users\1\AppData\Local\Temp\ccQg0ZWh.ltrans3.ltrans.o
                0x0000000000085e23                os_u32APP_cbGetTickTimer
                0x0000000000085e2c                os_bAPP_cbSetTickTimerCompare
                0x0000000000085e88                vZdoServersInit.2866
                0x0000000000085fbf                boIdValueSearchMatch.110525
                0x0000000000086019                u16PDM_CalculateRecordChecksum
                0x00000000000860bc                iPDM_ReadSegmentHeaderDataFromEEPROMsegment
                0x0000000000086115                PWRM_vWakeInterruptCallback
                0x0000000000086161                u16ZCL_APduInstanceReadNBO
                0x0000000000086246                u16ZCL_ReadCommandHeader.part.0.34874
                0x00000000000862bd                u16ZCL_APduInstanceReadStringNBO.part.3.32088
                0x0000000000086396                eZCL_GetAttributeTypeSizeFromBuffer
                0x000000000008640d                u16ZCL_APduInstanceWriteNBO
                0x00000000000864b7                u16ZCL_WriteAttributeValueIntoBuffer
                0x00000000000865dc                u16ZCL_WriteCommandHeader
                0x0000000000086654                u16ZCL_GetTxPayloadSize
                0x0000000000086694                u8ZdoBindUnbindServerUnpackApdu
                0x00000000000866e3                PWRM_eScheduleActivity.constprop.100
                0x0000000000086800                ZPS_eTsvOpen
                0x000000000008681a                zps_vSendJoinDcfm
                0x0000000000086860                vGiveUp.124942
                0x0000000000086898                iPDM_FilterDuplicateAppendedSegmentsOnList.111697
                0x00000000000868dc                sEZ_GetDiscEntry.7949
                0x000000000008691d                ZPS_bIsMacAddressUsedInApsTable
                0x00000000000869d3                zps_vNwkBttMgrInit
                0x0000000000086a01                ZPS_vNwkNibClearTables
                0x0000000000086b22                vSetChannelAndPower
                0x0000000000086cc2                vMiniMac_PLME_SetReq_Power
                0x0000000000086cd6                vMiniMac_PLME_SetReq_Channel
 .text          0x0000000000086cde     0x13c9 C:\Users\1\AppData\Local\Temp\ccQg0ZWh.ltrans4.ltrans.o
                0x0000000000086cde                vNwkMcpsTimerCallback
                0x0000000000086cf8                zps_eSceGenlIllegal
                0x0000000000086cff                zps_eSmeGenlIllegal
                0x0000000000086d06                DBG_vUartFailedAssert
                0x0000000000086d0a                zps_bAplZdoBindRequestServer
                0x0000000000086e45                psGetVsMcpsBuf.71575
                0x0000000000086e4e                psGetMlmeBuf.71568
                0x0000000000086e95                psGetNlmeBuf.54518
                0x0000000000086e9f                psGetNldeBuf.54539
                0x0000000000086ea9                psGetApsmeBuf.54525
                0x0000000000086eb2                psGetApsdeBuf.54532
                0x0000000000086eb8                vLoopbackTimerCallback
                0x0000000000086ee7                ZPS_bNwkSecFindMatSet
                0x0000000000086f23                zps_vNwkFreeMcpsHandle
                0x0000000000086f4d                ZPS_u64NwkNibGetMappedIeeeAddr
                0x0000000000086f6f                ZPS_bNwkNibNtActvMatch
                0x0000000000087027                bCheckNwkAddr
                0x0000000000087075                ZPS_vSetExtendedStatus
                0x0000000000087087                zps_psApsApsAllocateDcfmRecord
                0x00000000000870f5                zps_u8CalcLinkCost
                0x0000000000087131                ZPS_u8NwkNibNtDiscMatch
                0x0000000000087215                zps_u64NwkLibFromPayload
                0x0000000000087254                zps_vNwkLibU64ToPayload
                0x0000000000087281                zps_vInitBeaconPayload
                0x00000000000872fd                zps_eNwkDcfmIndPost
                0x000000000008731f                zps_psNwkDcfmIndGetBuf
                0x0000000000087341                eNldeDataDcfm.117597
                0x0000000000087371                zps_vSendNwkStatusInd
                0x00000000000873a1                DBG_vInit
                0x00000000000873e3                vPDM_ReadBitmapHeader.111382
                0x0000000000087402                psSLISTsearch
                0x0000000000087442                psSLISTremove
                0x00000000000874c0                vSLISTaddToTail
                0x00000000000874df                psSLISTgetNext
                0x0000000000087503                u8PDM_CalculateLargestDataRecordStored
                0x0000000000087534                bPDM_ImageBitmapRepairCheck
                0x000000000008755c                u8PDM_ReadSequenceNumber
                0x000000000008757f                boSegmentNumberDeleteSearchMatch.110952
                0x000000000008759a                u8PDM_ReadSegmentDataSize
                0x00000000000875ae                u32PDM_ReadFileSystemHeaderWearCount
                0x00000000000875c4                boSearchForWearCountSubstitute.111268
                0x00000000000875ea                boSearchForWearCountInsertPoint.110521
                0x0000000000087608                vPDM_WriteFileSystemHeaderWearCount
                0x000000000008761a                RND_u32GetRand256
                0x0000000000087637                RND_u32GetRand
                0x000000000008765e                u16CalculateFailedTxCount.87276
                0x0000000000087688                vZdoIeeeAddrServerSendExtendResponse.part.0.75396
                0x00000000000876e9                vZdoNwkAddrServerSendExtendResponse.part.0.74216
                0x000000000008774a                zps_bAplZdoServerHandleConfirmAcks
                0x0000000000087794                zps_bPerformLeaveActionDecider
                0x0000000000087799                vHandleUpdateDeviceIndication.63584
                0x00000000000877c3                u32GetScanChannels.63571
                0x00000000000877ee                bDuplicateCheck.59951
                0x00000000000878fb                bIsBindTableMatch.58519
                0x000000000008794c                eRemoveEntryInBindingTable.58547
                0x00000000000879cb                zps_vAplApsFillAndPostApsAck
                0x0000000000087a35                zps_u8AplApsFreeMsgHandle
                0x0000000000087a9f                u8BlocksToSendInWindow.56015
                0x0000000000087af1                vFillDataIndStruct.54385
                0x0000000000087b4f                vFillApduErrorEvent.54378
                0x0000000000087b92                bCheckProfile.54373
                0x0000000000087bd0                ZPS_bIsGroupPresent
                0x0000000000087c08                PDUM_u16APduInstanceWriteStrNBO
                0x0000000000087d87                pdum_u16ReadNBO
                0x0000000000087ee8                PDUM_eNPduReadHeaderNBO
                0x0000000000087f3b                PDUM_u16APduInstanceReadNBO
                0x0000000000087f85                PDUM_eNPduPrependHeaderNBO
                0x0000000000087fe0                PDUM_eNPduAppendDataNBO
                0x000000000008803d                PDUM_u16APduInstanceWriteNBO
 .text          0x00000000000880a7     0x131a C:\Users\1\AppData\Local\Temp\ccQg0ZWh.ltrans5.ltrans.o
                0x00000000000880a7                PDUM_hAPduAllocateAPduInstance
                0x000000000008811b                hZCL_AllocateAPduInstance
                0x0000000000088157                zps_eAplZdoSendZdpResponse
                0x00000000000881a0                bSendResponse.86087
                0x00000000000881e3                PDUM_eAPduFreeAPduInstance
                0x0000000000088522                zps_bAplZdoMatchDescServer
                0x0000000000088536                zps_bAplZdoNodeDescServer
                0x00000000000886a2                zps_bAplZdoSimpleDescServer
                0x0000000000088903                zps_bAplZdoPowerDescServer
                0x0000000000088a20                zps_bAplZdoActiveEpServer
                0x0000000000088b09                zps_bAplZdoSystemServerDiscoveryServer
                0x0000000000088b92                zps_bAplZdoMgmtLqiServer
                0x0000000000088dbe                zps_vFragmentWindowTimeout.54369
                0x0000000000088e25                zps_vAplApsFragTransmitNotifyApp.57085
                0x0000000000088ec1                PDM_eReadDataFromRecord.part.0.109764
                0x0000000000088f82                ZPS_pvNwkCtor.part.0.113663
                0x000000000008926b                vLoadAplRecord.63611
                0x000000000008929f                eCopyFragmentToApdu.isra.0.54414
 .text          0x00000000000893c1     0x11cc C:\Users\1\AppData\Local\Temp\ccQg0ZWh.ltrans6.ltrans.o
                0x00000000000893c1                DBG_vUartPutch
                0x0000000000089407                DBG_vUartFlush
                0x0000000000089434                vRadioToOff
                0x0000000000089451                vStartReceive
                0x000000000008946d                vMiniMac_NextTransaction
                0x00000000000894d7                eTransmit
                0x00000000000895f1                vMiniMac_TxComplete
                0x000000000008982a                vTimerFired
                0x00000000000898e2                vMiniMac_Init
                0x0000000000089c9c                vDispatch.51287
                0x0000000000089d6e                OS_eStartSWTimer.constprop.142
                0x0000000000089e8d                OS_eStopSWTimer
                0x0000000000089fb0                vStartStopTimer
                0x0000000000089fdb                vStopAllTimers
                0x000000000008a00d                vStopSWTimers.6064
                0x000000000008a0be                OS_ePostMessage
                0x000000000008a224                OS_eExitCriticalSection
                0x000000000008a309                OS_eActivateTask
                0x000000000008a3a4                vPostMlmeDcfmInd.71571
                0x000000000008a447                iPDM_ReadUserDataFromEEPROMsegment
                0x000000000008a4c1                iPDM_ReCalculateWearCountAndChecksumAndWriteFileSystemHeader
                0x000000000008a50b                vPDM_SetEEPROMandFileSystemValidState
                0x000000000008a532                iPDM_ReadUserDataFromFileSystemRecord
                0x000000000008a552                vPDM_WriteFileSystemRecordAndSegmentDataIntoEEPROMsegment
 .text          0x000000000008a58d      0xead C:\Users\1\AppData\Local\Temp\ccQg0ZWh.ltrans7.ltrans.o
                0x000000000008a58d                zps_bAplZdoNwkAddrServer
                0x000000000008a70e                zps_bAplZdoIeeeAddrServer
                0x000000000008a864                vAHI_Sleep
                0x000000000008a915                eZCL_WriteLocalAttributeValue.constprop.95
                0x000000000008a9ec                eCLD_IASZoneUpdateZoneID
                0x000000000008a9fe                eCLD_IASZoneUpdateZoneState
                0x000000000008aa0f                PDUM_eNPduAllocate
                0x000000000008aa7e                zps_u8AplApsConstructAndPostLoopBackDataInd.57129
                0x000000000008abb7                u8PostUnicastMsgToNHLE.57137
                0x000000000008abf0                vMiniMac_McpsCallback
                0x000000000008ae1c                eMcpsTxCompleteHandler.128788
                0x000000000008ae4a                PDUM_eNPduClone
                0x000000000008ae96                PDUM_eNPduFree
                0x000000000008af03                zps_vHandleExtendedDataAckFrame
                0x000000000008afe7                vPostVsMcpsDcfmInd.71578
                0x000000000008b0d0                zps_vNwkMcpsMgrFreeReqDescr
                0x000000000008b102                zps_psAllocateAndFormatMacHdr
                0x000000000008b255                zps_psNwkInitCmdFrame
                0x000000000008b322                zps_vNwkRemoveConflictedBroadcast
                0x000000000008b374                zps_vNwkMcpsMgrTidyBtrReqDescr
                0x000000000008b3b8                vNwkBttTimerExpiry.120655
 .text          0x000000000008b43a      0xdb8 C:\Users\1\AppData\Local\Temp\ccQg0ZWh.ltrans8.ltrans.o
                0x000000000008b43a                vPDM_AddFileSystemElementToListInAscendingWearCountOrder
                0x000000000008b548                vPDM_MoveFileRecordFromListToList
                0x000000000008b56a                vPDM_MoveRecordToDeAllocList
                0x000000000008b58a                iPDM_WriteSegmentHeaderAndData
                0x000000000008b786                vIncrementFrameCounterInPdm.isra.0.116821
                0x000000000008b965                vProcessListsForSubmission.115571
                0x000000000008bd21                zps_vNwkMcpsMgrPost
                0x000000000008bd45                vSendNetworkReport.114617
                0x000000000008be1f                zps_eNwkHandleSdeActvDcfmData
                0x000000000008bf06                vMcpsMgrTimeoutExpiry
                0x000000000008bf75                iPDM_SegmentCopyAndAppendData.constprop.125
                0x000000000008bfd2                eMakeEntryInBindingTable.58565
                0x000000000008c07c                PWRM_vManagePower
 *fill*         0x000000000008c1f2        0x2 00
 .text          0x000000000008c1f4      0xfa0 C:\Users\1\AppData\Local\Temp\ccQg0ZWh.ltrans9.ltrans.o
                0x000000000008c3e7                vPostNldeDcfmInd.54542
                0x000000000008ce90                vMiniMac_MlmeCallback
                0x000000000008d17b                vPollConfirm.130134
 .text          0x000000000008d194      0xeb0 C:\Users\1\AppData\Local\Temp\ccQg0ZWh.ltrans10.ltrans.o
                0x000000000008d194                vMcpsMgrExpiry.115473
                0x000000000008d238                zps_vNwkHandleCmeLeaveReq
                0x000000000008d2a0                zps_eNwkHandleSceLeave
                0x000000000008d426                vPDM_MoveAllDataFromListToList
                0x000000000008d464                vPDM_MoveAllDataToDeAllocList
                0x000000000008d48c                iPDM_ReconstructReplacedDataTable
                0x000000000008d619                iPDM_ReplaceChangedSegmentInSequence
                0x000000000008d70b                vPDM_MoveAllDataWithBufferIdFromListToList
                0x000000000008d790                vPDM_DeleteAppendedSequence
                0x000000000008d877                ZPS_vNwkResetOutgoingFrameCounter
                0x000000000008d8cb                zps_psSendFrm.constprop.128
                0x000000000008dad0                ZPS_vNwkHandleNldeReqRsp
                0x000000000008dcc2                zps_eAplApsmeCmdMgrSendCommand
                0x000000000008dd9f                zps_vAplApsmeCmdMgrRetryTimeout.58511
                0x000000000008ddc8                zps_psNwkSendRejoinReqCmd.constprop.6
                0x000000000008de2a                zps_psSendNetworkStatusCmd
                0x000000000008dea2                zps_eDefaultDataDcfm
 .text          0x000000000008e044     0x1091 C:\Users\1\AppData\Local\Temp\ccQg0ZWh.ltrans11.ltrans.o
                0x000000000008e3c6                zps_eStartFragmentedTransmission
                0x000000000008e4db                iPDM_VerifyDataSequenceWithBufferId
                0x000000000008e57d                Uart_Task_Init
                0x000000000008e810                vSaveIASZoneAttributes
                0x000000000008e853                zps_eAplApsmeUnBindReqRsp
                0x000000000008e8b9                bAplZdoBindUnbindServerProcessApdu
                0x000000000008eb5e                zps_eAplApsmeUpdateDeviceReqRsp.part.4.58676
                0x000000000008ecca                zps_vSendExtendedAckDataFrame.54408
                0x000000000008eddd                eUnfragmentedUnicastTransmission.57112
 *fill*         0x000000000008f0d5        0x3 00
 .text          0x000000000008f0d8      0xda0 C:\Users\1\AppData\Local\Temp\ccQg0ZWh.ltrans12.ltrans.o
                0x000000000008f0d8                vBbcIntHandler.128587
                0x000000000008f3a1                eAssocRespSent.129496
                0x000000000008f3c0                zps_vNwkHandleCmeSyncReq
                0x000000000008f442                zps_vNwkHandleCmeNwkDiscReq
                0x000000000008f4bc                zps_vNwkHandleCmeEdScanReq
                0x000000000008f6bb                zps_vNwkHandleCmeNwkJoinReq
                0x000000000008f979                zps_vNwkHandleCmeNwkActvJoinReq
                0x000000000008fac1                vHandleRejoinExpiry.124938
                0x000000000008fb1f                zps_eRejoinDataDcfm
 .text          0x000000000008fe78     0x1015 C:\Users\1\AppData\Local\Temp\ccQg0ZWh.ltrans13.ltrans.o
                0x000000000008fe78                OS_eEnterCriticalSection
                0x000000000008ff40                ZPS_eTsvStart
                0x000000000008ff9b                zps_vAplApsCheckAndStartPollTimer
                0x000000000008fffa                zps_eAplZdoBdrmRequestSend
                0x0000000000090075                zps_eNwkHandleSceNwkUpdate
                0x0000000000090099                vProcessTimedList.115485
                0x00000000000900df                zps_vAplAfPostTimerEvent
                0x000000000009012e                zps_vNwkJoinStStartResponseTimer
                0x0000000000090168                ZPS_eTsvStop
                0x00000000000901bc                zps_eNwkBtrMatch
                0x0000000000090249                zps_vAplApsStopPollTimer
                0x00000000000902d8                ZPS_bSecEncrypt
                0x000000000009048e                bHasTimerFired.48594
                0x00000000000904f8                dbg_vPrintfImplNoneVerbose
                0x000000000009097f                pwrm_Wakeup.3493
                0x0000000000090b25                printf_array.constprop.75
                0x0000000000090b57                app_UartSendMesg
                0x0000000000090b79                vExtendedStatusCallBack.3486
                0x0000000000090b84                pwrm_PreSleep.3497
                0x0000000000090be5                vOSError
                0x0000000000090c3c                os_vvDeviceStateIndicatorTask
                0x0000000000090cd5                vScheduleSleep
                0x0000000000090d80                os_vvISR_SystemController
                0x0000000000090de7                os_vAPP_ButtonsScanTask
                0x0000000000090e35                DBG_vDumpStack
                0x0000000000090e77                vUnclaimedInterrupt
 *fill*         0x0000000000090e8d        0x3 00
 .text          0x0000000000090e90      0xcf0 C:\Users\1\AppData\Local\Temp\ccQg0ZWh.ltrans14.ltrans.o
                0x0000000000090efc                vAplSecAuthPollTimerExpiry.63561
                0x0000000000090f54                vAplSecAuthTimerExpiry.63565
                0x0000000000091024                os_vAPP_PollTask
                0x0000000000091072                APP_ZCL_cbGeneralCallback.7640
                0x00000000000912d3                vPostApsdeDcfmInd.54535
                0x00000000000914db                eJoinNetwork.63624
                0x000000000009158c                eDiscoverNetworks.63631
                0x00000000000915e8                eStartNetworkDiscovery.63638
                0x0000000000091652                eStartRouter.63648
                0x0000000000091721                vPostApsmeDcfmInd.54528
 .text          0x0000000000091b80      0xd5a C:\Users\1\AppData\Local\Temp\ccQg0ZWh.ltrans15.ltrans.o
                0x0000000000091b80                PDM_eSaveRecordData
                0x0000000000091fb5                zps_vAplSaveRecord
                0x0000000000092056                ZPS_vNwkSaveRecord
                0x0000000000092082                ZPS_vRemoveEntryFromAddressMap
                0x00000000000920cb                ZPS_vNwkSaveAllRecords
                0x00000000000920e2                zps_eNwkHandleSceRejnResponse
                0x000000000009214b                ZPS_vNwkNibSetExtPanId
                0x0000000000092170                vFinish.125374
                0x00000000000921b8                ZPS_vNwkNibSetKeySeqNum
                0x00000000000921cb                ZPS_vNwkNibSetDepth
                0x00000000000921f4                ZPS_vNwkNibSetPanId
                0x0000000000092211                vHandleNwkRemoteUpdateAfterBcast.114621
                0x000000000009228c                ZPS_vNwkNibSetCapabilityInfo
                0x00000000000922b9                ZPS_vNwkNibSetChannel
                0x00000000000922d1                zps_u8NwkHandleRejoinReq
                0x00000000000923a5                zps_vProcessLocalAddrConflict.part.0.114630
                0x00000000000923df                ZPS_vNwkSaveNt
                0x00000000000923f3                ZPS_vNwkPurgeMacAddressAndRelatedEntries
                0x00000000000924f9                ZPS_vNtSetUsedStatus
                0x00000000000925a0                zps_eNwkHandleSmeCommStatusInd
                0x00000000000926e0                eUnsolicitedRejoinRspDataDcfm.114625
                0x000000000009270b                eRejoinRspDataDcfm.124192
                0x00000000000927da                ZPS_vNwkSaveSecMat
                0x00000000000927ee                vPDM_MoveAllDataWithBufferIdAndStateFromListToList
                0x0000000000092879                vPDM_ImageBitmapRepair.110440
 *fill*         0x00000000000928da        0x2 00
 .text          0x00000000000928dc     0x1248 C:\Users\1\AppData\Local\Temp\ccQg0ZWh.ltrans16.ltrans.o
                0x0000000000092db9                os_vAPP_taskuart
                0x000000000009328e                APP_ZCL_cbEndpointCallback.7637
                0x00000000000937c5                os_vAPP_ZHA_Switch_Task
 .text          0x0000000000093b24      0xf70 C:\Users\1\AppData\Local\Temp\ccQg0ZWh.ltrans17.ltrans.o
                0x0000000000093b24                os_bDummyMemberCheck.51297
                0x0000000000093b29                os_vDefaultErrorHook.51293
                0x0000000000093b2c                os_vAPP_PIRTask
                0x0000000000093b2f                os_bStrictCheck.1358
                0x0000000000093e5a                pdum_u16WriteNBO
                0x0000000000093f6d                PDUM_u16SizeNBO
                0x0000000000093fcb                PDUM_thAPduInstanceGetApdu
                0x0000000000093fe6                PDUM_eAPduInstanceSetPayloadSize
                0x000000000009400e                PDUM_eNPduWriteDataFromBuffer
                0x0000000000094068                PDUM_eNPduWriteDataToBuffer
                0x00000000000940c6                PDUM_eNPduWriteFromBuffer
                0x00000000000940ef                PDUM_eNPduDescend
                0x0000000000094115                PDUM_eNPduAscend
                0x000000000009413b                PDUM_eNPduClaimData
                0x00000000000941a8                PDUM_eNPduClaimHeader
                0x00000000000941cb                PDUM_eNPduInitDescending
                0x00000000000941e6                eExpireSWTimer.51306
                0x0000000000094251                vEnterErrorHook.51289
                0x0000000000094278                OS_eCollectMessage
                0x000000000009433d                OS_eGetSWTimerStatus
                0x000000000009437f                eZCL_SearchForEPentry
                0x00000000000943c7                eZCL_SearchForEPentryAndCheckManufacturerId
                0x0000000000094405                vZCL_PassEventToUser
                0x0000000000094432                eZCL_DoesAttributeHaveReportableChange
                0x000000000009444f                eZCL_GetAttributeReportableEntry
                0x0000000000094507                vZCL_AlignNumericAttributeValueTo64.48057
                0x0000000000094616                u8GetTransactionSequenceNumber
                0x0000000000094628                eZCL_GetAttributeTypeSize
                0x0000000000094647                vZCL_MarkAttributeInvalid
                0x0000000000094716                u8ZCL_GetAttributeAllignToFourBytesBoundary
                0x000000000009472b                pvZCL_GetAttributePointer
                0x00000000000947a1                eZCL_StoreChangeAttributeValue
                0x0000000000094840                u16ZCL_GetStringStructureSize
                0x000000000009487d                u16ZCL_GetStringAttributeTypeSizeFromBuffer
                0x00000000000948ee                u16ZCL_GetStringSizeAndBufferFromStructure
                0x000000000009497d                eZCL_GetAttributeTypeSizeFromStructure
                0x00000000000949f6                Linkkey_Calculate
 .text          0x0000000000094a94      0xdc7 C:\Users\1\AppData\Local\Temp\ccQg0ZWh.ltrans18.ltrans.o
                0x0000000000094a94                zps_bAplZdoBindUnbindServer
                0x0000000000094ba0                zps_bAplZdoDefaultServer
                0x0000000000094e01                zps_eZdpNodeDescResponse
                0x0000000000094ea9                zps_eZdpSimpleDescResponse
                0x0000000000094fb6                zps_bAplZdoMgmtNWKUpdateServer
                0x0000000000095326                zps_eZdpNwkAddrResponse
                0x0000000000095409                zps_eZdpIeeeAddrResponse
                0x00000000000954ec                zps_eZdpPowerDescResponse
                0x0000000000095589                zps_eZdpActiveEpResponse
                0x000000000009561f                zps_eZdpMatchDescResponse
                0x00000000000956b5                zps_eZdpSystemServerDiscoveryResponse
                0x0000000000095724                zps_eAplAfBoundDataReqNonBlocking
 *fill*         0x000000000009585b        0x1 00
 .text          0x000000000009585c      0xa80 C:\Users\1\AppData\Local\Temp\ccQg0ZWh.ltrans19.ltrans.o
                0x000000000009585c                os_vAPP_cbEnableTickTimer
                0x00000000000958dc                os_vAPP_cbDisableTickTimer
                0x0000000000095920                vRetryCcaFailure
                0x0000000000095975                eBeaconReqSent.129935
                0x0000000000095a0c                DBG_vUartInitHardware
                0x0000000000095adf                eCLD_BasicCommandHandler
                0x0000000000095b02                vNewLine.part.0.111775.constprop.119
                0x0000000000095b38                Uart_TxCMDData.3164
                0x0000000000095c42                eZCL_SearchForClusterEntry
                0x0000000000095cb7                eZCL_BuildTransmitAddressStructure
                0x0000000000095d24                User_Uart_Init
                0x0000000000095daa                ZPS_bSecDecrypt
                0x0000000000095ebc                boPDM_IsBitmapSaturated.111417
                0x0000000000095f05                vDLISTaddToHead
                0x0000000000095f2e                vDLISTaddToTail
                0x0000000000095f51                psDLISTremove
                0x0000000000095fb3                eZCL_SearchForAttributeEntry
                0x000000000009604c                eZCL_ReadLocalAttributeValue.constprop.23
                0x000000000009611f                iPDM_SearchForBufferIdInList
                0x0000000000096154                iPDM_SearchForBufferIdInFileSystem
                0x0000000000096167                iPDM_ReadUserDataFromSegmentWithId
                0x000000000009619c                iPDM_SearchForSpecificSegmentInList
                0x00000000000961ce                psGetTxFrameBuffer
                0x000000000009620d                psGetAndBuildCoordRealignment
                0x0000000000096265                eBuildAndSend.129939
 .text          0x00000000000962dc      0xdcc C:\Users\1\AppData\Local\Temp\ccQg0ZWh.ltrans20.ltrans.o
                0x0000000000096b79                os_vzps_taskZPS
                0x0000000000096da2                ZPS_vNwkNibCheckAndUpdateAddresses
                0x0000000000096e3e                zps_bAplZdoDeviceAnnceServer
 *fill*         0x00000000000970a8        0x0 00
 .text          0x00000000000970a8      0xe88 C:\Users\1\AppData\Local\Temp\ccQg0ZWh.ltrans21.ltrans.o
                0x0000000000097452                vSendMlmeCommStatusFromTxFrame
                0x00000000000974a8                MAC_vHandleMlmeVsReqRsp.constprop.85
                0x00000000000979df                vScanBeaconReceived
                0x0000000000097a1f                vRunningRxCallback
                0x0000000000097d1f                vPostDcfm.129950
                0x0000000000097d88                vScanNextChannel.129956
 .text          0x0000000000097f30      0xef7 C:\Users\1\AppData\Local\Temp\ccQg0ZWh.ltrans22.ltrans.o
                0x0000000000097fb8                vHandleJoinedNwk.8196
                0x0000000000098013                zps_bNwkFindAddIeeeAddr
                0x0000000000098191                zps_psFindKeyDescr
                0x00000000000982bd                zps_eAplSecEncryptPacket
                0x00000000000983af                zps_eAplSendApsmeCmdFrame
                0x0000000000098520                ZPS_bNwkNibAddrMapAddEntry
                0x00000000000986e7                zps_sNwkNibNtCheckJoin
                0x000000000009896d                zps_vNwkHandleCmeDirectJoinReq
                0x00000000000989e7                zps_vJoinInitNtParent
                0x0000000000098b3d                vContinueRejoin.124188
                0x0000000000098be4                zps_vCheckActvNtForDuplicate
                0x0000000000098c7c                eSmeOrphScanDcfm.125384
                0x0000000000098cf4                eCheckAddrConflict.isra.3.114827
                0x0000000000098d8a                zps_vSaveAllZpsRecords
                0x0000000000098daa                vAplSecRemoveLinkKey.63677
 *fill*         0x0000000000098e27        0x1 00
 .text          0x0000000000098e28      0xc18 C:\Users\1\AppData\Local\Temp\ccQg0ZWh.ltrans23.ltrans.o
                0x0000000000098e28                vZdoBdrmSendNextTimedRequest
                0x00000000000990b1                eAplAfCommonDataReq.53008
                0x0000000000099178                eZCL_TransmitDataRequest
                0x0000000000099538                eZCL_SendDefaultResponse
                0x0000000000099637                vReportTimerClickCallback
 .text          0x0000000000099a40      0xbcc C:\Users\1\AppData\Local\Temp\ccQg0ZWh.ltrans24.ltrans.o
                0x0000000000099c31                ZPS_vNwkHandleNlmeReqRsp
                0x0000000000099cab                zps_vAplAfPostEvent
                0x0000000000099e1a                zps_vHandleApsdeDataFragInd
                0x000000000009a2ba                zps_eAplZdoNlmeleaveWrapper
                0x000000000009a338                zps_bAplZdoMgmtLeaveServer
                0x000000000009a4b8                vChangeChannelTimerExpiry.87268
                0x000000000009a527                eLeaveReset.126361
                0x000000000009a592                eLeaveDataDcfmLocalLeave.126366
 .text          0x000000000009a60c      0xb76 C:\Users\1\AppData\Local\Temp\ccQg0ZWh.ltrans25.ltrans.o
                0x000000000009a60c                eOrphanNotificationSent.129931
                0x000000000009a655                os_vzps_isrMAC
                0x000000000009a694                ZPS_vAplHandleApsdeReqRsp
                0x000000000009aabd                zps_eAplZdpApsdeReqInternal
                0x000000000009ab2c                zps_eAplZdpMgmtLqiResponse
                0x000000000009ac14                zps_eZdpMgmtNwkUpdateNotifyResponse
                0x000000000009adce                zps_bAplZdoZdoClient
                0x000000000009aede                zps_bAplZdoMgmtBindServer
                0x000000000009b11f                zps_eAplZdpBindResponse
                0x000000000009b140                zps_eZdpUnbindResponse
                0x000000000009b161                zps_eZdpMgmtLeaveResponse
 *fill*         0x000000000009b182        0x2 00
 .text          0x000000000009b184      0xa4c C:\Users\1\AppData\Local\Temp\ccQg0ZWh.ltrans26.ltrans.o
                0x000000000009b184                eEZ_UpdateEZState
                0x000000000009b33b                vAppWakeCallBack
                0x000000000009b446                vHandleAppEvent.isra.0.5386
                0x000000000009b46b                app_vStartNodeFactoryNew
                0x000000000009b4b7                zps_eAplZdoRejoinNetwork
                0x000000000009b685                vHandleJoinAndRejoinNWK.5395
 .text          0x000000000009bbd0      0x878 C:\Users\1\AppData\Local\Temp\ccQg0ZWh.ltrans27.ltrans.o
                0x000000000009bbd0                eRejoinNetwork.63598
                0x000000000009bc74                vPostNlmeDcfmInd.54521
                0x000000000009c365                vEZ_JoinSavedNetwork.7979
                0x000000000009c422                vHandleJoinFailed.8202
 .text          0x000000000009c448      0x855 C:\Users\1\AppData\Local\Temp\ccQg0ZWh.ltrans28.ltrans.o
                0x000000000009c448                eCLD_IASZoneCommandHandler
                0x000000000009c6c6                vZCL_HandleAttributesWriteRequest
                0x000000000009caee                vZCL_HandleAttributesReadResponse
 *fill*         0x000000000009cc9d        0x3 00
 .text          0x000000000009cca0      0x8a8 C:\Users\1\AppData\Local\Temp\ccQg0ZWh.ltrans29.ltrans.o
                0x000000000009cca0                AppWarmStart
                0x000000000009ccba                AppColdStart
                0x000000000009cf64                os_vUnclaimedInterrupt
                0x000000000009cf76                os_vControlledIntCheck
                0x000000000009cfbb                os_vControlledInterrupt
                0x000000000009cff4                os_vAPP_isrIllegalInstructionException
                0x000000000009d00a                os_vAPP_isrAlignmentException
                0x000000000009d020                os_vAPP_isrBusErrorException
                0x000000000009d036                os_vAPP_isrUnimplementedModuleException
                0x000000000009d04c                os_vAPP_isrStackOverflowException
                0x000000000009d062                os_vAPP_isrTickTimer
                0x000000000009d152                os_vvISR_Uart1
 .text          0x000000000009d548      0x40c C:\Users\1\AppData\Local\Temp\ccQg0ZWh.ltrans30.ltrans.o
                0x000000000009d548                vStartScanTimerExpiry.87272
                0x000000000009d584                zps_vAplApsPollTimer
                0x000000000009d5e6                zps_eNwkSendJoinResponse
                0x000000000009d778                zps_vProcessChildAddrConflict
                0x000000000009d83b                zps_eNwkHandleSceNwkStatus
 .text          0x000000000009d954      0x347 C:\Users\1\AppData\Local\Temp\ccQg0ZWh.ltrans31.ltrans.o
                0x000000000009d954                os_vZCL_Task
                0x000000000009daa6                zps_eAplAfApsdeDataReq
                0x000000000009daf9                app_SendSW_Model
 .text          0x000000000009dc9b       0x25 c:/nxp/bstudio_nxp/workspace/sdk/tools/ba-elf-ba2-r36379/bin/../lib/gcc/ba-elf/4.7.4/../../../../ba-elf/lib/mcpu_jn51xx_sizeopt\libc.a(lib_a-memcmp.o)
                0x000000000009dc9b                memcmp
 .text          0x000000000009dcc0       0x19 c:/nxp/bstudio_nxp/workspace/sdk/tools/ba-elf-ba2-r36379/bin/../lib/gcc/ba-elf/4.7.4/../../../../ba-elf/lib/mcpu_jn51xx_sizeopt\libc.a(lib_a-memcpy.o)
 .text          0x000000000009dcd9       0x12 c:/nxp/bstudio_nxp/workspace/sdk/tools/ba-elf-ba2-r36379/bin/../lib/gcc/ba-elf/4.7.4/../../../../ba-elf/lib/mcpu_jn51xx_sizeopt\libc.a(lib_a-memset.o)
                0x000000000009dcd9                memset
 *fill*         0x000000000009dceb        0x1 00
 .text          0x000000000009dcec      0x204 c:/nxp/bstudio_nxp/workspace/sdk/tools/ba-elf-ba2-r36379/bin/../lib/gcc/ba-elf/4.7.4/mcpu_jn51xx_sizeopt\libgcc.a(__udivsi3.o)
                0x000000000009dcec                __udivsi3
 .text          0x000000000009def0       0x30 c:/nxp/bstudio_nxp/workspace/sdk/tools/ba-elf-ba2-r36379/bin/../lib/gcc/ba-elf/4.7.4/mcpu_jn51xx_sizeopt\libgcc.a(__divsi3.o)
                0x000000000009def0                __divsi3
 .text          0x000000000009df20      0x1b0 c:/nxp/bstudio_nxp/workspace/sdk/tools/ba-elf-ba2-r36379/bin/../lib/gcc/ba-elf/4.7.4/mcpu_jn51xx_sizeopt\libgcc.a(__umodsi3.o)
                0x000000000009df20                __umodsi3
 .text          0x000000000009e0d0       0x24 c:/nxp/bstudio_nxp/workspace/sdk/tools/ba-elf-ba2-r36379/bin/../lib/gcc/ba-elf/4.7.4/mcpu_jn51xx_sizeopt\libgcc.a(__modsi3.o)
                0x000000000009e0d0                __modsi3
 .text          0x000000000009e0f4       0x52 c:/nxp/bstudio_nxp/workspace/sdk/tools/ba-elf-ba2-r36379/bin/../lib/gcc/ba-elf/4.7.4/mcpu_jn51xx_sizeopt\libgcc.a(_muldi3.o)
                0x000000000009e0f4                __muldi3
 .text          0x000000000009e146      0x350 c:/nxp/bstudio_nxp/workspace/sdk/tools/ba-elf-ba2-r36379/bin/../lib/gcc/ba-elf/4.7.4/mcpu_jn51xx_sizeopt\libgcc.a(_udivdi3.o)
                0x000000000009e146                __udivdi3
 *fill*         0x000000000009e496        0x2 00
 .text          0x000000000009e498      0x198 c:/NXP/bstudio_nxp/workspace/JN-AN-1201-YCL/JN-AN-1201-ZigBee-Intruder-Alarm-System/ZONE/Build/os_irq.o
                0x000000000009e498                os_ExternalException_W
                0x000000000009e4dc                os_PIC_ChannelPriorities
                0x000000000009e4ec                os_OSMIUM_HwVectTable
                0x000000000009e528                os_PIC_SwVectTable
 .text          0x000000000009e630       0x29 c:/NXP/bstudio_nxp/workspace/JN-AN-1201-YCL/JN-AN-1201-ZigBee-Intruder-Alarm-System/ZONE/Build/os_irq_alignment.o
                0x000000000009e630                IRQ_Alignment
 .text          0x000000000009e659       0x29 c:/NXP/bstudio_nxp/workspace/JN-AN-1201-YCL/JN-AN-1201-ZigBee-Intruder-Alarm-System/ZONE/Build/os_irq_buserror.o
                0x000000000009e659                IRQ_BusError
 .text          0x000000000009e682       0x29 c:/NXP/bstudio_nxp/workspace/JN-AN-1201-YCL/JN-AN-1201-ZigBee-Intruder-Alarm-System/ZONE/Build/os_irq_illegalinstruction.o
                0x000000000009e682                IRQ_IllegalInstruction
 .text          0x000000000009e6ab       0x29 c:/NXP/bstudio_nxp/workspace/JN-AN-1201-YCL/JN-AN-1201-ZigBee-Intruder-Alarm-System/ZONE/Build/os_irq_stackoverflowexception.o
                0x000000000009e6ab                IRQ_StackOverflowException
 .text          0x000000000009e6d4       0x29 c:/NXP/bstudio_nxp/workspace/JN-AN-1201-YCL/JN-AN-1201-ZigBee-Intruder-Alarm-System/ZONE/Build/os_irq_unimplementedmodule.o
                0x000000000009e6d4                IRQ_UnimplementedModule
 *fill*         0x000000000009e6fd        0x3 00
 .text          0x000000000009e700       0xc0 c:/NXP/bstudio_nxp/workspace/sdk/JN-SW-4168/Components/Library\libOS_JN516x.a(os_contirq_JN516x.o)
                0x000000000009e700                os_ExternalException_R
                0x000000000009e730                os_CFunc_W
                0x000000000009e780                os_UnclaimedException_W
                0x000000000009e7a0                os_UnclaimedInterrupt_W
 .text          0x000000000009e7c0       0x48 c:/NXP/bstudio_nxp/workspace/sdk/JN-SW-4168/Components/Library\libPWRM_JN516x.a(pwrm_setjmp_JN516x.o)
                0x000000000009e7c0                setjmp
                0x000000000009e7e4                PWRM_longjmp
 .text          0x000000000009e808       0x27 c:/NXP/bstudio_nxp/workspace/sdk/JN-SW-4168/Components/Library\libHardwareApi_JN5169.a(AHI_Interrupt.o)
                0x000000000009e808                vAHI_InterruptSetPriority
                0x000000000009e826                vAHI_InterruptSetActivePriorityLevel
 .text.vMicroSyscall
                0x000000000009e82f       0x17 c:/NXP/bstudio_nxp/workspace/sdk/JN-SW-4168/Components/Library\libMicroSpecific_JN516x.a(MicroSyscall_ba.o)
                0x000000000009e82f                vMicroSyscall
 .text          0x000000000009e846        0x0 c:/NXP/bstudio_nxp/workspace/sdk/JN-SW-4168/Components/Library\libOS_JN516x.a(os_version_lc.o)
                0x000000000009e846                OS_Version_1v2
 .text          0x000000000009e846        0x0 c:/NXP/bstudio_nxp/workspace/sdk/JN-SW-4168/Components/Library\libZPSAPL_JN516x.a(zps_apl_version_lc.o)
                0x000000000009e846                ZPS_APL_Version_2v0
 .text          0x000000000009e846        0x0 c:/NXP/bstudio_nxp/workspace/sdk/JN-SW-4168/Components/Library\libZPSNWK_ZED_JN516x.a(zps_nwk_version_lc.o)
                0x000000000009e846                ZPS_NWK_Version_2v0
                0x000000000009e846                _flash_end = ABSOLUTE (.)

.rela.dyn       0x000000000009e848        0x0
 .rela.text     0x0000000000000000        0x0 c:/NXP/bstudio_nxp/workspace/JN-AN-1201-YCL/JN-AN-1201-ZigBee-Intruder-Alarm-System/ZONE/Build/os_irq.o
 .rela.data     0x0000000000000000        0x0 c:/NXP/bstudio_nxp/workspace/JN-AN-1201-YCL/JN-AN-1201-ZigBee-Intruder-Alarm-System/ZONE/Build/os_irq.o
 .rela.rodata   0x0000000000000000        0x0 c:/NXP/bstudio_nxp/workspace/JN-AN-1201-YCL/JN-AN-1201-ZigBee-Intruder-Alarm-System/ZONE/Build/os_irq.o
                0x000000000400004c                . = ORIGIN (ram)

.data           0x000000000400004c      0x95c load address 0x000000000009e848
                0x000000000400004c                _ram_data_start = ABSOLUTE (.)
 *(.data*)
 .data          0x000000000400004c       0x4c C:\Users\1\AppData\Local\Temp\ccQg0ZWh.ltrans0.ltrans.o
                0x000000000400004c                u8MiniMacConfig_MaxConcurrentAssocResponses
                0x0000000004000050                psShadowRxBuffer
                0x0000000004000054                u32DefaultChannelMask.8541
 .data          0x0000000004000098        0x4 C:\Users\1\AppData\Local\Temp\ccQg0ZWh.ltrans2.ltrans.o
                0x0000000004000098                u32HeapStart
 .data          0x000000000400009c        0x1 C:\Users\1\AppData\Local\Temp\ccQg0ZWh.ltrans6.ltrans.o
 *fill*         0x000000000400009d        0x3 00
 .data          0x00000000040000a0        0xc C:\Users\1\AppData\Local\Temp\ccQg0ZWh.ltrans7.ltrans.o
                0x00000000040000a0                bCanLoopback.57358
 .data          0x00000000040000ac       0x10 C:\Users\1\AppData\Local\Temp\ccQg0ZWh.ltrans11.ltrans.o
 .data          0x00000000040000bc        0x1 C:\Users\1\AppData\Local\Temp\ccQg0ZWh.ltrans13.ltrans.o
 *fill*         0x00000000040000bd        0x3 00
 .data          0x00000000040000c0       0x14 C:\Users\1\AppData\Local\Temp\ccQg0ZWh.ltrans16.ltrans.o
                0x00000000040000c0                back_off_time.8538
                0x00000000040000c4                app_busy_status.6157
                0x00000000040000c8                start_join_flag.3296
 .data          0x00000000040000d4      0x1f4 C:\Users\1\AppData\Local\Temp\ccQg0ZWh.ltrans17.ltrans.o
                0x00000000040000d4                s_asapduMyDataInstances
                0x000000000400014c                s_asapduZCLInstances
                0x0000000004000200                s_asapduZDPInstances
 .data          0x00000000040002c8        0x1 C:\Users\1\AppData\Local\Temp\ccQg0ZWh.ltrans20.ltrans.o
 *fill*         0x00000000040002c9        0x7 00
 .data          0x00000000040002d0      0x6b0 C:\Users\1\AppData\Local\Temp\ccQg0ZWh.ltrans29.ltrans.o
                0x00000000040002d0                os_Mutex_mutexMAC
                0x00000000040002d8                os_Mutex_mutexZPS
                0x00000000040002e0                s_sApl.2918
                0x0000000004000430                os_SWTimer_APP_cntrTickTimer_APP_IndicatorTimer
                0x000000000400044c                os_SWTimer_APP_cntrTickTimer_APP_ButtonsScanTimer
                0x0000000004000468                os_Message_APP_msgZpsEvents_ZCL
                0x000000000400048c                os_SWTimer_APP_cntrTickTimer_APP_TickTimer
                0x00000000040004a8                os_Message_APP_msgZpsEvents
                0x00000000040004cc                os_Message_APP_msgEvents
                0x00000000040004f0                os_SWTimer_APP_cntrTickTimer_APP_JoinTimer
                0x000000000400050c                os_SWTimer_APP_cntrTickTimer_APP_BackOffTimer
                0x0000000004000528                os_Message_APP_msgUartEvents
                0x000000000400054c                os_Message_zps_msgMlmeDcfmInd
                0x0000000004000570                os_Message_zps_msgTimeEvents
                0x0000000004000594                os_Message_zps_msgMcpsDcfmInd
                0x00000000040005b8                os_Message_zps_msgMcpsDcfm
                0x00000000040005dc                os_SWTimer_APP_cntrTickTimer_APP_PollTimer
                0x00000000040005f8                os_Task_vDeviceStateIndicatorTask
                0x0000000004000604                os_Task_APP_ButtonsScanTask
                0x0000000004000610                os_Task_APP_PIRTask
                0x000000000400061c                os_Task_ZCL_Task
                0x0000000004000628                os_Task_APP_ZHA_Switch_Task
                0x0000000004000634                os_Task_APP_taskuart
                0x0000000004000640                os_Task_zps_taskZPS
                0x000000000400064c                os_Task_APP_PollTask
                0x0000000004000658                os_SWTimer_APP_cntrTickTimer_APP_uart_timeout
                0x0000000004000674                os_SWTimer_APP_cntrTickTimer_APP_ActiveTime
                0x0000000004000690                u8AhiBaudRate.111883
                0x0000000004000694                s_prbMemberCheck.51413
                0x0000000004000698                s_prvErrorHook.51411
 .data          0x0000000004000980        0x1 C:\Users\1\AppData\Local\Temp\ccQg0ZWh.ltrans31.ltrans.o
 *fill*         0x0000000004000981        0x3 00
 .data.s_asAPduPool
                0x0000000004000984       0x24 c:/NXP/bstudio_nxp/workspace/JN-AN-1201-YCL/JN-AN-1201-ZigBee-Intruder-Alarm-System/ZONE/Build/pdum_apdu.o
                0x0000000004000984                pdum_apduZDP
                0x0000000004000984                s_asAPduPool
                0x0000000004000990                pdum_apduZCL
                0x000000000400099c                pdum_apduMyData
 *(.data.*)
                0x00000000040009a8                . = ALIGN (0x4)
                0x00000000040009a8                _ram_data_end = ABSOLUTE (.)

.bss            0x00000000040009a8     0x3f48 load address 0x000000000009f1a4
                0x00000000040009a8                _bss_start = ABSOLUTE (.)
 *(.bss*)
 .bss           0x00000000040009a8     0x1240 C:\Users\1\AppData\Local\Temp\ccQg0ZWh.ltrans0.ltrans.o
                0x00000000040009a8                psNextWake.51484
                0x00000000040009ac                s_bWakeTimerActive.51485
                0x00000000040009b0                u32CalibrationValue.51483
                0x00000000040009b4                s_ePowerMode.51486
                0x00000000040009b6                gu16NumberOfSegments.132501
                0x00000000040009b8                u8MaxNpdu.51694
                0x00000000040009b9                u8Count.51693
                0x00000000040009bc                s_psNPduPoolEnd.51696
                0x00000000040009c0                s_psNPduPoolStart.51695
                0x00000000040009c4                s_psFreeListHead.51692
                0x00000000040009c8                s_hMutex.51691
                0x00000000040009cc                s_hMutex.51811
                0x00000000040009d0                s_asAPduPool.51810
                0x00000000040009d4                pfExtendedStatusCallBack.114149
                0x00000000040009d8                s_u32x.109537
                0x00000000040009dc                s_hMutex.133494
                0x00000000040009e0                pvRxStore
                0x00000000040009e4                pvTxStore
                0x00000000040009e8                g_pvAplHandle
                0x00000000040009ec                s_hMacMutex
                0x00000000040009f0                s_sDcfmIndMgr.133259
                0x00000000040009f8                prAppMlmeGetBuffer
                0x00000000040009fc                prAppMlmeCallback
                0x0000000004000a00                psFreeMsgListHead
                0x0000000004000a04                psActiveMsgListHead
                0x0000000004000a08                u8MiniMac_RunTimeOptions
                0x0000000004000a0c                sBeaconFilter.8536
                0x0000000004000a18                sIASZoneDesc
                0x0000000004000a30                u16GroupId
                0x0000000004000a34                joinsleepCB.8546
 .bss           0x0000000004001be8        0x4 C:\Users\1\AppData\Local\Temp\ccQg0ZWh.ltrans1.ltrans.o
                0x0000000004001be8                zps_psNwk
 .bss           0x0000000004001bec        0xc C:\Users\1\AppData\Local\Temp\ccQg0ZWh.ltrans2.ltrans.o
 .bss           0x0000000004001bf8       0x3c C:\Users\1\AppData\Local\Temp\ccQg0ZWh.ltrans3.ltrans.o
 .bss           0x0000000004001c34       0x40 C:\Users\1\AppData\Local\Temp\ccQg0ZWh.ltrans4.ltrans.o
 .bss           0x0000000004001c74        0x2 C:\Users\1\AppData\Local\Temp\ccQg0ZWh.ltrans5.ltrans.o
 *fill*         0x0000000004001c76        0x2 00
 .bss           0x0000000004001c78        0xc C:\Users\1\AppData\Local\Temp\ccQg0ZWh.ltrans6.ltrans.o
                0x0000000004001c78                prIntHandler.131195
                0x0000000004001c7c                psTimerServerList
 .bss.initinboot
                0x0000000004001c84        0x1 C:\Users\1\AppData\Local\Temp\ccQg0ZWh.ltrans6.ltrans.o
 *fill*         0x0000000004001c85        0x3 00
 .bss           0x0000000004001c88       0x38 C:\Users\1\AppData\Local\Temp\ccQg0ZWh.ltrans7.ltrans.o
 .bss           0x0000000004001cc0        0xc C:\Users\1\AppData\Local\Temp\ccQg0ZWh.ltrans8.ltrans.o
                0x0000000004001cc0                bIgnoreBroadcast
 .bss           0x0000000004001ccc        0x1 C:\Users\1\AppData\Local\Temp\ccQg0ZWh.ltrans9.ltrans.o
 *fill*         0x0000000004001ccd        0x3 00
 .bss           0x0000000004001cd0       0x40 C:\Users\1\AppData\Local\Temp\ccQg0ZWh.ltrans11.ltrans.o
 .bss           0x0000000004001d10       0x2c C:\Users\1\AppData\Local\Temp\ccQg0ZWh.ltrans12.ltrans.o
                0x0000000004001d10                sMiniMacPhyPib
                0x0000000004001d14                s_prExpireFn.133495
 .bss           0x0000000004001d3c       0x24 C:\Users\1\AppData\Local\Temp\ccQg0ZWh.ltrans13.ltrans.o
                0x0000000004001d3c                vFlushFn.111827
                0x0000000004001d40                vPutchFn.111822
                0x0000000004001d44                sWake
                0x0000000004001d54                sStoredMacData.128719
                0x0000000004001d58                s_psCurrentTask.51407
 .bss           0x0000000004001d60        0x2 C:\Users\1\AppData\Local\Temp\ccQg0ZWh.ltrans14.ltrans.o
 *fill*         0x0000000004001d62        0x2 00
 .bss           0x0000000004001d64       0x30 C:\Users\1\AppData\Local\Temp\ccQg0ZWh.ltrans15.ltrans.o
                0x0000000004001d64                a16NwkPdmRecordSizes
                0x0000000004001d70                apvAplPdmRecordsAddress
                0x0000000004001d88                au16AplPdmRecordsSize
 .bss           0x0000000004001d94       0x60 C:\Users\1\AppData\Local\Temp\ccQg0ZWh.ltrans16.ltrans.o
                0x0000000004001d94                psZCL_Common
                0x0000000004001d98                u32BackOffTime
                0x0000000004001d9c                eIASDeviceState.4791
                0x0000000004001da0                psPDM_Common
                0x0000000004001da4                sDeviceDesc
                0x0000000004001da8                sCluster_Basic_Attr
 .bss           0x0000000004001df4     0x100c C:\Users\1\AppData\Local\Temp\ccQg0ZWh.ltrans17.ltrans.o
 .bss           0x0000000004002e00       0xa8 C:\Users\1\AppData\Local\Temp\ccQg0ZWh.ltrans18.ltrans.o
                0x0000000004002e00                sMiniMacPib
                0x0000000004002e9c                bDefaultServerIgnoreHandleMgmtUpdate
                0x0000000004002ea0                bBindLookup
                0x0000000004002ea4                psBindUnbindServerContext
 .bss           0x0000000004002ea8      0x214 C:\Users\1\AppData\Local\Temp\ccQg0ZWh.ltrans19.ltrans.o
 .bss           0x00000000040030bc        0x8 C:\Users\1\AppData\Local\Temp\ccQg0ZWh.ltrans20.ltrans.o
                0x00000000040030bc                u32DataQueueCount
 .bss           0x00000000040030c4        0x1 C:\Users\1\AppData\Local\Temp\ccQg0ZWh.ltrans21.ltrans.o
                0x00000000040030c4                u8ScanBeaconsSeen.133298
 .bss           0x00000000040030c5        0x1 C:\Users\1\AppData\Local\Temp\ccQg0ZWh.ltrans22.ltrans.o
 *fill*         0x00000000040030c6        0x2 00
 .bss           0x00000000040030c8        0x8 C:\Users\1\AppData\Local\Temp\ccQg0ZWh.ltrans24.ltrans.o
                0x00000000040030c8                sThisDeviceMacAddr
 .bss           0x00000000040030d0       0x78 C:\Users\1\AppData\Local\Temp\ccQg0ZWh.ltrans25.ltrans.o
                0x00000000040030d0                s_psVsMcpsDcfmInd.72877
                0x00000000040030d4                s_psMacDcfmInd.72876
                0x00000000040030d8                au32TimerCounter
                0x00000000040030f8                aprTimerCallback
                0x0000000004003118                sMiniMacInternal
                0x0000000004003144                s_u16ActivityCounter
 .bss           0x0000000004003148       0xa0 C:\Users\1\AppData\Local\Temp\ccQg0ZWh.ltrans26.ltrans.o
                0x0000000004003148                psBeaconFilter
                0x000000000400314c                bRejoin.8539
                0x0000000004003150                sEZModeData.8534
 .bss           0x00000000040031e8       0x10 C:\Users\1\AppData\Local\Temp\ccQg0ZWh.ltrans28.ltrans.o
 *fill*         0x00000000040031f8        0x8 00