Archive member included because of file (symbol)

c:/NXP/bstudio_nxp/workspace/sdk/JN-SW-4168/Components/Library\libOS_JN516x.a(os.o)
                              c:/NXP/bstudio_nxp/workspace/JN-AN-1201-YCL/JN-AN-1201-ZigBee-Intruder-Alarm-System/ZONE/Build/os_gen.o (symbol from plugin) (os_vStart)
c:/NXP/bstudio_nxp/workspace/sdk/JN-SW-4168/Components/Library\libOS_JN516x.a(os_contirq_JN516x.o)
                              c:/NXP/bstudio_nxp/workspace/JN-AN-1201-YCL/JN-AN-1201-ZigBee-Intruder-Alarm-System/ZONE/Build/os_irq.o (os_UnclaimedException_W)
c:/NXP/bstudio_nxp/workspace/sdk/JN-SW-4168/Components/Library\libPWRM_JN516x.a(pwrm.o)
                              c:/NXP/bstudio_nxp/workspace/JN-AN-1201-YCL/JN-AN-1201-ZigBee-Intruder-Alarm-System/ZONE/Build/app_start_ZONE.o (symbol from plugin) (PWRM_vInit)
c:/NXP/bstudio_nxp/workspace/sdk/JN-SW-4168/Components/Library\libPWRM_JN516x.a(pwrm_setjmp_JN516x.o)
                              pwrm.o (symbol from plugin) (setjmp)
c:/NXP/bstudio_nxp/workspace/sdk/JN-SW-4168/Components/Library\libPWRM_JN516x.a(pwrm_cold_start.o)
                              (AppColdStart)
c:/NXP/bstudio_nxp/workspace/sdk/JN-SW-4168/Components/Library\libPWRM_JN516x.a(pwrm_warm_start.o)
                              (AppWarmStart)
c:/NXP/bstudio_nxp/workspace/sdk/JN-SW-4168/Components/Library\libPDUM_JN516x.a(pdum_nwk.o)
                              c:/NXP/bstudio_nxp/workspace/JN-AN-1201-YCL/JN-AN-1201-ZigBee-Intruder-Alarm-System/ZONE/Build/pdum_gen.o (symbol from plugin) (pdum_vNPduInit)
c:/NXP/bstudio_nxp/workspace/sdk/JN-SW-4168/Components/Library\libPDUM_JN516x.a(pdum_apl.o)
                              c:/NXP/bstudio_nxp/workspace/JN-AN-1201-YCL/JN-AN-1201-ZigBee-Intruder-Alarm-System/ZONE/Build/appZdpExtraction.o (symbol from plugin) (PDUM_u16APduInstanceReadNBO)
c:/NXP/bstudio_nxp/workspace/sdk/JN-SW-4168/Components/Library\libPDUM_JN516x.a(pdum.o)
                              pdum_nwk.o (symbol from plugin) (PDUM_u16SizeNBO)
c:/NXP/bstudio_nxp/workspace/sdk/JN-SW-4168/Components/Library\libZPSAPL_JN516x.a(zps_apl_af.o)
                              c:/NXP/bstudio_nxp/workspace/JN-AN-1201-YCL/JN-AN-1201-ZigBee-Intruder-Alarm-System/ZONE/Build/zha_ZONE_node.o (symbol from plugin) (ZPS_eAplAfInit)
c:/NXP/bstudio_nxp/workspace/sdk/JN-SW-4168/Components/Library\libZPSAPL_JN516x.a(zps_apl_af_apsde.o)
                              c:/NXP/bstudio_nxp/workspace/JN-AN-1201-YCL/JN-AN-1201-ZigBee-Intruder-Alarm-System/ZONE/Build/zps_gen.o (symbol from plugin) (zps_vHandleApsdeDataFragInd)
c:/NXP/bstudio_nxp/workspace/sdk/JN-SW-4168/Components/Library\libZPSAPL_JN516x.a(zps_apl_task.o)
                              zps_apl_af_apsde.o (symbol from plugin) (zps_vAplAfPostEvent)
c:/NXP/bstudio_nxp/workspace/sdk/JN-SW-4168/Components/Library\libZPSAPL_JN516x.a(zps_apl_apsde.o)
                              zps_apl_task.o (symbol from plugin) (ZPS_vAplRegisterApsdeDcfmIndCallbacks)
c:/NXP/bstudio_nxp/workspace/sdk/JN-SW-4168/Components/Library\libZPSAPL_JN516x.a(zps_apl_apsme.o)
                              zps_apl_task.o (symbol from plugin) (ZPS_vAplRegisterApsmeDcfmIndCallbacks)
c:/NXP/bstudio_nxp/workspace/sdk/JN-SW-4168/Components/Library\libZPSAPL_JN516x.a(zps_apl_aps_nlde.o)
                              c:/NXP/bstudio_nxp/workspace/JN-AN-1201-YCL/JN-AN-1201-ZigBee-Intruder-Alarm-System/ZONE/Build/zps_gen.o (symbol from plugin) (zps_vHandleExtendedDataAckFrame)
c:/NXP/bstudio_nxp/workspace/sdk/JN-SW-4168/Components/Library\libZPSAPL_JN516x.a(zps_apl_sec.o)
                              zps_apl_task.o (symbol from plugin) (zps_psFindKeyDescr)
c:/NXP/bstudio_nxp/workspace/sdk/JN-SW-4168/Components/Library\libZPSAPL_JN516x.a(zps_apl_aib.o)
                              c:/NXP/bstudio_nxp/workspace/JN-AN-1201-YCL/JN-AN-1201-ZigBee-Intruder-Alarm-System/ZONE/Build/app_zbp_utilities.o (symbol from plugin) (zps_psAplAibGetAib)
c:/NXP/bstudio_nxp/workspace/sdk/JN-SW-4168/Components/Library\libZPSAPL_JN516x.a(zps_apl_zdo_nwkmanager.o)
                              zps_apl_apsme.o (symbol from plugin) (zps_vAplSaveRecord)
c:/NXP/bstudio_nxp/workspace/sdk/JN-SW-4168/Components/Library\libZPSAPL_JN516x.a(zps_apl_zdo_handle_zdp_event.o)
                              zps_apl_task.o (symbol from plugin) (zps_bAplZdoHandleZdpEvent)
c:/NXP/bstudio_nxp/workspace/sdk/JN-SW-4168/Components/Library\libZPSAPL_JN516x.a(zps_apl_zdo_trust_center.o)
                              zps_apl_sec.o (symbol from plugin) (zps_eAplTrustCenterFindDevice)
c:/NXP/bstudio_nxp/workspace/sdk/JN-SW-4168/Components/Library\libZPSAPL_JN516x.a(zps_apl_zdo_common.o)
                              zps_apl_zdo_nwkmanager.o (symbol from plugin) (zps_eAplZdoNlmeleaveWrapper)
c:/NXP/bstudio_nxp/workspace/sdk/JN-SW-4168/Components/Library\libZPSAPL_JN516x.a(zps_apl_zdo_group.o)
[...]
Memory Configuration

Name             Origin             Length             Attributes
flash            0x0000000000080000 0x0000000000080000
ram              0x000000000400004c 0x0000000000007fb4
*default*        0x0000000000000000 0xffffffffffffffff

Linker script and memory map

                0x0000000000001388                __stack_size = 0x1388
                0x00000000000007d0                __minimum_heap_size = 0x7d0
START GROUP
LOAD c:/NXP/bstudio_nxp/workspace/JN-AN-1201-YCL/JN-AN-1201-ZigBee-Intruder-Alarm-System/ZONE/Build/os_gen.o
LOAD C:\Users\1\AppData\Local\Temp\ccgWapOs.ltrans0.ltrans.o
LOAD C:\Users\1\AppData\Local\Temp\ccgWapOs.ltrans1.ltrans.o
LOAD C:\Users\1\AppData\Local\Temp\ccgWapOs.ltrans2.ltrans.o
LOAD C:\Users\1\AppData\Local\Temp\ccgWapOs.ltrans3.ltrans.o
LOAD C:\Users\1\AppData\Local\Temp\ccgWapOs.ltrans4.ltrans.o
LOAD C:\Users\1\AppData\Local\Temp\ccgWapOs.ltrans5.ltrans.o
LOAD C:\Users\1\AppData\Local\Temp\ccgWapOs.ltrans6.ltrans.o
LOAD C:\Users\1\AppData\Local\Temp\ccgWapOs.ltrans7.ltrans.o
LOAD C:\Users\1\AppData\Local\Temp\ccgWapOs.ltrans8.ltrans.o
LOAD C:\Users\1\AppData\Local\Temp\ccgWapOs.ltrans9.ltrans.o
LOAD C:\Users\1\AppData\Local\Temp\ccgWapOs.ltrans10.ltrans.o
LOAD C:\Users\1\AppData\Local\Temp\ccgWapOs.ltrans11.ltrans.o
LOAD C:\Users\1\AppData\Local\Temp\ccgWapOs.ltrans12.ltrans.o
LOAD C:\Users\1\AppData\Local\Temp\ccgWapOs.ltrans13.ltrans.o
LOAD C:\Users\1\AppData\Local\Temp\ccgWapOs.ltrans14.ltrans.o
LOAD C:\Users\1\AppData\Local\Temp\ccgWapOs.ltrans15.ltrans.o
LOAD C:\Users\1\AppData\Local\Temp\ccgWapOs.ltrans16.ltrans.o
LOAD C:\Users\1\AppData\Local\Temp\ccgWapOs.ltrans17.ltrans.o
LOAD C:\Users\1\AppData\Local\Temp\ccgWapOs.ltrans18.ltrans.o
LOAD C:\Users\1\AppData\Local\Temp\ccgWapOs.ltrans19.ltrans.o
LOAD C:\Users\1\AppData\Local\Temp\ccgWapOs.ltrans20.ltrans.o
LOAD C:\Users\1\AppData\Local\Temp\ccgWapOs.ltrans21.ltrans.o
LOAD C:\Users\1\AppData\Local\Temp\ccgWapOs.ltrans22.ltrans.o
LOAD C:\Users\1\AppData\Local\Temp\ccgWapOs.ltrans23.ltrans.o
LOAD C:\Users\1\AppData\Local\Temp\ccgWapOs.ltrans24.ltrans.o
LOAD C:\Users\1\AppData\Local\Temp\ccgWapOs.ltrans25.ltrans.o
LOAD C:\Users\1\AppData\Local\Temp\ccgWapOs.ltrans26.ltrans.o
LOAD C:\Users\1\AppData\Local\Temp\ccgWapOs.ltrans27.ltrans.o
LOAD C:\Users\1\AppData\Local\Temp\ccgWapOs.ltrans28.ltrans.o
LOAD C:\Users\1\AppData\Local\Temp\ccgWapOs.ltrans29.ltrans.o
LOAD C:\Users\1\AppData\Local\Temp\ccgWapOs.ltrans30.ltrans.o
LOAD C:\Users\1\AppData\Local\Temp\ccgWapOs.ltrans31.ltrans.o
LOAD c:/nxp/bstudio_nxp/workspace/sdk/tools/ba-elf-ba2-r36379/bin/../lib/gcc/ba-elf/4.7.4/../../../../ba-elf/lib/mcpu_jn51xx_sizeopt\libc.a
LOAD c:/nxp/bstudio_nxp/workspace/sdk/tools/ba-elf-ba2-r36379/bin/../lib/gcc/ba-elf/4.7.4/mcpu_jn51xx_sizeopt\libgcc.a
LOAD c:/nxp/bstudio_nxp/workspace/sdk/tools/ba-elf-ba2-r36379/bin/../lib/gcc/ba-elf/4.7.4/../../../../ba-elf/lib/mcpu_jn51xx_sizeopt\libc.a
LOAD c:/NXP/bstudio_nxp/workspace/JN-AN-1201-YCL/JN-AN-1201-ZigBee-Intruder-Alarm-System/ZONE/Build/os_irq.o
LOAD c:/NXP/bstudio_nxp/workspace/JN-AN-1201-YCL/JN-AN-1201-ZigBee-Intruder-Alarm-System/ZONE/Build/os_irq_alignment.o
LOAD c:/NXP/bstudio_nxp/workspace/JN-AN-1201-YCL/JN-AN-1201-ZigBee-Intruder-Alarm-System/ZONE/Build/os_irq_buserror.o
LOAD c:/NXP/bstudio_nxp/workspace/JN-AN-1201-YCL/JN-AN-1201-ZigBee-Intruder-Alarm-System/ZONE/Build/os_irq_illegalinstruction.o
LOAD c:/NXP/bstudio_nxp/workspace/JN-AN-1201-YCL/JN-AN-1201-ZigBee-Intruder-Alarm-System/ZONE/Build/os_irq_stackoverflowexception.o
LOAD c:/NXP/bstudio_nxp/workspace/JN-AN-1201-YCL/JN-AN-1201-ZigBee-Intruder-Alarm-System/ZONE/Build/os_irq_unimplementedmodule.o
LOAD c:/NXP/bstudio_nxp/workspace/JN-AN-1201-YCL/JN-AN-1201-ZigBee-Intruder-Alarm-System/ZONE/Build/pdum_gen.o
LOAD c:/NXP/bstudio_nxp/workspace/JN-AN-1201-YCL/JN-AN-1201-ZigBee-Intruder-Alarm-System/ZONE/Build/pdum_apdu.o
LOAD c:/NXP/bstudio_nxp/workspace/JN-AN-1201-YCL/JN-AN-1201-ZigBee-Intruder-Alarm-System/ZONE/Build/zps_gen.o
LOAD c:/NXP/bstudio_nxp/workspace/JN-AN-1201-YCL/JN-AN-1201-ZigBee-Intruder-Alarm-System/ZONE/Build/app_uart.o
LOAD c:/NXP/bstudio_nxp/workspace/JN-AN-1201-YCL/JN-AN-1201-ZigBee-Intruder-Alarm-System/ZONE/Build/app_timer_driver.o
LOAD c:/NXP/bstudio_nxp/workspace/JN-AN-1201-YCL/JN-AN-1201-ZigBee-Intruder-Alarm-System/ZONE/Build/app_start_ZONE.o
LOAD c:/NXP/bstudio_nxp/workspace/JN-AN-1201-YCL/JN-AN-1201-ZigBee-Intruder-Alarm-System/ZONE/Build/app_zbp_utilities.o
LOAD c:/NXP/bstudio_nxp/workspace/JN-AN-1201-YCL/JN-AN-1201-ZigBee-Intruder-Alarm-System/ZONE/Build/app_exceptions.o
LOAD c:/NXP/bstudio_nxp/workspace/JN-AN-1201-YCL/JN-AN-1201-ZigBee-Intruder-Alarm-System/ZONE/Build/app_pdm.o
LOAD c:/NXP/bstudio_nxp/workspace/JN-AN-1201-YCL/JN-AN-1201-ZigBee-Intruder-Alarm-System/ZONE/Build/app_ias_enroll_req.o
LOAD c:/NXP/bstudio_nxp/workspace/JN-AN-1201-YCL/JN-AN-1201-ZigBee-Intruder-Alarm-System/ZONE/Build/app_ias_unenroll_req.o
LOAD c:/NXP/bstudio_nxp/workspace/JN-AN-1201-YCL/JN-AN-1201-ZigBee-Intruder-Alarm-System/ZONE/Build/app_ias_indicator.o
LOAD c:/NXP/bstudio_nxp/workspace/JN-AN-1201-YCL/JN-AN-1201-ZigBee-Intruder-Alarm-System/ZONE/Build/app_ias_save.o
LOAD c:/NXP/bstudio_nxp/workspace/JN-AN-1201-YCL/JN-AN-1201-ZigBee-Intruder-Alarm-System/ZONE/Build/zha_ZONE_node.o
LOAD c:/NXP/bstudio_nxp/workspace/JN-AN-1201-YCL/JN-AN-1201-ZigBee-Intruder-Alarm-System/ZONE/Build/app_sleep_functions.o
LOAD c:/NXP/bstudio_nxp/workspace/JN-AN-1201-YCL/JN-AN-1201-ZigBee-Intruder-Alarm-System/ZONE/Build/appZdpExtraction.o
LOAD c:/NXP/bstudio_nxp/workspace/JN-AN-1201-YCL/JN-AN-1201-ZigBee-Intruder-Alarm-System/ZONE/Build/appZpsBeaconHandler.o
LOAD c:/NXP/bstudio_nxp/workspace/JN-AN-1201-YCL/JN-AN-1201-ZigBee-Intruder-Alarm-System/ZONE/Build/app_zcl_ZONE_task.o
LOAD c:/NXP/bstudio_nxp/workspace/JN-AN-1201-YCL/JN-AN-1201-ZigBee-Intruder-Alarm-System/ZONE/Build/app_buttons.o
LOAD c:/NXP/bstudio_nxp/workspace/JN-AN-1201-YCL/JN-AN-1201-ZigBee-Intruder-Alarm-System/ZONE/Build/haEzJoin.o
LOAD c:/NXP/bstudio_nxp/workspace/JN-AN-1201-YCL/JN-AN-1201-ZigBee-Intruder-Alarm-System/ZONE/Build/PingParent.o
LOAD c:/NXP/bstudio_nxp/workspace/JN-AN-1201-YCL/JN-AN-1201-ZigBee-Intruder-Alarm-System/ZONE/Build/Alarms.o
LOAD c:/NXP/bstudio_nxp/workspace/JN-AN-1201-YCL/JN-AN-1201-ZigBee-Intruder-Alarm-System/ZONE/Build/AlarmsClientCommands.o
LOAD c:/NXP/bstudio_nxp/workspace/JN-AN-1201-YCL/JN-AN-1201-ZigBee-Intruder-Alarm-System/ZONE/Build/AlarmsCommandHandler.o
LOAD c:/NXP/bstudio_nxp/workspace/JN-AN-1201-YCL/JN-AN-1201-ZigBee-Intruder-Alarm-System/ZONE/Build/AlarmsServerCommands.o
LOAD c:/NXP/bstudio_nxp/workspace/JN-AN-1201-YCL/JN-AN-1201-ZigBee-Intruder-Alarm-System/ZONE/Build/AlarmsTableManager.o
LOAD c:/NXP/bstudio_nxp/workspace/JN-AN-1201-YCL/JN-AN-1201-ZigBee-Intruder-Alarm-System/ZONE/Build/AnalogInputBasic.o
LOAD c:/NXP/bstudio_nxp/workspace/JN-AN-1201-YCL/JN-AN-1201-ZigBee-Intruder-Alarm-System/ZONE/Build/AnalogOutputBasic.o
LOAD c:/NXP/bstudio_nxp/workspace/JN-AN-1201-YCL/JN-AN-1201-ZigBee-Intruder-Alarm-System/ZONE/Build/Basic.o
LOAD c:/NXP/bstudio_nxp/workspace/JN-AN-1201-YCL/JN-AN-1201-ZigBee-Intruder-Alarm-System/ZONE/Build/BasicClientCommands.o
LOAD c:/NXP/bstudio_nxp/workspace/JN-AN-1201-YCL/JN-AN-1201-ZigBee-Intruder-Alarm-System/ZONE/Build/BasicCommandHandler.o
LOAD c:/NXP/bstudio_nxp/workspace/JN-AN-1201-YCL/JN-AN-1201-ZigBee-Intruder-Alarm-System/ZONE/Build/BinaryInputBasic.o
LOAD c:/NXP/bstudio_nxp/workspace/JN-AN-1201-YCL/JN-AN-1201-ZigBee-Intruder-Alarm-System/ZONE/Build/BinaryOutputBasic.o
LOAD c:/NXP/bstudio_nxp/workspace/JN-AN-1201-YCL/JN-AN-1201-ZigBee-Intruder-Alarm-System/ZONE/Build/Commissioning.o
LOAD c:/NXP/bstudio_nxp/workspace/JN-AN-1201-YCL/JN-AN-1201-ZigBee-Intruder-Alarm-System/ZONE/Build/DeviceTemperatureConfiguration.o
LOAD c:/NXP/bstudio_nxp/workspace/JN-AN-1201-YCL/JN-AN-1201-ZigBee-Intruder-Alarm-System/ZONE/Build/Diagnostics.o
LOAD c:/NXP/bstudio_nxp/workspace/JN-AN-1201-YCL/JN-AN-1201-ZigBee-Intruder-Alarm-System/ZONE/Build/DoorLock.o
LOAD c:/NXP/bstudio_nxp/workspace/JN-AN-1201-YCL/JN-AN-1201-ZigBee-Intruder-Alarm-System/ZONE/Build/DoorLockCommandHandler.o
LOAD c:/NXP/bstudio_nxp/workspace/JN-AN-1201-YCL/JN-AN-1201-ZigBee-Intruder-Alarm-System/ZONE/Build/DoorLockCommands.o
LOAD c:/NXP/bstudio_nxp/workspace/JN-AN-1201-YCL/JN-AN-1201-ZigBee-Intruder-Alarm-System/ZONE/Build/ElectricalMeasurement.o
LOAD c:/NXP/bstudio_nxp/workspace/JN-AN-1201-YCL/JN-AN-1201-ZigBee-Intruder-Alarm-System/ZONE/Build/Groups.o
LOAD c:/NXP/bstudio_nxp/workspace/JN-AN-1201-YCL/JN-AN-1201-ZigBee-Intruder-Alarm-System/ZONE/Build/GroupsClientCommands.o
LOAD c:/NXP/bstudio_nxp/workspace/JN-AN-1201-YCL/JN-AN-1201-ZigBee-Intruder-Alarm-System/ZONE/Build/GroupsCommandHandler.o
LOAD c:/NXP/bstudio_nxp/workspace/JN-AN-1201-YCL/JN-AN-1201-ZigBee-Intruder-Alarm-System/ZONE/Build/GroupsServerCommands.o
LOAD c:/NXP/bstudio_nxp/workspace/JN-AN-1201-YCL/JN-AN-1201-ZigBee-Intruder-Alarm-System/ZONE/Build/GroupsTableManager.o
LOAD c:/NXP/bstudio_nxp/workspace/JN-AN-1201-YCL/JN-AN-1201-ZigBee-Intruder-Alarm-System/ZONE/Build/Identify.o
LOAD c:/NXP/bstudio_nxp/workspace/JN-AN-1201-YCL/JN-AN-1201-ZigBee-Intruder-Alarm-System/ZONE/Build/IdentifyClientCommands.o
LOAD c:/NXP/bstudio_nxp/workspace/JN-AN-1201-YCL/JN-AN-1201-ZigBee-Intruder-Alarm-System/ZONE/Build/IdentifyCommandHandler.o
LOAD c:/NXP/bstudio_nxp/workspace/JN-AN-1201-YCL/JN-AN-1201-ZigBee-Intruder-Alarm-System/ZONE/Build/IdentifyServerCommands.o
LOAD c:/NXP/bstudio_nxp/workspace/JN-AN-1201-YCL/JN-AN-1201-ZigBee-Intruder-Alarm-System/ZONE/Build/LevelControl.o
LOAD c:/NXP/bstudio_nxp/workspace/JN-AN-1201-YCL/JN-AN-1201-ZigBee-Intruder-Alarm-System/ZONE/Build/LevelControlClientCommands.o
LOAD c:/NXP/bstudio_nxp/workspace/JN-AN-1201-YCL/JN-AN-1201-ZigBee-Intruder-Alarm-System/ZONE/Build/LevelControlCommandHandler.o
LOAD c:/NXP/bstudio_nxp/workspace/JN-AN-1201-YCL/JN-AN-1201-ZigBee-Intruder-Alarm-System/ZONE/Build/MultistateInputBasic.o
LOAD c:/NXP/bstudio_nxp/workspace/JN-AN-1201-YCL/JN-AN-1201-ZigBee-Intruder-Alarm-System/ZONE/Build/MultistateOutputBasic.o
LOAD c:/NXP/bstudio_nxp/workspace/JN-AN-1201-YCL/JN-AN-1201-ZigBee-Intruder-Alarm-System/ZONE/Build/OOSC.o
LOAD c:/NXP/bstudio_nxp/workspace/JN-AN-1201-YCL/JN-AN-1201-ZigBee-Intruder-Alarm-System/ZONE/Build/OnOff.o
LOAD c:/NXP/bstudio_nxp/workspace/JN-AN-1201-YCL/JN-AN-1201-ZigBee-Intruder-Alarm-System/ZONE/Build/OnOffCommandHandler.o
LOAD c:/NXP/bstudio_nxp/workspace/JN-AN-1201-YCL/JN-AN-1201-ZigBee-Intruder-Alarm-System/ZONE/Build/OnOffCommands.o
LOAD c:/NXP/bstudio_nxp/workspace/JN-AN-1201-YCL/JN-AN-1201-ZigBee-Intruder-Alarm-System/ZONE/Build/PollControl.o
LOAD c:/NXP/bstudio_nxp/workspace/JN-AN-1201-YCL/JN-AN-1201-ZigBee-Intruder-Alarm-System/ZONE/Build/PollControlClientCommands.o
LOAD c:/NXP/bstudio_nxp/workspace/JN-AN-1201-YCL/JN-AN-1201-ZigBee-Intruder-Alarm-System/ZONE/Build/PollControlCommandHandler.o
LOAD c:/NXP/bstudio_nxp/workspace/JN-AN-1201-YCL/JN-AN-1201-ZigBee-Intruder-Alarm-System/ZONE/Build/PollControlServerCommands.o
LOAD c:/NXP/bstudio_nxp/workspace/JN-AN-1201-YCL/JN-AN-1201-ZigBee-Intruder-Alarm-System/ZONE/Build/PowerConfiguration.o
LOAD c:/NXP/bstudio_nxp/workspace/JN-AN-1201-YCL/JN-AN-1201-ZigBee-Intruder-Alarm-System/ZONE/Build/Scenes.o
LOAD c:/NXP/bstudio_nxp/workspace/JN-AN-1201-YCL/JN-AN-1201-ZigBee-Intruder-Alarm-System/ZONE/Build/ScenesClientCommands.o
LOAD c:/NXP/bstudio_nxp/workspace/JN-AN-1201-YCL/JN-AN-1201-ZigBee-Intruder-Alarm-System/ZONE/Build/ScenesClusterManagement.o
LOAD c:/NXP/bstudio_nxp/workspace/JN-AN-1201-YCL/JN-AN-1201-ZigBee-Intruder-Alarm-System/ZONE/Build/ScenesCommandHandler.o
LOAD c:/NXP/bstudio_nxp/workspace/JN-AN-1201-YCL/JN-AN-1201-ZigBee-Intruder-Alarm-System/ZONE/Build/ScenesServerCommands.o
LOAD c:/NXP/bstudio_nxp/workspace/JN-AN-1201-YCL/JN-AN-1201-ZigBee-Intruder-Alarm-System/ZONE/Build/ScenesTableManager.o
LOAD c:/NXP/bstudio_nxp/workspace/JN-AN-1201-YCL/JN-AN-1201-ZigBee-Intruder-Alarm-System/ZONE/Build/TC.o
LOAD c:/NXP/bstudio_nxp/workspace/JN-AN-1201-YCL/JN-AN-1201-ZigBee-Intruder-Alarm-System/ZONE/Build/Time.o
LOAD c:/NXP/bstudio_nxp/workspace/JN-AN-1201-YCL/JN-AN-1201-ZigBee-Intruder-Alarm-System/ZONE/Build/ha.o
LOAD c:/NXP/bstudio_nxp/workspace/JN-AN-1201-YCL/JN-AN-1201-ZigBee-Intruder-Alarm-System/ZONE/Build/door_lock.o
LOAD c:/NXP/bstudio_nxp/workspace/JN-AN-1201-YCL/JN-AN-1201-ZigBee-Intruder-Alarm-System/ZONE/Build/door_lock_controller.o
LOAD c:/NXP/bstudio_nxp/workspace/JN-AN-1201-YCL/JN-AN-1201-ZigBee-Intruder-Alarm-System/ZONE/Build/mains_power_outlet.o
LOAD c:/NXP/bstudio_nxp/workspace/JN-AN-1201-YCL/JN-AN-1201-ZigBee-Intruder-Alarm-System/ZONE/Build/on_off_output.o
LOAD c:/NXP/bstudio_nxp/workspace/JN-AN-1201-YCL/JN-AN-1201-ZigBee-Intruder-Alarm-System/ZONE/Build/on_off_switch.o
LOAD c:/NXP/bstudio_nxp/workspace/JN-AN-1201-YCL/JN-AN-1201-ZigBee-Intruder-Alarm-System/ZONE/Build/plug_control.o
LOAD c:/NXP/bstudio_nxp/workspace/JN-AN-1201-YCL/JN-AN-1201-ZigBee-Intruder-Alarm-System/ZONE/Build/remote_control.o
LOAD c:/NXP/bstudio_nxp/workspace/JN-AN-1201-YCL/JN-AN-1201-ZigBee-Intruder-Alarm-System/ZONE/Build/simple_sensor.o
LOAD c:/NXP/bstudio_nxp/workspace/JN-AN-1201-YCL/JN-AN-1201-ZigBee-Intruder-Alarm-System/ZONE/Build/smart_plug.o
LOAD c:/NXP/bstudio_nxp/workspace/JN-AN-1201-YCL/JN-AN-1201-ZigBee-Intruder-Alarm-System/ZONE/Build/IASACE.o
LOAD c:/NXP/bstudio_nxp/workspace/JN-AN-1201-YCL/JN-AN-1201-ZigBee-Intruder-Alarm-System/ZONE/Build/IASACEClientCommands.o
LOAD c:/NXP/bstudio_nxp/workspace/JN-AN-1201-YCL/JN-AN-1201-ZigBee-Intruder-Alarm-System/ZONE/Build/IASACECommandHandler.o
LOAD c:/NXP/bstudio_nxp/workspace/JN-AN-1201-YCL/JN-AN-1201-ZigBee-Intruder-Alarm-System/ZONE/Build/IASACEServerCommands.o
LOAD c:/NXP/bstudio_nxp/workspace/JN-AN-1201-YCL/JN-AN-1201-ZigBee-Intruder-Alarm-System/ZONE/Build/IASWD.o
LOAD c:/NXP/bstudio_nxp/workspace/JN-AN-1201-YCL/JN-AN-1201-ZigBee-Intruder-Alarm-System/ZONE/Build/IASWDCommandHandler.o
LOAD c:/NXP/bstudio_nxp/workspace/JN-AN-1201-YCL/JN-AN-1201-ZigBee-Intruder-Alarm-System/ZONE/Build/IASWDCommands.o
LOAD c:/NXP/bstudio_nxp/workspace/JN-AN-1201-YCL/JN-AN-1201-ZigBee-Intruder-Alarm-System/ZONE/Build/IASZone.o
LOAD c:/NXP/bstudio_nxp/workspace/JN-AN-1201-YCL/JN-AN-1201-ZigBee-Intruder-Alarm-System/ZONE/Build/IASZoneCommandHandler.o
LOAD c:/NXP/bstudio_nxp/workspace/JN-AN-1201-YCL/JN-AN-1201-ZigBee-Intruder-Alarm-System/ZONE/Build/IASZoneCommands.o
LOAD c:/NXP/bstudio_nxp/workspace/JN-AN-1201-YCL/JN-AN-1201-ZigBee-Intruder-Alarm-System/ZONE/Build/ancillary_control_equipment.o
LOAD c:/NXP/bstudio_nxp/workspace/JN-AN-1201-YCL/JN-AN-1201-ZigBee-Intruder-Alarm-System/ZONE/Build/control_and_indicating_equipment.o
LOAD c:/NXP/bstudio_nxp/workspace/JN-AN-1201-YCL/JN-AN-1201-ZigBee-Intruder-Alarm-System/ZONE/Build/warning_device.o
LOAD c:/NXP/bstudio_nxp/workspace/JN-AN-1201-YCL/JN-AN-1201-ZigBee-Intruder-Alarm-System/ZONE/Build/zone.o
LOAD c:/NXP/bstudio_nxp/workspace/JN-AN-1201-YCL/JN-AN-1201-ZigBee-Intruder-Alarm-System/ZONE/Build/dlist.o
LOAD c:/NXP/bstudio_nxp/workspace/JN-AN-1201-YCL/JN-AN-1201-ZigBee-Intruder-Alarm-System/ZONE/Build/zcl.o
LOAD c:/NXP/bstudio_nxp/workspace/JN-AN-1201-YCL/JN-AN-1201-ZigBee-Intruder-Alarm-System/ZONE/Build/zcl_CustomCommandReceive.o
LOAD c:/NXP/bstudio_nxp/workspace/JN-AN-1201-YCL/JN-AN-1201-ZigBee-Intruder-Alarm-System/ZONE/Build/zcl_CustomCommandSend.o
LOAD c:/NXP/bstudio_nxp/workspace/JN-AN-1201-YCL/JN-AN-1201-ZigBee-Intruder-Alarm-System/ZONE/Build/zcl_PDUbufferReadWrite.o
LOAD c:/NXP/bstudio_nxp/workspace/JN-AN-1201-YCL/JN-AN-1201-ZigBee-Intruder-Alarm-System/ZONE/Build/zcl_PDUbufferReadWriteString.o
LOAD c:/NXP/bstudio_nxp/workspace/JN-AN-1201-YCL/JN-AN-1201-ZigBee-Intruder-Alarm-System/ZONE/Build/zcl_WriteAttributesRequestHandle.o
LOAD c:/NXP/bstudio_nxp/workspace/JN-AN-1201-YCL/JN-AN-1201-ZigBee-Intruder-Alarm-System/ZONE/Build/zcl_WriteAttributesRequestSend.o
LOAD c:/NXP/bstudio_nxp/workspace/JN-AN-1201-YCL/JN-AN-1201-ZigBee-Intruder-Alarm-System/ZONE/Build/zcl_WriteAttributesResponseHandle.o
LOAD c:/NXP/bstudio_nxp/workspace/JN-AN-1201-YCL/JN-AN-1201-ZigBee-Intruder-Alarm-System/ZONE/Build/zcl_attribute.o
LOAD c:/NXP/bstudio_nxp/workspace/JN-AN-1201-YCL/JN-AN-1201-ZigBee-Intruder-Alarm-System/ZONE/Build/zcl_buffer.o
LOAD c:/NXP/bstudio_nxp/workspace/JN-AN-1201-YCL/JN-AN-1201-ZigBee-Intruder-Alarm-System/ZONE/Build/zcl_clusterCommand.o
LOAD c:/NXP/bstudio_nxp/workspace/JN-AN-1201-YCL/JN-AN-1201-ZigBee-Intruder-Alarm-System/ZONE/Build/zcl_command.o
LOAD c:/NXP/bstudio_nxp/workspace/JN-AN-1201-YCL/JN-AN-1201-ZigBee-Intruder-Alarm-System/ZONE/Build/zcl_configureReportingCommandHandle.o
LOAD c:/NXP/bstudio_nxp/workspace/JN-AN-1201-YCL/JN-AN-1201-ZigBee-Intruder-Alarm-System/ZONE/Build/zcl_configureReportingCommandSend.o
LOAD c:/NXP/bstudio_nxp/workspace/JN-AN-1201-YCL/JN-AN-1201-ZigBee-Intruder-Alarm-System/ZONE/Build/zcl_configureReportingResponseHandle.o
LOAD c:/NXP/bstudio_nxp/workspace/JN-AN-1201-YCL/JN-AN-1201-ZigBee-Intruder-Alarm-System/ZONE/Build/zcl_defaultResponse.o
LOAD c:/NXP/bstudio_nxp/workspace/JN-AN-1201-YCL/JN-AN-1201-ZigBee-Intruder-Alarm-System/ZONE/Build/zcl_discoverAttributesExtendedRequestHandle.o
LOAD c:/NXP/bstudio_nxp/workspace/JN-AN-1201-YCL/JN-AN-1201-ZigBee-Intruder-Alarm-System/ZONE/Build/zcl_discoverAttributesExtendedRequestSend.o
LOAD c:/NXP/bstudio_nxp/workspace/JN-AN-1201-YCL/JN-AN-1201-ZigBee-Intruder-Alarm-System/ZONE/Build/zcl_discoverAttributesExtendedResponseHandle.o
LOAD c:/NXP/bstudio_nxp/workspace/JN-AN-1201-YCL/JN-AN-1201-ZigBee-Intruder-Alarm-System/ZONE/Build/zcl_discoverAttributesRequestHandle.o
LOAD c:/NXP/bstudio_nxp/workspace/JN-AN-1201-YCL/JN-AN-1201-ZigBee-Intruder-Alarm-System/ZONE/Build/zcl_discoverAttributesRequestSend.o
LOAD c:/NXP/bstudio_nxp/workspace/JN-AN-1201-YCL/JN-AN-1201-ZigBee-Intruder-Alarm-System/ZONE/Build/zcl_discoverAttributesResponseHandle.o
LOAD c:/NXP/bstudio_nxp/workspace/JN-AN-1201-YCL/JN-AN-1201-ZigBee-Intruder-Alarm-System/ZONE/Build/zcl_discoverCommandsRequestHandle.o
LOAD c:/NXP/bstudio_nxp/workspace/JN-AN-1201-YCL/JN-AN-1201-ZigBee-Intruder-Alarm-System/ZONE/Build/zcl_discoverCommandsRequestSend.o
LOAD c:/NXP/bstudio_nxp/workspace/JN-AN-1201-YCL/JN-AN-1201-ZigBee-Intruder-Alarm-System/ZONE/Build/zcl_discoverCommandsResponseHandle.o
LOAD c:/NXP/bstudio_nxp/workspace/JN-AN-1201-YCL/JN-AN-1201-ZigBee-Intruder-Alarm-System/ZONE/Build/zcl_event.o
LOAD c:/NXP/bstudio_nxp/workspace/JN-AN-1201-YCL/JN-AN-1201-ZigBee-Intruder-Alarm-System/ZONE/Build/zcl_heap.o
LOAD c:/NXP/bstudio_nxp/workspace/JN-AN-1201-YCL/JN-AN-1201-ZigBee-Intruder-Alarm-System/ZONE/Build/zcl_library_options.o
LOAD c:/NXP/bstudio_nxp/workspace/JN-AN-1201-YCL/JN-AN-1201-ZigBee-Intruder-Alarm-System/ZONE/Build/zcl_readAttributesRequestHandle.o
LOAD c:/NXP/bstudio_nxp/workspace/JN-AN-1201-YCL/JN-AN-1201-ZigBee-Intruder-Alarm-System/ZONE/Build/zcl_readAttributesRequestSend.o
LOAD c:/NXP/bstudio_nxp/workspace/JN-AN-1201-YCL/JN-AN-1201-ZigBee-Intruder-Alarm-System/ZONE/Build/zcl_readAttributesResponseHandle.o
LOAD c:/NXP/bstudio_nxp/workspace/JN-AN-1201-YCL/JN-AN-1201-ZigBee-Intruder-Alarm-System/ZONE/Build/zcl_readReportingConfigurationCommandHandle.o
LOAD c:/NXP/bstudio_nxp/workspace/JN-AN-1201-YCL/JN-AN-1201-ZigBee-Intruder-Alarm-System/ZONE/Build/zcl_readReportingConfigurationCommandSend.o
LOAD c:/NXP/bstudio_nxp/workspace/JN-AN-1201-YCL/JN-AN-1201-ZigBee-Intruder-Alarm-System/ZONE/Build/zcl_readReportingConfigurationResponseHandle.o
LOAD c:/NXP/bstudio_nxp/workspace/JN-AN-1201-YCL/JN-AN-1201-ZigBee-Intruder-Alarm-System/ZONE/Build/zcl_reportManager.o
LOAD c:/NXP/bstudio_nxp/workspace/JN-AN-1201-YCL/JN-AN-1201-ZigBee-Intruder-Alarm-System/ZONE/Build/zcl_reportMaths.o
LOAD c:/NXP/bstudio_nxp/workspace/JN-AN-1201-YCL/JN-AN-1201-ZigBee-Intruder-Alarm-System/ZONE/Build/zcl_reportScheduler.o
LOAD c:/NXP/bstudio_nxp/workspace/JN-AN-1201-YCL/JN-AN-1201-ZigBee-Intruder-Alarm-System/ZONE/Build/zcl_reportStringHandling.o
LOAD c:/NXP/bstudio_nxp/workspace/JN-AN-1201-YCL/JN-AN-1201-ZigBee-Intruder-Alarm-System/ZONE/Build/zcl_reportStructure.o
LOAD c:/NXP/bstudio_nxp/workspace/JN-AN-1201-YCL/JN-AN-1201-ZigBee-Intruder-Alarm-System/ZONE/Build/zcl_search.o
LOAD c:/NXP/bstudio_nxp/workspace/JN-AN-1201-YCL/JN-AN-1201-ZigBee-Intruder-Alarm-System/ZONE/Build/zcl_timer.o
LOAD c:/NXP/bstudio_nxp/workspace/JN-AN-1201-YCL/JN-AN-1201-ZigBee-Intruder-Alarm-System/ZONE/Build/zcl_transmit.o
LOAD c:/NXP/bstudio_nxp/workspace/sdk/JN-SW-4168/Components/Library\libZPSMAC_Mini_JN516x.a
LOAD c:/NXP/bstudio_nxp/workspace/sdk/JN-SW-4168/Components/Library\libOS_JN516x.a
LOAD c:/NXP/bstudio_nxp/workspace/sdk/JN-SW-4168/Components/Library\libPWRM_JN516x.a
LOAD c:/NXP/bstudio_nxp/workspace/sdk/JN-SW-4168/Components/Library\libZPSTSV_JN516x.a
LOAD c:/NXP/bstudio_nxp/workspace/sdk/JN-SW-4168/Components/Library\libAES_SW_JN516x.a
LOAD c:/NXP/bstudio_nxp/workspace/sdk/JN-SW-4168/Components/Library\libPDUM_JN516x.a
LOAD c:/NXP/bstudio_nxp/workspace/sdk/JN-SW-4168/Components/Library\libZPSAPL_JN516x.a
LOAD c:/NXP/bstudio_nxp/workspace/sdk/JN-SW-4168/Components/Library\libRandom_JN516x.a
LOAD c:/NXP/bstudio_nxp/workspace/sdk/JN-SW-4168/Components/Library\libPDM_EEPROM_JN516x.a
LOAD c:/NXP/bstudio_nxp/workspace/sdk/JN-SW-4168/Components/Library\libDBG_JN516x.a
LOAD c:/NXP/bstudio_nxp/workspace/sdk/JN-SW-4168/Components/Library\libZPSNWK_ZED_JN516x.a
LOAD c:/NXP/bstudio_nxp/workspace/sdk/JN-SW-4168/Components/Library\libMiniMac_JN5169.a
LOAD c:/NXP/bstudio_nxp/workspace/sdk/JN-SW-4168/Components/Library\libMiniMacShim_JN516x.a
LOAD c:/NXP/bstudio_nxp/workspace/sdk/JN-SW-4168/Components/Library\libMMAC_JN5169.a
LOAD c:/NXP/bstudio_nxp/workspace/sdk/JN-SW-4168/Components/Library\libJPT_JN5169.a
LOAD c:/NXP/bstudio_nxp/workspace/sdk/JN-SW-4168/Components/Library\libAes_JN516x.a
LOAD c:/NXP/bstudio_nxp/workspace/sdk/JN-SW-4168/Components/Library\libHardwareApi_JN5169.a
LOAD c:/NXP/bstudio_nxp/workspace/sdk/JN-SW-4168/Components/Library\libMicroSpecific_JN516x.a
LOAD c:/NXP/bstudio_nxp/workspace/sdk/JN-SW-4168/Components/Library\libBoot_JN516x.a
LOAD c:/NXP/bstudio_nxp/workspace/sdk/JN-SW-4168/Platform/DK4/Library\libBoardLib_JN516x.a
LOAD c:/nxp/bstudio_nxp/workspace/sdk/tools/ba-elf-ba2-r36379/bin/../lib/gcc/ba-elf/4.7.4/../../../../ba-elf/lib/mcpu_jn51xx_sizeopt\libm.a
END GROUP
LOAD c:/nxp/bstudio_nxp/workspace/sdk/tools/ba-elf-ba2-r36379/bin/../lib/gcc/ba-elf/4.7.4/../../../../ba-elf/lib/mcpu_jn51xx_sizeopt\libc.a
LOAD c:/nxp/bstudio_nxp/workspace/sdk/tools/ba-elf-ba2-r36379/bin/../lib/gcc/ba-elf/4.7.4/mcpu_jn51xx_sizeopt\libgcc.a
LOAD c:/nxp/bstudio_nxp/workspace/sdk/tools/ba-elf-ba2-r36379/bin/../lib/gcc/ba-elf/4.7.4/../../../../ba-elf/lib/mcpu_jn51xx_sizeopt\libc.a
                0x0000000000080038                exception_vsr_table = 0x80038
                0x0000000004000000                pSPIflashFncTable = 0x4000000
                0x0000000000000044                restore_state = 0x44
                0x000000000000004a                bZSPIWaitWIPClear = 0x4a
                0x0000000000000050                u16ZSPIflashRDID = 0x50
                0x0000000000000056                u8SelectFlashChipType = 0x56
                0x000000000000005c                memcpy = 0x5c
                0x0000000000000066                vBootFlashProg = 0x66
                [0x00000000000007d0]                __minimum_heap_size = DEFINED (__minimum_heap_size)?__minimum_heap_size:0xd16
                [0x0000000000001388]                __stack_size = DEFINED (__stack_size)?__stack_size:0x800
                0x0000000000000000                _SwConfig = (DEFINED (g_bSWConf_Debug) | (DEFINED (g_bSWConf_AltDebugPort) << 0x1))

.version        0x000000000007fffc        0x4
                0x000000000007fffc        0x4 LONG 0xf03000b

.bir            0x0000000000080000       0x10
                0x0000000000080000                _flash_start = ABSOLUTE (.)
                0x0000000000080000                _flash_beg = ABSOLUTE (.)
                0x0000000000080000        0x4 LONG 0x12345678
                0x0000000000080004        0x4 LONG 0x11223344
                0x0000000000080008        0x4 LONG 0x55667788
                0x000000000008000c        0x1 BYTE 0x8
                0x000000000008000d        0x1 BYTE 0x1
                0x000000000008000e        0x2 SHORT 0x0

.flashheader    0x0000000000080010       0x28
                0x0000000000080010        0x4 LONG 0x0
                0x0000000000080014        0x4 LONG 0x0
                0x0000000000080018        0x4 LONG 0x0
                0x000000000008001c        0x2 SHORT 0x0
                0x000000000008001e        0x2 SHORT 0x0 ABSOLUTE (_SwConfig)
                0x0000000000080020                _enc_start = ABSOLUTE (.)
                0x0000000000080020        0x4 LONG 0x1f160 ABSOLUTE (_image_len)
                0x0000000000080024        0x4 LONG 0x9e7f8 ABSOLUTE (_flash_data_start)
                0x0000000000080028        0x2 SHORT 0x13 ((ABSOLUTE (_ram_data_start) / 0x4) & 0xffff)
                0x000000000008002a        0x2 SHORT 0x25a ((ABSOLUTE (_ram_data_len) / 0x4) & 0xffff)
                0x000000000008002c        0x2 SHORT 0x26d ((ABSOLUTE (_bss_start) / 0x4) & 0xffff)
                0x000000000008002e        0x2 SHORT 0xfd7 ((ABSOLUTE (_bss_len) / 0x4) & 0xffff)
                0x0000000000080030        0x4 LONG 0x9d04c ABSOLUTE (AppWarmStart)
                0x0000000000080034        0x4 LONG 0x9d066 ABSOLUTE (AppColdStart)
                0x0000000000000000                _enc_offset = (_enc_start & 0xf)

.ro_mac_address
                0x0000000000080040        0x0
                0x0000000000080040                _FlsMACAddress = ABSOLUTE (.)
 *(.ro_mac_address)
                0x0000000000080040                . = ALIGN (0x10)

.ro_ota_header  0x0000000000080040        0x0
                0x0000000000080040                _FlsOtaHeader = ABSOLUTE (.)
 *(.ro_ota_header)
                0x0000000000080040                . = ALIGN (0x10)

.ro_se_lnkKey   0x0000000000080040        0x0
                0x0000000000080040                _FlsLinkKey = ABSOLUTE (.)
 *(.ro_se_lnkKey)
                0x0000000000080040                . = ALIGN (0x10)

.rodata         0x0000000000080038     0x15f7
 *(.rodata*)
 .rodata.str1.1
                0x0000000000080038       0xbb C:\Users\1\AppData\Local\Temp\ccgWapOs.ltrans0.ltrans.o
 *fill*         0x00000000000800f3        0x1 00
 .rodata        0x00000000000800f4       0xb0 C:\Users\1\AppData\Local\Temp\ccgWapOs.ltrans0.ltrans.o
                0x00000000000800f4                psAplDefaultZLLAPSLinkKey
                0x00000000000800f8                gMAC_u8MaxBuffers
                0x00000000000800fc                g_u32ApsFcSaveCountBitShift
                0x0000000000080100                u8MaxZpsConfigEp
                0x0000000000080101                au8EpMapPresent
                0x0000000000080104                s_groupPdmTable
 .rodata.str1.1
                0x00000000000801a4       0x3e C:\Users\1\AppData\Local\Temp\ccgWapOs.ltrans1.ltrans.o
 *fill*         0x00000000000801e2        0x2 00
 .rodata        0x00000000000801e4       0x40 C:\Users\1\AppData\Local\Temp\ccgWapOs.ltrans2.ltrans.o
 .rodata        0x0000000000080224       0x18 C:\Users\1\AppData\Local\Temp\ccgWapOs.ltrans5.ltrans.o
 .rodata.str1.1
                0x000000000008023c        0x3 C:\Users\1\AppData\Local\Temp\ccgWapOs.ltrans5.ltrans.o
 .rodata.str1.1
                0x000000000008023f        0x5 C:\Users\1\AppData\Local\Temp\ccgWapOs.ltrans6.ltrans.o
                                          0x8 (size before relaxing)
 .rodata        0x0000000000080244       0x6b C:\Users\1\AppData\Local\Temp\ccgWapOs.ltrans6.ltrans.o
 .rodata.str1.1
                0x00000000000802af      0x265 C:\Users\1\AppData\Local\Temp\ccgWapOs.ltrans7.ltrans.o
 .rodata        0x0000000000080514        0x8 C:\Users\1\AppData\Local\Temp\ccgWapOs.ltrans7.ltrans.o
                0x0000000000080514                au32UartAddrOffset
 .rodata.str1.1
                0x0000000000000000      0x265 C:\Users\1\AppData\Local\Temp\ccgWapOs.ltrans8.ltrans.o
                                         0x10 (size before relaxing)
 .rodata        0x000000000008051c        0x6 C:\Users\1\AppData\Local\Temp\ccgWapOs.ltrans8.ltrans.o
 .rodata.str1.1
                0x0000000000000000      0x265 C:\Users\1\AppData\Local\Temp\ccgWapOs.ltrans9.ltrans.o
                                          0x3 (size before relaxing)
 .rodata.str1.1
                0x0000000000080522      0x173 C:\Users\1\AppData\Local\Temp\ccgWapOs.ltrans10.ltrans.o
                                        0x18b (size before relaxing)
 .rodata.str1.1
                0x0000000000080695        0x4 C:\Users\1\AppData\Local\Temp\ccgWapOs.ltrans11.ltrans.o
                                         0x13 (size before relaxing)
 .rodata.str1.1
                0x0000000000080699       0x15 C:\Users\1\AppData\Local\Temp\ccgWapOs.ltrans12.ltrans.o
 .rodata.str1.1
                0x00000000000806ae       0xf7 C:\Users\1\AppData\Local\Temp\ccgWapOs.ltrans13.ltrans.o
                                        0x10c (size before relaxing)
 .rodata.str1.1
                0x00000000000807a5       0x3d C:\Users\1\AppData\Local\Temp\ccgWapOs.ltrans14.ltrans.o
                                         0x56 (size before relaxing)
 *fill*         0x00000000000807e2        0x2 00
 .rodata        0x00000000000807e4       0x18 C:\Users\1\AppData\Local\Temp\ccgWapOs.ltrans15.ltrans.o
                0x00000000000807e4                au32NwkPdmRecordOffsets
 .rodata.str1.1
                0x00000000000807fc      0x38c C:\Users\1\AppData\Local\Temp\ccgWapOs.ltrans16.ltrans.o
                                        0x396 (size before relaxing)
 .rodata        0x0000000000080b88       0x14 C:\Users\1\AppData\Local\Temp\ccgWapOs.ltrans16.ltrans.o
                0x0000000000080b98                pu64NewMacOverrideMyAddressLocation
 .rodata.str1.1
                0x0000000000000000      0x38c C:\Users\1\AppData\Local\Temp\ccgWapOs.ltrans17.ltrans.o
                                          0x4 (size before relaxing)
 .rodata.str1.1
                0x0000000000080b9c        0x5 C:\Users\1\AppData\Local\Temp\ccgWapOs.ltrans18.ltrans.o
                                         0x17 (size before relaxing)
 *fill*         0x0000000000080ba1        0x3 00
 .rodata        0x0000000000080ba4       0x7c C:\Users\1\AppData\Local\Temp\ccgWapOs.ltrans18.ltrans.o
                0x0000000000080ba4                bDisableSourceRouting
                0x0000000000080ba8                zps_pacNwkFrmStdByteFmt
                0x0000000000080bac                zps_pacNwkFrmStdLongFmt
                0x0000000000080bb0                zps_pacNwkFrmStdHalfFmt
                0x0000000000080bb4                bRxOnOptimisationTurnedOff
 .rodata        0x0000000000080c20      0x110 C:\Users\1\AppData\Local\Temp\ccgWapOs.ltrans19.ltrans.o
                0x0000000000080c20                s_aprIdleStHandleCme.123670
                0x0000000000080c30                s_aprActvStHandleCme.120556
 .rodata.str1.1
                0x0000000000080d30        0x3 C:\Users\1\AppData\Local\Temp\ccgWapOs.ltrans20.ltrans.o
                                         0x1f (size before relaxing)
 *fill*         0x0000000000080d33        0x1 00
 .rodata        0x0000000000080d34      0x118 C:\Users\1\AppData\Local\Temp\ccgWapOs.ltrans24.ltrans.o
                0x0000000000080d34                gu32ZCLVersion
                0x0000000000080d38                OS_g_u32Version
                0x0000000000080d3c                PDUM_g_u32Version
                0x0000000000080d40                ZPS_g_u32MacVersion
                0x0000000000080d44                ZPS_g_u32TsvVersion
 .rodata.str1.1
                0x0000000000000000        0x3 C:\Users\1\AppData\Local\Temp\ccgWapOs.ltrans25.ltrans.o
 .rodata        0x0000000000080e4c       0x4c C:\Users\1\AppData\Local\Temp\ccgWapOs.ltrans25.ltrans.o
                0x0000000000080e4c                g_u32NwkFcSaveCountBitShift
 .rodata.str1.1
                0x0000000000080e98       0x21 C:\Users\1\AppData\Local\Temp\ccgWapOs.ltrans26.ltrans.o
                                         0x4c (size before relaxing)
 .rodata.str1.1
                0x0000000000080eb9       0xf4 C:\Users\1\AppData\Local\Temp\ccgWapOs.ltrans27.ltrans.o
 .rodata.str1.1
                0x0000000000080fad      0x196 C:\Users\1\AppData\Local\Temp\ccgWapOs.ltrans28.ltrans.o
                                        0x1b8 (size before relaxing)
 .rodata        0x0000000000081143        0xc C:\Users\1\AppData\Local\Temp\ccgWapOs.ltrans28.ltrans.o
 .rodata.str1.1
                0x000000000008114f       0xeb C:\Users\1\AppData\Local\Temp\ccgWapOs.ltrans30.ltrans.o
 *fill*         0x000000000008123a        0x2 00
 .rodata        0x000000000008123c      0x3e0 C:\Users\1\AppData\Local\Temp\ccgWapOs.ltrans30.ltrans.o
                0x000000000008123c                zps_g_pvApl
 .rodata.str1.1
                0x000000000008161c       0x13 C:\Users\1\AppData\Local\Temp\ccgWapOs.ltrans31.ltrans.o

.text           0x0000000000081630    0x1d1c6
 *(.text*)
 .text          0x0000000000081630     0x1adc C:\Users\1\AppData\Local\Temp\ccgWapOs.ltrans0.ltrans.o
                0x0000000000081630                APP_TIMER_Version_1v0
                0x0000000000081630                vInitialiseApp.3477
 .text          0x000000000008310c     0x1784 C:\Users\1\AppData\Local\Temp\ccgWapOs.ltrans1.ltrans.o
                0x000000000008310c                vZCL_EventHandler
 .text          0x0000000000084890     0x11ec C:\Users\1\AppData\Local\Temp\ccgWapOs.ltrans2.ltrans.o
                0x0000000000084890                DBG_iUartGetChar
                0x00000000000848ed                vMMAC_IntHandlerBbc
                0x0000000000084907                eBasicTxCompleteHandler
                0x000000000008490c                vTxRxTimeout.129108
                0x0000000000084969                zps_eNwkHandleSmeOrphanInd
                0x0000000000084970                eSmeASFlBeaconInd.122320
                0x0000000000084992                eSmeUDNTScanDcfm.121775
                0x00000000000849ae                vNwkMcpsTimerCallback
                0x0000000000084a33                zps_eNwkHandleSmePollDcfm
                0x0000000000084a5d                eSmeGenlScanDcfm.122312
                0x0000000000084abb                eNldeDataDcfm.117546
                0x0000000000084aeb                eSmeEdScScanDcfm.122308
                0x0000000000084c92                eSmeAcScBeaconInd.122328
                0x0000000000084d9a                eSmeUDNTBeaconInd.122304
                0x0000000000084dbd                vAHI_WakeTimerStart.part.1.132075.constprop.110
                0x0000000000084dfe                vMiniMac_MLME_SetReq_PanId
                0x0000000000084e3b                vMiniMac_MLME_SetReq_ShortAddr
                0x0000000000084e49                u16AHI_UartBlockReadData.part.14.131863.constprop.83
                0x0000000000084e79                vZCL_InitializeClusterInstance.constprop.64
                0x0000000000084e8a                pvZCL_HeapAlloc.part.0.42774.constprop.57
                0x0000000000084ec3                vMiniMac_ReturnTxBufferCallback
                0x0000000000084ed5                vEnableReceive.129112
                0x0000000000084f0f                pvHeap_Alloc
                0x0000000000084f12                vMicroIntRestoreState
                0x0000000000084f1e                bAHI_WriteEEPROMfixSegmentData
                0x0000000000084f7c                bAHI_InitialiseEEPROM
                0x0000000000084fc4                vAHI_ReadDataFromEEPROMregister
                0x0000000000084ff1                vAHI_WriteDataIntoEEPROMregister
                0x0000000000085021                iPDM_WriteSegmentHeaderDataIntoEEPROMsegment
                0x0000000000085050                u8AHI_WakeTimerFiredStatus
                0x0000000000085064                vAHI_WakeTimerStop.part.3.132087
                0x0000000000085084                vAHI_UartReset.part.4.131841
                0x00000000000850bc                vAHI_UartDisable.part.8.131974
                0x0000000000085128                vAHI_UartSetBaudDivisor.part.1.131821
                0x0000000000085167                vAHI_OptimiseWaitStates
                0x00000000000851b3                bAHI_GetClkSource
                0x00000000000851c0                vAHI_SwReset
                0x00000000000851f0                vAHI_DioSetOutput
                0x0000000000085204                vAHI_DioSetDirection
                0x0000000000085218                vEcbEncodeStripe.131296
                0x000000000008526f                bIssueACIcommand
                0x0000000000085305                AESSW_vMMOBlockUpdate
                0x0000000000085377                MAC_u64GetExtAddr
                0x0000000000085392                psSearchForFrameToSend
                0x00000000000853e9                eMiniMac_FrameInProgress
                0x0000000000085414                vRemoveFromTxQueue
                0x0000000000085450                vAddToTxQueue
                0x0000000000085486                u8GetHeaderSize
                0x00000000000854ae                vMiniMac_PLME_SetReq_CcaMode
                0x00000000000854c2                vMiniMac_MLME_SetReq_MaxCsmaBackoffs
                0x00000000000854e2                vMiniMac_MLME_SetReq_MaxBe
                0x0000000000085505                vMiniMac_MLME_SetReq_MinBe
                0x0000000000085528                zps_vSendJoinInd
                0x0000000000085599                zps_psNwkSlistRemoveFromHead
                0x00000000000855b0                zps_psNwkSlistRemove
                0x00000000000855e8                zps_bNwkMcpsMgrRemoveDescrFromLists
                0x0000000000085626                zps_vNwkSlistAddToTail
                0x0000000000085640                ZPS_bNwkSecHaveNetworkKey
                0x0000000000085674                ZPS_bNwkSecFindMatSet
                0x00000000000856b0                ZPS_u8NwkNibNtDiscMatch
                0x0000000000085794                zps_vNwkFreeMcpsHandle
                0x00000000000857be                ZPS_u64NwkNibGetMappedIeeeAddr
                0x00000000000857e0                ZPS_vNwkSecResetDevice
                0x0000000000085825                ZPS_bNwkNibNtActvMatch
                0x00000000000858dd                ZPS_u64NwkNibFindExtAddr
                0x0000000000085988                ZPS_u16NwkNibFindNwkAddr
                0x0000000000085a2e                bCheckNwkAddr
 .text.unlikely
                0x0000000000085a7c       0xc8 C:\Users\1\AppData\Local\Temp\ccgWapOs.ltrans2.ltrans.o
                0x0000000000085a91                vAHI_MemoryHold.131519
 .text          0x0000000000085b44     0x12c2 C:\Users\1\AppData\Local\Temp\ccgWapOs.ltrans3.ltrans.o
                0x0000000000085b44                zps_eSceGenlIllegal
                0x0000000000085b4b                zps_eSmeGenlIllegal
                0x0000000000085b52                DBG_vUartFailedAssert
                0x0000000000085b56                zps_bAplZdoBindRequestServer
                0x0000000000085c91                psGetVsMcpsBuf.71524
                0x0000000000085c9a                psGetMlmeBuf.71517
                0x0000000000085ce1                psGetNlmeBuf.54467
                0x0000000000085ceb                psGetNldeBuf.54488
                0x0000000000085cf5                psGetApsmeBuf.54474
                0x0000000000085cfe                psGetApsdeBuf.54481
                0x0000000000085e17                vLoopbackTimerCallback
                0x0000000000085e46                ZPS_vSetExtendedStatus
                0x0000000000085e58                zps_psApsApsAllocateDcfmRecord
                0x0000000000085ec6                zps_u8CalcLinkCost
                0x0000000000085f02                zps_u64NwkLibFromPayload
                0x0000000000085f41                zps_vNwkLibU64ToPayload
                0x0000000000085f6e                zps_vInitBeaconPayload
                0x0000000000085fea                zps_eNwkDcfmIndPost
                0x000000000008600c                zps_psNwkDcfmIndGetBuf
                0x000000000008602e                zps_vSendNwkStatusInd
                0x000000000008605e                DBG_vInit
                0x00000000000860a0                vPDM_ReadBitmapHeader.111331
                0x00000000000860bf                psSLISTsearch
                0x00000000000860ff                psSLISTremove
                0x000000000008617d                vSLISTaddToTail
                0x000000000008619c                psSLISTgetNext
                0x00000000000861c0                u8PDM_CalculateLargestDataRecordStored
                0x00000000000861f1                bPDM_ImageBitmapRepairCheck
                0x0000000000086219                u8PDM_ReadSequenceNumber
                0x000000000008623c                boSegmentNumberDeleteSearchMatch.110901
                0x0000000000086257                u8PDM_ReadSegmentDataSize
                0x000000000008626b                u32PDM_ReadFileSystemHeaderWearCount
                0x0000000000086281                boSearchForWearCountSubstitute.111217
                0x00000000000862a7                boSearchForWearCountInsertPoint.110470
                0x00000000000862c5                vPDM_WriteFileSystemHeaderWearCount
                0x00000000000862d7                RND_u32GetRand256
                0x00000000000862f4                RND_u32GetRand
                0x000000000008631b                u16CalculateFailedTxCount.87225
                0x0000000000086345                vZdoIeeeAddrServerSendExtendResponse.part.0.75345
                0x00000000000863a6                vZdoNwkAddrServerSendExtendResponse.part.0.74165
                0x0000000000086407                zps_bAplZdoServerHandleConfirmAcks
                0x0000000000086451                zps_bPerformLeaveActionDecider
                0x0000000000086456                vHandleUpdateDeviceIndication.63533
                0x0000000000086480                u32GetScanChannels.63520
                0x00000000000864ab                bDuplicateCheck.59900
                0x00000000000865b8                bIsBindTableMatch.58468
                0x0000000000086609                eRemoveEntryInBindingTable.58496
                0x0000000000086688                zps_vAplApsFillAndPostApsAck
                0x00000000000866f2                zps_u8AplApsFreeMsgHandle
                0x000000000008675c                u8BlocksToSendInWindow.55964
                0x00000000000867ae                vFillDataIndStruct.54334
                0x000000000008680c                vFillApduErrorEvent.54327
                0x000000000008684f                bCheckProfile.54322
                0x000000000008688d                ZPS_bIsGroupPresent
                0x00000000000868c5                pdum_u16ReadNBO
                0x0000000000086a26                PDUM_u16SizeNBO
                0x0000000000086a84                PDUM_u16APduInstanceWriteStrNBO
                0x0000000000086c03                PDUM_eNPduReadHeaderNBO
                0x0000000000086c56                PDUM_u16APduInstanceReadNBO
                0x0000000000086ca1                PDUM_eNPduPrependHeaderNBO
                0x0000000000086cfc                PDUM_eNPduAppendDataNBO
                0x0000000000086d59                PDUM_u16APduInstanceWriteNBO
                0x0000000000086dc3                PDUM_thAPduInstanceGetApdu
                0x0000000000086dde                PDUM_eAPduInstanceSetPayloadSize
 .text          0x0000000000086e06     0x105d C:\Users\1\AppData\Local\Temp\ccgWapOs.ltrans4.ltrans.o
                0x0000000000086e06                DBG_vUartPutch
                0x0000000000086e4c                DBG_vUartFlush
                0x0000000000086e79                os_u32APP_cbGetTickTimer
                0x0000000000086e82                os_bAPP_cbSetTickTimerCompare
                0x0000000000086f81                boIdValueSearchMatch.110474
                0x0000000000086fdb                vRadioToOff
                0x0000000000086ff8                vStartReceive
                0x0000000000087014                vMiniMac_NextTransaction
                0x000000000008707e                vPostTxActions.129156
                0x000000000008720e                vTimerFired
                0x00000000000872c6                vDispatch.51236
                0x0000000000087398                OS_eStartSWTimer.constprop.140
                0x00000000000874b7                OS_eStopSWTimer
                0x00000000000875da                vStartStopTimer
                0x0000000000087605                vStopAllTimers
                0x0000000000087637                vStopSWTimers.6050
                0x00000000000876e8                OS_ePostMessage
                0x000000000008784e                OS_eExitCriticalSection
                0x0000000000087933                OS_eActivateTask
                0x00000000000879ce                vPostMlmeDcfmInd.71520
                0x0000000000087a71                iPDM_ReadUserDataFromEEPROMsegment
                0x0000000000087aeb                iPDM_ReCalculateWearCountAndChecksumAndWriteFileSystemHeader
                0x0000000000087b35                vPDM_SetEEPROMandFileSystemValidState
                0x0000000000087b5c                iPDM_ReadUserDataFromFileSystemRecord
                0x0000000000087b7c                vPDM_WriteFileSystemRecordAndSegmentDataIntoEEPROMsegment
                0x0000000000087bb7                iPDM_ReadSegmentHeaderDataFromEEPROMsegment
                0x0000000000087c10                PWRM_vWakeInterruptCallback
                0x0000000000087c5c                PWRM_eScheduleActivity.constprop.105
                0x0000000000087d79                u16ZCL_WriteAttributeValueIntoBuffer
                0x0000000000087deb                u16ZCL_WriteCommandHeader
 .text          0x0000000000087e63      0xe45 C:\Users\1\AppData\Local\Temp\ccgWapOs.ltrans5.ltrans.o
                0x0000000000087e63                os_vAPP_cbDisableTickTimer
                0x0000000000087ea7                os_vAPP_cbEnableTickTimer
                0x0000000000087f27                eOrphanNotificationSent.129880
                0x0000000000087fe0                DBG_vUartInitHardware
                0x00000000000880b2                eZCL_SearchForClusterEntry
                0x0000000000088127                eZCL_FindCluster
                0x0000000000088178                vCLD_IdentifyTimerClickCallback.15382
                0x00000000000881f3                User_Uart_Init
                0x0000000000088279                ZPS_bSecDecrypt
                0x000000000008838b                boPDM_IsBitmapSaturated.111366
                0x00000000000883d4                vDLISTaddToHead
                0x00000000000883fd                vDLISTaddToTail
                0x0000000000088420                psDLISTremove
                0x0000000000088482                eZCL_SearchForAttributeEntry
                0x000000000008851b                iPDM_SearchForBufferIdInList
                0x0000000000088550                iPDM_SearchForBufferIdInFileSystem
                0x0000000000088563                iPDM_ReadUserDataFromSegmentWithId
                0x0000000000088598                iPDM_SearchForSpecificSegmentInList
                0x00000000000885ca                psGetTxFrameBuffer
                0x0000000000088609                psGetAndBuildCoordRealignment
                0x0000000000088661                vMiniMac_Init
                0x0000000000088a1b                eTransmit
                0x0000000000088af8                vRetryCcaFailure
                0x0000000000088b4c                eBuildAndSend.129888
                0x0000000000088bc1                vMiniMac_TxComplete
 .text          0x0000000000088ca8      0xea5 C:\Users\1\AppData\Local\Temp\ccgWapOs.ltrans6.ltrans.o
                0x0000000000088ca8                vZdoServersInit.2866
                0x0000000000088f39                u16ZCL_APduInstanceWriteNBO
                0x0000000000088fe3                u16ZCL_APduInstanceReadNBO
                0x00000000000890c8                u16ZCL_ReadCommandHeader.part.0.34822
                0x000000000008913f                eCLD_BasicCommandHandler
                0x0000000000089162                u16ZCL_APduInstanceWriteStringNBO
                0x0000000000089229                u16ZCL_APduInstanceReadStringNBO.part.3.32036
                0x0000000000089302                eZCL_GetAttributeTypeSizeFromBuffer
                0x0000000000089379                u16ZCL_GetTxPayloadSize
                0x00000000000893b9                u8ZdoBindUnbindServerUnpackApdu
                0x0000000000089408                ZPS_eTsvOpen
                0x0000000000089422                iPDM_FilterDuplicateAppendedSegmentsOnList.111646
                0x0000000000089466                sEZ_GetDiscEntry.7858
                0x00000000000894a7                ZPS_bIsMacAddressUsedInApsTable
                0x000000000008955d                zps_vNwkBttMgrInit
                0x000000000008958b                ZPS_vNwkNibClearTables
                0x00000000000896ac                vMicroIntEnableOnly.constprop.135
                0x00000000000896d8                vSetChannelAndPower
                0x0000000000089878                vMiniMac_PLME_SetReq_Power
                0x000000000008988c                vMiniMac_PLME_SetReq_Channel
                0x0000000000089894                TSV_eStart
                0x00000000000898e4                iAHI_WriteDataIntoEEPROMsegment.constprop.130
                0x0000000000089932                vACI_OptimisedCcmStar.constprop.128
                0x0000000000089b1d                vTransformKey.isra.0.60019
 *fill*         0x0000000000089b4d        0x3 00
 .text          0x0000000000089b50      0xee0 C:\Users\1\AppData\Local\Temp\ccgWapOs.ltrans7.ltrans.o
                0x0000000000089b86                OS_eEnterCriticalSection
                0x0000000000089c4e                zps_vSendJoinDcfm
                0x0000000000089c94                vGiveUp.124891
                0x0000000000089ccc                bHasTimerFired.48543
                0x0000000000089d36                eZCL_SetReceiveEventAddressStructure.part.0.42564
                0x0000000000089da3                dbg_vPrintfImplNoneVerbose
                0x000000000008a22a                pwrm_Wakeup.3481
                0x000000000008a3d0                app_UartSendMesg
                0x000000000008a3f2                vExtendedStatusCallBack.3474
                0x000000000008a3fd                pwrm_PreSleep.3485
                0x000000000008a45e                vOSError
                0x000000000008a4b5                os_vvDeviceStateIndicatorTask
                0x000000000008a54d                vScheduleSleep
                0x000000000008a5f7                os_vvISR_SystemController
                0x000000000008a65d                os_vAPP_ButtonsScanTask
                0x000000000008a6ab                DBG_vDumpStack
                0x000000000008a6ed                vUnclaimedInterrupt
                0x000000000008a702                Uart_TxCMDData.3168
                0x000000000008a80e                eZCL_BuildTransmitAddressStructure
                0x000000000008a87b                eZCL_WriteLocalAttributeValue.constprop.112
                0x000000000008a945                eCLD_IASZoneUpdateZoneID
                0x000000000008a957                eCLD_IASZoneUpdateZoneState
                0x000000000008a968                eZCL_ReadLocalAttributeValue.constprop.23
 .text          0x000000000008aa30     0x1006 C:\Users\1\AppData\Local\Temp\ccgWapOs.ltrans8.ltrans.o
                0x000000000008acec                zps_bAplZdoMatchDescServer
                0x000000000008ad00                zps_bAplZdoNodeDescServer
                0x000000000008ae6c                zps_bAplZdoIeeeAddrServer
                0x000000000008afc2                vAHI_Sleep
                0x000000000008b073                ZPS_bSecEncrypt
                0x000000000008b229                PDUM_eNPduAllocate
                0x000000000008b298                zps_u8AplApsConstructAndPostLoopBackDataInd.57078
                0x000000000008b3d1                u8PostUnicastMsgToNHLE.57086
                0x000000000008b40a                PDUM_eNPduClone
                0x000000000008b456                PDUM_eNPduFree
                0x000000000008b4c3                zps_vHandleExtendedDataAckFrame
                0x000000000008b5a7                vPostVsMcpsDcfmInd.71527
                0x000000000008b690                zps_vNwkMcpsMgrFreeReqDescr
                0x000000000008b6c2                zps_psAllocateAndFormatMacHdr
                0x000000000008b815                zps_psNwkInitCmdFrame
                0x000000000008b8e2                zps_vNwkRemoveConflictedBroadcast
                0x000000000008b934                zps_vNwkMcpsMgrTidyBtrReqDescr
                0x000000000008b978                vNwkBttTimerExpiry.120604
                0x000000000008b9fa                hZCL_AllocateAPduInstance
 .text          0x000000000008ba36     0x1238 C:\Users\1\AppData\Local\Temp\ccgWapOs.ltrans9.ltrans.o
                0x000000000008ba36                PDUM_hAPduAllocateAPduInstance
                0x000000000008baaa                zps_eAplZdoSendZdpResponse
                0x000000000008baf3                bSendResponse.86036
                0x000000000008bb36                PDUM_eAPduFreeAPduInstance
                0x000000000008bbb9                zps_bAplZdoSimpleDescServer
                0x000000000008be1a                zps_bAplZdoPowerDescServer
                0x000000000008bf37                zps_bAplZdoActiveEpServer
                0x000000000008c020                zps_bAplZdoSystemServerDiscoveryServer
                0x000000000008c0a9                zps_bAplZdoMgmtLqiServer
                0x000000000008c2d5                PDM_eReadDataFromRecord.part.0.109713
                0x000000000008c358                vLoadAplRecord.63560
                0x000000000008c3ca                ZPS_pvNwkCtor.part.0.113612
                0x000000000008c6b3                ZPS_eTsvStart
                0x000000000008c70e                zps_vAplApsCheckAndStartPollTimer
                0x000000000008c76d                zps_eAplZdoBdrmRequestSend
                0x000000000008c7e8                zps_eNwkHandleSceNwkUpdate
                0x000000000008c80c                vProcessTimedList.115434
                0x000000000008c852                zps_vAplAfPostTimerEvent
                0x000000000008c8a1                zps_vNwkJoinStStartResponseTimer
                0x000000000008c8db                ZPS_eTsvStop
                0x000000000008c92f                eCopyFragmentToApdu.isra.0.54363
                0x000000000008ca51                zps_eNwkBtrMatch
                0x000000000008cade                zps_vAplApsStopPollTimer
                0x000000000008cb6d                zps_vFragmentWindowTimeout.54318
                0x000000000008cbd3                zps_vAplApsFragTransmitNotifyApp.57034
 *fill*         0x000000000008cc6e        0x2 00
 .text          0x000000000008cc70      0xfdc C:\Users\1\AppData\Local\Temp\ccgWapOs.ltrans10.ltrans.o
                0x000000000008ce9c                vHandleTransportKeyFrame.59855
                0x000000000008d08f                iPDM_VerifyDataSequenceWithBufferId
                0x000000000008d131                Uart_Task_Init
                0x000000000008d3b2                vSaveIASZoneAttributes
                0x000000000008d3f1                APP_ZCL_cbEndpointCallback.7583
                0x000000000008d80b                bAplZdoBindUnbindServerProcessApdu
                0x000000000008d9cd                zps_eAplApsmeUpdateDeviceReqRsp.part.4.58625
                0x000000000008db39                zps_vSendExtendedAckDataFrame.54357
 .text          0x000000000008dc4c      0xeed C:\Users\1\AppData\Local\Temp\ccgWapOs.ltrans11.ltrans.o
                0x000000000008dc4c                vProcessListsForSubmission.115520
                0x000000000008e008                zps_vNwkMcpsMgrPost
                0x000000000008e02c                zps_psSendFrm.constprop.126
                0x000000000008e231                ZPS_vNwkHandleNldeReqRsp
                0x000000000008e423                zps_psNwkSendRejoinReqCmd.constprop.6
                0x000000000008e501                zps_vNwkHandleCmeLeaveReq
                0x000000000008e569                zps_eNwkHandleSceLeave
                0x000000000008e6ef                zps_psSendNetworkStatusCmd
                0x000000000008e767                zps_eDefaultDataDcfm
                0x000000000008e909                vSendNetworkReport.114566
                0x000000000008e9e3                zps_eNwkHandleSdeActvDcfmData
                0x000000000008eaca                vMcpsMgrTimeoutExpiry
 .text          0x000000000008eb39      0xfcc C:\Users\1\AppData\Local\Temp\ccgWapOs.ltrans12.ltrans.o
                0x000000000008eb39                eSmeOrphScanDcfm.125333
                0x000000000008ebb1                zps_psFindKeyDescr
                0x000000000008ecdd                zps_eAplSecEncryptPacket
                0x000000000008f036                zps_eStartFragmentedTransmission
                0x000000000008f14b                eUnfragmentedUnicastTransmission.57061
                0x000000000008f443                zps_eAplSendApsmeCmdFrame
                0x000000000008f5b4                vApsmeResendTimeOutHandler
                0x000000000008f5e3                vHandleJoinedNwk.8105
                0x000000000008f63e                ZPS_bNwkNibAddrMapAddEntry
                0x000000000008f805                zps_sNwkNibNtCheckJoin
                0x000000000008fa8b                zps_vNwkHandleCmeDirectJoinReq
 *fill*         0x000000000008fb05        0x3 00
 .text          0x000000000008fb08      0xcf0 C:\Users\1\AppData\Local\Temp\ccgWapOs.ltrans13.ltrans.o
                0x000000000008fb74                vAplSecAuthPollTimerExpiry.63510
                0x000000000008fbcc                vAplSecAuthTimerExpiry.63514
                0x000000000008fc9c                os_vAPP_PollTask
                0x000000000008fceb                APP_ZCL_cbGeneralCallback.7586
                0x000000000008ff4b                vPostApsdeDcfmInd.54484
                0x0000000000090153                eJoinNetwork.63573
                0x0000000000090204                eDiscoverNetworks.63580
                0x0000000000090260                eStartNetworkDiscovery.63587
                0x00000000000902ca                eStartRouter.63597
                0x0000000000090399                vPostApsmeDcfmInd.54477
 .text          0x00000000000907f8      0xdc7 C:\Users\1\AppData\Local\Temp\ccgWapOs.ltrans14.ltrans.o
                0x00000000000907f8                zps_bAplZdoBindUnbindServer
                0x0000000000090904                zps_bAplZdoDefaultServer
                0x0000000000090b65                zps_eZdpNodeDescResponse
                0x0000000000090c0d                zps_eZdpSimpleDescResponse
                0x0000000000090d1a                zps_bAplZdoMgmtNWKUpdateServer
                0x000000000009108a                zps_eZdpNwkAddrResponse
                0x000000000009116d                zps_eZdpIeeeAddrResponse
                0x0000000000091250                zps_eZdpPowerDescResponse
                0x00000000000912ed                zps_eZdpActiveEpResponse
                0x0000000000091383                zps_eZdpMatchDescResponse
                0x0000000000091419                zps_eZdpSystemServerDiscoveryResponse
                0x0000000000091488                zps_eAplAfBoundDataReqNonBlocking
 .text          0x00000000000915bf      0xb20 C:\Users\1\AppData\Local\Temp\ccgWapOs.ltrans15.ltrans.o
                0x00000000000915bf                vMcpsMgrExpiry.115422
                0x00000000000915e7                vPDM_MoveAllDataFromListToList
                0x0000000000091625                vPDM_MoveAllDataWithBufferIdAndStateFromListToList
                0x00000000000916b0                vPDM_MoveAllDataToDeAllocList
                0x00000000000916d8                iPDM_ReconstructReplacedDataTable
                0x0000000000091957                vPDM_ImageBitmapRepair.110389
                0x00000000000919b8                vPDM_MoveAllDataWithBufferIdFromListToList
                0x0000000000091a3d                vPDM_DeleteAppendedSequence
                0x0000000000091ae2                PDM_eSaveRecordData
                0x0000000000091f17                ZPS_vNwkSaveRecord
                0x0000000000091f85                ZPS_vNwkResetOutgoingFrameCounter
                0x0000000000091fd9                zps_eAplApsmeCmdMgrSendCommand
                0x00000000000920b6                zps_vAplApsmeCmdMgrRetryTimeout.58460
 *fill*         0x00000000000920df        0x1 00
 .text          0x00000000000920e0      0xe7c C:\Users\1\AppData\Local\Temp\ccgWapOs.ltrans16.ltrans.o
                0x00000000000920e0                vStartScanTimerExpiry.87221
                0x000000000009211c                zps_vAplApsPollTimer
                0x00000000000921c4                zps_eNwkSendJoinResponse
                0x0000000000092419                zps_eProcessAddrConflict
                0x00000000000925c6                zps_eNwkHandleSceNwkStatus
                0x00000000000926df                eEZ_UpdateEZState
                0x0000000000092896                vAppWakeCallBack
                0x00000000000929a1                vHandleAppEvent.isra.0.5375
                0x00000000000929c6                app_vStartNodeFactoryNew
                0x0000000000092a12                vHandleJoinAndRejoinNWK.5384
 .text          0x0000000000092f5c      0xbaa C:\Users\1\AppData\Local\Temp\ccgWapOs.ltrans17.ltrans.o
                0x0000000000092f5c                zps_bAplZdoNwkAddrServer
                0x00000000000930dd                eBeaconReqSent.129884
                0x0000000000093104                vPDM_AddFileSystemElementToListInAscendingWearCountOrder
                0x0000000000093212                vPDM_MoveFileRecordFromListToList
                0x0000000000093234                vPDM_MoveRecordToDeAllocList
                0x0000000000093254                iPDM_WriteSegmentHeaderAndData
                0x0000000000093450                vIncrementFrameCounterInPdm.isra.0.116770
                0x000000000009362f                iPDM_SegmentCopyAndAppendData.constprop.123
                0x000000000009368c                eMakeEntryInBindingTable.58514
                0x0000000000093736                vMiniMac_McpsCallback
                0x0000000000093962                eMcpsTxCompleteHandler.128737
                0x0000000000093990                PWRM_vManagePower
 .text          0x0000000000093b06      0xdde C:\Users\1\AppData\Local\Temp\ccgWapOs.ltrans18.ltrans.o
                0x0000000000093b06                zps_eNwkHandleSmeAssocInd
                0x0000000000093c6c                eTryNextParent
                0x0000000000093e84                vCheckSleepingSendPoll.part.1.125435
                0x0000000000093eee                vSdeHandleMcpsDataInd.115500
                0x00000000000945de                ZPS_vNwkNibCheckAndUpdateAddresses
                0x000000000009467a                zps_bAplZdoDeviceAnnceServer
 *fill*         0x00000000000948e4        0x0 00
 .text          0x00000000000948e4      0xc24 C:\Users\1\AppData\Local\Temp\ccgWapOs.ltrans19.ltrans.o
                0x00000000000948e4                os_vzps_taskZPS
                0x0000000000094b0d                vBbcIntHandler.128536
                0x0000000000094dd6                os_vzps_isrMAC
                0x0000000000094e15                eAssocRespSent.129445
                0x0000000000094e34                zps_vNwkHandleCmeSyncReq
                0x0000000000094eb6                zps_vNwkHandleCmeNwkDiscReq
                0x0000000000094f30                zps_vNwkHandleCmeEdScanReq
                0x00000000000950c7                zps_vNwkHandleCmeNwkJoinReq
                0x0000000000095385                zps_vNwkHandleCmeNwkActvJoinReq
                0x0000000000095391                vHandleRejoinExpiry.124887
                0x00000000000953f0                zps_eRejoinDataDcfm
 .text          0x0000000000095508      0xdb0 C:\Users\1\AppData\Local\Temp\ccgWapOs.ltrans20.ltrans.o
                0x0000000000095508                vPostNldeDcfmInd.54491
                0x0000000000095fb4                vMiniMac_MlmeCallback
                0x000000000009629f                vPollConfirm.130083
 .text          0x00000000000962b8      0xe88 C:\Users\1\AppData\Local\Temp\ccgWapOs.ltrans21.ltrans.o
                0x0000000000096662                vSendMlmeCommStatusFromTxFrame
                0x00000000000966b8                MAC_vHandleMlmeVsReqRsp.constprop.94
                0x0000000000096bef                vScanBeaconReceived
                0x0000000000096c2f                vRunningRxCallback
                0x0000000000096f2f                vPostDcfm.129899
                0x0000000000096f98                vScanNextChannel.129905
 .text          0x0000000000097140      0xc18 C:\Users\1\AppData\Local\Temp\ccgWapOs.ltrans22.ltrans.o
                0x0000000000097140                vZdoBdrmSendNextTimedRequest
                0x00000000000973c9                eAplAfCommonDataReq.52957
                0x0000000000097490                eZCL_TransmitDataRequest
                0x0000000000097850                eZCL_SendDefaultResponse
                0x000000000009794f                vReportTimerClickCallback
 .text          0x0000000000097d58      0xddd C:\Users\1\AppData\Local\Temp\ccgWapOs.ltrans23.ltrans.o
                0x0000000000097d58                zps_eNwkHandleSceRejnResponse
                0x0000000000097dc1                zps_vAplSaveRecord
                0x0000000000097eea                zps_bNwkFindAddIeeeAddr
                0x0000000000098068                eCheckAddrConflict.isra.3.114776
                0x00000000000980fe                vAplSecRemoveLinkKey.63626
                0x000000000009817b                ZPS_vRemoveEntryFromAddressMap
                0x00000000000981c4                ZPS_vNwkSaveAllRecords
                0x00000000000981db                zps_vSaveAllZpsRecords
                0x00000000000981fa                ZPS_vNwkNibSetExtPanId
                0x000000000009821f                vFinish.125323
                0x0000000000098267                ZPS_vNwkNibSetKeySeqNum
                0x000000000009827b                ZPS_vNwkNibSetDepth
                0x00000000000982a4                ZPS_vNwkNibSetPanId
                0x00000000000982c2                vHandleNwkRemoteUpdateAfterBcast.114570
                0x000000000009833e                ZPS_vNwkNibSetCapabilityInfo
                0x000000000009836b                ZPS_vNwkNibSetChannel
                0x0000000000098383                zps_u8NwkHandleRejoinReq
                0x0000000000098457                zps_vProcessLocalAddrConflict.part.0.114579
                0x0000000000098491                ZPS_vNwkSaveNt
                0x00000000000985ab                ZPS_vNtSetUsedStatus
                0x0000000000098652                zps_vJoinInitNtParent
                0x00000000000987a8                vContinueRejoin.124137
                0x000000000009884f                zps_vCheckActvNtForDuplicate
                0x00000000000988e7                zps_eNwkHandleSmeCommStatusInd
                0x0000000000098a27                eUnsolicitedRejoinRspDataDcfm.114574
                0x0000000000098a52                eRejoinRspDataDcfm.124141
                0x0000000000098b21                ZPS_vNwkSaveSecMat
 .text          0x0000000000098b35      0xdbc C:\Users\1\AppData\Local\Temp\ccgWapOs.ltrans24.ltrans.o
                0x0000000000098b35                os_bDummyMemberCheck.51246
                0x0000000000098b3a                os_vDefaultErrorHook.51242
                0x0000000000098b3d                os_vAPP_PIRTask
                0x0000000000098b40                os_bStrictCheck.1358
                0x0000000000098e6b                PDUM_eNPduWriteDataFromBuffer
                0x0000000000098ec5                PDUM_eNPduWriteDataToBuffer
                0x0000000000098f23                PDUM_eNPduWriteFromBuffer
                0x0000000000098f4c                PDUM_eNPduDescend
                0x0000000000098f72                PDUM_eNPduAscend
                0x0000000000098f98                PDUM_eNPduClaimData
                0x0000000000099005                PDUM_eNPduClaimHeader
                0x0000000000099028                PDUM_eNPduInitDescending
                0x0000000000099043                eExpireSWTimer.51255
                0x00000000000990ae                vEnterErrorHook.51238
                0x00000000000990d5                OS_eCollectMessage
                0x000000000009919a                OS_eGetSWTimerStatus
                0x00000000000991dc                eZCL_SearchForEPentry
                0x0000000000099224                eZCL_SearchForEPentryAndCheckManufacturerId
                0x0000000000099262                vZCL_PassEventToUser
                0x000000000009928f                eZCL_DoesAttributeHaveReportableChange
                0x00000000000992ac                eZCL_GetAttributeReportableEntry
                0x0000000000099364                vZCL_AlignNumericAttributeValueTo64.48006
                0x0000000000099473                u8GetTransactionSequenceNumber
                0x0000000000099485                eZCL_GetAttributeTypeSize
                0x00000000000994a4                vZCL_MarkAttributeInvalid
                0x0000000000099573                u8ZCL_GetAttributeAllignToFourBytesBoundary
                0x0000000000099588                pvZCL_GetAttributePointer
                0x00000000000995fe                eZCL_StoreChangeAttributeValue
                0x000000000009969d                u16ZCL_GetStringStructureSize
                0x00000000000996da                u16ZCL_GetStringAttributeTypeSizeFromBuffer
                0x000000000009974b                u16ZCL_GetStringSizeAndBufferFromStructure
                0x00000000000997da                eZCL_GetAttributeTypeSizeFromStructure
                0x0000000000099853                Linkkey_Calculate.3149
 .text          0x00000000000998f1      0xbcc C:\Users\1\AppData\Local\Temp\ccgWapOs.ltrans25.ltrans.o
                0x0000000000099ae2                ZPS_vNwkHandleNlmeReqRsp
                0x0000000000099b5c                zps_vAplAfPostEvent
                0x0000000000099ccb                zps_vHandleApsdeDataFragInd
                0x000000000009a16b                zps_eAplZdoNlmeleaveWrapper
                0x000000000009a1e9                zps_bAplZdoMgmtLeaveServer
                0x000000000009a369                vChangeChannelTimerExpiry.87217
                0x000000000009a3d8                eLeaveReset.126310
                0x000000000009a443                eLeaveDataDcfmLocalLeave.126315
 .text          0x000000000009a4bd      0xaee C:\Users\1\AppData\Local\Temp\ccgWapOs.ltrans26.ltrans.o
                0x000000000009a4bd                ZPS_vAplHandleApsdeReqRsp
                0x000000000009a8e6                zps_eAplZdpApsdeReqInternal
                0x000000000009a955                zps_eAplZdpMgmtLqiResponse
                0x000000000009aa3d                zps_eZdpMgmtNwkUpdateNotifyResponse
                0x000000000009abf7                zps_bAplZdoZdoClient
                0x000000000009ad07                zps_bAplZdoMgmtBindServer
                0x000000000009af48                zps_eAplZdpBindResponse
                0x000000000009af69                zps_eZdpUnbindResponse
                0x000000000009af8a                zps_eZdpMgmtLeaveResponse
 *fill*         0x000000000009afab        0x1 00
 .text          0x000000000009afac      0xa04 C:\Users\1\AppData\Local\Temp\ccgWapOs.ltrans27.ltrans.o
                0x000000000009afac                eRejoinNetwork.63547
                0x000000000009b050                zps_eAplZdoRejoinNetwork
                0x000000000009b0cb                vAttemptDiscovery.8135
                0x000000000009b1da                vPostNlmeDcfmInd.54470
                0x000000000009b8cd                vEZ_JoinSavedNetwork.7888
                0x000000000009b98a                vHandleJoinFailed.8111
 .text          0x000000000009b9b0      0xddc C:\Users\1\AppData\Local\Temp\ccgWapOs.ltrans28.ltrans.o
                0x000000000009bf77                os_vAPP_taskuart
                0x000000000009c44a                os_vAPP_ZHA_Switch_Task
 .text          0x000000000009c78c      0x8c0 C:\Users\1\AppData\Local\Temp\ccgWapOs.ltrans29.ltrans.o
                0x000000000009c78c                vZCL_HandleAttributesWriteRequest
                0x000000000009cc1c                eZCL_CustomCommandReceive.part.0.30898
                0x000000000009cd92                eCLD_IASZoneCommandHandler
                0x000000000009ce9d                vZCL_HandleAttributesReadResponse
 *fill*         0x000000000009d04c        0x0 00
 .text          0x000000000009d04c      0x8a8 C:\Users\1\AppData\Local\Temp\ccgWapOs.ltrans30.ltrans.o
                0x000000000009d04c                AppWarmStart
                0x000000000009d066                AppColdStart
                0x000000000009d310                os_vUnclaimedInterrupt
                0x000000000009d322                os_vControlledIntCheck
                0x000000000009d367                os_vControlledInterrupt
                0x000000000009d3a0                os_vAPP_isrIllegalInstructionException
                0x000000000009d3b6                os_vAPP_isrAlignmentException
                0x000000000009d3cc                os_vAPP_isrBusErrorException
                0x000000000009d3e2                os_vAPP_isrUnimplementedModuleException
                0x000000000009d3f8                os_vAPP_isrStackOverflowException
                0x000000000009d40e                os_vAPP_isrTickTimer
                0x000000000009d4fe                os_vvISR_Uart1
 .text          0x000000000009d8f4      0x352 C:\Users\1\AppData\Local\Temp\ccgWapOs.ltrans31.ltrans.o
                0x000000000009d8f4                eCLD_IdentifyCommandHandler
                0x000000000009daa1                os_vZCL_Task
                0x000000000009dbf3                zps_eAplAfApsdeDataReq
 .text          0x000000000009dc46       0x25 c:/nxp/bstudio_nxp/workspace/sdk/tools/ba-elf-ba2-r36379/bin/../lib/gcc/ba-elf/4.7.4/../../../../ba-elf/lib/mcpu_jn51xx_sizeopt\libc.a(lib_a-memcmp.o)
                0x000000000009dc46                memcmp
 .text          0x000000000009dc6b       0x19 c:/nxp/bstudio_nxp/workspace/sdk/tools/ba-elf-ba2-r36379/bin/../lib/gcc/ba-elf/4.7.4/../../../../ba-elf/lib/mcpu_jn51xx_sizeopt\libc.a(lib_a-memcpy.o)
 .text          0x000000000009dc84       0x12 c:/nxp/bstudio_nxp/workspace/sdk/tools/ba-elf-ba2-r36379/bin/../lib/gcc/ba-elf/4.7.4/../../../../ba-elf/lib/mcpu_jn51xx_sizeopt\libc.a(lib_a-memset.o)
                0x000000000009dc84                memset
 *fill*         0x000000000009dc96        0x2 00
 .text          0x000000000009dc98      0x204 c:/nxp/bstudio_nxp/workspace/sdk/tools/ba-elf-ba2-r36379/bin/../lib/gcc/ba-elf/4.7.4/mcpu_jn51xx_sizeopt\libgcc.a(__udivsi3.o)
                0x000000000009dc98                __udivsi3
 .text          0x000000000009de9c       0x30 c:/nxp/bstudio_nxp/workspace/sdk/tools/ba-elf-ba2-r36379/bin/../lib/gcc/ba-elf/4.7.4/mcpu_jn51xx_sizeopt\libgcc.a(__divsi3.o)
                0x000000000009de9c                __divsi3
 .text          0x000000000009decc      0x1b0 c:/nxp/bstudio_nxp/workspace/sdk/tools/ba-elf-ba2-r36379/bin/../lib/gcc/ba-elf/4.7.4/mcpu_jn51xx_sizeopt\libgcc.a(__umodsi3.o)
                0x000000000009decc                __umodsi3
 .text          0x000000000009e07c       0x24 c:/nxp/bstudio_nxp/workspace/sdk/tools/ba-elf-ba2-r36379/bin/../lib/gcc/ba-elf/4.7.4/mcpu_jn51xx_sizeopt\libgcc.a(__modsi3.o)
                0x000000000009e07c                __modsi3
 .text          0x000000000009e0a0       0x52 c:/nxp/bstudio_nxp/workspace/sdk/tools/ba-elf-ba2-r36379/bin/../lib/gcc/ba-elf/4.7.4/mcpu_jn51xx_sizeopt\libgcc.a(_muldi3.o)
                0x000000000009e0a0                __muldi3
 .text          0x000000000009e0f2      0x350 c:/nxp/bstudio_nxp/workspace/sdk/tools/ba-elf-ba2-r36379/bin/../lib/gcc/ba-elf/4.7.4/mcpu_jn51xx_sizeopt\libgcc.a(_udivdi3.o)
                0x000000000009e0f2                __udivdi3
 *fill*         0x000000000009e442        0x6 00
 .text          0x000000000009e448      0x198 c:/NXP/bstudio_nxp/workspace/JN-AN-1201-YCL/JN-AN-1201-ZigBee-Intruder-Alarm-System/ZONE/Build/os_irq.o
                0x000000000009e448                os_ExternalException_W
                0x000000000009e48c                os_PIC_ChannelPriorities
                0x000000000009e49c                os_OSMIUM_HwVectTable
                0x000000000009e4d8                os_PIC_SwVectTable
 .text          0x000000000009e5e0       0x29 c:/NXP/bstudio_nxp/workspace/JN-AN-1201-YCL/JN-AN-1201-ZigBee-Intruder-Alarm-System/ZONE/Build/os_irq_alignment.o
                0x000000000009e5e0                IRQ_Alignment
 .text          0x000000000009e609       0x29 c:/NXP/bstudio_nxp/workspace/JN-AN-1201-YCL/JN-AN-1201-ZigBee-Intruder-Alarm-System/ZONE/Build/os_irq_buserror.o
                0x000000000009e609                IRQ_BusError
 .text          0x000000000009e632       0x29 c:/NXP/bstudio_nxp/workspace/JN-AN-1201-YCL/JN-AN-1201-ZigBee-Intruder-Alarm-System/ZONE/Build/os_irq_illegalinstruction.o
                0x000000000009e632                IRQ_IllegalInstruction
 .text          0x000000000009e65b       0x29 c:/NXP/bstudio_nxp/workspace/JN-AN-1201-YCL/JN-AN-1201-ZigBee-Intruder-Alarm-System/ZONE/Build/os_irq_stackoverflowexception.o
                0x000000000009e65b                IRQ_StackOverflowException
 .text          0x000000000009e684       0x29 c:/NXP/bstudio_nxp/workspace/JN-AN-1201-YCL/JN-AN-1201-ZigBee-Intruder-Alarm-System/ZONE/Build/os_irq_unimplementedmodule.o
                0x000000000009e684                IRQ_UnimplementedModule
 *fill*         0x000000000009e6ad        0x3 00
 .text          0x000000000009e6b0       0xc0 c:/NXP/bstudio_nxp/workspace/sdk/JN-SW-4168/Components/Library\libOS_JN516x.a(os_contirq_JN516x.o)
                0x000000000009e6b0                os_ExternalException_R
                0x000000000009e6e0                os_CFunc_W
                0x000000000009e730                os_UnclaimedException_W
                0x000000000009e750                os_UnclaimedInterrupt_W
 .text          0x000000000009e770       0x48 c:/NXP/bstudio_nxp/workspace/sdk/JN-SW-4168/Components/Library\libPWRM_JN516x.a(pwrm_setjmp_JN516x.o)
                0x000000000009e770                setjmp
                0x000000000009e794                PWRM_longjmp
 .text          0x000000000009e7b8       0x27 c:/NXP/bstudio_nxp/workspace/sdk/JN-SW-4168/Components/Library\libHardwareApi_JN5169.a(AHI_Interrupt.o)
                0x000000000009e7b8                vAHI_InterruptSetPriority
                0x000000000009e7d6                vAHI_InterruptSetActivePriorityLevel
 .text.vMicroSyscall
                0x000000000009e7df       0x17 c:/NXP/bstudio_nxp/workspace/sdk/JN-SW-4168/Components/Library\libMicroSpecific_JN516x.a(MicroSyscall_ba.o)
                0x000000000009e7df                vMicroSyscall
 .text          0x000000000009e7f6        0x0 c:/NXP/bstudio_nxp/workspace/sdk/JN-SW-4168/Components/Library\libOS_JN516x.a(os_version_lc.o)
                0x000000000009e7f6                OS_Version_1v2
 .text          0x000000000009e7f6        0x0 c:/NXP/bstudio_nxp/workspace/sdk/JN-SW-4168/Components/Library\libZPSAPL_JN516x.a(zps_apl_version_lc.o)
                0x000000000009e7f6                ZPS_APL_Version_2v0
 .text          0x000000000009e7f6        0x0 c:/NXP/bstudio_nxp/workspace/sdk/JN-SW-4168/Components/Library\libZPSNWK_ZED_JN516x.a(zps_nwk_version_lc.o)
                0x000000000009e7f6                ZPS_NWK_Version_2v0
                0x000000000009e7f6                _flash_end = ABSOLUTE (.)

.rela.dyn       0x000000000009e7f8        0x0
 .rela.text     0x0000000000000000        0x0 c:/NXP/bstudio_nxp/workspace/JN-AN-1201-YCL/JN-AN-1201-ZigBee-Intruder-Alarm-System/ZONE/Build/os_irq.o
 .rela.data     0x0000000000000000        0x0 c:/NXP/bstudio_nxp/workspace/JN-AN-1201-YCL/JN-AN-1201-ZigBee-Intruder-Alarm-System/ZONE/Build/os_irq.o
 .rela.rodata   0x0000000000000000        0x0 c:/NXP/bstudio_nxp/workspace/JN-AN-1201-YCL/JN-AN-1201-ZigBee-Intruder-Alarm-System/ZONE/Build/os_irq.o
                0x000000000400004c                . = ORIGIN (ram)

.data           0x000000000400004c      0x968 load address 0x000000000009e7f8
                0x000000000400004c                _ram_data_start = ABSOLUTE (.)
 *(.data*)
 .data          0x000000000400004c       0x64 C:\Users\1\AppData\Local\Temp\ccgWapOs.ltrans0.ltrans.o
                0x000000000400004c                u8MiniMacConfig_MaxConcurrentAssocResponses
                0x0000000004000050                psShadowRxBuffer
                0x0000000004000054                u32DefaultChannelMask.8450
 .data          0x00000000040000b0        0x4 C:\Users\1\AppData\Local\Temp\ccgWapOs.ltrans2.ltrans.o
                0x00000000040000b0                u32HeapStart
 .data          0x00000000040000b4        0x1 C:\Users\1\AppData\Local\Temp\ccgWapOs.ltrans5.ltrans.o
 .data          0x00000000040000b5        0x1 C:\Users\1\AppData\Local\Temp\ccgWapOs.ltrans7.ltrans.o
 *fill*         0x00000000040000b6        0x2 00
 .data          0x00000000040000b8        0x4 C:\Users\1\AppData\Local\Temp\ccgWapOs.ltrans8.ltrans.o
                0x00000000040000b8                bCanLoopback.57307
 .data          0x00000000040000bc        0x6 C:\Users\1\AppData\Local\Temp\ccgWapOs.ltrans17.ltrans.o
 .data          0x00000000040000c2        0x1 C:\Users\1\AppData\Local\Temp\ccgWapOs.ltrans19.ltrans.o
 *fill*         0x00000000040000c3        0x1 00
 .data          0x00000000040000c4      0x1f4 C:\Users\1\AppData\Local\Temp\ccgWapOs.ltrans24.ltrans.o
                0x00000000040000c4                s_asapduMyDataInstances
                0x000000000400013c                s_asapduZCLInstances
                0x00000000040001f0                s_asapduZDPInstances
 .data          0x00000000040002b8       0x24 C:\Users\1\AppData\Local\Temp\ccgWapOs.ltrans28.ltrans.o
                0x00000000040002b8                back_off_time.8447
                0x00000000040002bc                bPingRespRcvd
                0x00000000040002c0                app_busy_status.6143
                0x00000000040002c4                sLinkKey
                0x00000000040002d4                start_join_flag.3284
 *fill*         0x00000000040002dc        0x4 00
 .data          0x00000000040002e0      0x6b0 C:\Users\1\AppData\Local\Temp\ccgWapOs.ltrans30.ltrans.o
                0x00000000040002e0                os_Mutex_mutexMAC
                0x00000000040002e8                os_Mutex_mutexZPS
                0x00000000040002f0                s_sApl.2918
                0x0000000004000440                os_SWTimer_APP_cntrTickTimer_APP_IndicatorTimer
                0x000000000400045c                os_SWTimer_APP_cntrTickTimer_APP_ButtonsScanTimer
                0x0000000004000478                os_Message_APP_msgZpsEvents_ZCL
                0x000000000400049c                os_SWTimer_APP_cntrTickTimer_APP_TickTimer
                0x00000000040004b8                os_Message_APP_msgZpsEvents
                0x00000000040004dc                os_Message_APP_msgEvents
                0x0000000004000500                os_SWTimer_APP_cntrTickTimer_APP_JoinTimer
                0x000000000400051c                os_SWTimer_APP_cntrTickTimer_APP_BackOffTimer
                0x0000000004000538                os_Message_APP_msgUartEvents
                0x000000000400055c                os_Message_zps_msgMlmeDcfmInd
                0x0000000004000580                os_Message_zps_msgTimeEvents
                0x00000000040005a4                os_Message_zps_msgMcpsDcfmInd
                0x00000000040005c8                os_Message_zps_msgMcpsDcfm
                0x00000000040005ec                os_SWTimer_APP_cntrTickTimer_APP_PollTimer
                0x0000000004000608                os_Task_vDeviceStateIndicatorTask
                0x0000000004000614                os_Task_APP_ButtonsScanTask
                0x0000000004000620                os_Task_APP_PIRTask
                0x000000000400062c                os_Task_ZCL_Task
                0x0000000004000638                os_Task_APP_ZHA_Switch_Task
                0x0000000004000644                os_Task_APP_taskuart
                0x0000000004000650                os_Task_zps_taskZPS
                0x000000000400065c                os_Task_APP_PollTask
                0x0000000004000668                os_SWTimer_APP_cntrTickTimer_APP_uart_timeout
                0x0000000004000684                os_SWTimer_APP_cntrTickTimer_APP_ActiveTime
                0x00000000040006a0                u8AhiBaudRate.111832
                0x00000000040006a4                s_prbMemberCheck.51362
                0x00000000040006a8                s_prvErrorHook.51360
 .data.s_asAPduPool
                0x0000000004000990       0x24 c:/NXP/bstudio_nxp/workspace/JN-AN-1201-YCL/JN-AN-1201-ZigBee-Intruder-Alarm-System/ZONE/Build/pdum_apdu.o
                0x0000000004000990                pdum_apduZDP
                0x0000000004000990                s_asAPduPool
                0x000000000400099c                pdum_apduZCL
                0x00000000040009a8                pdum_apduMyData
 *(.data.*)
                0x00000000040009b4                . = ALIGN (0x4)
                0x00000000040009b4                _ram_data_end = ABSOLUTE (.)

.bss            0x00000000040009b4     0x3f5c load address 0x000000000009f160
                0x00000000040009b4                _bss_start = ABSOLUTE (.)
 *(.bss*)
 *fill*         0x00000000040009b4        0x4 00
 .bss           0x00000000040009b8     0x1260 C:\Users\1\AppData\Local\Temp\ccgWapOs.ltrans0.ltrans.o
                0x00000000040009b8                psNextWake.51433
                0x00000000040009bc                s_bWakeTimerActive.51434
                0x00000000040009c0                u32CalibrationValue.51432
                0x00000000040009c4                s_ePowerMode.51435
                0x00000000040009c6                gu16NumberOfSegments.132450
                0x00000000040009c8                u8MaxNpdu.51643
                0x00000000040009c9                u8Count.51642
                0x00000000040009cc                s_psNPduPoolEnd.51645
                0x00000000040009d0                s_psNPduPoolStart.51644
                0x00000000040009d4                s_psFreeListHead.51641
                0x00000000040009d8                s_hMutex.51640
                0x00000000040009dc                s_hMutex.51760
                0x00000000040009e0                s_asAPduPool.51759
                0x00000000040009e4                pfExtendedStatusCallBack.114098
                0x00000000040009e8                s_u32x.109486
                0x00000000040009ec                s_prExpireFn.133444
                0x00000000040009f0                s_hMutex.133443
                0x00000000040009f4                pvRxStore
                0x00000000040009f8                pvTxStore
                0x00000000040009fc                g_pvAplHandle
                0x0000000004000a00                s_hMacMutex
                0x0000000004000a04                s_sDcfmIndMgr.133208
                0x0000000004000a0c                prAppMlmeGetBuffer
                0x0000000004000a10                prAppMlmeCallback
                0x0000000004000a14                psFreeMsgListHead
                0x0000000004000a18                psActiveMsgListHead
                0x0000000004000a1c                u8MiniMac_RunTimeOptions
                0x0000000004000a20                sBeaconFilter.8445
                0x0000000004000a28                eIASDeviceState.4779
                0x0000000004000a30                sIASZoneDesc
                0x0000000004000a50                u16GroupId
                0x0000000004000a54                joinsleepCB.8455
 .bss           0x0000000004001c18        0x4 C:\Users\1\AppData\Local\Temp\ccgWapOs.ltrans1.ltrans.o
                0x0000000004001c18                zps_psNwk
 .bss           0x0000000004001c1c        0xc C:\Users\1\AppData\Local\Temp\ccgWapOs.ltrans2.ltrans.o
 .bss           0x0000000004001c28       0x40 C:\Users\1\AppData\Local\Temp\ccgWapOs.ltrans3.ltrans.o
 .bss           0x0000000004001c68      0x214 C:\Users\1\AppData\Local\Temp\ccgWapOs.ltrans5.ltrans.o
                0x0000000004001c68                prIntHandler.131144
                0x0000000004001c6c                psTimerServerList
 .bss.initinboot
                0x0000000004001e7c        0x1 C:\Users\1\AppData\Local\Temp\ccgWapOs.ltrans5.ltrans.o
 *fill*         0x0000000004001e7d        0x3 00
 .bss           0x0000000004001e80       0x3c C:\Users\1\AppData\Local\Temp\ccgWapOs.ltrans6.ltrans.o
 .bss           0x0000000004001ebc       0x2c C:\Users\1\AppData\Local\Temp\ccgWapOs.ltrans7.ltrans.o
                0x0000000004001ebc                vFlushFn.111776
                0x0000000004001ec0                vPutchFn.111771
                0x0000000004001ec4                sWake
                0x0000000004001ed4                sStoredMacData.128668
                0x0000000004001ed8                s_psCurrentTask.51356
 .bss           0x0000000004001ee8       0x34 C:\Users\1\AppData\Local\Temp\ccgWapOs.ltrans8.ltrans.o
 .bss           0x0000000004001f1c        0x2 C:\Users\1\AppData\Local\Temp\ccgWapOs.ltrans9.ltrans.o
 *fill*         0x0000000004001f1e        0x2 00
 .bss           0x0000000004001f20       0x40 C:\Users\1\AppData\Local\Temp\ccgWapOs.ltrans10.ltrans.o
 .bss           0x0000000004001f60        0x1 C:\Users\1\AppData\Local\Temp\ccgWapOs.ltrans11.ltrans.o
                0x0000000004001f60                bIgnoreBroadcast
 *fill*         0x0000000004001f61        0x3 00
 .bss           0x0000000004001f64        0x8 C:\Users\1\AppData\Local\Temp\ccgWapOs.ltrans12.ltrans.o
 .bss           0x0000000004001f6c        0x2 C:\Users\1\AppData\Local\Temp\ccgWapOs.ltrans13.ltrans.o
 *fill*         0x0000000004001f6e        0x2 00
 .bss           0x0000000004001f70       0xa8 C:\Users\1\AppData\Local\Temp\ccgWapOs.ltrans14.ltrans.o
                0x0000000004001f70                sMiniMacPib
                0x000000000400200c                bDefaultServerIgnoreHandleMgmtUpdate
                0x0000000004002010                bBindLookup
                0x0000000004002014                psBindUnbindServerContext
 .bss           0x0000000004002018        0xc C:\Users\1\AppData\Local\Temp\ccgWapOs.ltrans15.ltrans.o
                0x0000000004002018                a16NwkPdmRecordSizes
 *fill*         0x0000000004002024        0x4 00
 .bss           0x0000000004002028       0x98 C:\Users\1\AppData\Local\Temp\ccgWapOs.ltrans16.ltrans.o
                0x0000000004002028                bRejoin.8448
                0x0000000004002030                sEZModeData.8443
 .bss           0x00000000040020c0        0xc C:\Users\1\AppData\Local\Temp\ccgWapOs.ltrans17.ltrans.o
 .bss           0x00000000040020cc        0x4 C:\Users\1\AppData\Local\Temp\ccgWapOs.ltrans18.ltrans.o
 .bss           0x00000000040020d0       0xa0 C:\Users\1\AppData\Local\Temp\ccgWapOs.ltrans19.ltrans.o
                0x00000000040020d0                sMiniMacPhyPib
                0x00000000040020d4                aprTimerCallback
                0x00000000040020f4                au32TimerCounter
                0x0000000004002114                sMiniMacInternal
                0x0000000004002140                s_psVsMcpsDcfmInd.72826
                0x0000000004002144                s_psMacDcfmInd.72825
                0x0000000004002148                u32DataQueueCount
 .bss           0x0000000004002170        0x1 C:\Users\1\AppData\Local\Temp\ccgWapOs.ltrans20.ltrans.o
 .bss           0x0000000004002171        0x1 C:\Users\1\AppData\Local\Temp\ccgWapOs.ltrans21.ltrans.o
                0x0000000004002171                u8ScanBeaconsSeen.133247
 *fill*         0x0000000004002172        0x2 00
 .bss           0x0000000004002174       0x24 C:\Users\1\AppData\Local\Temp\ccgWapOs.ltrans23.ltrans.o
                0x0000000004002174                apvAplPdmRecordsAddress
                0x000000000400218c                au16AplPdmRecordsSize
 .bss           0x0000000004002198     0x100c C:\Users\1\AppData\Local\Temp\ccgWapOs.ltrans24.ltrans.o
 .bss           0x00000000040031a4        0x8 C:\Users\1\AppData\Local\Temp\ccgWapOs.ltrans25.ltrans.o
                0x00000000040031a4                sThisDeviceMacAddr
 .bss           0x00000000040031ac        0x2 C:\Users\1\AppData\Local\Temp\ccgWapOs.ltrans26.ltrans.o
                0x00000000040031ac                s_u16ActivityCounter
 *fill*         0x00000000040031ae        0x2 00
 .bss           0x00000000040031b0       0x10 C:\Users\1\AppData\Local\Temp\ccgWapOs.ltrans27.ltrans.o
                0x00000000040031b0                psBeaconFilter
 .bss           0x00000000040031c0       0x50 C:\Users\1\AppData\Local\Temp\ccgWapOs.ltrans28.ltrans.o
                0x00000000040031c0                psZCL_Common
                0x00000000040031c4                u16PingNwkAddr.8952
                0x00000000040031c6                bPingSent