Archive member included because of file (symbol)

c:/NXP/bstudio_nxp/workspace/sdk/JN-SW-4168/Components/Library\libOS_JN516x.a(os.o)
                              c:/NXP/bstudio_nxp/workspace/JN-AN-1201-YCL/JN-AN-1201-ZigBee-Intruder-Alarm-System/ZONE/Build/os_gen.o (symbol from plugin) (os_vStart)
c:/NXP/bstudio_nxp/workspace/sdk/JN-SW-4168/Components/Library\libOS_JN516x.a(os_contirq_JN516x.o)
                              c:/NXP/bstudio_nxp/workspace/JN-AN-1201-YCL/JN-AN-1201-ZigBee-Intruder-Alarm-System/ZONE/Build/os_irq.o (os_UnclaimedException_W)
c:/NXP/bstudio_nxp/workspace/sdk/JN-SW-4168/Components/Library\libPWRM_JN516x.a(pwrm.o)
                              c:/NXP/bstudio_nxp/workspace/JN-AN-1201-YCL/JN-AN-1201-ZigBee-Intruder-Alarm-System/ZONE/Build/app_start_ZONE.o (symbol from plugin) (PWRM_vInit)
c:/NXP/bstudio_nxp/workspace/sdk/JN-SW-4168/Components/Library\libPWRM_JN516x.a(pwrm_setjmp_JN516x.o)
                              pwrm.o (symbol from plugin) (setjmp)
c:/NXP/bstudio_nxp/workspace/sdk/JN-SW-4168/Components/Library\libPWRM_JN516x.a(pwrm_cold_start.o)
                              (AppColdStart)
c:/NXP/bstudio_nxp/workspace/sdk/JN-SW-4168/Components/Library\libPWRM_JN516x.a(pwrm_warm_start.o)
                              (AppWarmStart)
c:/NXP/bstudio_nxp/workspace/sdk/JN-SW-4168/Components/Library\libPDUM_JN516x.a(pdum_nwk.o)
                              c:/NXP/bstudio_nxp/workspace/JN-AN-1201-YCL/JN-AN-1201-ZigBee-Intruder-Alarm-System/ZONE/Build/pdum_gen.o (symbol from plugin) (pdum_vNPduInit)
c:/NXP/bstudio_nxp/workspace/sdk/JN-SW-4168/Components/Library\libPDUM_JN516x.a(pdum_apl.o)
                              c:/NXP/bstudio_nxp/workspace/JN-AN-1201-YCL/JN-AN-1201-ZigBee-Intruder-Alarm-System/ZONE/Build/appZdpExtraction.o (symbol from plugin) (PDUM_u16APduInstanceReadNBO)
c:/NXP/bstudio_nxp/workspace/sdk/JN-SW-4168/Components/Library\libPDUM_JN516x.a(pdum.o)
                              pdum_nwk.o (symbol from plugin) (PDUM_u16SizeNBO)
c:/NXP/bstudio_nxp/workspace/sdk/JN-SW-4168/Components/Library\libZPSAPL_JN516x.a(zps_apl_af.o)
                              c:/NXP/bstudio_nxp/workspace/JN-AN-1201-YCL/JN-AN-1201-ZigBee-Intruder-Alarm-System/ZONE/Build/zha_ZONE_node.o (symbol from plugin) (ZPS_eAplAfInit)
c:/NXP/bstudio_nxp/workspace/sdk/JN-SW-4168/Components/Library\libZPSAPL_JN516x.a(zps_apl_af_apsde.o)
                              c:/NXP/bstudio_nxp/workspace/JN-AN-1201-YCL/JN-AN-1201-ZigBee-Intruder-Alarm-System/ZONE/Build/zps_gen.o (symbol from plugin) (zps_vHandleApsdeDataFragInd)
c:/NXP/bstudio_nxp/workspace/sdk/JN-SW-4168/Components/Library\libZPSAPL_JN516x.a(zps_apl_task.o)
                              zps_apl_af_apsde.o (symbol from plugin) (zps_vAplAfPostEvent)
c:/NXP/bstudio_nxp/workspace/sdk/JN-SW-4168/Components/Library\libZPSAPL_JN516x.a(zps_apl_apsde.o)
                              zps_apl_task.o (symbol from plugin) (ZPS_vAplRegisterApsdeDcfmIndCallbacks)
c:/NXP/bstudio_nxp/workspace/sdk/JN-SW-4168/Components/Library\libZPSAPL_JN516x.a(zps_apl_apsme.o)
                              zps_apl_task.o (symbol from plugin) (ZPS_vAplRegisterApsmeDcfmIndCallbacks)
c:/NXP/bstudio_nxp/workspace/sdk/JN-SW-4168/Components/Library\libZPSAPL_JN516x.a(zps_apl_aps_nlde.o)
                              c:/NXP/bstudio_nxp/workspace/JN-AN-1201-YCL/JN-AN-1201-ZigBee-Intruder-Alarm-System/ZONE/Build/zps_gen.o (symbol from plugin) (zps_vHandleExtendedDataAckFrame)
c:/NXP/bstudio_nxp/workspace/sdk/JN-SW-4168/Components/Library\libZPSAPL_JN516x.a(zps_apl_sec.o)
                              zps_apl_task.o (symbol from plugin) (zps_psFindKeyDescr)
c:/NXP/bstudio_nxp/workspace/sdk/JN-SW-4168/Components/Library\libZPSAPL_JN516x.a(zps_apl_aib.o)
                              c:/NXP/bstudio_nxp/workspace/JN-AN-1201-YCL/JN-AN-1201-ZigBee-Intruder-Alarm-System/ZONE/Build/app_zbp_utilities.o (symbol from plugin) (zps_psAplAibGetAib)
c:/NXP/bstudio_nxp/workspace/sdk/JN-SW-4168/Components/Library\libZPSAPL_JN516x.a(zps_apl_zdo_nwkmanager.o)
                              zps_apl_apsme.o (symbol from plugin) (zps_vAplSaveRecord)
c:/NXP/bstudio_nxp/workspace/sdk/JN-SW-4168/Components/Library\libZPSAPL_JN516x.a(zps_apl_zdo_handle_zdp_event.o)
                              zps_apl_task.o (symbol from plugin) (zps_bAplZdoHandleZdpEvent)
c:/NXP/bstudio_nxp/workspace/sdk/JN-SW-4168/Components/Library\libZPSAPL_JN516x.a(zps_apl_zdo_trust_center.o)
                              zps_apl_sec.o (symbol from plugin) (zps_eAplTrustCenterFindDevice)
c:/NXP/bstudio_nxp/workspace/sdk/JN-SW-4168/Components/Library\libZPSAPL_JN516x.a(zps_apl_zdo_common.o)
                              zps_apl_zdo_nwkmanager.o (symbol from plugin) (zps_eAplZdoNlmeleaveWrapper)
c:/NXP/bstudio_nxp/workspace/sdk/JN-SW-4168/Components/Library\libZPSAPL_JN516x.a(zps_apl_zdo_group.o)
[...]
Memory Configuration

Name             Origin             Length             Attributes
flash            0x0000000000080000 0x0000000000080000
ram              0x000000000400004c 0x0000000000007fb4
*default*        0x0000000000000000 0xffffffffffffffff

Linker script and memory map

                0x0000000000001388                __stack_size = 0x1388
                0x00000000000007d0                __minimum_heap_size = 0x7d0
START GROUP
LOAD c:/NXP/bstudio_nxp/workspace/JN-AN-1201-YCL/JN-AN-1201-ZigBee-Intruder-Alarm-System/ZONE/Build/os_gen.o
LOAD C:\Users\1\AppData\Local\Temp\ccO8oqWS.ltrans0.ltrans.o
LOAD C:\Users\1\AppData\Local\Temp\ccO8oqWS.ltrans1.ltrans.o
LOAD C:\Users\1\AppData\Local\Temp\ccO8oqWS.ltrans2.ltrans.o
LOAD C:\Users\1\AppData\Local\Temp\ccO8oqWS.ltrans3.ltrans.o
LOAD C:\Users\1\AppData\Local\Temp\ccO8oqWS.ltrans4.ltrans.o
LOAD C:\Users\1\AppData\Local\Temp\ccO8oqWS.ltrans5.ltrans.o
LOAD C:\Users\1\AppData\Local\Temp\ccO8oqWS.ltrans6.ltrans.o
LOAD C:\Users\1\AppData\Local\Temp\ccO8oqWS.ltrans7.ltrans.o
LOAD C:\Users\1\AppData\Local\Temp\ccO8oqWS.ltrans8.ltrans.o
LOAD C:\Users\1\AppData\Local\Temp\ccO8oqWS.ltrans9.ltrans.o
LOAD C:\Users\1\AppData\Local\Temp\ccO8oqWS.ltrans10.ltrans.o
LOAD C:\Users\1\AppData\Local\Temp\ccO8oqWS.ltrans11.ltrans.o
LOAD C:\Users\1\AppData\Local\Temp\ccO8oqWS.ltrans12.ltrans.o
LOAD C:\Users\1\AppData\Local\Temp\ccO8oqWS.ltrans13.ltrans.o
LOAD C:\Users\1\AppData\Local\Temp\ccO8oqWS.ltrans14.ltrans.o
LOAD C:\Users\1\AppData\Local\Temp\ccO8oqWS.ltrans15.ltrans.o
LOAD C:\Users\1\AppData\Local\Temp\ccO8oqWS.ltrans16.ltrans.o
LOAD C:\Users\1\AppData\Local\Temp\ccO8oqWS.ltrans17.ltrans.o
LOAD C:\Users\1\AppData\Local\Temp\ccO8oqWS.ltrans18.ltrans.o
LOAD C:\Users\1\AppData\Local\Temp\ccO8oqWS.ltrans19.ltrans.o
LOAD C:\Users\1\AppData\Local\Temp\ccO8oqWS.ltrans20.ltrans.o
LOAD C:\Users\1\AppData\Local\Temp\ccO8oqWS.ltrans21.ltrans.o
LOAD C:\Users\1\AppData\Local\Temp\ccO8oqWS.ltrans22.ltrans.o
LOAD C:\Users\1\AppData\Local\Temp\ccO8oqWS.ltrans23.ltrans.o
LOAD C:\Users\1\AppData\Local\Temp\ccO8oqWS.ltrans24.ltrans.o
LOAD C:\Users\1\AppData\Local\Temp\ccO8oqWS.ltrans25.ltrans.o
LOAD C:\Users\1\AppData\Local\Temp\ccO8oqWS.ltrans26.ltrans.o
LOAD C:\Users\1\AppData\Local\Temp\ccO8oqWS.ltrans27.ltrans.o
LOAD C:\Users\1\AppData\Local\Temp\ccO8oqWS.ltrans28.ltrans.o
LOAD C:\Users\1\AppData\Local\Temp\ccO8oqWS.ltrans29.ltrans.o
LOAD C:\Users\1\AppData\Local\Temp\ccO8oqWS.ltrans30.ltrans.o
LOAD C:\Users\1\AppData\Local\Temp\ccO8oqWS.ltrans31.ltrans.o
LOAD c:/nxp/bstudio_nxp/workspace/sdk/tools/ba-elf-ba2-r36379/bin/../lib/gcc/ba-elf/4.7.4/../../../../ba-elf/lib/mcpu_jn51xx_sizeopt\libc.a
LOAD c:/nxp/bstudio_nxp/workspace/sdk/tools/ba-elf-ba2-r36379/bin/../lib/gcc/ba-elf/4.7.4/mcpu_jn51xx_sizeopt\libgcc.a
LOAD c:/nxp/bstudio_nxp/workspace/sdk/tools/ba-elf-ba2-r36379/bin/../lib/gcc/ba-elf/4.7.4/../../../../ba-elf/lib/mcpu_jn51xx_sizeopt\libc.a
LOAD c:/NXP/bstudio_nxp/workspace/JN-AN-1201-YCL/JN-AN-1201-ZigBee-Intruder-Alarm-System/ZONE/Build/os_irq.o
LOAD c:/NXP/bstudio_nxp/workspace/JN-AN-1201-YCL/JN-AN-1201-ZigBee-Intruder-Alarm-System/ZONE/Build/os_irq_alignment.o
LOAD c:/NXP/bstudio_nxp/workspace/JN-AN-1201-YCL/JN-AN-1201-ZigBee-Intruder-Alarm-System/ZONE/Build/os_irq_buserror.o
LOAD c:/NXP/bstudio_nxp/workspace/JN-AN-1201-YCL/JN-AN-1201-ZigBee-Intruder-Alarm-System/ZONE/Build/os_irq_illegalinstruction.o
LOAD c:/NXP/bstudio_nxp/workspace/JN-AN-1201-YCL/JN-AN-1201-ZigBee-Intruder-Alarm-System/ZONE/Build/os_irq_stackoverflowexception.o
LOAD c:/NXP/bstudio_nxp/workspace/JN-AN-1201-YCL/JN-AN-1201-ZigBee-Intruder-Alarm-System/ZONE/Build/os_irq_unimplementedmodule.o
LOAD c:/NXP/bstudio_nxp/workspace/JN-AN-1201-YCL/JN-AN-1201-ZigBee-Intruder-Alarm-System/ZONE/Build/pdum_gen.o
LOAD c:/NXP/bstudio_nxp/workspace/JN-AN-1201-YCL/JN-AN-1201-ZigBee-Intruder-Alarm-System/ZONE/Build/pdum_apdu.o
LOAD c:/NXP/bstudio_nxp/workspace/JN-AN-1201-YCL/JN-AN-1201-ZigBee-Intruder-Alarm-System/ZONE/Build/zps_gen.o
LOAD c:/NXP/bstudio_nxp/workspace/JN-AN-1201-YCL/JN-AN-1201-ZigBee-Intruder-Alarm-System/ZONE/Build/app_uart.o
LOAD c:/NXP/bstudio_nxp/workspace/JN-AN-1201-YCL/JN-AN-1201-ZigBee-Intruder-Alarm-System/ZONE/Build/app_timer_driver.o
LOAD c:/NXP/bstudio_nxp/workspace/JN-AN-1201-YCL/JN-AN-1201-ZigBee-Intruder-Alarm-System/ZONE/Build/app_start_ZONE.o
LOAD c:/NXP/bstudio_nxp/workspace/JN-AN-1201-YCL/JN-AN-1201-ZigBee-Intruder-Alarm-System/ZONE/Build/app_zbp_utilities.o
LOAD c:/NXP/bstudio_nxp/workspace/JN-AN-1201-YCL/JN-AN-1201-ZigBee-Intruder-Alarm-System/ZONE/Build/app_exceptions.o
LOAD c:/NXP/bstudio_nxp/workspace/JN-AN-1201-YCL/JN-AN-1201-ZigBee-Intruder-Alarm-System/ZONE/Build/app_pdm.o
LOAD c:/NXP/bstudio_nxp/workspace/JN-AN-1201-YCL/JN-AN-1201-ZigBee-Intruder-Alarm-System/ZONE/Build/app_ias_enroll_req.o
LOAD c:/NXP/bstudio_nxp/workspace/JN-AN-1201-YCL/JN-AN-1201-ZigBee-Intruder-Alarm-System/ZONE/Build/app_ias_unenroll_req.o
LOAD c:/NXP/bstudio_nxp/workspace/JN-AN-1201-YCL/JN-AN-1201-ZigBee-Intruder-Alarm-System/ZONE/Build/app_ias_indicator.o
LOAD c:/NXP/bstudio_nxp/workspace/JN-AN-1201-YCL/JN-AN-1201-ZigBee-Intruder-Alarm-System/ZONE/Build/app_ias_save.o
LOAD c:/NXP/bstudio_nxp/workspace/JN-AN-1201-YCL/JN-AN-1201-ZigBee-Intruder-Alarm-System/ZONE/Build/zha_ZONE_node.o
LOAD c:/NXP/bstudio_nxp/workspace/JN-AN-1201-YCL/JN-AN-1201-ZigBee-Intruder-Alarm-System/ZONE/Build/app_sleep_functions.o
LOAD c:/NXP/bstudio_nxp/workspace/JN-AN-1201-YCL/JN-AN-1201-ZigBee-Intruder-Alarm-System/ZONE/Build/appZdpExtraction.o
LOAD c:/NXP/bstudio_nxp/workspace/JN-AN-1201-YCL/JN-AN-1201-ZigBee-Intruder-Alarm-System/ZONE/Build/appZpsBeaconHandler.o
LOAD c:/NXP/bstudio_nxp/workspace/JN-AN-1201-YCL/JN-AN-1201-ZigBee-Intruder-Alarm-System/ZONE/Build/app_zcl_ZONE_task.o
LOAD c:/NXP/bstudio_nxp/workspace/JN-AN-1201-YCL/JN-AN-1201-ZigBee-Intruder-Alarm-System/ZONE/Build/app_buttons.o
LOAD c:/NXP/bstudio_nxp/workspace/JN-AN-1201-YCL/JN-AN-1201-ZigBee-Intruder-Alarm-System/ZONE/Build/haEzJoin.o
LOAD c:/NXP/bstudio_nxp/workspace/JN-AN-1201-YCL/JN-AN-1201-ZigBee-Intruder-Alarm-System/ZONE/Build/PingParent.o
LOAD c:/NXP/bstudio_nxp/workspace/JN-AN-1201-YCL/JN-AN-1201-ZigBee-Intruder-Alarm-System/ZONE/Build/Alarms.o
LOAD c:/NXP/bstudio_nxp/workspace/JN-AN-1201-YCL/JN-AN-1201-ZigBee-Intruder-Alarm-System/ZONE/Build/AlarmsClientCommands.o
LOAD c:/NXP/bstudio_nxp/workspace/JN-AN-1201-YCL/JN-AN-1201-ZigBee-Intruder-Alarm-System/ZONE/Build/AlarmsCommandHandler.o
LOAD c:/NXP/bstudio_nxp/workspace/JN-AN-1201-YCL/JN-AN-1201-ZigBee-Intruder-Alarm-System/ZONE/Build/AlarmsServerCommands.o
LOAD c:/NXP/bstudio_nxp/workspace/JN-AN-1201-YCL/JN-AN-1201-ZigBee-Intruder-Alarm-System/ZONE/Build/AlarmsTableManager.o
LOAD c:/NXP/bstudio_nxp/workspace/JN-AN-1201-YCL/JN-AN-1201-ZigBee-Intruder-Alarm-System/ZONE/Build/AnalogInputBasic.o
LOAD c:/NXP/bstudio_nxp/workspace/JN-AN-1201-YCL/JN-AN-1201-ZigBee-Intruder-Alarm-System/ZONE/Build/AnalogOutputBasic.o
LOAD c:/NXP/bstudio_nxp/workspace/JN-AN-1201-YCL/JN-AN-1201-ZigBee-Intruder-Alarm-System/ZONE/Build/Basic.o
LOAD c:/NXP/bstudio_nxp/workspace/JN-AN-1201-YCL/JN-AN-1201-ZigBee-Intruder-Alarm-System/ZONE/Build/BasicClientCommands.o
LOAD c:/NXP/bstudio_nxp/workspace/JN-AN-1201-YCL/JN-AN-1201-ZigBee-Intruder-Alarm-System/ZONE/Build/BasicCommandHandler.o
LOAD c:/NXP/bstudio_nxp/workspace/JN-AN-1201-YCL/JN-AN-1201-ZigBee-Intruder-Alarm-System/ZONE/Build/BinaryInputBasic.o
LOAD c:/NXP/bstudio_nxp/workspace/JN-AN-1201-YCL/JN-AN-1201-ZigBee-Intruder-Alarm-System/ZONE/Build/BinaryOutputBasic.o
LOAD c:/NXP/bstudio_nxp/workspace/JN-AN-1201-YCL/JN-AN-1201-ZigBee-Intruder-Alarm-System/ZONE/Build/Commissioning.o
LOAD c:/NXP/bstudio_nxp/workspace/JN-AN-1201-YCL/JN-AN-1201-ZigBee-Intruder-Alarm-System/ZONE/Build/DeviceTemperatureConfiguration.o
LOAD c:/NXP/bstudio_nxp/workspace/JN-AN-1201-YCL/JN-AN-1201-ZigBee-Intruder-Alarm-System/ZONE/Build/Diagnostics.o
LOAD c:/NXP/bstudio_nxp/workspace/JN-AN-1201-YCL/JN-AN-1201-ZigBee-Intruder-Alarm-System/ZONE/Build/DoorLock.o
LOAD c:/NXP/bstudio_nxp/workspace/JN-AN-1201-YCL/JN-AN-1201-ZigBee-Intruder-Alarm-System/ZONE/Build/DoorLockCommandHandler.o
LOAD c:/NXP/bstudio_nxp/workspace/JN-AN-1201-YCL/JN-AN-1201-ZigBee-Intruder-Alarm-System/ZONE/Build/DoorLockCommands.o
LOAD c:/NXP/bstudio_nxp/workspace/JN-AN-1201-YCL/JN-AN-1201-ZigBee-Intruder-Alarm-System/ZONE/Build/ElectricalMeasurement.o
LOAD c:/NXP/bstudio_nxp/workspace/JN-AN-1201-YCL/JN-AN-1201-ZigBee-Intruder-Alarm-System/ZONE/Build/Groups.o
LOAD c:/NXP/bstudio_nxp/workspace/JN-AN-1201-YCL/JN-AN-1201-ZigBee-Intruder-Alarm-System/ZONE/Build/GroupsClientCommands.o
LOAD c:/NXP/bstudio_nxp/workspace/JN-AN-1201-YCL/JN-AN-1201-ZigBee-Intruder-Alarm-System/ZONE/Build/GroupsCommandHandler.o
LOAD c:/NXP/bstudio_nxp/workspace/JN-AN-1201-YCL/JN-AN-1201-ZigBee-Intruder-Alarm-System/ZONE/Build/GroupsServerCommands.o
LOAD c:/NXP/bstudio_nxp/workspace/JN-AN-1201-YCL/JN-AN-1201-ZigBee-Intruder-Alarm-System/ZONE/Build/GroupsTableManager.o
LOAD c:/NXP/bstudio_nxp/workspace/JN-AN-1201-YCL/JN-AN-1201-ZigBee-Intruder-Alarm-System/ZONE/Build/Identify.o
LOAD c:/NXP/bstudio_nxp/workspace/JN-AN-1201-YCL/JN-AN-1201-ZigBee-Intruder-Alarm-System/ZONE/Build/IdentifyClientCommands.o
LOAD c:/NXP/bstudio_nxp/workspace/JN-AN-1201-YCL/JN-AN-1201-ZigBee-Intruder-Alarm-System/ZONE/Build/IdentifyCommandHandler.o
LOAD c:/NXP/bstudio_nxp/workspace/JN-AN-1201-YCL/JN-AN-1201-ZigBee-Intruder-Alarm-System/ZONE/Build/IdentifyServerCommands.o
LOAD c:/NXP/bstudio_nxp/workspace/JN-AN-1201-YCL/JN-AN-1201-ZigBee-Intruder-Alarm-System/ZONE/Build/LevelControl.o
LOAD c:/NXP/bstudio_nxp/workspace/JN-AN-1201-YCL/JN-AN-1201-ZigBee-Intruder-Alarm-System/ZONE/Build/LevelControlClientCommands.o
LOAD c:/NXP/bstudio_nxp/workspace/JN-AN-1201-YCL/JN-AN-1201-ZigBee-Intruder-Alarm-System/ZONE/Build/LevelControlCommandHandler.o
LOAD c:/NXP/bstudio_nxp/workspace/JN-AN-1201-YCL/JN-AN-1201-ZigBee-Intruder-Alarm-System/ZONE/Build/MultistateInputBasic.o
LOAD c:/NXP/bstudio_nxp/workspace/JN-AN-1201-YCL/JN-AN-1201-ZigBee-Intruder-Alarm-System/ZONE/Build/MultistateOutputBasic.o
LOAD c:/NXP/bstudio_nxp/workspace/JN-AN-1201-YCL/JN-AN-1201-ZigBee-Intruder-Alarm-System/ZONE/Build/OOSC.o
LOAD c:/NXP/bstudio_nxp/workspace/JN-AN-1201-YCL/JN-AN-1201-ZigBee-Intruder-Alarm-System/ZONE/Build/OnOff.o
LOAD c:/NXP/bstudio_nxp/workspace/JN-AN-1201-YCL/JN-AN-1201-ZigBee-Intruder-Alarm-System/ZONE/Build/OnOffCommandHandler.o
LOAD c:/NXP/bstudio_nxp/workspace/JN-AN-1201-YCL/JN-AN-1201-ZigBee-Intruder-Alarm-System/ZONE/Build/OnOffCommands.o
LOAD c:/NXP/bstudio_nxp/workspace/JN-AN-1201-YCL/JN-AN-1201-ZigBee-Intruder-Alarm-System/ZONE/Build/PollControl.o
LOAD c:/NXP/bstudio_nxp/workspace/JN-AN-1201-YCL/JN-AN-1201-ZigBee-Intruder-Alarm-System/ZONE/Build/PollControlClientCommands.o
LOAD c:/NXP/bstudio_nxp/workspace/JN-AN-1201-YCL/JN-AN-1201-ZigBee-Intruder-Alarm-System/ZONE/Build/PollControlCommandHandler.o
LOAD c:/NXP/bstudio_nxp/workspace/JN-AN-1201-YCL/JN-AN-1201-ZigBee-Intruder-Alarm-System/ZONE/Build/PollControlServerCommands.o
LOAD c:/NXP/bstudio_nxp/workspace/JN-AN-1201-YCL/JN-AN-1201-ZigBee-Intruder-Alarm-System/ZONE/Build/PowerConfiguration.o
LOAD c:/NXP/bstudio_nxp/workspace/JN-AN-1201-YCL/JN-AN-1201-ZigBee-Intruder-Alarm-System/ZONE/Build/Scenes.o
LOAD c:/NXP/bstudio_nxp/workspace/JN-AN-1201-YCL/JN-AN-1201-ZigBee-Intruder-Alarm-System/ZONE/Build/ScenesClientCommands.o
LOAD c:/NXP/bstudio_nxp/workspace/JN-AN-1201-YCL/JN-AN-1201-ZigBee-Intruder-Alarm-System/ZONE/Build/ScenesClusterManagement.o
LOAD c:/NXP/bstudio_nxp/workspace/JN-AN-1201-YCL/JN-AN-1201-ZigBee-Intruder-Alarm-System/ZONE/Build/ScenesCommandHandler.o
LOAD c:/NXP/bstudio_nxp/workspace/JN-AN-1201-YCL/JN-AN-1201-ZigBee-Intruder-Alarm-System/ZONE/Build/ScenesServerCommands.o
LOAD c:/NXP/bstudio_nxp/workspace/JN-AN-1201-YCL/JN-AN-1201-ZigBee-Intruder-Alarm-System/ZONE/Build/ScenesTableManager.o
LOAD c:/NXP/bstudio_nxp/workspace/JN-AN-1201-YCL/JN-AN-1201-ZigBee-Intruder-Alarm-System/ZONE/Build/TC.o
LOAD c:/NXP/bstudio_nxp/workspace/JN-AN-1201-YCL/JN-AN-1201-ZigBee-Intruder-Alarm-System/ZONE/Build/Time.o
LOAD c:/NXP/bstudio_nxp/workspace/JN-AN-1201-YCL/JN-AN-1201-ZigBee-Intruder-Alarm-System/ZONE/Build/ha.o
LOAD c:/NXP/bstudio_nxp/workspace/JN-AN-1201-YCL/JN-AN-1201-ZigBee-Intruder-Alarm-System/ZONE/Build/door_lock.o
LOAD c:/NXP/bstudio_nxp/workspace/JN-AN-1201-YCL/JN-AN-1201-ZigBee-Intruder-Alarm-System/ZONE/Build/door_lock_controller.o
LOAD c:/NXP/bstudio_nxp/workspace/JN-AN-1201-YCL/JN-AN-1201-ZigBee-Intruder-Alarm-System/ZONE/Build/mains_power_outlet.o
LOAD c:/NXP/bstudio_nxp/workspace/JN-AN-1201-YCL/JN-AN-1201-ZigBee-Intruder-Alarm-System/ZONE/Build/on_off_output.o
LOAD c:/NXP/bstudio_nxp/workspace/JN-AN-1201-YCL/JN-AN-1201-ZigBee-Intruder-Alarm-System/ZONE/Build/on_off_switch.o
LOAD c:/NXP/bstudio_nxp/workspace/JN-AN-1201-YCL/JN-AN-1201-ZigBee-Intruder-Alarm-System/ZONE/Build/plug_control.o
LOAD c:/NXP/bstudio_nxp/workspace/JN-AN-1201-YCL/JN-AN-1201-ZigBee-Intruder-Alarm-System/ZONE/Build/remote_control.o
LOAD c:/NXP/bstudio_nxp/workspace/JN-AN-1201-YCL/JN-AN-1201-ZigBee-Intruder-Alarm-System/ZONE/Build/simple_sensor.o
LOAD c:/NXP/bstudio_nxp/workspace/JN-AN-1201-YCL/JN-AN-1201-ZigBee-Intruder-Alarm-System/ZONE/Build/smart_plug.o
LOAD c:/NXP/bstudio_nxp/workspace/JN-AN-1201-YCL/JN-AN-1201-ZigBee-Intruder-Alarm-System/ZONE/Build/IASACE.o
LOAD c:/NXP/bstudio_nxp/workspace/JN-AN-1201-YCL/JN-AN-1201-ZigBee-Intruder-Alarm-System/ZONE/Build/IASACEClientCommands.o
LOAD c:/NXP/bstudio_nxp/workspace/JN-AN-1201-YCL/JN-AN-1201-ZigBee-Intruder-Alarm-System/ZONE/Build/IASACECommandHandler.o
LOAD c:/NXP/bstudio_nxp/workspace/JN-AN-1201-YCL/JN-AN-1201-ZigBee-Intruder-Alarm-System/ZONE/Build/IASACEServerCommands.o
LOAD c:/NXP/bstudio_nxp/workspace/JN-AN-1201-YCL/JN-AN-1201-ZigBee-Intruder-Alarm-System/ZONE/Build/IASWD.o
LOAD c:/NXP/bstudio_nxp/workspace/JN-AN-1201-YCL/JN-AN-1201-ZigBee-Intruder-Alarm-System/ZONE/Build/IASWDCommandHandler.o
LOAD c:/NXP/bstudio_nxp/workspace/JN-AN-1201-YCL/JN-AN-1201-ZigBee-Intruder-Alarm-System/ZONE/Build/IASWDCommands.o
LOAD c:/NXP/bstudio_nxp/workspace/JN-AN-1201-YCL/JN-AN-1201-ZigBee-Intruder-Alarm-System/ZONE/Build/IASZone.o
LOAD c:/NXP/bstudio_nxp/workspace/JN-AN-1201-YCL/JN-AN-1201-ZigBee-Intruder-Alarm-System/ZONE/Build/IASZoneCommandHandler.o
LOAD c:/NXP/bstudio_nxp/workspace/JN-AN-1201-YCL/JN-AN-1201-ZigBee-Intruder-Alarm-System/ZONE/Build/IASZoneCommands.o
LOAD c:/NXP/bstudio_nxp/workspace/JN-AN-1201-YCL/JN-AN-1201-ZigBee-Intruder-Alarm-System/ZONE/Build/ancillary_control_equipment.o
LOAD c:/NXP/bstudio_nxp/workspace/JN-AN-1201-YCL/JN-AN-1201-ZigBee-Intruder-Alarm-System/ZONE/Build/control_and_indicating_equipment.o
LOAD c:/NXP/bstudio_nxp/workspace/JN-AN-1201-YCL/JN-AN-1201-ZigBee-Intruder-Alarm-System/ZONE/Build/warning_device.o
LOAD c:/NXP/bstudio_nxp/workspace/JN-AN-1201-YCL/JN-AN-1201-ZigBee-Intruder-Alarm-System/ZONE/Build/zone.o
LOAD c:/NXP/bstudio_nxp/workspace/JN-AN-1201-YCL/JN-AN-1201-ZigBee-Intruder-Alarm-System/ZONE/Build/dlist.o
LOAD c:/NXP/bstudio_nxp/workspace/JN-AN-1201-YCL/JN-AN-1201-ZigBee-Intruder-Alarm-System/ZONE/Build/zcl.o
LOAD c:/NXP/bstudio_nxp/workspace/JN-AN-1201-YCL/JN-AN-1201-ZigBee-Intruder-Alarm-System/ZONE/Build/zcl_CustomCommandReceive.o
LOAD c:/NXP/bstudio_nxp/workspace/JN-AN-1201-YCL/JN-AN-1201-ZigBee-Intruder-Alarm-System/ZONE/Build/zcl_CustomCommandSend.o
LOAD c:/NXP/bstudio_nxp/workspace/JN-AN-1201-YCL/JN-AN-1201-ZigBee-Intruder-Alarm-System/ZONE/Build/zcl_PDUbufferReadWrite.o
LOAD c:/NXP/bstudio_nxp/workspace/JN-AN-1201-YCL/JN-AN-1201-ZigBee-Intruder-Alarm-System/ZONE/Build/zcl_PDUbufferReadWriteString.o
LOAD c:/NXP/bstudio_nxp/workspace/JN-AN-1201-YCL/JN-AN-1201-ZigBee-Intruder-Alarm-System/ZONE/Build/zcl_WriteAttributesRequestHandle.o
LOAD c:/NXP/bstudio_nxp/workspace/JN-AN-1201-YCL/JN-AN-1201-ZigBee-Intruder-Alarm-System/ZONE/Build/zcl_WriteAttributesRequestSend.o
LOAD c:/NXP/bstudio_nxp/workspace/JN-AN-1201-YCL/JN-AN-1201-ZigBee-Intruder-Alarm-System/ZONE/Build/zcl_WriteAttributesResponseHandle.o
LOAD c:/NXP/bstudio_nxp/workspace/JN-AN-1201-YCL/JN-AN-1201-ZigBee-Intruder-Alarm-System/ZONE/Build/zcl_attribute.o
LOAD c:/NXP/bstudio_nxp/workspace/JN-AN-1201-YCL/JN-AN-1201-ZigBee-Intruder-Alarm-System/ZONE/Build/zcl_buffer.o
LOAD c:/NXP/bstudio_nxp/workspace/JN-AN-1201-YCL/JN-AN-1201-ZigBee-Intruder-Alarm-System/ZONE/Build/zcl_clusterCommand.o
LOAD c:/NXP/bstudio_nxp/workspace/JN-AN-1201-YCL/JN-AN-1201-ZigBee-Intruder-Alarm-System/ZONE/Build/zcl_command.o
LOAD c:/NXP/bstudio_nxp/workspace/JN-AN-1201-YCL/JN-AN-1201-ZigBee-Intruder-Alarm-System/ZONE/Build/zcl_configureReportingCommandHandle.o
LOAD c:/NXP/bstudio_nxp/workspace/JN-AN-1201-YCL/JN-AN-1201-ZigBee-Intruder-Alarm-System/ZONE/Build/zcl_configureReportingCommandSend.o
LOAD c:/NXP/bstudio_nxp/workspace/JN-AN-1201-YCL/JN-AN-1201-ZigBee-Intruder-Alarm-System/ZONE/Build/zcl_configureReportingResponseHandle.o
LOAD c:/NXP/bstudio_nxp/workspace/JN-AN-1201-YCL/JN-AN-1201-ZigBee-Intruder-Alarm-System/ZONE/Build/zcl_defaultResponse.o
LOAD c:/NXP/bstudio_nxp/workspace/JN-AN-1201-YCL/JN-AN-1201-ZigBee-Intruder-Alarm-System/ZONE/Build/zcl_discoverAttributesExtendedRequestHandle.o
LOAD c:/NXP/bstudio_nxp/workspace/JN-AN-1201-YCL/JN-AN-1201-ZigBee-Intruder-Alarm-System/ZONE/Build/zcl_discoverAttributesExtendedRequestSend.o
LOAD c:/NXP/bstudio_nxp/workspace/JN-AN-1201-YCL/JN-AN-1201-ZigBee-Intruder-Alarm-System/ZONE/Build/zcl_discoverAttributesExtendedResponseHandle.o
LOAD c:/NXP/bstudio_nxp/workspace/JN-AN-1201-YCL/JN-AN-1201-ZigBee-Intruder-Alarm-System/ZONE/Build/zcl_discoverAttributesRequestHandle.o
LOAD c:/NXP/bstudio_nxp/workspace/JN-AN-1201-YCL/JN-AN-1201-ZigBee-Intruder-Alarm-System/ZONE/Build/zcl_discoverAttributesRequestSend.o
LOAD c:/NXP/bstudio_nxp/workspace/JN-AN-1201-YCL/JN-AN-1201-ZigBee-Intruder-Alarm-System/ZONE/Build/zcl_discoverAttributesResponseHandle.o
LOAD c:/NXP/bstudio_nxp/workspace/JN-AN-1201-YCL/JN-AN-1201-ZigBee-Intruder-Alarm-System/ZONE/Build/zcl_discoverCommandsRequestHandle.o
LOAD c:/NXP/bstudio_nxp/workspace/JN-AN-1201-YCL/JN-AN-1201-ZigBee-Intruder-Alarm-System/ZONE/Build/zcl_discoverCommandsRequestSend.o
LOAD c:/NXP/bstudio_nxp/workspace/JN-AN-1201-YCL/JN-AN-1201-ZigBee-Intruder-Alarm-System/ZONE/Build/zcl_discoverCommandsResponseHandle.o
LOAD c:/NXP/bstudio_nxp/workspace/JN-AN-1201-YCL/JN-AN-1201-ZigBee-Intruder-Alarm-System/ZONE/Build/zcl_event.o
LOAD c:/NXP/bstudio_nxp/workspace/JN-AN-1201-YCL/JN-AN-1201-ZigBee-Intruder-Alarm-System/ZONE/Build/zcl_heap.o
LOAD c:/NXP/bstudio_nxp/workspace/JN-AN-1201-YCL/JN-AN-1201-ZigBee-Intruder-Alarm-System/ZONE/Build/zcl_library_options.o
LOAD c:/NXP/bstudio_nxp/workspace/JN-AN-1201-YCL/JN-AN-1201-ZigBee-Intruder-Alarm-System/ZONE/Build/zcl_readAttributesRequestHandle.o
LOAD c:/NXP/bstudio_nxp/workspace/JN-AN-1201-YCL/JN-AN-1201-ZigBee-Intruder-Alarm-System/ZONE/Build/zcl_readAttributesRequestSend.o
LOAD c:/NXP/bstudio_nxp/workspace/JN-AN-1201-YCL/JN-AN-1201-ZigBee-Intruder-Alarm-System/ZONE/Build/zcl_readAttributesResponseHandle.o
LOAD c:/NXP/bstudio_nxp/workspace/JN-AN-1201-YCL/JN-AN-1201-ZigBee-Intruder-Alarm-System/ZONE/Build/zcl_readReportingConfigurationCommandHandle.o
LOAD c:/NXP/bstudio_nxp/workspace/JN-AN-1201-YCL/JN-AN-1201-ZigBee-Intruder-Alarm-System/ZONE/Build/zcl_readReportingConfigurationCommandSend.o
LOAD c:/NXP/bstudio_nxp/workspace/JN-AN-1201-YCL/JN-AN-1201-ZigBee-Intruder-Alarm-System/ZONE/Build/zcl_readReportingConfigurationResponseHandle.o
LOAD c:/NXP/bstudio_nxp/workspace/JN-AN-1201-YCL/JN-AN-1201-ZigBee-Intruder-Alarm-System/ZONE/Build/zcl_reportManager.o
LOAD c:/NXP/bstudio_nxp/workspace/JN-AN-1201-YCL/JN-AN-1201-ZigBee-Intruder-Alarm-System/ZONE/Build/zcl_reportMaths.o
LOAD c:/NXP/bstudio_nxp/workspace/JN-AN-1201-YCL/JN-AN-1201-ZigBee-Intruder-Alarm-System/ZONE/Build/zcl_reportScheduler.o
LOAD c:/NXP/bstudio_nxp/workspace/JN-AN-1201-YCL/JN-AN-1201-ZigBee-Intruder-Alarm-System/ZONE/Build/zcl_reportStringHandling.o
LOAD c:/NXP/bstudio_nxp/workspace/JN-AN-1201-YCL/JN-AN-1201-ZigBee-Intruder-Alarm-System/ZONE/Build/zcl_reportStructure.o
LOAD c:/NXP/bstudio_nxp/workspace/JN-AN-1201-YCL/JN-AN-1201-ZigBee-Intruder-Alarm-System/ZONE/Build/zcl_search.o
LOAD c:/NXP/bstudio_nxp/workspace/JN-AN-1201-YCL/JN-AN-1201-ZigBee-Intruder-Alarm-System/ZONE/Build/zcl_timer.o
LOAD c:/NXP/bstudio_nxp/workspace/JN-AN-1201-YCL/JN-AN-1201-ZigBee-Intruder-Alarm-System/ZONE/Build/zcl_transmit.o
LOAD c:/NXP/bstudio_nxp/workspace/sdk/JN-SW-4168/Components/Library\libZPSMAC_Mini_JN516x.a
LOAD c:/NXP/bstudio_nxp/workspace/sdk/JN-SW-4168/Components/Library\libOS_JN516x.a
LOAD c:/NXP/bstudio_nxp/workspace/sdk/JN-SW-4168/Components/Library\libPWRM_JN516x.a
LOAD c:/NXP/bstudio_nxp/workspace/sdk/JN-SW-4168/Components/Library\libZPSTSV_JN516x.a
LOAD c:/NXP/bstudio_nxp/workspace/sdk/JN-SW-4168/Components/Library\libAES_SW_JN516x.a
LOAD c:/NXP/bstudio_nxp/workspace/sdk/JN-SW-4168/Components/Library\libPDUM_JN516x.a
LOAD c:/NXP/bstudio_nxp/workspace/sdk/JN-SW-4168/Components/Library\libZPSAPL_JN516x.a
LOAD c:/NXP/bstudio_nxp/workspace/sdk/JN-SW-4168/Components/Library\libRandom_JN516x.a
LOAD c:/NXP/bstudio_nxp/workspace/sdk/JN-SW-4168/Components/Library\libPDM_EEPROM_JN516x.a
LOAD c:/NXP/bstudio_nxp/workspace/sdk/JN-SW-4168/Components/Library\libDBG_JN516x.a
LOAD c:/NXP/bstudio_nxp/workspace/sdk/JN-SW-4168/Components/Library\libZPSNWK_ZED_JN516x.a
LOAD c:/NXP/bstudio_nxp/workspace/sdk/JN-SW-4168/Components/Library\libMiniMac_JN5169.a
LOAD c:/NXP/bstudio_nxp/workspace/sdk/JN-SW-4168/Components/Library\libMiniMacShim_JN516x.a
LOAD c:/NXP/bstudio_nxp/workspace/sdk/JN-SW-4168/Components/Library\libMMAC_JN5169.a
LOAD c:/NXP/bstudio_nxp/workspace/sdk/JN-SW-4168/Components/Library\libJPT_JN5169.a
LOAD c:/NXP/bstudio_nxp/workspace/sdk/JN-SW-4168/Components/Library\libAes_JN516x.a
LOAD c:/NXP/bstudio_nxp/workspace/sdk/JN-SW-4168/Components/Library\libHardwareApi_JN5169.a
LOAD c:/NXP/bstudio_nxp/workspace/sdk/JN-SW-4168/Components/Library\libMicroSpecific_JN516x.a
LOAD c:/NXP/bstudio_nxp/workspace/sdk/JN-SW-4168/Components/Library\libBoot_JN516x.a
LOAD c:/NXP/bstudio_nxp/workspace/sdk/JN-SW-4168/Platform/DK4/Library\libBoardLib_JN516x.a
LOAD c:/nxp/bstudio_nxp/workspace/sdk/tools/ba-elf-ba2-r36379/bin/../lib/gcc/ba-elf/4.7.4/../../../../ba-elf/lib/mcpu_jn51xx_sizeopt\libm.a
END GROUP
LOAD c:/nxp/bstudio_nxp/workspace/sdk/tools/ba-elf-ba2-r36379/bin/../lib/gcc/ba-elf/4.7.4/../../../../ba-elf/lib/mcpu_jn51xx_sizeopt\libc.a
LOAD c:/nxp/bstudio_nxp/workspace/sdk/tools/ba-elf-ba2-r36379/bin/../lib/gcc/ba-elf/4.7.4/mcpu_jn51xx_sizeopt\libgcc.a
LOAD c:/nxp/bstudio_nxp/workspace/sdk/tools/ba-elf-ba2-r36379/bin/../lib/gcc/ba-elf/4.7.4/../../../../ba-elf/lib/mcpu_jn51xx_sizeopt\libc.a
                0x0000000000080038                exception_vsr_table = 0x80038
                0x0000000004000000                pSPIflashFncTable = 0x4000000
                0x0000000000000044                restore_state = 0x44
                0x000000000000004a                bZSPIWaitWIPClear = 0x4a
                0x0000000000000050                u16ZSPIflashRDID = 0x50
                0x0000000000000056                u8SelectFlashChipType = 0x56
                0x000000000000005c                memcpy = 0x5c
                0x0000000000000066                vBootFlashProg = 0x66
                [0x00000000000007d0]                __minimum_heap_size = DEFINED (__minimum_heap_size)?__minimum_heap_size:0xd16
                [0x0000000000001388]                __stack_size = DEFINED (__stack_size)?__stack_size:0x800
                0x0000000000000000                _SwConfig = (DEFINED (g_bSWConf_Debug) | (DEFINED (g_bSWConf_AltDebugPort) << 0x1))

.version        0x000000000007fffc        0x4
                0x000000000007fffc        0x4 LONG 0xf03000b

.bir            0x0000000000080000       0x10
                0x0000000000080000                _flash_start = ABSOLUTE (.)
                0x0000000000080000                _flash_beg = ABSOLUTE (.)
                0x0000000000080000        0x4 LONG 0x12345678
                0x0000000000080004        0x4 LONG 0x11223344
                0x0000000000080008        0x4 LONG 0x55667788
                0x000000000008000c        0x1 BYTE 0x8
                0x000000000008000d        0x1 BYTE 0x1
                0x000000000008000e        0x2 SHORT 0x0

.flashheader    0x0000000000080010       0x28
                0x0000000000080010        0x4 LONG 0x0
                0x0000000000080014        0x4 LONG 0x0
                0x0000000000080018        0x4 LONG 0x0
                0x000000000008001c        0x2 SHORT 0x0
                0x000000000008001e        0x2 SHORT 0x0 ABSOLUTE (_SwConfig)
                0x0000000000080020                _enc_start = ABSOLUTE (.)
                0x0000000000080020        0x4 LONG 0x1f338 ABSOLUTE (_image_len)
                0x0000000000080024        0x4 LONG 0x9e9c8 ABSOLUTE (_flash_data_start)
                0x0000000000080028        0x2 SHORT 0x13 ((ABSOLUTE (_ram_data_start) / 0x4) & 0xffff)
                0x000000000008002a        0x2 SHORT 0x25c ((ABSOLUTE (_ram_data_len) / 0x4) & 0xffff)
                0x000000000008002c        0x2 SHORT 0x26f ((ABSOLUTE (_bss_start) / 0x4) & 0xffff)
                0x000000000008002e        0x2 SHORT 0xfd5 ((ABSOLUTE (_bss_len) / 0x4) & 0xffff)
                0x0000000000080030        0x4 LONG 0x9d574 ABSOLUTE (AppWarmStart)
                0x0000000000080034        0x4 LONG 0x9d58e ABSOLUTE (AppColdStart)
                0x0000000000000000                _enc_offset = (_enc_start & 0xf)

.ro_mac_address
                0x0000000000080040        0x0
                0x0000000000080040                _FlsMACAddress = ABSOLUTE (.)
 *(.ro_mac_address)
                0x0000000000080040                . = ALIGN (0x10)

.ro_ota_header  0x0000000000080040        0x0
                0x0000000000080040                _FlsOtaHeader = ABSOLUTE (.)
 *(.ro_ota_header)
                0x0000000000080040                . = ALIGN (0x10)

.ro_se_lnkKey   0x0000000000080040        0x0
                0x0000000000080040                _FlsLinkKey = ABSOLUTE (.)
 *(.ro_se_lnkKey)
                0x0000000000080040                . = ALIGN (0x10)

.rodata         0x0000000000080038     0x1638
 *(.rodata*)
 .rodata.str1.1
                0x0000000000080038       0xbb C:\Users\1\AppData\Local\Temp\ccO8oqWS.ltrans0.ltrans.o
 *fill*         0x00000000000800f3        0x1 00
 .rodata        0x00000000000800f4       0xb0 C:\Users\1\AppData\Local\Temp\ccO8oqWS.ltrans0.ltrans.o
                0x00000000000800f4                psAplDefaultZLLAPSLinkKey
                0x00000000000800f8                gMAC_u8MaxBuffers
                0x00000000000800fc                g_u32ApsFcSaveCountBitShift
                0x0000000000080100                u8MaxZpsConfigEp
                0x0000000000080101                au8EpMapPresent
                0x0000000000080104                s_groupPdmTable
 .rodata.str1.1
                0x00000000000801a4       0x3e C:\Users\1\AppData\Local\Temp\ccO8oqWS.ltrans1.ltrans.o
 *fill*         0x00000000000801e2        0x2 00
 .rodata        0x00000000000801e4       0x40 C:\Users\1\AppData\Local\Temp\ccO8oqWS.ltrans2.ltrans.o
 .rodata        0x0000000000080224       0x18 C:\Users\1\AppData\Local\Temp\ccO8oqWS.ltrans5.ltrans.o
 .rodata.str1.1
                0x000000000008023c        0x3 C:\Users\1\AppData\Local\Temp\ccO8oqWS.ltrans5.ltrans.o
 .rodata.str1.1
                0x0000000000000000        0x3 C:\Users\1\AppData\Local\Temp\ccO8oqWS.ltrans6.ltrans.o
                                          0xf (size before relaxing)
 .rodata        0x000000000008023f        0x7 C:\Users\1\AppData\Local\Temp\ccO8oqWS.ltrans6.ltrans.o
                0x000000000008023f                u8MacNwkTriesTimeout
 .rodata.str1.1
                0x0000000000080246        0x5 C:\Users\1\AppData\Local\Temp\ccO8oqWS.ltrans7.ltrans.o
                                          0x8 (size before relaxing)
 .rodata        0x000000000008024b       0x6b C:\Users\1\AppData\Local\Temp\ccO8oqWS.ltrans7.ltrans.o
 .rodata.str1.1
                0x00000000000802b6       0x24 C:\Users\1\AppData\Local\Temp\ccO8oqWS.ltrans11.ltrans.o
                                         0x27 (size before relaxing)
 .rodata.str1.1
                0x00000000000802da       0x49 C:\Users\1\AppData\Local\Temp\ccO8oqWS.ltrans12.ltrans.o
                                         0x6a (size before relaxing)
 *fill*         0x0000000000080323        0x1 00
 .rodata        0x0000000000080324       0x18 C:\Users\1\AppData\Local\Temp\ccO8oqWS.ltrans13.ltrans.o
                0x0000000000080324                au32NwkPdmRecordOffsets
 .rodata.str1.1
                0x000000000008033c      0x265 C:\Users\1\AppData\Local\Temp\ccO8oqWS.ltrans14.ltrans.o
 *fill*         0x00000000000805a1        0x3 00
 .rodata        0x00000000000805a4        0x8 C:\Users\1\AppData\Local\Temp\ccO8oqWS.ltrans14.ltrans.o
                0x00000000000805a4                au32UartAddrOffset
 .rodata.str1.1
                0x00000000000805ac       0xf7 C:\Users\1\AppData\Local\Temp\ccO8oqWS.ltrans15.ltrans.o
                                        0x10c (size before relaxing)
 .rodata.str1.1
                0x00000000000806a3      0x34c C:\Users\1\AppData\Local\Temp\ccO8oqWS.ltrans16.ltrans.o
                                        0x360 (size before relaxing)
 .rodata.str1.1
                0x00000000000809ef      0x3fd C:\Users\1\AppData\Local\Temp\ccO8oqWS.ltrans17.ltrans.o
                                        0x423 (size before relaxing)
 .rodata        0x0000000000080dec       0x14 C:\Users\1\AppData\Local\Temp\ccO8oqWS.ltrans17.ltrans.o
                0x0000000000080dfc                pu64NewMacOverrideMyAddressLocation
 .rodata.str1.1
                0x0000000000080e00        0xd C:\Users\1\AppData\Local\Temp\ccO8oqWS.ltrans18.ltrans.o
                                         0x17 (size before relaxing)
 *fill*         0x0000000000080e0d        0x3 00
 .rodata        0x0000000000080e10       0x90 C:\Users\1\AppData\Local\Temp\ccO8oqWS.ltrans18.ltrans.o
                0x0000000000080e10                s_apsStSceTbl.115738
                0x0000000000080e24                s_aprIdleStHandleCme.123755
                0x0000000000080e34                s_aprActvStHandleCme.120641
                0x0000000000080e4c                zps_sJoinSceTbl
                0x0000000000080e58                zps_sActvSceTbl
 .rodata.str1.1
                0x0000000000080ea0        0x5 C:\Users\1\AppData\Local\Temp\ccO8oqWS.ltrans19.ltrans.o
                                         0x17 (size before relaxing)
 *fill*         0x0000000000080ea5        0x3 00
 .rodata        0x0000000000080ea8      0x118 C:\Users\1\AppData\Local\Temp\ccO8oqWS.ltrans22.ltrans.o
                0x0000000000080ea8                gu32ZCLVersion
                0x0000000000080eac                OS_g_u32Version
                0x0000000000080eb0                PDUM_g_u32Version
                0x0000000000080eb4                ZPS_g_u32MacVersion
                0x0000000000080eb8                ZPS_g_u32TsvVersion
 .rodata.str1.1
                0x0000000000080fc0        0x3 C:\Users\1\AppData\Local\Temp\ccO8oqWS.ltrans23.ltrans.o
                                         0x1f (size before relaxing)
 *fill*         0x0000000000080fc3        0x1 00
 .rodata        0x0000000000080fc4       0xe8 C:\Users\1\AppData\Local\Temp\ccO8oqWS.ltrans23.ltrans.o
 .rodata.str1.1
                0x0000000000000000        0x3 C:\Users\1\AppData\Local\Temp\ccO8oqWS.ltrans24.ltrans.o
 .rodata        0x00000000000810ac       0x4c C:\Users\1\AppData\Local\Temp\ccO8oqWS.ltrans24.ltrans.o
                0x00000000000810ac                g_u32NwkFcSaveCountBitShift
 .rodata.str1.1
                0x0000000000000000        0x3 C:\Users\1\AppData\Local\Temp\ccO8oqWS.ltrans25.ltrans.o
                                          0x8 (size before relaxing)
 .rodata.str1.1
                0x0000000000000000       0x13 C:\Users\1\AppData\Local\Temp\ccO8oqWS.ltrans26.ltrans.o
 .rodata.str1.1
                0x00000000000810f8       0x19 C:\Users\1\AppData\Local\Temp\ccO8oqWS.ltrans27.ltrans.o
                                         0x3c (size before relaxing)
 .rodata.str1.1
                0x0000000000081111       0x67 C:\Users\1\AppData\Local\Temp\ccO8oqWS.ltrans28.ltrans.o
 .rodata.str1.1
                0x0000000000081178       0x21 C:\Users\1\AppData\Local\Temp\ccO8oqWS.ltrans30.ltrans.o
                                         0x28 (size before relaxing)
 .rodata        0x0000000000081199        0xc C:\Users\1\AppData\Local\Temp\ccO8oqWS.ltrans30.ltrans.o
 .rodata.str1.1
                0x00000000000811a5       0xeb C:\Users\1\AppData\Local\Temp\ccO8oqWS.ltrans31.ltrans.o
 .rodata        0x0000000000081290      0x3e0 C:\Users\1\AppData\Local\Temp\ccO8oqWS.ltrans31.ltrans.o
                0x0000000000081290                zps_g_pvApl

.text           0x0000000000081670    0x1d356
 *(.text*)
 .text          0x0000000000081670     0x1adc C:\Users\1\AppData\Local\Temp\ccO8oqWS.ltrans0.ltrans.o
                0x0000000000081670                vInitialiseApp.3484
                0x0000000000081670                APP_TIMER_Version_1v0
 .text          0x000000000008314c     0x1738 C:\Users\1\AppData\Local\Temp\ccO8oqWS.ltrans1.ltrans.o
                0x000000000008314c                vZCL_EventHandler
 .text          0x0000000000084884     0x1222 C:\Users\1\AppData\Local\Temp\ccO8oqWS.ltrans2.ltrans.o
                0x0000000000084884                DBG_iUartGetChar
                0x00000000000848e1                vMMAC_IntHandlerBbc
                0x00000000000848fb                eBasicTxCompleteHandler
                0x0000000000084900                vTxRxTimeout.129193
                0x000000000008495d                zps_eNwkHandleSmeOrphanInd
                0x0000000000084964                eSmeASFlBeaconInd.122405
                0x0000000000084986                eSmeUDNTScanDcfm.121860
                0x00000000000849a2                vNwkMcpsTimerCallback
                0x0000000000084a27                zps_eNwkHandleSmePollDcfm
                0x0000000000084a51                eSmeGenlScanDcfm.122397
                0x0000000000084aaf                eNldeDataDcfm.117631
                0x0000000000084adf                eSmeEdScScanDcfm.122393
                0x0000000000084c86                eSmeAcScBeaconInd.122413
                0x0000000000084d8e                eSmeUDNTBeaconInd.122389
                0x0000000000084db1                vAHI_WakeTimerStart.part.1.132160.constprop.109
                0x0000000000084df2                vMiniMac_MLME_SetReq_PanId
                0x0000000000084e2f                vMiniMac_MLME_SetReq_ShortAddr
                0x0000000000084e3d                u16AHI_UartBlockReadData.part.14.131948.constprop.82
                0x0000000000084e6d                vZCL_InitializeClusterInstance.constprop.63
                0x0000000000084e7e                pvZCL_HeapAlloc.part.0.42859.constprop.56
                0x0000000000084eb7                vMiniMac_ReturnTxBufferCallback
                0x0000000000084ec9                psGetTxFrameBuffer
                0x0000000000084f08                pvHeap_Alloc
                0x0000000000084f0b                vMicroIntRestoreState
                0x0000000000084f17                bAHI_WriteEEPROMfixSegmentData
                0x0000000000084f75                bAHI_InitialiseEEPROM
                0x0000000000084fbd                vAHI_ReadDataFromEEPROMregister
                0x0000000000084fea                vAHI_WriteDataIntoEEPROMregister
                0x000000000008501a                iPDM_WriteSegmentHeaderDataIntoEEPROMsegment
                0x0000000000085049                u8AHI_WakeTimerFiredStatus
                0x000000000008505d                vAHI_WakeTimerStop.part.3.132172
                0x000000000008507d                vAHI_UartReset.part.4.131926
                0x00000000000850b5                vAHI_UartDisable.part.8.132059
                0x0000000000085121                vAHI_UartSetBaudDivisor.part.1.131906
                0x0000000000085160                vAHI_OptimiseWaitStates
                0x00000000000851ac                bAHI_GetClkSource
                0x00000000000851b9                vAHI_SwReset
                0x00000000000851e9                vAHI_DioSetOutput
                0x00000000000851fd                vAHI_DioSetDirection
                0x0000000000085211                vEcbEncodeStripe.131381
                0x0000000000085268                bIssueACIcommand
                0x00000000000852fe                AESSW_vMMOBlockUpdate
                0x0000000000085370                MAC_u64GetExtAddr
                0x000000000008538b                psSearchForFrameToSend
                0x00000000000853e2                eMiniMac_FrameInProgress
                0x000000000008540d                vRemoveFromTxQueue
                0x0000000000085449                vAddToTxQueue
                0x000000000008547f                u8GetHeaderSize
                0x00000000000854a7                vMiniMac_PLME_SetReq_CcaMode
                0x00000000000854bb                vMiniMac_MLME_SetReq_MaxCsmaBackoffs
                0x00000000000854db                vMiniMac_MLME_SetReq_MaxBe
                0x00000000000854fe                vMiniMac_MLME_SetReq_MinBe
                0x0000000000085521                zps_vSendJoinInd
                0x0000000000085592                zps_psNwkSlistRemoveFromHead
                0x00000000000855a9                zps_psNwkSlistRemove
                0x00000000000855e1                zps_bNwkMcpsMgrRemoveDescrFromLists
                0x000000000008561f                zps_vNwkSlistAddToTail
                0x0000000000085639                ZPS_bNwkSecHaveNetworkKey
                0x000000000008566d                ZPS_bNwkSecFindMatSet
                0x00000000000856a9                ZPS_u8NwkNibNtDiscMatch
                0x000000000008578d                zps_vNwkFreeMcpsHandle
                0x00000000000857b7                ZPS_u64NwkNibGetMappedIeeeAddr
                0x00000000000857d9                ZPS_vNwkSecResetDevice
                0x000000000008581e                ZPS_bNwkNibNtActvMatch
                0x00000000000858d6                ZPS_u64NwkNibFindExtAddr
                0x0000000000085981                ZPS_u16NwkNibFindNwkAddr
                0x0000000000085a27                bCheckNwkAddr
                0x0000000000085a75                zps_vSendNwkStatusInd
 .text.unlikely
                0x0000000000085aa6       0xc8 C:\Users\1\AppData\Local\Temp\ccO8oqWS.ltrans2.ltrans.o
                0x0000000000085abb                vAHI_MemoryHold.131604
 .text          0x0000000000085b6e     0x12ec C:\Users\1\AppData\Local\Temp\ccO8oqWS.ltrans3.ltrans.o
                0x0000000000085b6e                zps_eSceGenlIllegal
                0x0000000000085b75                zps_eSmeGenlIllegal
                0x0000000000085b7c                DBG_vUartFailedAssert
                0x0000000000085b80                zps_bAplZdoBindRequestServer
                0x0000000000085cbb                psGetVsMcpsBuf.71609
                0x0000000000085cc4                psGetMlmeBuf.71602
                0x0000000000085d0b                psGetNlmeBuf.54552
                0x0000000000085d15                psGetNldeBuf.54573
                0x0000000000085d1f                psGetApsmeBuf.54559
                0x0000000000085d28                psGetApsdeBuf.54566
                0x0000000000085e41                vLoopbackTimerCallback
                0x0000000000085e70                ZPS_vSetExtendedStatus
                0x0000000000085e82                zps_psApsApsAllocateDcfmRecord
                0x0000000000085ef0                zps_u8CalcLinkCost
                0x0000000000085f2c                zps_u64NwkLibFromPayload
                0x0000000000085f6b                zps_vNwkLibU64ToPayload
                0x0000000000085f98                zps_vInitBeaconPayload
                0x0000000000086014                zps_eNwkDcfmIndPost
                0x0000000000086036                zps_psNwkDcfmIndGetBuf
                0x0000000000086058                DBG_vInit
                0x000000000008609a                vPDM_ReadBitmapHeader.111416
                0x00000000000860b9                psSLISTsearch
                0x00000000000860f9                psSLISTremove
                0x0000000000086177                vSLISTaddToTail
                0x0000000000086196                psSLISTgetNext
                0x00000000000861ba                u8PDM_CalculateLargestDataRecordStored
                0x00000000000861eb                bPDM_ImageBitmapRepairCheck
                0x0000000000086213                u8PDM_ReadSequenceNumber
                0x0000000000086236                boSegmentNumberDeleteSearchMatch.110986
                0x0000000000086251                u8PDM_ReadSegmentDataSize
                0x0000000000086265                u32PDM_ReadFileSystemHeaderWearCount
                0x000000000008627b                boSearchForWearCountSubstitute.111302
                0x00000000000862a1                boSearchForWearCountInsertPoint.110555
                0x00000000000862bf                vPDM_WriteFileSystemHeaderWearCount
                0x00000000000862d1                RND_u32GetRand256
                0x00000000000862ee                RND_u32GetRand
                0x0000000000086315                u16CalculateFailedTxCount.87310
                0x000000000008633f                vZdoIeeeAddrServerSendExtendResponse.part.0.75430
                0x00000000000863a0                vZdoNwkAddrServerSendExtendResponse.part.0.74250
                0x0000000000086401                zps_bAplZdoServerHandleConfirmAcks
                0x000000000008644b                zps_bPerformLeaveActionDecider
                0x0000000000086450                vHandleUpdateDeviceIndication.63618
                0x000000000008647a                u32GetScanChannels.63605
                0x00000000000864a5                bDuplicateCheck.59985
                0x00000000000865b2                bIsBindTableMatch.58553
                0x0000000000086603                eRemoveEntryInBindingTable.58581
                0x0000000000086682                zps_vAplApsFillAndPostApsAck
                0x00000000000866ec                zps_u8AplApsFreeMsgHandle
                0x0000000000086756                u8BlocksToSendInWindow.56049
                0x00000000000867a8                vFillDataIndStruct.54419
                0x0000000000086806                vFillApduErrorEvent.54412
                0x0000000000086849                bCheckProfile.54407
                0x0000000000086887                ZPS_bIsGroupPresent
                0x00000000000868bf                pdum_u16ReadNBO
                0x0000000000086a20                PDUM_u16SizeNBO
                0x0000000000086a7e                PDUM_u16APduInstanceWriteStrNBO
                0x0000000000086bfd                PDUM_eNPduReadHeaderNBO
                0x0000000000086c50                PDUM_u16APduInstanceReadNBO
                0x0000000000086c9b                PDUM_eNPduPrependHeaderNBO
                0x0000000000086cf6                PDUM_eNPduAppendDataNBO
                0x0000000000086d53                PDUM_u16APduInstanceWriteNBO
                0x0000000000086dbd                PDUM_thAPduInstanceGetApdu
                0x0000000000086dd8                PDUM_eAPduInstanceSetPayloadSize
                0x0000000000086e00                PDUM_eNPduWriteDataFromBuffer
 .text          0x0000000000086e5a      0xfd6 C:\Users\1\AppData\Local\Temp\ccO8oqWS.ltrans4.ltrans.o
                0x0000000000086e94                DBG_vUartPutch
                0x0000000000086eda                DBG_vUartFlush
                0x0000000000086f07                vRadioToOff
                0x0000000000086f24                vStartReceive
                0x0000000000086f3f                vMiniMac_NextTransaction
                0x0000000000086fa9                vPostTxActions.129241
                0x0000000000087139                vDispatch.51321
                0x000000000008720b                OS_eStartSWTimer.constprop.139
                0x000000000008732a                OS_eStopSWTimer
                0x000000000008744d                vStartStopTimer
                0x0000000000087478                vStopAllTimers
                0x00000000000874aa                vStopSWTimers.6057
                0x000000000008755b                OS_ePostMessage
                0x00000000000876c1                OS_eActivateTask
                0x000000000008775c                vPostMlmeDcfmInd.71605
                0x00000000000877ff                u16ZCL_APduInstanceWriteNBO
                0x00000000000878a9                u16ZCL_WriteCommandHeader
                0x0000000000087921                u16ZCL_APduInstanceReadNBO
                0x0000000000087a06                u16ZCL_ReadCommandHeader.part.0.34907
                0x0000000000087a7d                u16ZCL_APduInstanceWriteStringNBO
                0x0000000000087b44                u16ZCL_WriteAttributeValueIntoBuffer
                0x0000000000087bb6                u16ZCL_APduInstanceReadStringNBO.part.3.32121
                0x0000000000087c8f                eZCL_GetAttributeTypeSizeFromBuffer
                0x0000000000087d06                u16ZCL_GetTxPayloadSize
                0x0000000000087d46                iPDM_ReadSegmentHeaderDataFromEEPROMsegment
                0x0000000000087d9f                iPDM_ReCalculateWearCountAndChecksumAndWriteFileSystemHeader
                0x0000000000087de9                vPDM_SetEEPROMandFileSystemValidState
                0x0000000000087e10                iPDM_ReadUserDataFromFileSystemRecord
 .text          0x0000000000087e30      0xe0e C:\Users\1\AppData\Local\Temp\ccO8oqWS.ltrans5.ltrans.o
                0x0000000000087e30                os_vAPP_cbDisableTickTimer
                0x0000000000087e74                os_vAPP_cbEnableTickTimer
                0x0000000000087ef4                eOrphanNotificationSent.129965
                0x0000000000087fad                DBG_vUartInitHardware
                0x000000000008807f                eCLD_BasicCommandHandler
                0x00000000000880a2                eZCL_SearchForClusterEntry
                0x0000000000088117                eZCL_FindCluster
                0x0000000000088168                User_Uart_Init
                0x00000000000881ee                ZPS_bSecDecrypt
                0x0000000000088300                boPDM_IsBitmapSaturated.111451
                0x0000000000088349                vDLISTaddToHead
                0x0000000000088372                vDLISTaddToTail
                0x0000000000088395                psDLISTremove
                0x00000000000883f7                eZCL_SearchForAttributeEntry
                0x0000000000088490                iPDM_SearchForBufferIdInList
                0x00000000000884c5                iPDM_SearchForBufferIdInFileSystem
                0x00000000000884d8                iPDM_ReadUserDataFromSegmentWithId
                0x000000000008850d                iPDM_SearchForSpecificSegmentInList
                0x000000000008853f                eTransmit
                0x000000000008861c                vRetryCcaFailure
                0x0000000000088670                eBuildAndSend.129973
                0x00000000000886e5                vMiniMac_TxComplete
                0x00000000000887cc                vTimerFired
                0x0000000000088884                vMiniMac_Init
 .text          0x0000000000088c3e     0x111a C:\Users\1\AppData\Local\Temp\ccO8oqWS.ltrans6.ltrans.o
                0x0000000000088efa                zps_bAplZdoMatchDescServer
                0x0000000000088f0e                zps_bAplZdoNodeDescServer
                0x000000000008907a                zps_bAplZdoSimpleDescServer
                0x00000000000892db                ZPS_bSecEncrypt
                0x0000000000089491                PDUM_eNPduAllocate
                0x0000000000089500                vMiniMac_McpsCallback
                0x000000000008972c                PDUM_eNPduClone
                0x0000000000089778                PDUM_eNPduFree
                0x00000000000897e5                zps_vHandleExtendedDataAckFrame
                0x00000000000898c9                vPostVsMcpsDcfmInd.71612
                0x00000000000899b2                zps_vNwkMcpsMgrFreeReqDescr
                0x00000000000899e4                zps_psAllocateAndFormatMacHdr
                0x0000000000089b37                zps_psNwkInitCmdFrame
                0x0000000000089c04                zps_vNwkRemoveConflictedBroadcast
                0x0000000000089c56                zps_vNwkMcpsMgrTidyBtrReqDescr
                0x0000000000089c9a                vNwkBttTimerExpiry.120689
                0x0000000000089d1c                hZCL_AllocateAPduInstance
 .text          0x0000000000089d58      0xe7b C:\Users\1\AppData\Local\Temp\ccO8oqWS.ltrans7.ltrans.o
                0x0000000000089d58                os_u32APP_cbGetTickTimer
                0x0000000000089d61                os_bAPP_cbSetTickTimerCompare
                0x0000000000089dbd                vZdoServersInit.2866
                0x0000000000089ef4                boIdValueSearchMatch.110559
                0x000000000008a0a8                u16PDM_CalculateRecordChecksum
                0x000000000008a14b                iPDM_ReadUserDataFromEEPROMsegment
                0x000000000008a1c5                vPDM_WriteFileSystemRecordAndSegmentDataIntoEEPROMsegment
                0x000000000008a200                u8ZdoBindUnbindServerUnpackApdu
                0x000000000008a24f                PWRM_vWakeInterruptCallback
                0x000000000008a29b                PWRM_eScheduleActivity.constprop.104
                0x000000000008a3b8                zps_vSendJoinDcfm
                0x000000000008a3fe                vGiveUp.124976
                0x000000000008a436                ZPS_eTsvOpen
                0x000000000008a450                psGetAndBuildCoordRealignment
                0x000000000008a4a8                iPDM_FilterDuplicateAppendedSegmentsOnList.111731
                0x000000000008a4ec                sEZ_GetDiscEntry.7943
                0x000000000008a52d                ZPS_bIsMacAddressUsedInApsTable
                0x000000000008a5e3                zps_vNwkBttMgrInit
                0x000000000008a611                ZPS_vNwkNibClearTables
                0x000000000008a732                vMicroIntEnableOnly.constprop.134
                0x000000000008a75e                vSetChannelAndPower
                0x000000000008a8fe                vMiniMac_PLME_SetReq_Power
                0x000000000008a912                vMiniMac_PLME_SetReq_Channel
                0x000000000008a91a                TSV_eStart
                0x000000000008a96a                iAHI_WriteDataIntoEEPROMsegment.constprop.129
                0x000000000008a9b8                vACI_OptimisedCcmStar.constprop.127
                0x000000000008aba3                vTransformKey.isra.0.60104
 .text          0x000000000008abd3     0x108a C:\Users\1\AppData\Local\Temp\ccO8oqWS.ltrans8.ltrans.o
                0x000000000008ad23                zps_eNwkHandleSceRejnResponse
                0x000000000008ad8c                zps_vAplSaveRecord
                0x000000000008ae2d                vHandleJoinedNwk.8190
                0x000000000008af0f                zps_bNwkFindAddIeeeAddr
                0x000000000008b08d                zps_psFindKeyDescr
                0x000000000008b1b9                ZPS_bNwkNibAddrMapAddEntry
                0x000000000008b380                eCheckAddrConflict.isra.3.114861
                0x000000000008b416                vAplSecRemoveLinkKey.63711
                0x000000000008b493                ZPS_vNwkSaveAllRecords
                0x000000000008b4aa                zps_vSaveAllZpsRecords
                0x000000000008b4c9                ZPS_vNwkNibSetExtPanId
                0x000000000008b4ed                vFinish.125408
                0x000000000008b535                ZPS_vNwkNibSetKeySeqNum
                0x000000000008b549                ZPS_vNwkNibSetDepth
                0x000000000008b572                ZPS_vNwkNibSetPanId
                0x000000000008b590                vHandleNwkRemoteUpdateAfterBcast.114655
                0x000000000008b60b                ZPS_vNwkNibSetCapabilityInfo
                0x000000000008b638                ZPS_vNwkNibSetChannel
                0x000000000008b650                ZPS_vNtSetUsedStatus
                0x000000000008b6f7                zps_sNwkNibNtCheckJoin
                0x000000000008b97d                zps_vNwkHandleCmeDirectJoinReq
                0x000000000008b9f7                zps_vJoinInitNtParent
                0x000000000008bb4d                zps_vCheckActvNtForDuplicate
                0x000000000008bbe5                eSmeOrphScanDcfm.125418
 .text          0x000000000008bc5d     0x1126 C:\Users\1\AppData\Local\Temp\ccO8oqWS.ltrans9.ltrans.o
                0x000000000008bc5d                OS_eExitCriticalSection
                0x000000000008bd42                PDUM_hAPduAllocateAPduInstance
                0x000000000008bdb6                zps_eAplZdoSendZdpResponse
                0x000000000008bdff                bSendResponse.86121
                0x000000000008be42                PDUM_eAPduFreeAPduInstance
                0x000000000008bec5                zps_bAplZdoPowerDescServer
                0x000000000008bfe2                zps_bAplZdoActiveEpServer
                0x000000000008c0cb                zps_bAplZdoSystemServerDiscoveryServer
                0x000000000008c154                zps_bAplZdoMgmtLqiServer
                0x000000000008c380                PDM_eReadDataFromRecord.part.0.109798
                0x000000000008c441                ZPS_pvNwkCtor.part.0.113697
                0x000000000008c72a                vLoadAplRecord.63645
                0x000000000008c75e                ZPS_eTsvStart
                0x000000000008c7b9                zps_vAplApsCheckAndStartPollTimer
                0x000000000008c818                zps_eAplZdoBdrmRequestSend
                0x000000000008c893                zps_eNwkHandleSceNwkUpdate
                0x000000000008c8b7                vProcessTimedList.115519
                0x000000000008c8fd                zps_vAplAfPostTimerEvent
                0x000000000008c94c                zps_vNwkJoinStStartResponseTimer
                0x000000000008c986                ZPS_eTsvStop
                0x000000000008c9da                eCopyFragmentToApdu.isra.0.54448
                0x000000000008cafc                zps_eNwkBtrMatch
                0x000000000008cb89                zps_vAplApsStopPollTimer
                0x000000000008cc18                zps_vFragmentWindowTimeout.54403
                0x000000000008cc7e                zps_vAplApsFragTransmitNotifyApp.57119
                0x000000000008cd19                bHasTimerFired.48628
 .text          0x000000000008cd83      0xecd C:\Users\1\AppData\Local\Temp\ccO8oqWS.ltrans10.ltrans.o
                0x000000000008ce6f                vIncrementFrameCounterInPdm.isra.0.116855
                0x000000000008d04e                vProcessListsForSubmission.115605
                0x000000000008d40a                zps_eNwkHandleSdeActvDcfmData
                0x000000000008d4f1                iPDM_VerifyDataSequenceWithBufferId
                0x000000000008d593                Uart_Task_Init
                0x000000000008d814                vSaveIASZoneAttributes
                0x000000000008d853                zps_eAplApsmeUnBindReqRsp
                0x000000000008d8b9                bAplZdoBindUnbindServerProcessApdu
                0x000000000008db5e                zps_eAplSecEncryptPacket
 *fill*         0x000000000008dc50        0x0 00
 .text          0x000000000008dc50      0xf1c C:\Users\1\AppData\Local\Temp\ccO8oqWS.ltrans11.ltrans.o
                0x000000000008dc50                vMcpsMgrExpiry.115507
                0x000000000008dedf                zps_eStartFragmentedTransmission
                0x000000000008e0d1                zps_vAplApsmeCmdMgrRetryTimeout.58545
                0x000000000008e0fa                vMiniMac_MlmeCallback
                0x000000000008e3e7                vPollConfirm.130168
                0x000000000008e3fe                ZPS_vNwkResetOutgoingFrameCounter
                0x000000000008e452                zps_vSendExtendedAckDataFrame.54442
                0x000000000008e565                eUnfragmentedUnicastTransmission.57146
                0x000000000008e85d                zps_eAplSendApsmeCmdFrame
                0x000000000008e9fd                zps_eAplApsmeUpdateDeviceReqRsp.part.4.58710
 .text          0x000000000008eb6c      0xe7e C:\Users\1\AppData\Local\Temp\ccO8oqWS.ltrans12.ltrans.o
                0x000000000008eb6c                zps_bAplZdoBindUnbindServer
                0x000000000008ec78                zps_bAplZdoDefaultServer
                0x000000000008eed9                zps_eZdpNodeDescResponse
                0x000000000008ef81                zps_eZdpSimpleDescResponse
                0x000000000008f08e                zps_eZdpIeeeAddrResponse
                0x000000000008f171                zps_eZdpPowerDescResponse
                0x000000000008f20e                zps_eZdpActiveEpResponse
                0x000000000008f2a4                zps_eZdpMatchDescResponse
                0x000000000008f33a                zps_eZdpSystemServerDiscoveryResponse
                0x000000000008f3a9                zps_eAplZdpMgmtLqiResponse
                0x000000000008f543                zps_bAplZdoMgmtNWKUpdateServer
                0x000000000008f8b3                zps_eAplAfBoundDataReqNonBlocking
 .text          0x000000000008f9ea      0xca0 C:\Users\1\AppData\Local\Temp\ccO8oqWS.ltrans13.ltrans.o
                0x000000000008f9ea                vPDM_MoveAllDataFromListToList
                0x000000000008fa28                vPDM_MoveAllDataWithBufferIdAndStateFromListToList
                0x000000000008fab3                vPDM_MoveAllDataToDeAllocList
                0x000000000008fadb                vPDM_MoveAllDataWithBufferIdFromListToList
                0x000000000008fb60                vPDM_DeleteAllSegmentsWithIdFromFileSystemList.constprop.48
                0x000000000008fba2                vPDM_MoveFileRecordFromListToList
                0x000000000008fbc6                vPDM_MoveRecordToDeAllocList
                0x000000000008fbe6                vPDM_DeleteAppendedSequence
                0x000000000008fc8b                iPDM_SegmentCopyAndAppendData.constprop.122
                0x000000000008fce8                iPDM_ReconstructReplacedDataTable
                0x000000000008ff67                PDM_eSaveRecordData
                0x000000000009039c                ZPS_vNwkSaveRecord
                0x00000000000903c8                ZPS_vNwkSaveNt
                0x00000000000903db                zps_eNwkHandleSmeCommStatusInd
                0x000000000009051b                eUnsolicitedRejoinRspDataDcfm.114659
                0x0000000000090546                eRejoinRspDataDcfm.124226
                0x0000000000090615                ZPS_vNwkSaveSecMat
                0x0000000000090629                vPDM_ImageBitmapRepair.110474
 *fill*         0x000000000009068a        0x2 00
 .text          0x000000000009068c      0xdac C:\Users\1\AppData\Local\Temp\ccO8oqWS.ltrans14.ltrans.o
                0x00000000000906c2                vCLD_IdentifyTimerClickCallback.15467
                0x000000000009073d                eZCL_SetReceiveEventAddressStructure.part.0.42649
                0x00000000000907aa                dbg_vPrintfImplNoneVerbose
                0x0000000000090c31                pwrm_Wakeup.3488
                0x0000000000090dd7                app_UartSendMesg
                0x0000000000090df9                vExtendedStatusCallBack.3481
                0x0000000000090e04                pwrm_PreSleep.3492
                0x0000000000090e65                vOSError
                0x0000000000090ebc                os_vvDeviceStateIndicatorTask
                0x0000000000090f56                vScheduleSleep
                0x0000000000091000                os_vvISR_SystemController
                0x0000000000091066                os_vAPP_ButtonsScanTask
                0x00000000000910b4                DBG_vDumpStack
                0x00000000000910f6                vUnclaimedInterrupt
                0x000000000009110c                Uart_TxCMDData.3168
                0x0000000000091216                eZCL_BuildTransmitAddressStructure
                0x0000000000091283                eZCL_WriteLocalAttributeValue.constprop.111
                0x000000000009134d                eCLD_IASZoneUpdateZoneID
                0x000000000009135f                eCLD_IASZoneUpdateZoneState
                0x0000000000091370                eZCL_ReadLocalAttributeValue.constprop.22
 .text          0x0000000000091438      0xcf0 C:\Users\1\AppData\Local\Temp\ccO8oqWS.ltrans15.ltrans.o
                0x00000000000914a4                vAplSecAuthPollTimerExpiry.63595
                0x00000000000914fc                vAplSecAuthTimerExpiry.63599
                0x00000000000915cc                os_vAPP_PollTask
                0x000000000009161b                APP_ZCL_cbGeneralCallback.7634
                0x000000000009187b                vPostApsdeDcfmInd.54569
                0x0000000000091a84                eJoinNetwork.63658
                0x0000000000091b35                eDiscoverNetworks.63665
                0x0000000000091b91                eStartNetworkDiscovery.63672
                0x0000000000091bfb                eStartRouter.63682
                0x0000000000091cca                vPostApsmeDcfmInd.54562
 .text          0x0000000000092128     0x1268 C:\Users\1\AppData\Local\Temp\ccO8oqWS.ltrans16.ltrans.o
                0x0000000000092639                os_vAPP_taskuart
                0x0000000000092b0e                APP_ZCL_cbEndpointCallback.7631
                0x0000000000093054                os_vAPP_ZHA_Switch_Task
 .text          0x0000000000093390      0xe58 C:\Users\1\AppData\Local\Temp\ccO8oqWS.ltrans17.ltrans.o
                0x0000000000093390                vStartScanTimerExpiry.87306
                0x00000000000933cc                zps_vAplApsPollTimer
                0x000000000009342e                zps_eNwkSendJoinResponse
                0x00000000000935c0                zps_vProcessChildAddrConflict
                0x0000000000093683                zps_eNwkHandleSceNwkStatus
                0x000000000009379c                eEZ_UpdateEZState
                0x0000000000093953                vAppWakeCallBack
                0x0000000000093a5e                vHandleAppEvent.isra.0.5382
                0x0000000000093a83                app_vStartNodeFactoryNew
                0x0000000000093acf                zps_eAplZdoRejoinNetwork
                0x0000000000093c9d                vHandleJoinAndRejoinNWK.5391
 .text          0x00000000000941e8      0xcc4 C:\Users\1\AppData\Local\Temp\ccO8oqWS.ltrans18.ltrans.o
                0x00000000000941e8                vBbcIntHandler.128621
                0x00000000000944b1                os_vzps_isrMAC
                0x00000000000944f0                eAssocRespSent.129530
                0x000000000009450f                zps_vNwkHandleCmeSyncReq
                0x0000000000094591                zps_vNwkHandleCmeNwkDiscReq
                0x000000000009460b                zps_vNwkHandleCmeEdScanReq
                0x000000000009473e                zps_eNwkHandleSmeBeaconNotifyInd
                0x00000000000947a0                zps_vNwkHandleCmeNwkJoinReq
                0x0000000000094a5d                zps_vNwkHandleCmeNwkActvJoinReq
                0x0000000000094a69                vHandleRejoinExpiry.124972
                0x0000000000094ac8                zps_eRejoinDataDcfm
                0x0000000000094b0c                eSmeRjPCPollDcfm.125574
                0x0000000000094b4d                eSmeAsocAssocDcfm.125578
                0x0000000000094cb9                vHandleTransportKeyFrame.59940
 .text          0x0000000000094eac      0xeaf C:\Users\1\AppData\Local\Temp\ccO8oqWS.ltrans19.ltrans.o
                0x0000000000094eac                zps_eNwkHandleSmeAssocInd
                0x00000000000951bf                eTryNextParent
                0x00000000000952fb                vCheckSleepingSendPoll.part.1.125520
                0x0000000000095365                vSdeHandleMcpsDataInd.115585
                0x0000000000095a55                ZPS_vNwkNibCheckAndUpdateAddresses
                0x0000000000095af1                zps_bAplZdoDeviceAnnceServer
 *fill*         0x0000000000095d5b        0x1 00
 .text          0x0000000000095d5c      0xe88 C:\Users\1\AppData\Local\Temp\ccO8oqWS.ltrans20.ltrans.o
                0x0000000000096106                vSendMlmeCommStatusFromTxFrame
                0x000000000009615c                MAC_vHandleMlmeVsReqRsp.constprop.93
                0x0000000000096693                vScanBeaconReceived
                0x00000000000966d3                vRunningRxCallback
                0x00000000000969d3                vPostDcfm.129984
                0x0000000000096a3c                vScanNextChannel.129990
 .text          0x0000000000096be4      0xc18 C:\Users\1\AppData\Local\Temp\ccO8oqWS.ltrans21.ltrans.o
                0x0000000000096be4                vZdoBdrmSendNextTimedRequest
                0x0000000000096e6d                eAplAfCommonDataReq.53042
                0x0000000000096f34                eZCL_TransmitDataRequest
                0x00000000000972f4                eZCL_SendDefaultResponse
                0x00000000000973f3                vReportTimerClickCallback
 .text          0x00000000000977fc      0xe2a C:\Users\1\AppData\Local\Temp\ccO8oqWS.ltrans22.ltrans.o
                0x00000000000977fc                os_bDummyMemberCheck.51331
                0x0000000000097801                os_vDefaultErrorHook.51327
                0x0000000000097804                os_vAPP_PIRTask
                0x0000000000097807                os_bStrictCheck.1358
                0x0000000000097b32                PDUM_eNPduWriteDataToBuffer
                0x0000000000097b90                PDUM_eNPduWriteFromBuffer
                0x0000000000097bb9                PDUM_eNPduDescend
                0x0000000000097bdf                PDUM_eNPduAscend
                0x0000000000097c05                PDUM_eNPduClaimData
                0x0000000000097c72                PDUM_eNPduClaimHeader
                0x0000000000097c95                PDUM_eNPduInitDescending
                0x0000000000097cb0                OS_eEnterCriticalSection
                0x0000000000097d78                eExpireSWTimer.51340
                0x0000000000097de3                vEnterErrorHook.51323
                0x0000000000097e0a                OS_eCollectMessage
                0x0000000000097ecf                OS_eGetSWTimerStatus
                0x0000000000097f11                eZCL_SearchForEPentry
                0x0000000000097f59                eZCL_SearchForEPentryAndCheckManufacturerId
                0x0000000000097f97                vZCL_PassEventToUser
                0x0000000000097fc4                eZCL_DoesAttributeHaveReportableChange
                0x0000000000097fe1                eZCL_GetAttributeReportableEntry
                0x0000000000098099                vZCL_AlignNumericAttributeValueTo64.48091
                0x00000000000981a8                u8GetTransactionSequenceNumber
                0x00000000000981ba                eZCL_GetAttributeTypeSize
                0x00000000000981d9                vZCL_MarkAttributeInvalid
                0x00000000000982a8                u8ZCL_GetAttributeAllignToFourBytesBoundary
                0x00000000000982bd                pvZCL_GetAttributePointer
                0x0000000000098333                eZCL_StoreChangeAttributeValue
                0x00000000000983d2                u16ZCL_GetStringStructureSize
                0x000000000009840f                u16ZCL_GetStringAttributeTypeSizeFromBuffer
                0x0000000000098480                u16ZCL_GetStringSizeAndBufferFromStructure
                0x000000000009850f                eZCL_GetAttributeTypeSizeFromStructure
                0x0000000000098588                Linkkey_Calculate.3149
 *fill*         0x0000000000098626        0x2 00
 .text          0x0000000000098628      0xcd4 C:\Users\1\AppData\Local\Temp\ccO8oqWS.ltrans23.ltrans.o
                0x0000000000098628                os_vzps_taskZPS
                0x0000000000098851                vPostNldeDcfmInd.54576
 .text          0x00000000000992fc      0xbcc C:\Users\1\AppData\Local\Temp\ccO8oqWS.ltrans24.ltrans.o
                0x00000000000994ed                ZPS_vNwkHandleNlmeReqRsp
                0x0000000000099567                zps_vAplAfPostEvent
                0x00000000000996d6                zps_vHandleApsdeDataFragInd
                0x0000000000099b76                zps_eAplZdoNlmeleaveWrapper
                0x0000000000099bf4                zps_bAplZdoMgmtLeaveServer
                0x0000000000099d74                vChangeChannelTimerExpiry.87302
                0x0000000000099de3                eLeaveReset.126395
                0x0000000000099e4e                eLeaveDataDcfmLocalLeave.126400
 .text          0x0000000000099ec8      0xa79 C:\Users\1\AppData\Local\Temp\ccO8oqWS.ltrans25.ltrans.o
                0x0000000000099ec8                zps_bAplZdoIeeeAddrServer
                0x000000000009a01e                zps_bAplZdoNwkAddrServer
                0x000000000009a19f                eBeaconReqSent.129969
                0x000000000009a277                eMcpsTxCompleteHandler.128822
                0x000000000009a2a5                vPDM_AddFileSystemElementToListInAscendingWearCountOrder
                0x000000000009a3b3                iPDM_WriteSegmentHeaderAndData
                0x000000000009a5af                eMakeEntryInBindingTable.58599
                0x000000000009a659                zps_u8AplApsConstructAndPostLoopBackDataInd.57163
                0x000000000009a792                u8PostUnicastMsgToNHLE.57171
                0x000000000009a7cb                PWRM_vManagePower
 .text          0x000000000009a941      0xc00 C:\Users\1\AppData\Local\Temp\ccO8oqWS.ltrans26.ltrans.o
                0x000000000009a941                vMcpsMgrTimeoutExpiry
                0x000000000009a9b0                zps_vNwkMcpsMgrPost
                0x000000000009a9d5                zps_psSendFrm.constprop.125
                0x000000000009abda                ZPS_vNwkHandleNldeReqRsp
                0x000000000009adcc                zps_psNwkSendRejoinReqCmd.constprop.6
                0x000000000009ae2e                zps_u8NwkHandleRejoinReq
                0x000000000009af02                zps_vProcessLocalAddrConflict.part.0.114664
                0x000000000009af3c                vContinueRejoin.124222
                0x000000000009b05f                zps_vNwkHandleCmeLeaveReq
                0x000000000009b0c7                zps_eNwkHandleSceLeave
                0x000000000009b24d                zps_psSendNetworkStatusCmd
                0x000000000009b2c5                zps_eDefaultDataDcfm
                0x000000000009b467                vSendNetworkReport.114651
 .text          0x000000000009b541      0xa37 C:\Users\1\AppData\Local\Temp\ccO8oqWS.ltrans27.ltrans.o
                0x000000000009b541                ZPS_vAplHandleApsdeReqRsp
                0x000000000009b96a                zps_eAplZdpApsdeReqInternal
                0x000000000009b9d9                zps_eZdpNwkAddrResponse
                0x000000000009bbc4                zps_bAplZdoZdoClient
                0x000000000009bcd4                zps_bAplZdoMgmtBindServer
                0x000000000009bf15                zps_eAplZdpBindResponse
                0x000000000009bf36                zps_eZdpUnbindResponse
                0x000000000009bf57                zps_eZdpMgmtLeaveResponse
 .text          0x000000000009bf78      0x878 C:\Users\1\AppData\Local\Temp\ccO8oqWS.ltrans28.ltrans.o
                0x000000000009bf78                eRejoinNetwork.63632
                0x000000000009c01c                vPostNlmeDcfmInd.54555
                0x000000000009c70d                vEZ_JoinSavedNetwork.7973
                0x000000000009c7ca                vHandleJoinFailed.8196
 .text          0x000000000009c7f0      0x88f C:\Users\1\AppData\Local\Temp\ccO8oqWS.ltrans29.ltrans.o
                0x000000000009c7f0                vZCL_HandleAttributesWriteRequest
                0x000000000009cc4f                eZCL_CustomCommandReceive.part.0.30983
                0x000000000009cdc5                eCLD_IASZoneCommandHandler
                0x000000000009ced0                vZCL_HandleAttributesReadResponse
 .text          0x000000000009d07f      0x4f4 C:\Users\1\AppData\Local\Temp\ccO8oqWS.ltrans30.ltrans.o
                0x000000000009d07f                eCLD_IdentifyCommandHandler
                0x000000000009d22c                os_vZCL_Task
                0x000000000009d37e                zps_eAplAfApsdeDataReq
                0x000000000009d3d1                app_SendSW_Model
 *fill*         0x000000000009d573        0x1 00
 .text          0x000000000009d574      0x8a8 C:\Users\1\AppData\Local\Temp\ccO8oqWS.ltrans31.ltrans.o
                0x000000000009d574                AppWarmStart
                0x000000000009d58e                AppColdStart
                0x000000000009d838                os_vUnclaimedInterrupt
                0x000000000009d84a                os_vControlledIntCheck
                0x000000000009d88f                os_vControlledInterrupt
                0x000000000009d8c8                os_vAPP_isrIllegalInstructionException
                0x000000000009d8de                os_vAPP_isrAlignmentException
                0x000000000009d8f4                os_vAPP_isrBusErrorException
                0x000000000009d90a                os_vAPP_isrUnimplementedModuleException
                0x000000000009d920                os_vAPP_isrStackOverflowException
                0x000000000009d936                os_vAPP_isrTickTimer
                0x000000000009da26                os_vvISR_Uart1
 .text          0x000000000009de1c       0x25 c:/nxp/bstudio_nxp/workspace/sdk/tools/ba-elf-ba2-r36379/bin/../lib/gcc/ba-elf/4.7.4/../../../../ba-elf/lib/mcpu_jn51xx_sizeopt\libc.a(lib_a-memcmp.o)
                0x000000000009de1c                memcmp
 .text          0x000000000009de41       0x19 c:/nxp/bstudio_nxp/workspace/sdk/tools/ba-elf-ba2-r36379/bin/../lib/gcc/ba-elf/4.7.4/../../../../ba-elf/lib/mcpu_jn51xx_sizeopt\libc.a(lib_a-memcpy.o)
 .text          0x000000000009de5a       0x12 c:/nxp/bstudio_nxp/workspace/sdk/tools/ba-elf-ba2-r36379/bin/../lib/gcc/ba-elf/4.7.4/../../../../ba-elf/lib/mcpu_jn51xx_sizeopt\libc.a(lib_a-memset.o)
                0x000000000009de5a                memset
 .text          0x000000000009de6c      0x204 c:/nxp/bstudio_nxp/workspace/sdk/tools/ba-elf-ba2-r36379/bin/../lib/gcc/ba-elf/4.7.4/mcpu_jn51xx_sizeopt\libgcc.a(__udivsi3.o)
                0x000000000009de6c                __udivsi3
 .text          0x000000000009e070       0x30 c:/nxp/bstudio_nxp/workspace/sdk/tools/ba-elf-ba2-r36379/bin/../lib/gcc/ba-elf/4.7.4/mcpu_jn51xx_sizeopt\libgcc.a(__divsi3.o)
                0x000000000009e070                __divsi3
 .text          0x000000000009e0a0      0x1b0 c:/nxp/bstudio_nxp/workspace/sdk/tools/ba-elf-ba2-r36379/bin/../lib/gcc/ba-elf/4.7.4/mcpu_jn51xx_sizeopt\libgcc.a(__umodsi3.o)
                0x000000000009e0a0                __umodsi3
 .text          0x000000000009e250       0x24 c:/nxp/bstudio_nxp/workspace/sdk/tools/ba-elf-ba2-r36379/bin/../lib/gcc/ba-elf/4.7.4/mcpu_jn51xx_sizeopt\libgcc.a(__modsi3.o)
                0x000000000009e250                __modsi3
 .text          0x000000000009e274       0x52 c:/nxp/bstudio_nxp/workspace/sdk/tools/ba-elf-ba2-r36379/bin/../lib/gcc/ba-elf/4.7.4/mcpu_jn51xx_sizeopt\libgcc.a(_muldi3.o)
                0x000000000009e274                __muldi3
 .text          0x000000000009e2c6      0x350 c:/nxp/bstudio_nxp/workspace/sdk/tools/ba-elf-ba2-r36379/bin/../lib/gcc/ba-elf/4.7.4/mcpu_jn51xx_sizeopt\libgcc.a(_udivdi3.o)
                0x000000000009e2c6                __udivdi3
 *fill*         0x000000000009e616        0x2 00
 .text          0x000000000009e618      0x198 c:/NXP/bstudio_nxp/workspace/JN-AN-1201-YCL/JN-AN-1201-ZigBee-Intruder-Alarm-System/ZONE/Build/os_irq.o
                0x000000000009e618                os_ExternalException_W
                0x000000000009e65c                os_PIC_ChannelPriorities
                0x000000000009e66c                os_OSMIUM_HwVectTable
                0x000000000009e6a8                os_PIC_SwVectTable
 .text          0x000000000009e7b0       0x29 c:/NXP/bstudio_nxp/workspace/JN-AN-1201-YCL/JN-AN-1201-ZigBee-Intruder-Alarm-System/ZONE/Build/os_irq_alignment.o
                0x000000000009e7b0                IRQ_Alignment
 .text          0x000000000009e7d9       0x29 c:/NXP/bstudio_nxp/workspace/JN-AN-1201-YCL/JN-AN-1201-ZigBee-Intruder-Alarm-System/ZONE/Build/os_irq_buserror.o
                0x000000000009e7d9                IRQ_BusError
 .text          0x000000000009e802       0x29 c:/NXP/bstudio_nxp/workspace/JN-AN-1201-YCL/JN-AN-1201-ZigBee-Intruder-Alarm-System/ZONE/Build/os_irq_illegalinstruction.o
                0x000000000009e802                IRQ_IllegalInstruction
 .text          0x000000000009e82b       0x29 c:/NXP/bstudio_nxp/workspace/JN-AN-1201-YCL/JN-AN-1201-ZigBee-Intruder-Alarm-System/ZONE/Build/os_irq_stackoverflowexception.o
                0x000000000009e82b                IRQ_StackOverflowException
 .text          0x000000000009e854       0x29 c:/NXP/bstudio_nxp/workspace/JN-AN-1201-YCL/JN-AN-1201-ZigBee-Intruder-Alarm-System/ZONE/Build/os_irq_unimplementedmodule.o
                0x000000000009e854                IRQ_UnimplementedModule
 *fill*         0x000000000009e87d        0x3 00
 .text          0x000000000009e880       0xc0 c:/NXP/bstudio_nxp/workspace/sdk/JN-SW-4168/Components/Library\libOS_JN516x.a(os_contirq_JN516x.o)
                0x000000000009e880                os_ExternalException_R
                0x000000000009e8b0                os_CFunc_W
                0x000000000009e900                os_UnclaimedException_W
                0x000000000009e920                os_UnclaimedInterrupt_W
 .text          0x000000000009e940       0x48 c:/NXP/bstudio_nxp/workspace/sdk/JN-SW-4168/Components/Library\libPWRM_JN516x.a(pwrm_setjmp_JN516x.o)
                0x000000000009e940                setjmp
                0x000000000009e964                PWRM_longjmp
 .text          0x000000000009e988       0x27 c:/NXP/bstudio_nxp/workspace/sdk/JN-SW-4168/Components/Library\libHardwareApi_JN5169.a(AHI_Interrupt.o)
                0x000000000009e988                vAHI_InterruptSetPriority
                0x000000000009e9a6                vAHI_InterruptSetActivePriorityLevel
 .text.vMicroSyscall
                0x000000000009e9af       0x17 c:/NXP/bstudio_nxp/workspace/sdk/JN-SW-4168/Components/Library\libMicroSpecific_JN516x.a(MicroSyscall_ba.o)
                0x000000000009e9af                vMicroSyscall
 .text          0x000000000009e9c6        0x0 c:/NXP/bstudio_nxp/workspace/sdk/JN-SW-4168/Components/Library\libOS_JN516x.a(os_version_lc.o)
                0x000000000009e9c6                OS_Version_1v2
 .text          0x000000000009e9c6        0x0 c:/NXP/bstudio_nxp/workspace/sdk/JN-SW-4168/Components/Library\libZPSAPL_JN516x.a(zps_apl_version_lc.o)
                0x000000000009e9c6                ZPS_APL_Version_2v0
 .text          0x000000000009e9c6        0x0 c:/NXP/bstudio_nxp/workspace/sdk/JN-SW-4168/Components/Library\libZPSNWK_ZED_JN516x.a(zps_nwk_version_lc.o)
                0x000000000009e9c6                ZPS_NWK_Version_2v0
                0x000000000009e9c6                _flash_end = ABSOLUTE (.)

.rela.dyn       0x000000000009e9c8        0x0
 .rela.text     0x0000000000000000        0x0 c:/NXP/bstudio_nxp/workspace/JN-AN-1201-YCL/JN-AN-1201-ZigBee-Intruder-Alarm-System/ZONE/Build/os_irq.o
 .rela.data     0x0000000000000000        0x0 c:/NXP/bstudio_nxp/workspace/JN-AN-1201-YCL/JN-AN-1201-ZigBee-Intruder-Alarm-System/ZONE/Build/os_irq.o
 .rela.rodata   0x0000000000000000        0x0 c:/NXP/bstudio_nxp/workspace/JN-AN-1201-YCL/JN-AN-1201-ZigBee-Intruder-Alarm-System/ZONE/Build/os_irq.o
                0x000000000400004c                . = ORIGIN (ram)

.data           0x000000000400004c      0x970 load address 0x000000000009e9c8
                0x000000000400004c                _ram_data_start = ABSOLUTE (.)
 *(.data*)
 .data          0x000000000400004c       0x64 C:\Users\1\AppData\Local\Temp\ccO8oqWS.ltrans0.ltrans.o
                0x000000000400004c                u8MiniMacConfig_MaxConcurrentAssocResponses
                0x0000000004000050                psShadowRxBuffer
                0x0000000004000054                u32DefaultChannelMask.8535
 .data          0x00000000040000b0        0x4 C:\Users\1\AppData\Local\Temp\ccO8oqWS.ltrans2.ltrans.o
                0x00000000040000b0                u32HeapStart
 .data          0x00000000040000b4        0x1 C:\Users\1\AppData\Local\Temp\ccO8oqWS.ltrans5.ltrans.o
 *fill*         0x00000000040000b5        0x1 00
 .data          0x00000000040000b6        0x6 C:\Users\1\AppData\Local\Temp\ccO8oqWS.ltrans6.ltrans.o
 .data          0x00000000040000bc        0x1 C:\Users\1\AppData\Local\Temp\ccO8oqWS.ltrans14.ltrans.o
 *fill*         0x00000000040000bd        0x3 00
 .data          0x00000000040000c0       0x24 C:\Users\1\AppData\Local\Temp\ccO8oqWS.ltrans16.ltrans.o
                0x00000000040000c0                back_off_time.8532
                0x00000000040000c4                app_busy_status.6150
                0x00000000040000c8                sLinkKey
                0x00000000040000d8                start_join_flag.3291
 .data          0x00000000040000e4      0x1f4 C:\Users\1\AppData\Local\Temp\ccO8oqWS.ltrans22.ltrans.o
                0x00000000040000e4                s_asapduMyDataInstances
                0x000000000400015c                s_asapduZCLInstances
                0x0000000004000210                s_asapduZDPInstances
 .data          0x00000000040002d8        0x1 C:\Users\1\AppData\Local\Temp\ccO8oqWS.ltrans23.ltrans.o
 *fill*         0x00000000040002d9        0x3 00
 .data          0x00000000040002dc        0x4 C:\Users\1\AppData\Local\Temp\ccO8oqWS.ltrans25.ltrans.o
                0x00000000040002dc                bCanLoopback.57392
 .data          0x00000000040002e0        0x1 C:\Users\1\AppData\Local\Temp\ccO8oqWS.ltrans30.ltrans.o
 *fill*         0x00000000040002e1        0x7 00
 .data          0x00000000040002e8      0x6b0 C:\Users\1\AppData\Local\Temp\ccO8oqWS.ltrans31.ltrans.o
                0x00000000040002e8                os_Mutex_mutexMAC
                0x00000000040002f0                os_Mutex_mutexZPS
                0x00000000040002f8                s_sApl.2918
                0x0000000004000448                os_SWTimer_APP_cntrTickTimer_APP_IndicatorTimer
                0x0000000004000464                os_SWTimer_APP_cntrTickTimer_APP_ButtonsScanTimer
                0x0000000004000480                os_Message_APP_msgZpsEvents_ZCL
                0x00000000040004a4                os_SWTimer_APP_cntrTickTimer_APP_TickTimer
                0x00000000040004c0                os_Message_APP_msgZpsEvents
                0x00000000040004e4                os_Message_APP_msgEvents
                0x0000000004000508                os_SWTimer_APP_cntrTickTimer_APP_JoinTimer
                0x0000000004000524                os_SWTimer_APP_cntrTickTimer_APP_BackOffTimer
                0x0000000004000540                os_Message_APP_msgUartEvents
                0x0000000004000564                os_Message_zps_msgMlmeDcfmInd
                0x0000000004000588                os_Message_zps_msgTimeEvents
                0x00000000040005ac                os_Message_zps_msgMcpsDcfmInd
                0x00000000040005d0                os_Message_zps_msgMcpsDcfm
                0x00000000040005f4                os_SWTimer_APP_cntrTickTimer_APP_PollTimer
                0x0000000004000610                os_Task_vDeviceStateIndicatorTask
                0x000000000400061c                os_Task_APP_ButtonsScanTask
                0x0000000004000628                os_Task_APP_PIRTask
                0x0000000004000634                os_Task_ZCL_Task
                0x0000000004000640                os_Task_APP_ZHA_Switch_Task
                0x000000000400064c                os_Task_APP_taskuart
                0x0000000004000658                os_Task_zps_taskZPS
                0x0000000004000664                os_Task_APP_PollTask
                0x0000000004000670                os_SWTimer_APP_cntrTickTimer_APP_uart_timeout
                0x000000000400068c                os_SWTimer_APP_cntrTickTimer_APP_ActiveTime
                0x00000000040006a8                u8AhiBaudRate.111917
                0x00000000040006ac                s_prbMemberCheck.51447
                0x00000000040006b0                s_prvErrorHook.51445
 .data.s_asAPduPool
                0x0000000004000998       0x24 c:/NXP/bstudio_nxp/workspace/JN-AN-1201-YCL/JN-AN-1201-ZigBee-Intruder-Alarm-System/ZONE/Build/pdum_apdu.o
                0x0000000004000998                pdum_apduZDP
                0x0000000004000998                s_asAPduPool
                0x00000000040009a4                pdum_apduZCL
                0x00000000040009b0                pdum_apduMyData
 *(.data.*)
                0x00000000040009bc                . = ALIGN (0x4)
                0x00000000040009bc                _ram_data_end = ABSOLUTE (.)

.bss            0x00000000040009bc     0x3f54 load address 0x000000000009f338
                0x00000000040009bc                _bss_start = ABSOLUTE (.)
 *(.bss*)
 *fill*         0x00000000040009bc        0x4 00
 .bss           0x00000000040009c0     0x1258 C:\Users\1\AppData\Local\Temp\ccO8oqWS.ltrans0.ltrans.o
                0x00000000040009c0                psNextWake.51518
                0x00000000040009c4                s_bWakeTimerActive.51519
                0x00000000040009c8                u32CalibrationValue.51517
                0x00000000040009cc                s_ePowerMode.51520
                0x00000000040009ce                gu16NumberOfSegments.132535
                0x00000000040009d0                u8MaxNpdu.51728
                0x00000000040009d1                u8Count.51727
                0x00000000040009d4                s_psNPduPoolEnd.51730
                0x00000000040009d8                s_psNPduPoolStart.51729
                0x00000000040009dc                s_psFreeListHead.51726
                0x00000000040009e0                s_hMutex.51725
                0x00000000040009e4                s_hMutex.51845
                0x00000000040009e8                s_asAPduPool.51844
                0x00000000040009ec                pfExtendedStatusCallBack.114183
                0x00000000040009f0                s_u32x.109571
                0x00000000040009f4                s_prExpireFn.133529
                0x00000000040009f8                s_hMutex.133528
                0x00000000040009fc                pvRxStore
                0x0000000004000a00                pvTxStore
                0x0000000004000a04                g_pvAplHandle
                0x0000000004000a08                s_hMacMutex
                0x0000000004000a0c                s_sDcfmIndMgr.133293
                0x0000000004000a14                prAppMlmeGetBuffer
                0x0000000004000a18                prAppMlmeCallback
                0x0000000004000a1c                psFreeMsgListHead
                0x0000000004000a20                psActiveMsgListHead
                0x0000000004000a24                u8MiniMac_RunTimeOptions
                0x0000000004000a28                sBeaconFilter.8530
                0x0000000004000a30                sIASZoneDesc
                0x0000000004000a50                u16GroupId
                0x0000000004000a54                joinsleepCB.8540
 .bss           0x0000000004001c18        0x4 C:\Users\1\AppData\Local\Temp\ccO8oqWS.ltrans1.ltrans.o
                0x0000000004001c18                zps_psNwk
 .bss           0x0000000004001c1c        0xc C:\Users\1\AppData\Local\Temp\ccO8oqWS.ltrans2.ltrans.o
 .bss           0x0000000004001c28       0x40 C:\Users\1\AppData\Local\Temp\ccO8oqWS.ltrans3.ltrans.o
 .bss           0x0000000004001c68      0x214 C:\Users\1\AppData\Local\Temp\ccO8oqWS.ltrans5.ltrans.o
                0x0000000004001c68                prIntHandler.131229
                0x0000000004001c6c                psTimerServerList
 .bss.initinboot
                0x0000000004001e7c        0x1 C:\Users\1\AppData\Local\Temp\ccO8oqWS.ltrans5.ltrans.o
 *fill*         0x0000000004001e7d        0x3 00
 .bss           0x0000000004001e80        0x8 C:\Users\1\AppData\Local\Temp\ccO8oqWS.ltrans6.ltrans.o
 .bss           0x0000000004001e88       0x3c C:\Users\1\AppData\Local\Temp\ccO8oqWS.ltrans7.ltrans.o
 .bss           0x0000000004001ec4       0x28 C:\Users\1\AppData\Local\Temp\ccO8oqWS.ltrans8.ltrans.o
                0x0000000004001ec4                apvAplPdmRecordsAddress
                0x0000000004001edc                au16AplPdmRecordsSize
 .bss           0x0000000004001eec        0x8 C:\Users\1\AppData\Local\Temp\ccO8oqWS.ltrans9.ltrans.o
                0x0000000004001eec                s_psCurrentTask.51441
 .bss           0x0000000004001ef4        0x1 C:\Users\1\AppData\Local\Temp\ccO8oqWS.ltrans10.ltrans.o
                0x0000000004001ef4                bIgnoreBroadcast
 *fill*         0x0000000004001ef5        0x3 00
 .bss           0x0000000004001ef8       0x48 C:\Users\1\AppData\Local\Temp\ccO8oqWS.ltrans11.ltrans.o
 .bss           0x0000000004001f40       0xa8 C:\Users\1\AppData\Local\Temp\ccO8oqWS.ltrans12.ltrans.o
                0x0000000004001f40                sMiniMacPib
                0x0000000004001fdc                bDefaultServerIgnoreHandleMgmtUpdate
                0x0000000004001fe0                bBindLookup
                0x0000000004001fe4                psBindUnbindServerContext
 .bss           0x0000000004001fe8        0xc C:\Users\1\AppData\Local\Temp\ccO8oqWS.ltrans13.ltrans.o
                0x0000000004001fe8                a16NwkPdmRecordSizes
 .bss           0x0000000004001ff4       0x28 C:\Users\1\AppData\Local\Temp\ccO8oqWS.ltrans14.ltrans.o
                0x0000000004001ff4                vFlushFn.111861
                0x0000000004001ff8                vPutchFn.111856
                0x0000000004001ffc                sWake
                0x000000000400200c                sStoredMacData.128753
 .bss           0x000000000400201c        0x2 C:\Users\1\AppData\Local\Temp\ccO8oqWS.ltrans15.ltrans.o
 *fill*         0x000000000400201e        0x2 00
 .bss           0x0000000004002020       0x50 C:\Users\1\AppData\Local\Temp\ccO8oqWS.ltrans16.ltrans.o
                0x0000000004002020                psZCL_Common
                0x0000000004002024                u32BackOffTime
                0x0000000004002028                eIASDeviceState.4786
                0x000000000400202c                psPDM_Common
                0x0000000004002030                sDeviceDesc
                0x0000000004002034                sCluster_Basic_Attr
 .bss           0x0000000004002070       0xa0 C:\Users\1\AppData\Local\Temp\ccO8oqWS.ltrans17.ltrans.o
                0x0000000004002070                psBeaconFilter
                0x0000000004002074                bRejoin.8533
                0x0000000004002078                sEZModeData.8528
 .bss           0x0000000004002110       0x9c C:\Users\1\AppData\Local\Temp\ccO8oqWS.ltrans18.ltrans.o
                0x0000000004002110                sMiniMacPhyPib
                0x0000000004002114                aprTimerCallback
                0x0000000004002134                au32TimerCounter
                0x0000000004002154                sMiniMacInternal
                0x0000000004002180                s_psVsMcpsDcfmInd.72911
                0x0000000004002184                s_psMacDcfmInd.72910
 .bss           0x00000000040021ac        0x4 C:\Users\1\AppData\Local\Temp\ccO8oqWS.ltrans19.ltrans.o
 .bss           0x00000000040021b0        0x1 C:\Users\1\AppData\Local\Temp\ccO8oqWS.ltrans20.ltrans.o
                0x00000000040021b0                u8ScanBeaconsSeen.133332
 *fill*         0x00000000040021b1        0x3 00
 .bss           0x00000000040021b4     0x100c C:\Users\1\AppData\Local\Temp\ccO8oqWS.ltrans22.ltrans.o
 .bss           0x00000000040031c0        0x8 C:\Users\1\AppData\Local\Temp\ccO8oqWS.ltrans23.ltrans.o
                0x00000000040031c0                u32DataQueueCount
 .bss           0x00000000040031c8        0x8 C:\Users\1\AppData\Local\Temp\ccO8oqWS.ltrans24.ltrans.o
                0x00000000040031c8                sThisDeviceMacAddr
 .bss           0x00000000040031d0       0x38 C:\Users\1\AppData\Local\Temp\ccO8oqWS.ltrans25.ltrans.o
 .bss           0x0000000004003208        0x2 C:\Users\1\AppData\Local\Temp\ccO8oqWS.ltrans27.ltrans.o
                0x0000000004003208                s_u16ActivityCounter
 *fill*         0x000000000400320a        0x6 00
 .bss           0x0000000004003210       0x10 C:\Users\1\AppData\Local\Temp\ccO8oqWS.ltrans29.ltrans.o
 .bss           0x0000000004003220     0x16b0 C:\Users\1\AppData\Local\Temp\ccO8oqWS.ltrans31.ltrans.o
                0x0000000004003220                s_sDefaultServerContext.2975
                0x0000000004003224                s_sMgmtBindServerContext.2913