Archive member included because of file (symbol)

c:/NXP/bstudio_nxp/workspace/sdk/JN-SW-4168/Components/Library\libOS_JN516x.a(os.o)
                              c:/NXP/bstudio_nxp/workspace/JN-AN-1201-YCL/JN-AN-1201-ZigBee-Intruder-Alarm-System/ZONE/Build/os_gen.o (symbol from plugin) (os_vStart)
c:/NXP/bstudio_nxp/workspace/sdk/JN-SW-4168/Components/Library\libOS_JN516x.a(os_contirq_JN516x.o)
                              c:/NXP/bstudio_nxp/workspace/JN-AN-1201-YCL/JN-AN-1201-ZigBee-Intruder-Alarm-System/ZONE/Build/os_irq.o (os_UnclaimedException_W)
c:/NXP/bstudio_nxp/workspace/sdk/JN-SW-4168/Components/Library\libPWRM_JN516x.a(pwrm.o)
                              c:/NXP/bstudio_nxp/workspace/JN-AN-1201-YCL/JN-AN-1201-ZigBee-Intruder-Alarm-System/ZONE/Build/app_start_ZONE.o (symbol from plugin) (PWRM_vInit)
c:/NXP/bstudio_nxp/workspace/sdk/JN-SW-4168/Components/Library\libPWRM_JN516x.a(pwrm_setjmp_JN516x.o)
                              pwrm.o (symbol from plugin) (setjmp)
c:/NXP/bstudio_nxp/workspace/sdk/JN-SW-4168/Components/Library\libPWRM_JN516x.a(pwrm_cold_start.o)
                              (AppColdStart)
c:/NXP/bstudio_nxp/workspace/sdk/JN-SW-4168/Components/Library\libPWRM_JN516x.a(pwrm_warm_start.o)
                              (AppWarmStart)
c:/NXP/bstudio_nxp/workspace/sdk/JN-SW-4168/Components/Library\libPDUM_JN516x.a(pdum_nwk.o)
                              c:/NXP/bstudio_nxp/workspace/JN-AN-1201-YCL/JN-AN-1201-ZigBee-Intruder-Alarm-System/ZONE/Build/pdum_gen.o (symbol from plugin) (pdum_vNPduInit)
c:/NXP/bstudio_nxp/workspace/sdk/JN-SW-4168/Components/Library\libPDUM_JN516x.a(pdum_apl.o)
                              c:/NXP/bstudio_nxp/workspace/JN-AN-1201-YCL/JN-AN-1201-ZigBee-Intruder-Alarm-System/ZONE/Build/appZdpExtraction.o (symbol from plugin) (PDUM_u16APduInstanceReadNBO)
c:/NXP/bstudio_nxp/workspace/sdk/JN-SW-4168/Components/Library\libPDUM_JN516x.a(pdum.o)
                              pdum_nwk.o (symbol from plugin) (PDUM_u16SizeNBO)
c:/NXP/bstudio_nxp/workspace/sdk/JN-SW-4168/Components/Library\libZPSAPL_JN516x.a(zps_apl_af.o)
                              c:/NXP/bstudio_nxp/workspace/JN-AN-1201-YCL/JN-AN-1201-ZigBee-Intruder-Alarm-System/ZONE/Build/zha_ZONE_node.o (symbol from plugin) (ZPS_eAplAfInit)
c:/NXP/bstudio_nxp/workspace/sdk/JN-SW-4168/Components/Library\libZPSAPL_JN516x.a(zps_apl_af_apsde.o)
                              c:/NXP/bstudio_nxp/workspace/JN-AN-1201-YCL/JN-AN-1201-ZigBee-Intruder-Alarm-System/ZONE/Build/zps_gen.o (symbol from plugin) (zps_vHandleApsdeDataFragInd)
c:/NXP/bstudio_nxp/workspace/sdk/JN-SW-4168/Components/Library\libZPSAPL_JN516x.a(zps_apl_task.o)
                              zps_apl_af_apsde.o (symbol from plugin) (zps_vAplAfPostEvent)
c:/NXP/bstudio_nxp/workspace/sdk/JN-SW-4168/Components/Library\libZPSAPL_JN516x.a(zps_apl_apsde.o)
                              zps_apl_task.o (symbol from plugin) (ZPS_vAplRegisterApsdeDcfmIndCallbacks)
c:/NXP/bstudio_nxp/workspace/sdk/JN-SW-4168/Components/Library\libZPSAPL_JN516x.a(zps_apl_apsme.o)
                              zps_apl_task.o (symbol from plugin) (ZPS_vAplRegisterApsmeDcfmIndCallbacks)
c:/NXP/bstudio_nxp/workspace/sdk/JN-SW-4168/Components/Library\libZPSAPL_JN516x.a(zps_apl_aps_nlde.o)
                              c:/NXP/bstudio_nxp/workspace/JN-AN-1201-YCL/JN-AN-1201-ZigBee-Intruder-Alarm-System/ZONE/Build/zps_gen.o (symbol from plugin) (zps_vHandleExtendedDataAckFrame)
c:/NXP/bstudio_nxp/workspace/sdk/JN-SW-4168/Components/Library\libZPSAPL_JN516x.a(zps_apl_sec.o)
                              zps_apl_task.o (symbol from plugin) (zps_psFindKeyDescr)
c:/NXP/bstudio_nxp/workspace/sdk/JN-SW-4168/Components/Library\libZPSAPL_JN516x.a(zps_apl_aib.o)
                              c:/NXP/bstudio_nxp/workspace/JN-AN-1201-YCL/JN-AN-1201-ZigBee-Intruder-Alarm-System/ZONE/Build/app_zbp_utilities.o (symbol from plugin) (zps_psAplAibGetAib)
c:/NXP/bstudio_nxp/workspace/sdk/JN-SW-4168/Components/Library\libZPSAPL_JN516x.a(zps_apl_zdo_nwkmanager.o)
                              zps_apl_apsme.o (symbol from plugin) (zps_vAplSaveRecord)
c:/NXP/bstudio_nxp/workspace/sdk/JN-SW-4168/Components/Library\libZPSAPL_JN516x.a(zps_apl_zdo_handle_zdp_event.o)
                              zps_apl_task.o (symbol from plugin) (zps_bAplZdoHandleZdpEvent)
c:/NXP/bstudio_nxp/workspace/sdk/JN-SW-4168/Components/Library\libZPSAPL_JN516x.a(zps_apl_zdo_trust_center.o)
                              zps_apl_sec.o (symbol from plugin) (zps_eAplTrustCenterFindDevice)
c:/NXP/bstudio_nxp/workspace/sdk/JN-SW-4168/Components/Library\libZPSAPL_JN516x.a(zps_apl_zdo_common.o)
                              zps_apl_zdo_nwkmanager.o (symbol from plugin) (zps_eAplZdoNlmeleaveWrapper)
c:/NXP/bstudio_nxp/workspace/sdk/JN-SW-4168/Components/Library\libZPSAPL_JN516x.a(zps_apl_zdo_group.o)
[...]
Memory Configuration

Name             Origin             Length             Attributes
flash            0x0000000000080000 0x0000000000080000
ram              0x000000000400004c 0x0000000000007fb4
*default*        0x0000000000000000 0xffffffffffffffff

Linker script and memory map

                0x0000000000001388                __stack_size = 0x1388
                0x00000000000007d0                __minimum_heap_size = 0x7d0
START GROUP
LOAD c:/NXP/bstudio_nxp/workspace/JN-AN-1201-YCL/JN-AN-1201-ZigBee-Intruder-Alarm-System/ZONE/Build/os_gen.o
LOAD C:\Users\1\AppData\Local\Temp\cc58PiEI.ltrans0.ltrans.o
LOAD C:\Users\1\AppData\Local\Temp\cc58PiEI.ltrans1.ltrans.o
LOAD C:\Users\1\AppData\Local\Temp\cc58PiEI.ltrans2.ltrans.o
LOAD C:\Users\1\AppData\Local\Temp\cc58PiEI.ltrans3.ltrans.o
LOAD C:\Users\1\AppData\Local\Temp\cc58PiEI.ltrans4.ltrans.o
LOAD C:\Users\1\AppData\Local\Temp\cc58PiEI.ltrans5.ltrans.o
LOAD C:\Users\1\AppData\Local\Temp\cc58PiEI.ltrans6.ltrans.o
LOAD C:\Users\1\AppData\Local\Temp\cc58PiEI.ltrans7.ltrans.o
LOAD C:\Users\1\AppData\Local\Temp\cc58PiEI.ltrans8.ltrans.o
LOAD C:\Users\1\AppData\Local\Temp\cc58PiEI.ltrans9.ltrans.o
LOAD C:\Users\1\AppData\Local\Temp\cc58PiEI.ltrans10.ltrans.o
LOAD C:\Users\1\AppData\Local\Temp\cc58PiEI.ltrans11.ltrans.o
LOAD C:\Users\1\AppData\Local\Temp\cc58PiEI.ltrans12.ltrans.o
LOAD C:\Users\1\AppData\Local\Temp\cc58PiEI.ltrans13.ltrans.o
LOAD C:\Users\1\AppData\Local\Temp\cc58PiEI.ltrans14.ltrans.o
LOAD C:\Users\1\AppData\Local\Temp\cc58PiEI.ltrans15.ltrans.o
LOAD C:\Users\1\AppData\Local\Temp\cc58PiEI.ltrans16.ltrans.o
LOAD C:\Users\1\AppData\Local\Temp\cc58PiEI.ltrans17.ltrans.o
LOAD C:\Users\1\AppData\Local\Temp\cc58PiEI.ltrans18.ltrans.o
LOAD C:\Users\1\AppData\Local\Temp\cc58PiEI.ltrans19.ltrans.o
LOAD C:\Users\1\AppData\Local\Temp\cc58PiEI.ltrans20.ltrans.o
LOAD C:\Users\1\AppData\Local\Temp\cc58PiEI.ltrans21.ltrans.o
LOAD C:\Users\1\AppData\Local\Temp\cc58PiEI.ltrans22.ltrans.o
LOAD C:\Users\1\AppData\Local\Temp\cc58PiEI.ltrans23.ltrans.o
LOAD C:\Users\1\AppData\Local\Temp\cc58PiEI.ltrans24.ltrans.o
LOAD C:\Users\1\AppData\Local\Temp\cc58PiEI.ltrans25.ltrans.o
LOAD C:\Users\1\AppData\Local\Temp\cc58PiEI.ltrans26.ltrans.o
LOAD C:\Users\1\AppData\Local\Temp\cc58PiEI.ltrans27.ltrans.o
LOAD C:\Users\1\AppData\Local\Temp\cc58PiEI.ltrans28.ltrans.o
LOAD C:\Users\1\AppData\Local\Temp\cc58PiEI.ltrans29.ltrans.o
LOAD C:\Users\1\AppData\Local\Temp\cc58PiEI.ltrans30.ltrans.o
LOAD C:\Users\1\AppData\Local\Temp\cc58PiEI.ltrans31.ltrans.o
LOAD c:/nxp/bstudio_nxp/workspace/sdk/tools/ba-elf-ba2-r36379/bin/../lib/gcc/ba-elf/4.7.4/../../../../ba-elf/lib/mcpu_jn51xx_sizeopt\libc.a
LOAD c:/nxp/bstudio_nxp/workspace/sdk/tools/ba-elf-ba2-r36379/bin/../lib/gcc/ba-elf/4.7.4/mcpu_jn51xx_sizeopt\libgcc.a
LOAD c:/nxp/bstudio_nxp/workspace/sdk/tools/ba-elf-ba2-r36379/bin/../lib/gcc/ba-elf/4.7.4/../../../../ba-elf/lib/mcpu_jn51xx_sizeopt\libc.a
LOAD c:/NXP/bstudio_nxp/workspace/JN-AN-1201-YCL/JN-AN-1201-ZigBee-Intruder-Alarm-System/ZONE/Build/os_irq.o
LOAD c:/NXP/bstudio_nxp/workspace/JN-AN-1201-YCL/JN-AN-1201-ZigBee-Intruder-Alarm-System/ZONE/Build/os_irq_alignment.o
LOAD c:/NXP/bstudio_nxp/workspace/JN-AN-1201-YCL/JN-AN-1201-ZigBee-Intruder-Alarm-System/ZONE/Build/os_irq_buserror.o
LOAD c:/NXP/bstudio_nxp/workspace/JN-AN-1201-YCL/JN-AN-1201-ZigBee-Intruder-Alarm-System/ZONE/Build/os_irq_illegalinstruction.o
LOAD c:/NXP/bstudio_nxp/workspace/JN-AN-1201-YCL/JN-AN-1201-ZigBee-Intruder-Alarm-System/ZONE/Build/os_irq_stackoverflowexception.o
LOAD c:/NXP/bstudio_nxp/workspace/JN-AN-1201-YCL/JN-AN-1201-ZigBee-Intruder-Alarm-System/ZONE/Build/os_irq_unimplementedmodule.o
LOAD c:/NXP/bstudio_nxp/workspace/JN-AN-1201-YCL/JN-AN-1201-ZigBee-Intruder-Alarm-System/ZONE/Build/pdum_gen.o
LOAD c:/NXP/bstudio_nxp/workspace/JN-AN-1201-YCL/JN-AN-1201-ZigBee-Intruder-Alarm-System/ZONE/Build/pdum_apdu.o
LOAD c:/NXP/bstudio_nxp/workspace/JN-AN-1201-YCL/JN-AN-1201-ZigBee-Intruder-Alarm-System/ZONE/Build/zps_gen.o
LOAD c:/NXP/bstudio_nxp/workspace/JN-AN-1201-YCL/JN-AN-1201-ZigBee-Intruder-Alarm-System/ZONE/Build/app_uart.o
LOAD c:/NXP/bstudio_nxp/workspace/JN-AN-1201-YCL/JN-AN-1201-ZigBee-Intruder-Alarm-System/ZONE/Build/app_timer_driver.o
LOAD c:/NXP/bstudio_nxp/workspace/JN-AN-1201-YCL/JN-AN-1201-ZigBee-Intruder-Alarm-System/ZONE/Build/app_start_ZONE.o
LOAD c:/NXP/bstudio_nxp/workspace/JN-AN-1201-YCL/JN-AN-1201-ZigBee-Intruder-Alarm-System/ZONE/Build/app_zbp_utilities.o
LOAD c:/NXP/bstudio_nxp/workspace/JN-AN-1201-YCL/JN-AN-1201-ZigBee-Intruder-Alarm-System/ZONE/Build/app_exceptions.o
LOAD c:/NXP/bstudio_nxp/workspace/JN-AN-1201-YCL/JN-AN-1201-ZigBee-Intruder-Alarm-System/ZONE/Build/app_pdm.o
LOAD c:/NXP/bstudio_nxp/workspace/JN-AN-1201-YCL/JN-AN-1201-ZigBee-Intruder-Alarm-System/ZONE/Build/app_ias_enroll_req.o
LOAD c:/NXP/bstudio_nxp/workspace/JN-AN-1201-YCL/JN-AN-1201-ZigBee-Intruder-Alarm-System/ZONE/Build/app_ias_unenroll_req.o
LOAD c:/NXP/bstudio_nxp/workspace/JN-AN-1201-YCL/JN-AN-1201-ZigBee-Intruder-Alarm-System/ZONE/Build/app_ias_indicator.o
LOAD c:/NXP/bstudio_nxp/workspace/JN-AN-1201-YCL/JN-AN-1201-ZigBee-Intruder-Alarm-System/ZONE/Build/app_ias_save.o
LOAD c:/NXP/bstudio_nxp/workspace/JN-AN-1201-YCL/JN-AN-1201-ZigBee-Intruder-Alarm-System/ZONE/Build/zha_ZONE_node.o
LOAD c:/NXP/bstudio_nxp/workspace/JN-AN-1201-YCL/JN-AN-1201-ZigBee-Intruder-Alarm-System/ZONE/Build/app_sleep_functions.o
LOAD c:/NXP/bstudio_nxp/workspace/JN-AN-1201-YCL/JN-AN-1201-ZigBee-Intruder-Alarm-System/ZONE/Build/appZdpExtraction.o
LOAD c:/NXP/bstudio_nxp/workspace/JN-AN-1201-YCL/JN-AN-1201-ZigBee-Intruder-Alarm-System/ZONE/Build/appZpsBeaconHandler.o
LOAD c:/NXP/bstudio_nxp/workspace/JN-AN-1201-YCL/JN-AN-1201-ZigBee-Intruder-Alarm-System/ZONE/Build/app_zcl_ZONE_task.o
LOAD c:/NXP/bstudio_nxp/workspace/JN-AN-1201-YCL/JN-AN-1201-ZigBee-Intruder-Alarm-System/ZONE/Build/app_buttons.o
LOAD c:/NXP/bstudio_nxp/workspace/JN-AN-1201-YCL/JN-AN-1201-ZigBee-Intruder-Alarm-System/ZONE/Build/haEzJoin.o
LOAD c:/NXP/bstudio_nxp/workspace/JN-AN-1201-YCL/JN-AN-1201-ZigBee-Intruder-Alarm-System/ZONE/Build/PingParent.o
LOAD c:/NXP/bstudio_nxp/workspace/JN-AN-1201-YCL/JN-AN-1201-ZigBee-Intruder-Alarm-System/ZONE/Build/Alarms.o
LOAD c:/NXP/bstudio_nxp/workspace/JN-AN-1201-YCL/JN-AN-1201-ZigBee-Intruder-Alarm-System/ZONE/Build/AlarmsClientCommands.o
LOAD c:/NXP/bstudio_nxp/workspace/JN-AN-1201-YCL/JN-AN-1201-ZigBee-Intruder-Alarm-System/ZONE/Build/AlarmsCommandHandler.o
LOAD c:/NXP/bstudio_nxp/workspace/JN-AN-1201-YCL/JN-AN-1201-ZigBee-Intruder-Alarm-System/ZONE/Build/AlarmsServerCommands.o
LOAD c:/NXP/bstudio_nxp/workspace/JN-AN-1201-YCL/JN-AN-1201-ZigBee-Intruder-Alarm-System/ZONE/Build/AlarmsTableManager.o
LOAD c:/NXP/bstudio_nxp/workspace/JN-AN-1201-YCL/JN-AN-1201-ZigBee-Intruder-Alarm-System/ZONE/Build/AnalogInputBasic.o
LOAD c:/NXP/bstudio_nxp/workspace/JN-AN-1201-YCL/JN-AN-1201-ZigBee-Intruder-Alarm-System/ZONE/Build/AnalogOutputBasic.o
LOAD c:/NXP/bstudio_nxp/workspace/JN-AN-1201-YCL/JN-AN-1201-ZigBee-Intruder-Alarm-System/ZONE/Build/Basic.o
LOAD c:/NXP/bstudio_nxp/workspace/JN-AN-1201-YCL/JN-AN-1201-ZigBee-Intruder-Alarm-System/ZONE/Build/BasicClientCommands.o
LOAD c:/NXP/bstudio_nxp/workspace/JN-AN-1201-YCL/JN-AN-1201-ZigBee-Intruder-Alarm-System/ZONE/Build/BasicCommandHandler.o
LOAD c:/NXP/bstudio_nxp/workspace/JN-AN-1201-YCL/JN-AN-1201-ZigBee-Intruder-Alarm-System/ZONE/Build/BinaryInputBasic.o
LOAD c:/NXP/bstudio_nxp/workspace/JN-AN-1201-YCL/JN-AN-1201-ZigBee-Intruder-Alarm-System/ZONE/Build/BinaryOutputBasic.o
LOAD c:/NXP/bstudio_nxp/workspace/JN-AN-1201-YCL/JN-AN-1201-ZigBee-Intruder-Alarm-System/ZONE/Build/Commissioning.o
LOAD c:/NXP/bstudio_nxp/workspace/JN-AN-1201-YCL/JN-AN-1201-ZigBee-Intruder-Alarm-System/ZONE/Build/DeviceTemperatureConfiguration.o
LOAD c:/NXP/bstudio_nxp/workspace/JN-AN-1201-YCL/JN-AN-1201-ZigBee-Intruder-Alarm-System/ZONE/Build/Diagnostics.o
LOAD c:/NXP/bstudio_nxp/workspace/JN-AN-1201-YCL/JN-AN-1201-ZigBee-Intruder-Alarm-System/ZONE/Build/DoorLock.o
LOAD c:/NXP/bstudio_nxp/workspace/JN-AN-1201-YCL/JN-AN-1201-ZigBee-Intruder-Alarm-System/ZONE/Build/DoorLockCommandHandler.o
LOAD c:/NXP/bstudio_nxp/workspace/JN-AN-1201-YCL/JN-AN-1201-ZigBee-Intruder-Alarm-System/ZONE/Build/DoorLockCommands.o
LOAD c:/NXP/bstudio_nxp/workspace/JN-AN-1201-YCL/JN-AN-1201-ZigBee-Intruder-Alarm-System/ZONE/Build/ElectricalMeasurement.o
LOAD c:/NXP/bstudio_nxp/workspace/JN-AN-1201-YCL/JN-AN-1201-ZigBee-Intruder-Alarm-System/ZONE/Build/Groups.o
LOAD c:/NXP/bstudio_nxp/workspace/JN-AN-1201-YCL/JN-AN-1201-ZigBee-Intruder-Alarm-System/ZONE/Build/GroupsClientCommands.o
LOAD c:/NXP/bstudio_nxp/workspace/JN-AN-1201-YCL/JN-AN-1201-ZigBee-Intruder-Alarm-System/ZONE/Build/GroupsCommandHandler.o
LOAD c:/NXP/bstudio_nxp/workspace/JN-AN-1201-YCL/JN-AN-1201-ZigBee-Intruder-Alarm-System/ZONE/Build/GroupsServerCommands.o
LOAD c:/NXP/bstudio_nxp/workspace/JN-AN-1201-YCL/JN-AN-1201-ZigBee-Intruder-Alarm-System/ZONE/Build/GroupsTableManager.o
LOAD c:/NXP/bstudio_nxp/workspace/JN-AN-1201-YCL/JN-AN-1201-ZigBee-Intruder-Alarm-System/ZONE/Build/Identify.o
LOAD c:/NXP/bstudio_nxp/workspace/JN-AN-1201-YCL/JN-AN-1201-ZigBee-Intruder-Alarm-System/ZONE/Build/IdentifyClientCommands.o
LOAD c:/NXP/bstudio_nxp/workspace/JN-AN-1201-YCL/JN-AN-1201-ZigBee-Intruder-Alarm-System/ZONE/Build/IdentifyCommandHandler.o
LOAD c:/NXP/bstudio_nxp/workspace/JN-AN-1201-YCL/JN-AN-1201-ZigBee-Intruder-Alarm-System/ZONE/Build/IdentifyServerCommands.o
LOAD c:/NXP/bstudio_nxp/workspace/JN-AN-1201-YCL/JN-AN-1201-ZigBee-Intruder-Alarm-System/ZONE/Build/LevelControl.o
LOAD c:/NXP/bstudio_nxp/workspace/JN-AN-1201-YCL/JN-AN-1201-ZigBee-Intruder-Alarm-System/ZONE/Build/LevelControlClientCommands.o
LOAD c:/NXP/bstudio_nxp/workspace/JN-AN-1201-YCL/JN-AN-1201-ZigBee-Intruder-Alarm-System/ZONE/Build/LevelControlCommandHandler.o
LOAD c:/NXP/bstudio_nxp/workspace/JN-AN-1201-YCL/JN-AN-1201-ZigBee-Intruder-Alarm-System/ZONE/Build/MultistateInputBasic.o
LOAD c:/NXP/bstudio_nxp/workspace/JN-AN-1201-YCL/JN-AN-1201-ZigBee-Intruder-Alarm-System/ZONE/Build/MultistateOutputBasic.o
LOAD c:/NXP/bstudio_nxp/workspace/JN-AN-1201-YCL/JN-AN-1201-ZigBee-Intruder-Alarm-System/ZONE/Build/OOSC.o
LOAD c:/NXP/bstudio_nxp/workspace/JN-AN-1201-YCL/JN-AN-1201-ZigBee-Intruder-Alarm-System/ZONE/Build/OnOff.o
LOAD c:/NXP/bstudio_nxp/workspace/JN-AN-1201-YCL/JN-AN-1201-ZigBee-Intruder-Alarm-System/ZONE/Build/OnOffCommandHandler.o
LOAD c:/NXP/bstudio_nxp/workspace/JN-AN-1201-YCL/JN-AN-1201-ZigBee-Intruder-Alarm-System/ZONE/Build/OnOffCommands.o
LOAD c:/NXP/bstudio_nxp/workspace/JN-AN-1201-YCL/JN-AN-1201-ZigBee-Intruder-Alarm-System/ZONE/Build/PollControl.o
LOAD c:/NXP/bstudio_nxp/workspace/JN-AN-1201-YCL/JN-AN-1201-ZigBee-Intruder-Alarm-System/ZONE/Build/PollControlClientCommands.o
LOAD c:/NXP/bstudio_nxp/workspace/JN-AN-1201-YCL/JN-AN-1201-ZigBee-Intruder-Alarm-System/ZONE/Build/PollControlCommandHandler.o
LOAD c:/NXP/bstudio_nxp/workspace/JN-AN-1201-YCL/JN-AN-1201-ZigBee-Intruder-Alarm-System/ZONE/Build/PollControlServerCommands.o
LOAD c:/NXP/bstudio_nxp/workspace/JN-AN-1201-YCL/JN-AN-1201-ZigBee-Intruder-Alarm-System/ZONE/Build/PowerConfiguration.o
LOAD c:/NXP/bstudio_nxp/workspace/JN-AN-1201-YCL/JN-AN-1201-ZigBee-Intruder-Alarm-System/ZONE/Build/Scenes.o
LOAD c:/NXP/bstudio_nxp/workspace/JN-AN-1201-YCL/JN-AN-1201-ZigBee-Intruder-Alarm-System/ZONE/Build/ScenesClientCommands.o
LOAD c:/NXP/bstudio_nxp/workspace/JN-AN-1201-YCL/JN-AN-1201-ZigBee-Intruder-Alarm-System/ZONE/Build/ScenesClusterManagement.o
LOAD c:/NXP/bstudio_nxp/workspace/JN-AN-1201-YCL/JN-AN-1201-ZigBee-Intruder-Alarm-System/ZONE/Build/ScenesCommandHandler.o
LOAD c:/NXP/bstudio_nxp/workspace/JN-AN-1201-YCL/JN-AN-1201-ZigBee-Intruder-Alarm-System/ZONE/Build/ScenesServerCommands.o
LOAD c:/NXP/bstudio_nxp/workspace/JN-AN-1201-YCL/JN-AN-1201-ZigBee-Intruder-Alarm-System/ZONE/Build/ScenesTableManager.o
LOAD c:/NXP/bstudio_nxp/workspace/JN-AN-1201-YCL/JN-AN-1201-ZigBee-Intruder-Alarm-System/ZONE/Build/TC.o
LOAD c:/NXP/bstudio_nxp/workspace/JN-AN-1201-YCL/JN-AN-1201-ZigBee-Intruder-Alarm-System/ZONE/Build/Time.o
LOAD c:/NXP/bstudio_nxp/workspace/JN-AN-1201-YCL/JN-AN-1201-ZigBee-Intruder-Alarm-System/ZONE/Build/ha.o
LOAD c:/NXP/bstudio_nxp/workspace/JN-AN-1201-YCL/JN-AN-1201-ZigBee-Intruder-Alarm-System/ZONE/Build/door_lock.o
LOAD c:/NXP/bstudio_nxp/workspace/JN-AN-1201-YCL/JN-AN-1201-ZigBee-Intruder-Alarm-System/ZONE/Build/door_lock_controller.o
LOAD c:/NXP/bstudio_nxp/workspace/JN-AN-1201-YCL/JN-AN-1201-ZigBee-Intruder-Alarm-System/ZONE/Build/mains_power_outlet.o
LOAD c:/NXP/bstudio_nxp/workspace/JN-AN-1201-YCL/JN-AN-1201-ZigBee-Intruder-Alarm-System/ZONE/Build/on_off_output.o
LOAD c:/NXP/bstudio_nxp/workspace/JN-AN-1201-YCL/JN-AN-1201-ZigBee-Intruder-Alarm-System/ZONE/Build/on_off_switch.o
LOAD c:/NXP/bstudio_nxp/workspace/JN-AN-1201-YCL/JN-AN-1201-ZigBee-Intruder-Alarm-System/ZONE/Build/plug_control.o
LOAD c:/NXP/bstudio_nxp/workspace/JN-AN-1201-YCL/JN-AN-1201-ZigBee-Intruder-Alarm-System/ZONE/Build/remote_control.o
LOAD c:/NXP/bstudio_nxp/workspace/JN-AN-1201-YCL/JN-AN-1201-ZigBee-Intruder-Alarm-System/ZONE/Build/simple_sensor.o
LOAD c:/NXP/bstudio_nxp/workspace/JN-AN-1201-YCL/JN-AN-1201-ZigBee-Intruder-Alarm-System/ZONE/Build/smart_plug.o
LOAD c:/NXP/bstudio_nxp/workspace/JN-AN-1201-YCL/JN-AN-1201-ZigBee-Intruder-Alarm-System/ZONE/Build/IASACE.o
LOAD c:/NXP/bstudio_nxp/workspace/JN-AN-1201-YCL/JN-AN-1201-ZigBee-Intruder-Alarm-System/ZONE/Build/IASACEClientCommands.o
LOAD c:/NXP/bstudio_nxp/workspace/JN-AN-1201-YCL/JN-AN-1201-ZigBee-Intruder-Alarm-System/ZONE/Build/IASACECommandHandler.o
LOAD c:/NXP/bstudio_nxp/workspace/JN-AN-1201-YCL/JN-AN-1201-ZigBee-Intruder-Alarm-System/ZONE/Build/IASACEServerCommands.o
LOAD c:/NXP/bstudio_nxp/workspace/JN-AN-1201-YCL/JN-AN-1201-ZigBee-Intruder-Alarm-System/ZONE/Build/IASWD.o
LOAD c:/NXP/bstudio_nxp/workspace/JN-AN-1201-YCL/JN-AN-1201-ZigBee-Intruder-Alarm-System/ZONE/Build/IASWDCommandHandler.o
LOAD c:/NXP/bstudio_nxp/workspace/JN-AN-1201-YCL/JN-AN-1201-ZigBee-Intruder-Alarm-System/ZONE/Build/IASWDCommands.o
LOAD c:/NXP/bstudio_nxp/workspace/JN-AN-1201-YCL/JN-AN-1201-ZigBee-Intruder-Alarm-System/ZONE/Build/IASZone.o
LOAD c:/NXP/bstudio_nxp/workspace/JN-AN-1201-YCL/JN-AN-1201-ZigBee-Intruder-Alarm-System/ZONE/Build/IASZoneCommandHandler.o
LOAD c:/NXP/bstudio_nxp/workspace/JN-AN-1201-YCL/JN-AN-1201-ZigBee-Intruder-Alarm-System/ZONE/Build/IASZoneCommands.o
LOAD c:/NXP/bstudio_nxp/workspace/JN-AN-1201-YCL/JN-AN-1201-ZigBee-Intruder-Alarm-System/ZONE/Build/ancillary_control_equipment.o
LOAD c:/NXP/bstudio_nxp/workspace/JN-AN-1201-YCL/JN-AN-1201-ZigBee-Intruder-Alarm-System/ZONE/Build/control_and_indicating_equipment.o
LOAD c:/NXP/bstudio_nxp/workspace/JN-AN-1201-YCL/JN-AN-1201-ZigBee-Intruder-Alarm-System/ZONE/Build/warning_device.o
LOAD c:/NXP/bstudio_nxp/workspace/JN-AN-1201-YCL/JN-AN-1201-ZigBee-Intruder-Alarm-System/ZONE/Build/zone.o
LOAD c:/NXP/bstudio_nxp/workspace/JN-AN-1201-YCL/JN-AN-1201-ZigBee-Intruder-Alarm-System/ZONE/Build/dlist.o
LOAD c:/NXP/bstudio_nxp/workspace/JN-AN-1201-YCL/JN-AN-1201-ZigBee-Intruder-Alarm-System/ZONE/Build/zcl.o
LOAD c:/NXP/bstudio_nxp/workspace/JN-AN-1201-YCL/JN-AN-1201-ZigBee-Intruder-Alarm-System/ZONE/Build/zcl_CustomCommandReceive.o
LOAD c:/NXP/bstudio_nxp/workspace/JN-AN-1201-YCL/JN-AN-1201-ZigBee-Intruder-Alarm-System/ZONE/Build/zcl_CustomCommandSend.o
LOAD c:/NXP/bstudio_nxp/workspace/JN-AN-1201-YCL/JN-AN-1201-ZigBee-Intruder-Alarm-System/ZONE/Build/zcl_PDUbufferReadWrite.o
LOAD c:/NXP/bstudio_nxp/workspace/JN-AN-1201-YCL/JN-AN-1201-ZigBee-Intruder-Alarm-System/ZONE/Build/zcl_PDUbufferReadWriteString.o
LOAD c:/NXP/bstudio_nxp/workspace/JN-AN-1201-YCL/JN-AN-1201-ZigBee-Intruder-Alarm-System/ZONE/Build/zcl_WriteAttributesRequestHandle.o
LOAD c:/NXP/bstudio_nxp/workspace/JN-AN-1201-YCL/JN-AN-1201-ZigBee-Intruder-Alarm-System/ZONE/Build/zcl_WriteAttributesRequestSend.o
LOAD c:/NXP/bstudio_nxp/workspace/JN-AN-1201-YCL/JN-AN-1201-ZigBee-Intruder-Alarm-System/ZONE/Build/zcl_WriteAttributesResponseHandle.o
LOAD c:/NXP/bstudio_nxp/workspace/JN-AN-1201-YCL/JN-AN-1201-ZigBee-Intruder-Alarm-System/ZONE/Build/zcl_attribute.o
LOAD c:/NXP/bstudio_nxp/workspace/JN-AN-1201-YCL/JN-AN-1201-ZigBee-Intruder-Alarm-System/ZONE/Build/zcl_buffer.o
LOAD c:/NXP/bstudio_nxp/workspace/JN-AN-1201-YCL/JN-AN-1201-ZigBee-Intruder-Alarm-System/ZONE/Build/zcl_clusterCommand.o
LOAD c:/NXP/bstudio_nxp/workspace/JN-AN-1201-YCL/JN-AN-1201-ZigBee-Intruder-Alarm-System/ZONE/Build/zcl_command.o
LOAD c:/NXP/bstudio_nxp/workspace/JN-AN-1201-YCL/JN-AN-1201-ZigBee-Intruder-Alarm-System/ZONE/Build/zcl_configureReportingCommandHandle.o
LOAD c:/NXP/bstudio_nxp/workspace/JN-AN-1201-YCL/JN-AN-1201-ZigBee-Intruder-Alarm-System/ZONE/Build/zcl_configureReportingCommandSend.o
LOAD c:/NXP/bstudio_nxp/workspace/JN-AN-1201-YCL/JN-AN-1201-ZigBee-Intruder-Alarm-System/ZONE/Build/zcl_configureReportingResponseHandle.o
LOAD c:/NXP/bstudio_nxp/workspace/JN-AN-1201-YCL/JN-AN-1201-ZigBee-Intruder-Alarm-System/ZONE/Build/zcl_defaultResponse.o
LOAD c:/NXP/bstudio_nxp/workspace/JN-AN-1201-YCL/JN-AN-1201-ZigBee-Intruder-Alarm-System/ZONE/Build/zcl_discoverAttributesExtendedRequestHandle.o
LOAD c:/NXP/bstudio_nxp/workspace/JN-AN-1201-YCL/JN-AN-1201-ZigBee-Intruder-Alarm-System/ZONE/Build/zcl_discoverAttributesExtendedRequestSend.o
LOAD c:/NXP/bstudio_nxp/workspace/JN-AN-1201-YCL/JN-AN-1201-ZigBee-Intruder-Alarm-System/ZONE/Build/zcl_discoverAttributesExtendedResponseHandle.o
LOAD c:/NXP/bstudio_nxp/workspace/JN-AN-1201-YCL/JN-AN-1201-ZigBee-Intruder-Alarm-System/ZONE/Build/zcl_discoverAttributesRequestHandle.o
LOAD c:/NXP/bstudio_nxp/workspace/JN-AN-1201-YCL/JN-AN-1201-ZigBee-Intruder-Alarm-System/ZONE/Build/zcl_discoverAttributesRequestSend.o
LOAD c:/NXP/bstudio_nxp/workspace/JN-AN-1201-YCL/JN-AN-1201-ZigBee-Intruder-Alarm-System/ZONE/Build/zcl_discoverAttributesResponseHandle.o
LOAD c:/NXP/bstudio_nxp/workspace/JN-AN-1201-YCL/JN-AN-1201-ZigBee-Intruder-Alarm-System/ZONE/Build/zcl_discoverCommandsRequestHandle.o
LOAD c:/NXP/bstudio_nxp/workspace/JN-AN-1201-YCL/JN-AN-1201-ZigBee-Intruder-Alarm-System/ZONE/Build/zcl_discoverCommandsRequestSend.o
LOAD c:/NXP/bstudio_nxp/workspace/JN-AN-1201-YCL/JN-AN-1201-ZigBee-Intruder-Alarm-System/ZONE/Build/zcl_discoverCommandsResponseHandle.o
LOAD c:/NXP/bstudio_nxp/workspace/JN-AN-1201-YCL/JN-AN-1201-ZigBee-Intruder-Alarm-System/ZONE/Build/zcl_event.o
LOAD c:/NXP/bstudio_nxp/workspace/JN-AN-1201-YCL/JN-AN-1201-ZigBee-Intruder-Alarm-System/ZONE/Build/zcl_heap.o
LOAD c:/NXP/bstudio_nxp/workspace/JN-AN-1201-YCL/JN-AN-1201-ZigBee-Intruder-Alarm-System/ZONE/Build/zcl_library_options.o
LOAD c:/NXP/bstudio_nxp/workspace/JN-AN-1201-YCL/JN-AN-1201-ZigBee-Intruder-Alarm-System/ZONE/Build/zcl_readAttributesRequestHandle.o
LOAD c:/NXP/bstudio_nxp/workspace/JN-AN-1201-YCL/JN-AN-1201-ZigBee-Intruder-Alarm-System/ZONE/Build/zcl_readAttributesRequestSend.o
LOAD c:/NXP/bstudio_nxp/workspace/JN-AN-1201-YCL/JN-AN-1201-ZigBee-Intruder-Alarm-System/ZONE/Build/zcl_readAttributesResponseHandle.o
LOAD c:/NXP/bstudio_nxp/workspace/JN-AN-1201-YCL/JN-AN-1201-ZigBee-Intruder-Alarm-System/ZONE/Build/zcl_readReportingConfigurationCommandHandle.o
LOAD c:/NXP/bstudio_nxp/workspace/JN-AN-1201-YCL/JN-AN-1201-ZigBee-Intruder-Alarm-System/ZONE/Build/zcl_readReportingConfigurationCommandSend.o
LOAD c:/NXP/bstudio_nxp/workspace/JN-AN-1201-YCL/JN-AN-1201-ZigBee-Intruder-Alarm-System/ZONE/Build/zcl_readReportingConfigurationResponseHandle.o
LOAD c:/NXP/bstudio_nxp/workspace/JN-AN-1201-YCL/JN-AN-1201-ZigBee-Intruder-Alarm-System/ZONE/Build/zcl_reportManager.o
LOAD c:/NXP/bstudio_nxp/workspace/JN-AN-1201-YCL/JN-AN-1201-ZigBee-Intruder-Alarm-System/ZONE/Build/zcl_reportMaths.o
LOAD c:/NXP/bstudio_nxp/workspace/JN-AN-1201-YCL/JN-AN-1201-ZigBee-Intruder-Alarm-System/ZONE/Build/zcl_reportScheduler.o
LOAD c:/NXP/bstudio_nxp/workspace/JN-AN-1201-YCL/JN-AN-1201-ZigBee-Intruder-Alarm-System/ZONE/Build/zcl_reportStringHandling.o
LOAD c:/NXP/bstudio_nxp/workspace/JN-AN-1201-YCL/JN-AN-1201-ZigBee-Intruder-Alarm-System/ZONE/Build/zcl_reportStructure.o
LOAD c:/NXP/bstudio_nxp/workspace/JN-AN-1201-YCL/JN-AN-1201-ZigBee-Intruder-Alarm-System/ZONE/Build/zcl_search.o
LOAD c:/NXP/bstudio_nxp/workspace/JN-AN-1201-YCL/JN-AN-1201-ZigBee-Intruder-Alarm-System/ZONE/Build/zcl_timer.o
LOAD c:/NXP/bstudio_nxp/workspace/JN-AN-1201-YCL/JN-AN-1201-ZigBee-Intruder-Alarm-System/ZONE/Build/zcl_transmit.o
LOAD c:/NXP/bstudio_nxp/workspace/sdk/JN-SW-4168/Components/Library\libZPSMAC_Mini_JN516x.a
LOAD c:/NXP/bstudio_nxp/workspace/sdk/JN-SW-4168/Components/Library\libOS_JN516x.a
LOAD c:/NXP/bstudio_nxp/workspace/sdk/JN-SW-4168/Components/Library\libPWRM_JN516x.a
LOAD c:/NXP/bstudio_nxp/workspace/sdk/JN-SW-4168/Components/Library\libZPSTSV_JN516x.a
LOAD c:/NXP/bstudio_nxp/workspace/sdk/JN-SW-4168/Components/Library\libAES_SW_JN516x.a
LOAD c:/NXP/bstudio_nxp/workspace/sdk/JN-SW-4168/Components/Library\libPDUM_JN516x.a
LOAD c:/NXP/bstudio_nxp/workspace/sdk/JN-SW-4168/Components/Library\libZPSAPL_JN516x.a
LOAD c:/NXP/bstudio_nxp/workspace/sdk/JN-SW-4168/Components/Library\libRandom_JN516x.a
LOAD c:/NXP/bstudio_nxp/workspace/sdk/JN-SW-4168/Components/Library\libPDM_EEPROM_JN516x.a
LOAD c:/NXP/bstudio_nxp/workspace/sdk/JN-SW-4168/Components/Library\libDBG_JN516x.a
LOAD c:/NXP/bstudio_nxp/workspace/sdk/JN-SW-4168/Components/Library\libZPSNWK_ZED_JN516x.a
LOAD c:/NXP/bstudio_nxp/workspace/sdk/JN-SW-4168/Components/Library\libMiniMac_JN5169.a
LOAD c:/NXP/bstudio_nxp/workspace/sdk/JN-SW-4168/Components/Library\libMiniMacShim_JN516x.a
LOAD c:/NXP/bstudio_nxp/workspace/sdk/JN-SW-4168/Components/Library\libMMAC_JN5169.a
LOAD c:/NXP/bstudio_nxp/workspace/sdk/JN-SW-4168/Components/Library\libJPT_JN5169.a
LOAD c:/NXP/bstudio_nxp/workspace/sdk/JN-SW-4168/Components/Library\libAes_JN516x.a
LOAD c:/NXP/bstudio_nxp/workspace/sdk/JN-SW-4168/Components/Library\libHardwareApi_JN5169.a
LOAD c:/NXP/bstudio_nxp/workspace/sdk/JN-SW-4168/Components/Library\libMicroSpecific_JN516x.a
LOAD c:/NXP/bstudio_nxp/workspace/sdk/JN-SW-4168/Components/Library\libBoot_JN516x.a
LOAD c:/NXP/bstudio_nxp/workspace/sdk/JN-SW-4168/Platform/DK4/Library\libBoardLib_JN516x.a
LOAD c:/nxp/bstudio_nxp/workspace/sdk/tools/ba-elf-ba2-r36379/bin/../lib/gcc/ba-elf/4.7.4/../../../../ba-elf/lib/mcpu_jn51xx_sizeopt\libm.a
END GROUP
LOAD c:/nxp/bstudio_nxp/workspace/sdk/tools/ba-elf-ba2-r36379/bin/../lib/gcc/ba-elf/4.7.4/../../../../ba-elf/lib/mcpu_jn51xx_sizeopt\libc.a
LOAD c:/nxp/bstudio_nxp/workspace/sdk/tools/ba-elf-ba2-r36379/bin/../lib/gcc/ba-elf/4.7.4/mcpu_jn51xx_sizeopt\libgcc.a
LOAD c:/nxp/bstudio_nxp/workspace/sdk/tools/ba-elf-ba2-r36379/bin/../lib/gcc/ba-elf/4.7.4/../../../../ba-elf/lib/mcpu_jn51xx_sizeopt\libc.a
                0x0000000000080038                exception_vsr_table = 0x80038
                0x0000000004000000                pSPIflashFncTable = 0x4000000
                0x0000000000000044                restore_state = 0x44
                0x000000000000004a                bZSPIWaitWIPClear = 0x4a
                0x0000000000000050                u16ZSPIflashRDID = 0x50
                0x0000000000000056                u8SelectFlashChipType = 0x56
                0x000000000000005c                memcpy = 0x5c
                0x0000000000000066                vBootFlashProg = 0x66
                [0x00000000000007d0]                __minimum_heap_size = DEFINED (__minimum_heap_size)?__minimum_heap_size:0xd16
                [0x0000000000001388]                __stack_size = DEFINED (__stack_size)?__stack_size:0x800
                0x0000000000000000                _SwConfig = (DEFINED (g_bSWConf_Debug) | (DEFINED (g_bSWConf_AltDebugPort) << 0x1))

.version        0x000000000007fffc        0x4
                0x000000000007fffc        0x4 LONG 0xf03000b

.bir            0x0000000000080000       0x10
                0x0000000000080000                _flash_start = ABSOLUTE (.)
                0x0000000000080000                _flash_beg = ABSOLUTE (.)
                0x0000000000080000        0x4 LONG 0x12345678
                0x0000000000080004        0x4 LONG 0x11223344
                0x0000000000080008        0x4 LONG 0x55667788
                0x000000000008000c        0x1 BYTE 0x8
                0x000000000008000d        0x1 BYTE 0x1
                0x000000000008000e        0x2 SHORT 0x0

.flashheader    0x0000000000080010       0x28
                0x0000000000080010        0x4 LONG 0x0
                0x0000000000080014        0x4 LONG 0x0
                0x0000000000080018        0x4 LONG 0x0
                0x000000000008001c        0x2 SHORT 0x0
                0x000000000008001e        0x2 SHORT 0x0 ABSOLUTE (_SwConfig)
                0x0000000000080020                _enc_start = ABSOLUTE (.)
                0x0000000000080020        0x4 LONG 0x1f1a4 ABSOLUTE (_image_len)
                0x0000000000080024        0x4 LONG 0x9e848 ABSOLUTE (_flash_data_start)
                0x0000000000080028        0x2 SHORT 0x13 ((ABSOLUTE (_ram_data_start) / 0x4) & 0xffff)
                0x000000000008002a        0x2 SHORT 0x257 ((ABSOLUTE (_ram_data_len) / 0x4) & 0xffff)
                0x000000000008002c        0x2 SHORT 0x26a ((ABSOLUTE (_bss_start) / 0x4) & 0xffff)
                0x000000000008002e        0x2 SHORT 0xfd2 ((ABSOLUTE (_bss_len) / 0x4) & 0xffff)
                0x0000000000080030        0x4 LONG 0x9cc9c ABSOLUTE (AppWarmStart)
                0x0000000000080034        0x4 LONG 0x9ccb6 ABSOLUTE (AppColdStart)
                0x0000000000000000                _enc_offset = (_enc_start & 0xf)

.ro_mac_address
                0x0000000000080040        0x0
                0x0000000000080040                _FlsMACAddress = ABSOLUTE (.)
 *(.ro_mac_address)
                0x0000000000080040                . = ALIGN (0x10)

.ro_ota_header  0x0000000000080040        0x0
                0x0000000000080040                _FlsOtaHeader = ABSOLUTE (.)
 *(.ro_ota_header)
                0x0000000000080040                . = ALIGN (0x10)

.ro_se_lnkKey   0x0000000000080040        0x0
                0x0000000000080040                _FlsLinkKey = ABSOLUTE (.)
 *(.ro_se_lnkKey)
                0x0000000000080040                . = ALIGN (0x10)

.rodata         0x0000000000080038     0x1741
 *(.rodata*)
 .rodata.str1.1
                0x0000000000080038       0xfd C:\Users\1\AppData\Local\Temp\cc58PiEI.ltrans0.ltrans.o
                                        0x11b (size before relaxing)
 *fill*         0x0000000000080135        0x3 00
 .rodata        0x0000000000080138       0x98 C:\Users\1\AppData\Local\Temp\cc58PiEI.ltrans0.ltrans.o
                0x0000000000080138                psAplDefaultZLLAPSLinkKey
                0x000000000008013c                gMAC_u8MaxBuffers
                0x0000000000080140                g_u32ApsFcSaveCountBitShift
                0x0000000000080144                u8MaxZpsConfigEp
                0x0000000000080145                au8EpMapPresent
                0x0000000000080148                s_groupPdmTable
 .rodata.str1.1
                0x00000000000801d0       0x3e C:\Users\1\AppData\Local\Temp\cc58PiEI.ltrans1.ltrans.o
 *fill*         0x000000000008020e        0x2 00
 .rodata        0x0000000000080210       0x40 C:\Users\1\AppData\Local\Temp\cc58PiEI.ltrans2.ltrans.o
 .rodata.str1.1
                0x0000000000080250        0x5 C:\Users\1\AppData\Local\Temp\cc58PiEI.ltrans3.ltrans.o
                                          0x8 (size before relaxing)
 .rodata        0x0000000000080255       0x6b C:\Users\1\AppData\Local\Temp\cc58PiEI.ltrans3.ltrans.o
 .rodata.str1.1
                0x0000000000000000        0x5 C:\Users\1\AppData\Local\Temp\cc58PiEI.ltrans5.ltrans.o
                                          0x7 (size before relaxing)
 .rodata        0x00000000000802c0       0x10 C:\Users\1\AppData\Local\Temp\cc58PiEI.ltrans6.ltrans.o
 .rodata.str1.1
                0x0000000000000000        0x5 C:\Users\1\AppData\Local\Temp\cc58PiEI.ltrans7.ltrans.o
                                         0x10 (size before relaxing)
 .rodata        0x00000000000802d0        0x7 C:\Users\1\AppData\Local\Temp\cc58PiEI.ltrans7.ltrans.o
                0x00000000000802d0                u8MacNwkTriesTimeout
 .rodata.str1.1
                0x00000000000802d7       0x17 C:\Users\1\AppData\Local\Temp\cc58PiEI.ltrans9.ltrans.o
                                         0x2f (size before relaxing)
 .rodata.str1.1
                0x00000000000802ee        0x4 C:\Users\1\AppData\Local\Temp\cc58PiEI.ltrans10.ltrans.o
                                         0x13 (size before relaxing)
 .rodata.str1.1
                0x00000000000802f2       0x3b C:\Users\1\AppData\Local\Temp\cc58PiEI.ltrans11.ltrans.o
                                         0x45 (size before relaxing)
 *fill*         0x000000000008032d        0x3 00
 .rodata        0x0000000000080330      0x17c C:\Users\1\AppData\Local\Temp\cc58PiEI.ltrans12.ltrans.o
                0x0000000000080330                s_apsStSceTbl.115704
                0x0000000000080344                s_apsStSmeTbl.115767
                0x0000000000080358                s_aprIdleStHandleCme.123721
                0x0000000000080368                s_aprActvStHandleCme.120607
                0x0000000000080380                bRxOnOptimisationTurnedOff
                0x0000000000080384                zps_sJoinSceTbl
                0x0000000000080390                zps_sActvSceTbl
                0x000000000008039c                zps_sDiscSmeTbl
                0x00000000000803a8                zps_sJoinSmeTbl
                0x00000000000803b4                zps_sActvSmeTbl
 .rodata.str1.1
                0x00000000000804ac      0x270 C:\Users\1\AppData\Local\Temp\cc58PiEI.ltrans13.ltrans.o
                                        0x277 (size before relaxing)
 .rodata.str1.1
                0x000000000008071c       0xf7 C:\Users\1\AppData\Local\Temp\cc58PiEI.ltrans14.ltrans.o
                                        0x10c (size before relaxing)
 *fill*         0x0000000000080813        0x1 00
 .rodata        0x0000000000080814       0x18 C:\Users\1\AppData\Local\Temp\cc58PiEI.ltrans15.ltrans.o
                0x0000000000080814                au32NwkPdmRecordOffsets
 .rodata.str1.1
                0x000000000008082c      0x40a C:\Users\1\AppData\Local\Temp\cc58PiEI.ltrans16.ltrans.o
                                        0x410 (size before relaxing)
 *fill*         0x0000000000080c36        0x2 00
 .rodata        0x0000000000080c38      0x118 C:\Users\1\AppData\Local\Temp\cc58PiEI.ltrans17.ltrans.o
                0x0000000000080c38                gu32ZCLVersion
                0x0000000000080c3c                OS_g_u32Version
                0x0000000000080c40                PDUM_g_u32Version
                0x0000000000080c44                ZPS_g_u32MacVersion
                0x0000000000080c48                ZPS_g_u32TsvVersion
 .rodata.str1.1
                0x0000000000080d50       0x3d C:\Users\1\AppData\Local\Temp\cc58PiEI.ltrans18.ltrans.o
                                         0x56 (size before relaxing)
 *fill*         0x0000000000080d8d        0x3 00
 .rodata        0x0000000000080d90       0x10 C:\Users\1\AppData\Local\Temp\cc58PiEI.ltrans19.ltrans.o
                0x0000000000080d98                au32UartAddrOffset
 .rodata.str1.1
                0x0000000000080da0        0x3 C:\Users\1\AppData\Local\Temp\cc58PiEI.ltrans19.ltrans.o
 .rodata.str1.1
                0x0000000000080da3        0x5 C:\Users\1\AppData\Local\Temp\cc58PiEI.ltrans20.ltrans.o
                                         0x17 (size before relaxing)
 .rodata.str1.1
                0x0000000000080da8        0x5 C:\Users\1\AppData\Local\Temp\cc58PiEI.ltrans22.ltrans.o
 .rodata.str1.1
                0x0000000000000000        0x3 C:\Users\1\AppData\Local\Temp\cc58PiEI.ltrans24.ltrans.o
 *fill*         0x0000000000080dad        0x3 00
 .rodata        0x0000000000080db0       0x4c C:\Users\1\AppData\Local\Temp\cc58PiEI.ltrans24.ltrans.o
                0x0000000000080db0                g_u32NwkFcSaveCountBitShift
 .rodata.str1.1
                0x0000000000080dfc       0x21 C:\Users\1\AppData\Local\Temp\cc58PiEI.ltrans25.ltrans.o
                                         0x4c (size before relaxing)
 .rodata.str1.1
                0x0000000000080e1d      0x3fd C:\Users\1\AppData\Local\Temp\cc58PiEI.ltrans26.ltrans.o
                                        0x41f (size before relaxing)
 *fill*         0x000000000008121a        0x2 00
 .rodata        0x000000000008121c       0x14 C:\Users\1\AppData\Local\Temp\cc58PiEI.ltrans26.ltrans.o
                0x000000000008122c                pu64NewMacOverrideMyAddressLocation
 .rodata.str1.1
                0x0000000000081230       0x67 C:\Users\1\AppData\Local\Temp\cc58PiEI.ltrans27.ltrans.o
 .rodata.str1.1
                0x0000000000081297       0xeb C:\Users\1\AppData\Local\Temp\cc58PiEI.ltrans29.ltrans.o
 *fill*         0x0000000000081382        0x2 00
 .rodata        0x0000000000081384      0x3c8 C:\Users\1\AppData\Local\Temp\cc58PiEI.ltrans29.ltrans.o
                0x0000000000081384                zps_g_pvApl
 .rodata.str1.1
                0x0000000000000000       0xeb C:\Users\1\AppData\Local\Temp\cc58PiEI.ltrans30.ltrans.o
                                          0x4 (size before relaxing)
 .rodata.str1.1
                0x000000000008174c       0x21 C:\Users\1\AppData\Local\Temp\cc58PiEI.ltrans31.ltrans.o
                                         0x28 (size before relaxing)
 .rodata        0x000000000008176d        0xc C:\Users\1\AppData\Local\Temp\cc58PiEI.ltrans31.ltrans.o

.text           0x0000000000081780    0x1d0c6
 *(.text*)
 .text          0x0000000000081780     0x1af8 C:\Users\1\AppData\Local\Temp\cc58PiEI.ltrans0.ltrans.o
                0x0000000000081780                APP_TIMER_Version_1v0
                0x0000000000081780                vInitialiseApp.3489
 .text          0x0000000000083278     0x1770 C:\Users\1\AppData\Local\Temp\cc58PiEI.ltrans1.ltrans.o
                0x0000000000083278                vZCL_EventHandler
 .text          0x00000000000849e8     0x136f C:\Users\1\AppData\Local\Temp\cc58PiEI.ltrans2.ltrans.o
                0x00000000000849e8                DBG_iUartGetChar
                0x0000000000084a9c                vMMAC_IntHandlerBbc
                0x0000000000084ab6                eBasicTxCompleteHandler
                0x0000000000084abb                vTxRxTimeout.129159
                0x0000000000084b18                zps_eNwkHandleSmeOrphanInd
                0x0000000000084b1f                eSmeASFlBeaconInd.122371
                0x0000000000084b41                eSmeUDNTScanDcfm.121826
                0x0000000000084bc8                zps_eNwkHandleSmePollDcfm
                0x0000000000084bf2                eSmeGenlScanDcfm.122363
                0x0000000000084c50                eSmeEdScScanDcfm.122359
                0x0000000000084df7                eSmeAcScBeaconInd.122379
                0x0000000000084eff                eSmeUDNTBeaconInd.122355
                0x0000000000084f22                vMicroIntEnableOnly.constprop.137
                0x0000000000084f4e                vACI_OptimisedCcmStar.constprop.130
                0x0000000000085139                u16AHI_UartBlockReadData.part.14.131914.constprop.113
                0x0000000000085169                vAHI_WakeTimerStart.part.1.132126.constprop.105
                0x00000000000851aa                vMiniMac_MLME_SetReq_PanId
                0x00000000000851e7                vMiniMac_MLME_SetReq_ShortAddr
                0x00000000000851f5                vZCL_InitializeClusterInstance.constprop.63
                0x0000000000085206                pvZCL_HeapAlloc.part.0.42826.constprop.59
                0x000000000008523f                vMiniMac_ReturnTxBufferCallback
                0x0000000000085251                vEnableReceive.129163
                0x000000000008528b                pvHeap_Alloc
                0x000000000008528e                vMicroIntRestoreState
                0x000000000008529a                TSV_eStart
                0x00000000000852ea                bAHI_WriteEEPROMfixSegmentData
                0x0000000000085348                bAHI_InitialiseEEPROM
                0x0000000000085390                vAHI_ReadDataFromEEPROMregister
                0x00000000000853bd                vAHI_WriteDataIntoEEPROMregister
                0x00000000000853ed                iAHI_WriteDataIntoEEPROMsegment.constprop.132
                0x000000000008543b                iPDM_WriteSegmentHeaderDataIntoEEPROMsegment
                0x000000000008546a                u8AHI_WakeTimerFiredStatus
                0x000000000008547e                vAHI_WakeTimerStop.part.3.132138
                0x000000000008549e                vAHI_UartReset.part.4.131892
                0x00000000000854d6                vAHI_UartDisable.part.8.132025
                0x0000000000085542                vAHI_UartSetBaudDivisor.part.1.131872
                0x0000000000085581                vAHI_OptimiseWaitStates
                0x00000000000855cd                bAHI_GetClkSource
                0x00000000000855da                vAHI_SwReset
                0x000000000008560a                vAHI_DioSetOutput
                0x000000000008561e                vAHI_DioSetDirection
                0x0000000000085632                bIssueACIcommand
                0x0000000000085894                vTransformKey.isra.0.60070
                0x00000000000858c4                MAC_u64GetExtAddr
                0x00000000000858df                ZPS_u64NwkNibFindExtAddr
                0x000000000008598a                ZPS_u16NwkNibFindNwkAddr
                0x0000000000085a30                psSearchForFrameToSend
                0x0000000000085a87                eMiniMac_FrameInProgress
                0x0000000000085ab2                vRemoveFromTxQueue
                0x0000000000085aee                vAddToTxQueue
                0x0000000000085b24                u8GetHeaderSize
                0x0000000000085b4c                vMiniMac_PLME_SetReq_CcaMode
                0x0000000000085b60                vMiniMac_MLME_SetReq_MaxCsmaBackoffs
                0x0000000000085b80                vMiniMac_MLME_SetReq_MaxBe
                0x0000000000085ba3                vMiniMac_MLME_SetReq_MinBe
                0x0000000000085bc6                zps_vSendJoinInd
                0x0000000000085c37                zps_psNwkSlistRemoveFromHead
                0x0000000000085c4e                zps_psNwkSlistRemove
                0x0000000000085c86                zps_bNwkMcpsMgrRemoveDescrFromLists
                0x0000000000085cc4                zps_vNwkSlistAddToTail
                0x0000000000085cde                ZPS_vNwkSecResetDevice
                0x0000000000085d23                ZPS_bNwkSecHaveNetworkKey
 .text.unlikely
                0x0000000000085d57       0xc8 C:\Users\1\AppData\Local\Temp\cc58PiEI.ltrans2.ltrans.o
                0x0000000000085d6c                vAHI_MemoryHold.131570
 .text          0x0000000000085e1f      0xebb C:\Users\1\AppData\Local\Temp\cc58PiEI.ltrans3.ltrans.o
                0x0000000000085e1f                os_u32APP_cbGetTickTimer
                0x0000000000085e28                os_bAPP_cbSetTickTimerCompare
                0x0000000000085e84                vZdoServersInit.2866
                0x0000000000085fbb                boIdValueSearchMatch.110525
                0x0000000000086015                u16PDM_CalculateRecordChecksum
                0x00000000000860b8                iPDM_ReadSegmentHeaderDataFromEEPROMsegment
                0x0000000000086111                PWRM_vWakeInterruptCallback
                0x000000000008615d                u16ZCL_APduInstanceReadNBO
                0x0000000000086242                u16ZCL_ReadCommandHeader.part.0.34874
                0x00000000000862b9                u16ZCL_APduInstanceReadStringNBO.part.3.32088
                0x0000000000086392                eZCL_GetAttributeTypeSizeFromBuffer
                0x0000000000086409                u16ZCL_APduInstanceWriteNBO
                0x00000000000864b3                u16ZCL_WriteAttributeValueIntoBuffer
                0x00000000000865d8                u16ZCL_WriteCommandHeader
                0x0000000000086650                u16ZCL_GetTxPayloadSize
                0x0000000000086690                u8ZdoBindUnbindServerUnpackApdu
                0x00000000000866df                PWRM_eScheduleActivity.constprop.100
                0x00000000000867fc                ZPS_eTsvOpen
                0x0000000000086816                zps_vSendJoinDcfm
                0x000000000008685c                vGiveUp.124942
                0x0000000000086894                iPDM_FilterDuplicateAppendedSegmentsOnList.111697
                0x00000000000868d8                sEZ_GetDiscEntry.7949
                0x0000000000086919                ZPS_bIsMacAddressUsedInApsTable
                0x00000000000869cf                zps_vNwkBttMgrInit
                0x00000000000869fd                ZPS_vNwkNibClearTables
                0x0000000000086b1e                vSetChannelAndPower
                0x0000000000086cbe                vMiniMac_PLME_SetReq_Power
                0x0000000000086cd2                vMiniMac_PLME_SetReq_Channel
 .text          0x0000000000086cda     0x13c9 C:\Users\1\AppData\Local\Temp\cc58PiEI.ltrans4.ltrans.o
                0x0000000000086cda                vNwkMcpsTimerCallback
                0x0000000000086cf4                zps_eSceGenlIllegal
                0x0000000000086cfb                zps_eSmeGenlIllegal
                0x0000000000086d02                DBG_vUartFailedAssert
                0x0000000000086d06                zps_bAplZdoBindRequestServer
                0x0000000000086e41                psGetVsMcpsBuf.71575
                0x0000000000086e4a                psGetMlmeBuf.71568
                0x0000000000086e91                psGetNlmeBuf.54518
                0x0000000000086e9b                psGetNldeBuf.54539
                0x0000000000086ea5                psGetApsmeBuf.54525
                0x0000000000086eae                psGetApsdeBuf.54532
                0x0000000000086eb4                vLoopbackTimerCallback
                0x0000000000086ee3                ZPS_bNwkSecFindMatSet
                0x0000000000086f1f                zps_vNwkFreeMcpsHandle
                0x0000000000086f49                ZPS_u64NwkNibGetMappedIeeeAddr
                0x0000000000086f6b                ZPS_bNwkNibNtActvMatch
                0x0000000000087023                bCheckNwkAddr
                0x0000000000087071                ZPS_vSetExtendedStatus
                0x0000000000087083                zps_psApsApsAllocateDcfmRecord
                0x00000000000870f1                zps_u8CalcLinkCost
                0x000000000008712d                ZPS_u8NwkNibNtDiscMatch
                0x0000000000087211                zps_u64NwkLibFromPayload
                0x0000000000087250                zps_vNwkLibU64ToPayload
                0x000000000008727d                zps_vInitBeaconPayload
                0x00000000000872f9                zps_eNwkDcfmIndPost
                0x000000000008731b                zps_psNwkDcfmIndGetBuf
                0x000000000008733d                eNldeDataDcfm.117597
                0x000000000008736d                zps_vSendNwkStatusInd
                0x000000000008739d                DBG_vInit
                0x00000000000873df                vPDM_ReadBitmapHeader.111382
                0x00000000000873fe                psSLISTsearch
                0x000000000008743e                psSLISTremove
                0x00000000000874bc                vSLISTaddToTail
                0x00000000000874db                psSLISTgetNext
                0x00000000000874ff                u8PDM_CalculateLargestDataRecordStored
                0x0000000000087530                bPDM_ImageBitmapRepairCheck
                0x0000000000087558                u8PDM_ReadSequenceNumber
                0x000000000008757b                boSegmentNumberDeleteSearchMatch.110952
                0x0000000000087596                u8PDM_ReadSegmentDataSize
                0x00000000000875aa                u32PDM_ReadFileSystemHeaderWearCount
                0x00000000000875c0                boSearchForWearCountSubstitute.111268
                0x00000000000875e6                boSearchForWearCountInsertPoint.110521
                0x0000000000087604                vPDM_WriteFileSystemHeaderWearCount
                0x0000000000087616                RND_u32GetRand256
                0x0000000000087633                RND_u32GetRand
                0x000000000008765a                u16CalculateFailedTxCount.87276
                0x0000000000087684                vZdoIeeeAddrServerSendExtendResponse.part.0.75396
                0x00000000000876e5                vZdoNwkAddrServerSendExtendResponse.part.0.74216
                0x0000000000087746                zps_bAplZdoServerHandleConfirmAcks
                0x0000000000087790                zps_bPerformLeaveActionDecider
                0x0000000000087795                vHandleUpdateDeviceIndication.63584
                0x00000000000877bf                u32GetScanChannels.63571
                0x00000000000877ea                bDuplicateCheck.59951
                0x00000000000878f7                bIsBindTableMatch.58519
                0x0000000000087948                eRemoveEntryInBindingTable.58547
                0x00000000000879c7                zps_vAplApsFillAndPostApsAck
                0x0000000000087a31                zps_u8AplApsFreeMsgHandle
                0x0000000000087a9b                u8BlocksToSendInWindow.56015
                0x0000000000087aed                vFillDataIndStruct.54385
                0x0000000000087b4b                vFillApduErrorEvent.54378
                0x0000000000087b8e                bCheckProfile.54373
                0x0000000000087bcc                ZPS_bIsGroupPresent
                0x0000000000087c04                PDUM_u16APduInstanceWriteStrNBO
                0x0000000000087d83                pdum_u16ReadNBO
                0x0000000000087ee4                PDUM_eNPduReadHeaderNBO
                0x0000000000087f37                PDUM_u16APduInstanceReadNBO
                0x0000000000087f81                PDUM_eNPduPrependHeaderNBO
                0x0000000000087fdc                PDUM_eNPduAppendDataNBO
                0x0000000000088039                PDUM_u16APduInstanceWriteNBO
 .text          0x00000000000880a3     0x131a C:\Users\1\AppData\Local\Temp\cc58PiEI.ltrans5.ltrans.o
                0x00000000000880a3                PDUM_hAPduAllocateAPduInstance
                0x0000000000088117                hZCL_AllocateAPduInstance
                0x0000000000088153                zps_eAplZdoSendZdpResponse
                0x000000000008819c                bSendResponse.86087
                0x00000000000881df                PDUM_eAPduFreeAPduInstance
                0x000000000008851e                zps_bAplZdoMatchDescServer
                0x0000000000088532                zps_bAplZdoNodeDescServer
                0x000000000008869e                zps_bAplZdoSimpleDescServer
                0x00000000000888ff                zps_bAplZdoPowerDescServer
                0x0000000000088a1c                zps_bAplZdoActiveEpServer
                0x0000000000088b05                zps_bAplZdoSystemServerDiscoveryServer
                0x0000000000088b8e                zps_bAplZdoMgmtLqiServer
                0x0000000000088dba                zps_vFragmentWindowTimeout.54369
                0x0000000000088e21                zps_vAplApsFragTransmitNotifyApp.57085
                0x0000000000088ebd                PDM_eReadDataFromRecord.part.0.109764
                0x0000000000088f7e                ZPS_pvNwkCtor.part.0.113663
                0x0000000000089267                vLoadAplRecord.63611
                0x000000000008929b                eCopyFragmentToApdu.isra.0.54414
 .text          0x00000000000893bd     0x11cc C:\Users\1\AppData\Local\Temp\cc58PiEI.ltrans6.ltrans.o
                0x00000000000893bd                DBG_vUartPutch
                0x0000000000089403                DBG_vUartFlush
                0x0000000000089430                vRadioToOff
                0x000000000008944d                vStartReceive
                0x0000000000089469                vMiniMac_NextTransaction
                0x00000000000894d3                eTransmit
                0x00000000000895ed                vMiniMac_TxComplete
                0x0000000000089826                vTimerFired
                0x00000000000898de                vMiniMac_Init
                0x0000000000089c98                vDispatch.51287
                0x0000000000089d6a                OS_eStartSWTimer.constprop.142
                0x0000000000089e89                OS_eStopSWTimer
                0x0000000000089fac                vStartStopTimer
                0x0000000000089fd7                vStopAllTimers
                0x000000000008a009                vStopSWTimers.6064
                0x000000000008a0ba                OS_ePostMessage
                0x000000000008a220                OS_eExitCriticalSection
                0x000000000008a305                OS_eActivateTask
                0x000000000008a3a0                vPostMlmeDcfmInd.71571
                0x000000000008a443                iPDM_ReadUserDataFromEEPROMsegment
                0x000000000008a4bd                iPDM_ReCalculateWearCountAndChecksumAndWriteFileSystemHeader
                0x000000000008a507                vPDM_SetEEPROMandFileSystemValidState
                0x000000000008a52e                iPDM_ReadUserDataFromFileSystemRecord
                0x000000000008a54e                vPDM_WriteFileSystemRecordAndSegmentDataIntoEEPROMsegment
 .text          0x000000000008a589      0xead C:\Users\1\AppData\Local\Temp\cc58PiEI.ltrans7.ltrans.o
                0x000000000008a589                zps_bAplZdoNwkAddrServer
                0x000000000008a70a                zps_bAplZdoIeeeAddrServer
                0x000000000008a860                vAHI_Sleep
                0x000000000008a911                eZCL_WriteLocalAttributeValue.constprop.95
                0x000000000008a9e8                eCLD_IASZoneUpdateZoneID
                0x000000000008a9fa                eCLD_IASZoneUpdateZoneState
                0x000000000008aa0b                PDUM_eNPduAllocate
                0x000000000008aa7a                zps_u8AplApsConstructAndPostLoopBackDataInd.57129
                0x000000000008abb3                u8PostUnicastMsgToNHLE.57137
                0x000000000008abec                vMiniMac_McpsCallback
                0x000000000008ae18                eMcpsTxCompleteHandler.128788
                0x000000000008ae46                PDUM_eNPduClone
                0x000000000008ae92                PDUM_eNPduFree
                0x000000000008aeff                zps_vHandleExtendedDataAckFrame
                0x000000000008afe3                vPostVsMcpsDcfmInd.71578
                0x000000000008b0cc                zps_vNwkMcpsMgrFreeReqDescr
                0x000000000008b0fe                zps_psAllocateAndFormatMacHdr
                0x000000000008b251                zps_psNwkInitCmdFrame
                0x000000000008b31e                zps_vNwkRemoveConflictedBroadcast
                0x000000000008b370                zps_vNwkMcpsMgrTidyBtrReqDescr
                0x000000000008b3b4                vNwkBttTimerExpiry.120655
 .text          0x000000000008b436      0xdb8 C:\Users\1\AppData\Local\Temp\cc58PiEI.ltrans8.ltrans.o
                0x000000000008b436                vPDM_AddFileSystemElementToListInAscendingWearCountOrder
                0x000000000008b544                vPDM_MoveFileRecordFromListToList
                0x000000000008b566                vPDM_MoveRecordToDeAllocList
                0x000000000008b586                iPDM_WriteSegmentHeaderAndData
                0x000000000008b782                vIncrementFrameCounterInPdm.isra.0.116821
                0x000000000008b961                vProcessListsForSubmission.115571
                0x000000000008bd1d                zps_vNwkMcpsMgrPost
                0x000000000008bd41                vSendNetworkReport.114617
                0x000000000008be1b                zps_eNwkHandleSdeActvDcfmData
                0x000000000008bf02                vMcpsMgrTimeoutExpiry
                0x000000000008bf71                iPDM_SegmentCopyAndAppendData.constprop.125
                0x000000000008bfce                eMakeEntryInBindingTable.58565
                0x000000000008c078                PWRM_vManagePower
 *fill*         0x000000000008c1ee        0x2 00
 .text          0x000000000008c1f0      0xfa0 C:\Users\1\AppData\Local\Temp\cc58PiEI.ltrans9.ltrans.o
                0x000000000008c3e3                vPostNldeDcfmInd.54542
                0x000000000008ce8c                vMiniMac_MlmeCallback
                0x000000000008d177                vPollConfirm.130134
 .text          0x000000000008d190      0xeb0 C:\Users\1\AppData\Local\Temp\cc58PiEI.ltrans10.ltrans.o
                0x000000000008d190                vMcpsMgrExpiry.115473
                0x000000000008d234                zps_vNwkHandleCmeLeaveReq
                0x000000000008d29c                zps_eNwkHandleSceLeave
                0x000000000008d422                vPDM_MoveAllDataFromListToList
                0x000000000008d460                vPDM_MoveAllDataToDeAllocList
                0x000000000008d488                iPDM_ReconstructReplacedDataTable
                0x000000000008d615                iPDM_ReplaceChangedSegmentInSequence
                0x000000000008d707                vPDM_MoveAllDataWithBufferIdFromListToList
                0x000000000008d78c                vPDM_DeleteAppendedSequence
                0x000000000008d873                ZPS_vNwkResetOutgoingFrameCounter
                0x000000000008d8c7                zps_psSendFrm.constprop.128
                0x000000000008dacc                ZPS_vNwkHandleNldeReqRsp
                0x000000000008dcbe                zps_eAplApsmeCmdMgrSendCommand
                0x000000000008dd9b                zps_vAplApsmeCmdMgrRetryTimeout.58511
                0x000000000008ddc4                zps_psNwkSendRejoinReqCmd.constprop.6
                0x000000000008de26                zps_psSendNetworkStatusCmd
                0x000000000008de9e                zps_eDefaultDataDcfm
 .text          0x000000000008e040     0x1091 C:\Users\1\AppData\Local\Temp\cc58PiEI.ltrans11.ltrans.o
                0x000000000008e3c2                zps_eStartFragmentedTransmission
                0x000000000008e4d7                iPDM_VerifyDataSequenceWithBufferId
                0x000000000008e579                Uart_Task_Init
                0x000000000008e80c                vSaveIASZoneAttributes
                0x000000000008e84f                zps_eAplApsmeUnBindReqRsp
                0x000000000008e8b5                bAplZdoBindUnbindServerProcessApdu
                0x000000000008eb5a                zps_eAplApsmeUpdateDeviceReqRsp.part.4.58676
                0x000000000008ecc6                zps_vSendExtendedAckDataFrame.54408
                0x000000000008edd9                eUnfragmentedUnicastTransmission.57112
 *fill*         0x000000000008f0d1        0x3 00
 .text          0x000000000008f0d4      0xda0 C:\Users\1\AppData\Local\Temp\cc58PiEI.ltrans12.ltrans.o
                0x000000000008f0d4                vBbcIntHandler.128587
                0x000000000008f39d                eAssocRespSent.129496
                0x000000000008f3bc                zps_vNwkHandleCmeSyncReq
                0x000000000008f43e                zps_vNwkHandleCmeNwkDiscReq
                0x000000000008f4b8                zps_vNwkHandleCmeEdScanReq
                0x000000000008f6b7                zps_vNwkHandleCmeNwkJoinReq
                0x000000000008f975                zps_vNwkHandleCmeNwkActvJoinReq
                0x000000000008fabd                vHandleRejoinExpiry.124938
                0x000000000008fb1b                zps_eRejoinDataDcfm
 .text          0x000000000008fe74     0x1015 C:\Users\1\AppData\Local\Temp\cc58PiEI.ltrans13.ltrans.o
                0x000000000008fe74                OS_eEnterCriticalSection
                0x000000000008ff3c                ZPS_eTsvStart
                0x000000000008ff97                zps_vAplApsCheckAndStartPollTimer
                0x000000000008fff6                zps_eAplZdoBdrmRequestSend
                0x0000000000090071                zps_eNwkHandleSceNwkUpdate
                0x0000000000090095                vProcessTimedList.115485
                0x00000000000900db                zps_vAplAfPostTimerEvent
                0x000000000009012a                zps_vNwkJoinStStartResponseTimer
                0x0000000000090164                ZPS_eTsvStop
                0x00000000000901b8                zps_eNwkBtrMatch
                0x0000000000090245                zps_vAplApsStopPollTimer
                0x00000000000902d4                ZPS_bSecEncrypt
                0x000000000009048a                bHasTimerFired.48594
                0x00000000000904f4                dbg_vPrintfImplNoneVerbose
                0x000000000009097b                pwrm_Wakeup.3493
                0x0000000000090b21                printf_array.constprop.75
                0x0000000000090b53                app_UartSendMesg
                0x0000000000090b75                vExtendedStatusCallBack.3486
                0x0000000000090b80                pwrm_PreSleep.3497
                0x0000000000090be1                vOSError
                0x0000000000090c38                os_vvDeviceStateIndicatorTask
                0x0000000000090cd1                vScheduleSleep
                0x0000000000090d7c                os_vvISR_SystemController
                0x0000000000090de3                os_vAPP_ButtonsScanTask
                0x0000000000090e31                DBG_vDumpStack
                0x0000000000090e73                vUnclaimedInterrupt
 *fill*         0x0000000000090e89        0x3 00
 .text          0x0000000000090e8c      0xcf0 C:\Users\1\AppData\Local\Temp\cc58PiEI.ltrans14.ltrans.o
                0x0000000000090ef8                vAplSecAuthPollTimerExpiry.63561
                0x0000000000090f50                vAplSecAuthTimerExpiry.63565
                0x0000000000091020                os_vAPP_PollTask
                0x000000000009106e                APP_ZCL_cbGeneralCallback.7640
                0x00000000000912cf                vPostApsdeDcfmInd.54535
                0x00000000000914d7                eJoinNetwork.63624
                0x0000000000091588                eDiscoverNetworks.63631
                0x00000000000915e4                eStartNetworkDiscovery.63638
                0x000000000009164e                eStartRouter.63648
                0x000000000009171d                vPostApsmeDcfmInd.54528
 .text          0x0000000000091b7c      0xd5a C:\Users\1\AppData\Local\Temp\cc58PiEI.ltrans15.ltrans.o
                0x0000000000091b7c                PDM_eSaveRecordData
                0x0000000000091fb1                zps_vAplSaveRecord
                0x0000000000092052                ZPS_vNwkSaveRecord
                0x000000000009207e                ZPS_vRemoveEntryFromAddressMap
                0x00000000000920c7                ZPS_vNwkSaveAllRecords
                0x00000000000920de                zps_eNwkHandleSceRejnResponse
                0x0000000000092147                ZPS_vNwkNibSetExtPanId
                0x000000000009216c                vFinish.125374
                0x00000000000921b4                ZPS_vNwkNibSetKeySeqNum
                0x00000000000921c7                ZPS_vNwkNibSetDepth
                0x00000000000921f0                ZPS_vNwkNibSetPanId
                0x000000000009220d                vHandleNwkRemoteUpdateAfterBcast.114621
                0x0000000000092288                ZPS_vNwkNibSetCapabilityInfo
                0x00000000000922b5                ZPS_vNwkNibSetChannel
                0x00000000000922cd                zps_u8NwkHandleRejoinReq
                0x00000000000923a1                zps_vProcessLocalAddrConflict.part.0.114630
                0x00000000000923db                ZPS_vNwkSaveNt
                0x00000000000923ef                ZPS_vNwkPurgeMacAddressAndRelatedEntries
                0x00000000000924f5                ZPS_vNtSetUsedStatus
                0x000000000009259c                zps_eNwkHandleSmeCommStatusInd
                0x00000000000926dc                eUnsolicitedRejoinRspDataDcfm.114625
                0x0000000000092707                eRejoinRspDataDcfm.124192
                0x00000000000927d6                ZPS_vNwkSaveSecMat
                0x00000000000927ea                vPDM_MoveAllDataWithBufferIdAndStateFromListToList
                0x0000000000092875                vPDM_ImageBitmapRepair.110440
 *fill*         0x00000000000928d6        0x2 00
 .text          0x00000000000928d8     0x1248 C:\Users\1\AppData\Local\Temp\cc58PiEI.ltrans16.ltrans.o
                0x0000000000092db5                os_vAPP_taskuart
                0x000000000009328a                APP_ZCL_cbEndpointCallback.7637
                0x00000000000937c1                os_vAPP_ZHA_Switch_Task
 .text          0x0000000000093b20      0xf70 C:\Users\1\AppData\Local\Temp\cc58PiEI.ltrans17.ltrans.o
                0x0000000000093b20                os_bDummyMemberCheck.51297
                0x0000000000093b25                os_vDefaultErrorHook.51293
                0x0000000000093b28                os_vAPP_PIRTask
                0x0000000000093b2b                os_bStrictCheck.1358
                0x0000000000093e56                pdum_u16WriteNBO
                0x0000000000093f69                PDUM_u16SizeNBO
                0x0000000000093fc7                PDUM_thAPduInstanceGetApdu
                0x0000000000093fe2                PDUM_eAPduInstanceSetPayloadSize
                0x000000000009400a                PDUM_eNPduWriteDataFromBuffer
                0x0000000000094064                PDUM_eNPduWriteDataToBuffer
                0x00000000000940c2                PDUM_eNPduWriteFromBuffer
                0x00000000000940eb                PDUM_eNPduDescend
                0x0000000000094111                PDUM_eNPduAscend
                0x0000000000094137                PDUM_eNPduClaimData
                0x00000000000941a4                PDUM_eNPduClaimHeader
                0x00000000000941c7                PDUM_eNPduInitDescending
                0x00000000000941e2                eExpireSWTimer.51306
                0x000000000009424d                vEnterErrorHook.51289
                0x0000000000094274                OS_eCollectMessage
                0x0000000000094339                OS_eGetSWTimerStatus
                0x000000000009437b                eZCL_SearchForEPentry
                0x00000000000943c3                eZCL_SearchForEPentryAndCheckManufacturerId
                0x0000000000094401                vZCL_PassEventToUser
                0x000000000009442e                eZCL_DoesAttributeHaveReportableChange
                0x000000000009444b                eZCL_GetAttributeReportableEntry
                0x0000000000094503                vZCL_AlignNumericAttributeValueTo64.48057
                0x0000000000094612                u8GetTransactionSequenceNumber
                0x0000000000094624                eZCL_GetAttributeTypeSize
                0x0000000000094643                vZCL_MarkAttributeInvalid
                0x0000000000094712                u8ZCL_GetAttributeAllignToFourBytesBoundary
                0x0000000000094727                pvZCL_GetAttributePointer
                0x000000000009479d                eZCL_StoreChangeAttributeValue
                0x000000000009483c                u16ZCL_GetStringStructureSize
                0x0000000000094879                u16ZCL_GetStringAttributeTypeSizeFromBuffer
                0x00000000000948ea                u16ZCL_GetStringSizeAndBufferFromStructure
                0x0000000000094979                eZCL_GetAttributeTypeSizeFromStructure
                0x00000000000949f2                Linkkey_Calculate
 .text          0x0000000000094a90      0xdc7 C:\Users\1\AppData\Local\Temp\cc58PiEI.ltrans18.ltrans.o
                0x0000000000094a90                zps_bAplZdoBindUnbindServer
                0x0000000000094b9c                zps_bAplZdoDefaultServer
                0x0000000000094dfd                zps_eZdpNodeDescResponse
                0x0000000000094ea5                zps_eZdpSimpleDescResponse
                0x0000000000094fb2                zps_bAplZdoMgmtNWKUpdateServer
                0x0000000000095322                zps_eZdpNwkAddrResponse
                0x0000000000095405                zps_eZdpIeeeAddrResponse
                0x00000000000954e8                zps_eZdpPowerDescResponse
                0x0000000000095585                zps_eZdpActiveEpResponse
                0x000000000009561b                zps_eZdpMatchDescResponse
                0x00000000000956b1                zps_eZdpSystemServerDiscoveryResponse
                0x0000000000095720                zps_eAplAfBoundDataReqNonBlocking
 *fill*         0x0000000000095857        0x1 00
 .text          0x0000000000095858      0xa80 C:\Users\1\AppData\Local\Temp\cc58PiEI.ltrans19.ltrans.o
                0x0000000000095858                os_vAPP_cbEnableTickTimer
                0x00000000000958d8                os_vAPP_cbDisableTickTimer
                0x000000000009591c                vRetryCcaFailure
                0x0000000000095971                eBeaconReqSent.129935
                0x0000000000095a08                DBG_vUartInitHardware
                0x0000000000095adb                eCLD_BasicCommandHandler
                0x0000000000095afe                vNewLine.part.0.111775.constprop.119
                0x0000000000095b34                Uart_TxCMDData.3164
                0x0000000000095c3e                eZCL_SearchForClusterEntry
                0x0000000000095cb3                eZCL_BuildTransmitAddressStructure
                0x0000000000095d20                User_Uart_Init
                0x0000000000095da6                ZPS_bSecDecrypt
                0x0000000000095eb8                boPDM_IsBitmapSaturated.111417
                0x0000000000095f01                vDLISTaddToHead
                0x0000000000095f2a                vDLISTaddToTail
                0x0000000000095f4d                psDLISTremove
                0x0000000000095faf                eZCL_SearchForAttributeEntry
                0x0000000000096048                eZCL_ReadLocalAttributeValue.constprop.23
                0x000000000009611b                iPDM_SearchForBufferIdInList
                0x0000000000096150                iPDM_SearchForBufferIdInFileSystem
                0x0000000000096163                iPDM_ReadUserDataFromSegmentWithId
                0x0000000000096198                iPDM_SearchForSpecificSegmentInList
                0x00000000000961ca                psGetTxFrameBuffer
                0x0000000000096209                psGetAndBuildCoordRealignment
                0x0000000000096261                eBuildAndSend.129939
 .text          0x00000000000962d8      0xdcc C:\Users\1\AppData\Local\Temp\cc58PiEI.ltrans20.ltrans.o
                0x0000000000096b75                os_vzps_taskZPS
                0x0000000000096d9e                ZPS_vNwkNibCheckAndUpdateAddresses
                0x0000000000096e3a                zps_bAplZdoDeviceAnnceServer
 *fill*         0x00000000000970a4        0x0 00
 .text          0x00000000000970a4      0xe88 C:\Users\1\AppData\Local\Temp\cc58PiEI.ltrans21.ltrans.o
                0x000000000009744e                vSendMlmeCommStatusFromTxFrame
                0x00000000000974a4                MAC_vHandleMlmeVsReqRsp.constprop.85
                0x00000000000979db                vScanBeaconReceived
                0x0000000000097a1b                vRunningRxCallback
                0x0000000000097d1b                vPostDcfm.129950
                0x0000000000097d84                vScanNextChannel.129956
 .text          0x0000000000097f2c      0xef7 C:\Users\1\AppData\Local\Temp\cc58PiEI.ltrans22.ltrans.o
                0x0000000000097fb4                vHandleJoinedNwk.8196
                0x000000000009800f                zps_bNwkFindAddIeeeAddr
                0x000000000009818d                zps_psFindKeyDescr
                0x00000000000982b9                zps_eAplSecEncryptPacket
                0x00000000000983ab                zps_eAplSendApsmeCmdFrame
                0x000000000009851c                ZPS_bNwkNibAddrMapAddEntry
                0x00000000000986e3                zps_sNwkNibNtCheckJoin
                0x0000000000098969                zps_vNwkHandleCmeDirectJoinReq
                0x00000000000989e3                zps_vJoinInitNtParent
                0x0000000000098b39                vContinueRejoin.124188
                0x0000000000098be0                zps_vCheckActvNtForDuplicate
                0x0000000000098c78                eSmeOrphScanDcfm.125384
                0x0000000000098cf0                eCheckAddrConflict.isra.3.114827
                0x0000000000098d86                zps_vSaveAllZpsRecords
                0x0000000000098da6                vAplSecRemoveLinkKey.63677
 *fill*         0x0000000000098e23        0x1 00
 .text          0x0000000000098e24      0xc18 C:\Users\1\AppData\Local\Temp\cc58PiEI.ltrans23.ltrans.o
                0x0000000000098e24                vZdoBdrmSendNextTimedRequest
                0x00000000000990ad                eAplAfCommonDataReq.53008
                0x0000000000099174                eZCL_TransmitDataRequest
                0x0000000000099534                eZCL_SendDefaultResponse
                0x0000000000099633                vReportTimerClickCallback
 .text          0x0000000000099a3c      0xbcc C:\Users\1\AppData\Local\Temp\cc58PiEI.ltrans24.ltrans.o
                0x0000000000099c2d                ZPS_vNwkHandleNlmeReqRsp
                0x0000000000099ca7                zps_vAplAfPostEvent
                0x0000000000099e16                zps_vHandleApsdeDataFragInd
                0x000000000009a2b6                zps_eAplZdoNlmeleaveWrapper
                0x000000000009a334                zps_bAplZdoMgmtLeaveServer
                0x000000000009a4b4                vChangeChannelTimerExpiry.87268
                0x000000000009a523                eLeaveReset.126361
                0x000000000009a58e                eLeaveDataDcfmLocalLeave.126366
 .text          0x000000000009a608      0xb76 C:\Users\1\AppData\Local\Temp\cc58PiEI.ltrans25.ltrans.o
                0x000000000009a608                eOrphanNotificationSent.129931
                0x000000000009a651                os_vzps_isrMAC
                0x000000000009a690                ZPS_vAplHandleApsdeReqRsp
                0x000000000009aab9                zps_eAplZdpApsdeReqInternal
                0x000000000009ab28                zps_eAplZdpMgmtLqiResponse
                0x000000000009ac10                zps_eZdpMgmtNwkUpdateNotifyResponse
                0x000000000009adca                zps_bAplZdoZdoClient
                0x000000000009aeda                zps_bAplZdoMgmtBindServer
                0x000000000009b11b                zps_eAplZdpBindResponse
                0x000000000009b13c                zps_eZdpUnbindResponse
                0x000000000009b15d                zps_eZdpMgmtLeaveResponse
 *fill*         0x000000000009b17e        0x2 00
 .text          0x000000000009b180      0xa4c C:\Users\1\AppData\Local\Temp\cc58PiEI.ltrans26.ltrans.o
                0x000000000009b180                eEZ_UpdateEZState
                0x000000000009b337                vAppWakeCallBack
                0x000000000009b442                vHandleAppEvent.isra.0.5386
                0x000000000009b467                app_vStartNodeFactoryNew
                0x000000000009b4b3                zps_eAplZdoRejoinNetwork
                0x000000000009b681                vHandleJoinAndRejoinNWK.5395
 .text          0x000000000009bbcc      0x878 C:\Users\1\AppData\Local\Temp\cc58PiEI.ltrans27.ltrans.o
                0x000000000009bbcc                eRejoinNetwork.63598
                0x000000000009bc70                vPostNlmeDcfmInd.54521
                0x000000000009c361                vEZ_JoinSavedNetwork.7979
                0x000000000009c41e                vHandleJoinFailed.8202
 .text          0x000000000009c444      0x855 C:\Users\1\AppData\Local\Temp\cc58PiEI.ltrans28.ltrans.o
                0x000000000009c444                eCLD_IASZoneCommandHandler
                0x000000000009c6c2                vZCL_HandleAttributesWriteRequest
                0x000000000009caea                vZCL_HandleAttributesReadResponse
 *fill*         0x000000000009cc99        0x3 00
 .text          0x000000000009cc9c      0x8a8 C:\Users\1\AppData\Local\Temp\cc58PiEI.ltrans29.ltrans.o
                0x000000000009cc9c                AppWarmStart
                0x000000000009ccb6                AppColdStart
                0x000000000009cf60                os_vUnclaimedInterrupt
                0x000000000009cf72                os_vControlledIntCheck
                0x000000000009cfb7                os_vControlledInterrupt
                0x000000000009cff0                os_vAPP_isrIllegalInstructionException
                0x000000000009d006                os_vAPP_isrAlignmentException
                0x000000000009d01c                os_vAPP_isrBusErrorException
                0x000000000009d032                os_vAPP_isrUnimplementedModuleException
                0x000000000009d048                os_vAPP_isrStackOverflowException
                0x000000000009d05e                os_vAPP_isrTickTimer
                0x000000000009d14e                os_vvISR_Uart1
 .text          0x000000000009d544      0x40c C:\Users\1\AppData\Local\Temp\cc58PiEI.ltrans30.ltrans.o
                0x000000000009d544                vStartScanTimerExpiry.87272
                0x000000000009d580                zps_vAplApsPollTimer
                0x000000000009d5e2                zps_eNwkSendJoinResponse
                0x000000000009d774                zps_vProcessChildAddrConflict
                0x000000000009d837                zps_eNwkHandleSceNwkStatus
 .text          0x000000000009d950      0x347 C:\Users\1\AppData\Local\Temp\cc58PiEI.ltrans31.ltrans.o
                0x000000000009d950                os_vZCL_Task
                0x000000000009daa2                zps_eAplAfApsdeDataReq
                0x000000000009daf5                app_SendSW_Model
 .text          0x000000000009dc97       0x25 c:/nxp/bstudio_nxp/workspace/sdk/tools/ba-elf-ba2-r36379/bin/../lib/gcc/ba-elf/4.7.4/../../../../ba-elf/lib/mcpu_jn51xx_sizeopt\libc.a(lib_a-memcmp.o)
                0x000000000009dc97                memcmp
 .text          0x000000000009dcbc       0x19 c:/nxp/bstudio_nxp/workspace/sdk/tools/ba-elf-ba2-r36379/bin/../lib/gcc/ba-elf/4.7.4/../../../../ba-elf/lib/mcpu_jn51xx_sizeopt\libc.a(lib_a-memcpy.o)
 .text          0x000000000009dcd5       0x12 c:/nxp/bstudio_nxp/workspace/sdk/tools/ba-elf-ba2-r36379/bin/../lib/gcc/ba-elf/4.7.4/../../../../ba-elf/lib/mcpu_jn51xx_sizeopt\libc.a(lib_a-memset.o)
                0x000000000009dcd5                memset
 *fill*         0x000000000009dce7        0x1 00
 .text          0x000000000009dce8      0x204 c:/nxp/bstudio_nxp/workspace/sdk/tools/ba-elf-ba2-r36379/bin/../lib/gcc/ba-elf/4.7.4/mcpu_jn51xx_sizeopt\libgcc.a(__udivsi3.o)
                0x000000000009dce8                __udivsi3
 .text          0x000000000009deec       0x30 c:/nxp/bstudio_nxp/workspace/sdk/tools/ba-elf-ba2-r36379/bin/../lib/gcc/ba-elf/4.7.4/mcpu_jn51xx_sizeopt\libgcc.a(__divsi3.o)
                0x000000000009deec                __divsi3
 .text          0x000000000009df1c      0x1b0 c:/nxp/bstudio_nxp/workspace/sdk/tools/ba-elf-ba2-r36379/bin/../lib/gcc/ba-elf/4.7.4/mcpu_jn51xx_sizeopt\libgcc.a(__umodsi3.o)
                0x000000000009df1c                __umodsi3
 .text          0x000000000009e0cc       0x24 c:/nxp/bstudio_nxp/workspace/sdk/tools/ba-elf-ba2-r36379/bin/../lib/gcc/ba-elf/4.7.4/mcpu_jn51xx_sizeopt\libgcc.a(__modsi3.o)
                0x000000000009e0cc                __modsi3
 .text          0x000000000009e0f0       0x52 c:/nxp/bstudio_nxp/workspace/sdk/tools/ba-elf-ba2-r36379/bin/../lib/gcc/ba-elf/4.7.4/mcpu_jn51xx_sizeopt\libgcc.a(_muldi3.o)
                0x000000000009e0f0                __muldi3
 .text          0x000000000009e142      0x350 c:/nxp/bstudio_nxp/workspace/sdk/tools/ba-elf-ba2-r36379/bin/../lib/gcc/ba-elf/4.7.4/mcpu_jn51xx_sizeopt\libgcc.a(_udivdi3.o)
                0x000000000009e142                __udivdi3
 *fill*         0x000000000009e492        0x6 00
 .text          0x000000000009e498      0x198 c:/NXP/bstudio_nxp/workspace/JN-AN-1201-YCL/JN-AN-1201-ZigBee-Intruder-Alarm-System/ZONE/Build/os_irq.o
                0x000000000009e498                os_ExternalException_W
                0x000000000009e4dc                os_PIC_ChannelPriorities
                0x000000000009e4ec                os_OSMIUM_HwVectTable
                0x000000000009e528                os_PIC_SwVectTable
 .text          0x000000000009e630       0x29 c:/NXP/bstudio_nxp/workspace/JN-AN-1201-YCL/JN-AN-1201-ZigBee-Intruder-Alarm-System/ZONE/Build/os_irq_alignment.o
                0x000000000009e630                IRQ_Alignment
 .text          0x000000000009e659       0x29 c:/NXP/bstudio_nxp/workspace/JN-AN-1201-YCL/JN-AN-1201-ZigBee-Intruder-Alarm-System/ZONE/Build/os_irq_buserror.o
                0x000000000009e659                IRQ_BusError
 .text          0x000000000009e682       0x29 c:/NXP/bstudio_nxp/workspace/JN-AN-1201-YCL/JN-AN-1201-ZigBee-Intruder-Alarm-System/ZONE/Build/os_irq_illegalinstruction.o
                0x000000000009e682                IRQ_IllegalInstruction
 .text          0x000000000009e6ab       0x29 c:/NXP/bstudio_nxp/workspace/JN-AN-1201-YCL/JN-AN-1201-ZigBee-Intruder-Alarm-System/ZONE/Build/os_irq_stackoverflowexception.o
                0x000000000009e6ab                IRQ_StackOverflowException
 .text          0x000000000009e6d4       0x29 c:/NXP/bstudio_nxp/workspace/JN-AN-1201-YCL/JN-AN-1201-ZigBee-Intruder-Alarm-System/ZONE/Build/os_irq_unimplementedmodule.o
                0x000000000009e6d4                IRQ_UnimplementedModule
 *fill*         0x000000000009e6fd        0x3 00
 .text          0x000000000009e700       0xc0 c:/NXP/bstudio_nxp/workspace/sdk/JN-SW-4168/Components/Library\libOS_JN516x.a(os_contirq_JN516x.o)
                0x000000000009e700                os_ExternalException_R
                0x000000000009e730                os_CFunc_W
                0x000000000009e780                os_UnclaimedException_W
                0x000000000009e7a0                os_UnclaimedInterrupt_W
 .text          0x000000000009e7c0       0x48 c:/NXP/bstudio_nxp/workspace/sdk/JN-SW-4168/Components/Library\libPWRM_JN516x.a(pwrm_setjmp_JN516x.o)
                0x000000000009e7c0                setjmp
                0x000000000009e7e4                PWRM_longjmp
 .text          0x000000000009e808       0x27 c:/NXP/bstudio_nxp/workspace/sdk/JN-SW-4168/Components/Library\libHardwareApi_JN5169.a(AHI_Interrupt.o)
                0x000000000009e808                vAHI_InterruptSetPriority
                0x000000000009e826                vAHI_InterruptSetActivePriorityLevel
 .text.vMicroSyscall
                0x000000000009e82f       0x17 c:/NXP/bstudio_nxp/workspace/sdk/JN-SW-4168/Components/Library\libMicroSpecific_JN516x.a(MicroSyscall_ba.o)
                0x000000000009e82f                vMicroSyscall
 .text          0x000000000009e846        0x0 c:/NXP/bstudio_nxp/workspace/sdk/JN-SW-4168/Components/Library\libOS_JN516x.a(os_version_lc.o)
                0x000000000009e846                OS_Version_1v2
 .text          0x000000000009e846        0x0 c:/NXP/bstudio_nxp/workspace/sdk/JN-SW-4168/Components/Library\libZPSAPL_JN516x.a(zps_apl_version_lc.o)
                0x000000000009e846                ZPS_APL_Version_2v0
 .text          0x000000000009e846        0x0 c:/NXP/bstudio_nxp/workspace/sdk/JN-SW-4168/Components/Library\libZPSNWK_ZED_JN516x.a(zps_nwk_version_lc.o)
                0x000000000009e846                ZPS_NWK_Version_2v0
                0x000000000009e846                _flash_end = ABSOLUTE (.)

.rela.dyn       0x000000000009e848        0x0
 .rela.text     0x0000000000000000        0x0 c:/NXP/bstudio_nxp/workspace/JN-AN-1201-YCL/JN-AN-1201-ZigBee-Intruder-Alarm-System/ZONE/Build/os_irq.o
 .rela.data     0x0000000000000000        0x0 c:/NXP/bstudio_nxp/workspace/JN-AN-1201-YCL/JN-AN-1201-ZigBee-Intruder-Alarm-System/ZONE/Build/os_irq.o
 .rela.rodata   0x0000000000000000        0x0 c:/NXP/bstudio_nxp/workspace/JN-AN-1201-YCL/JN-AN-1201-ZigBee-Intruder-Alarm-System/ZONE/Build/os_irq.o
                0x000000000400004c                . = ORIGIN (ram)

.data           0x000000000400004c      0x95c load address 0x000000000009e848
                0x000000000400004c                _ram_data_start = ABSOLUTE (.)
 *(.data*)
 .data          0x000000000400004c       0x4c C:\Users\1\AppData\Local\Temp\cc58PiEI.ltrans0.ltrans.o
                0x000000000400004c                u8MiniMacConfig_MaxConcurrentAssocResponses
                0x0000000004000050                psShadowRxBuffer
                0x0000000004000054                u32DefaultChannelMask.8541
 .data          0x0000000004000098        0x4 C:\Users\1\AppData\Local\Temp\cc58PiEI.ltrans2.ltrans.o
                0x0000000004000098                u32HeapStart
 .data          0x000000000400009c        0x1 C:\Users\1\AppData\Local\Temp\cc58PiEI.ltrans6.ltrans.o
 *fill*         0x000000000400009d        0x3 00
 .data          0x00000000040000a0        0xc C:\Users\1\AppData\Local\Temp\cc58PiEI.ltrans7.ltrans.o
                0x00000000040000a0                bCanLoopback.57358
 .data          0x00000000040000ac       0x10 C:\Users\1\AppData\Local\Temp\cc58PiEI.ltrans11.ltrans.o
 .data          0x00000000040000bc        0x1 C:\Users\1\AppData\Local\Temp\cc58PiEI.ltrans13.ltrans.o
 *fill*         0x00000000040000bd        0x3 00
 .data          0x00000000040000c0       0x14 C:\Users\1\AppData\Local\Temp\cc58PiEI.ltrans16.ltrans.o
                0x00000000040000c0                back_off_time.8538
                0x00000000040000c4                app_busy_status.6157
                0x00000000040000c8                start_join_flag.3296
 .data          0x00000000040000d4      0x1f4 C:\Users\1\AppData\Local\Temp\cc58PiEI.ltrans17.ltrans.o
                0x00000000040000d4                s_asapduMyDataInstances
                0x000000000400014c                s_asapduZCLInstances
                0x0000000004000200                s_asapduZDPInstances
 .data          0x00000000040002c8        0x1 C:\Users\1\AppData\Local\Temp\cc58PiEI.ltrans20.ltrans.o
 *fill*         0x00000000040002c9        0x7 00
 .data          0x00000000040002d0      0x6b0 C:\Users\1\AppData\Local\Temp\cc58PiEI.ltrans29.ltrans.o
                0x00000000040002d0                os_Mutex_mutexMAC
                0x00000000040002d8                os_Mutex_mutexZPS
                0x00000000040002e0                s_sApl.2918
                0x0000000004000430                os_SWTimer_APP_cntrTickTimer_APP_IndicatorTimer
                0x000000000400044c                os_SWTimer_APP_cntrTickTimer_APP_ButtonsScanTimer
                0x0000000004000468                os_Message_APP_msgZpsEvents_ZCL
                0x000000000400048c                os_SWTimer_APP_cntrTickTimer_APP_TickTimer
                0x00000000040004a8                os_Message_APP_msgZpsEvents
                0x00000000040004cc                os_Message_APP_msgEvents
                0x00000000040004f0                os_SWTimer_APP_cntrTickTimer_APP_JoinTimer
                0x000000000400050c                os_SWTimer_APP_cntrTickTimer_APP_BackOffTimer
                0x0000000004000528                os_Message_APP_msgUartEvents
                0x000000000400054c                os_Message_zps_msgMlmeDcfmInd
                0x0000000004000570                os_Message_zps_msgTimeEvents
                0x0000000004000594                os_Message_zps_msgMcpsDcfmInd
                0x00000000040005b8                os_Message_zps_msgMcpsDcfm
                0x00000000040005dc                os_SWTimer_APP_cntrTickTimer_APP_PollTimer
                0x00000000040005f8                os_Task_vDeviceStateIndicatorTask
                0x0000000004000604                os_Task_APP_ButtonsScanTask
                0x0000000004000610                os_Task_APP_PIRTask
                0x000000000400061c                os_Task_ZCL_Task
                0x0000000004000628                os_Task_APP_ZHA_Switch_Task
                0x0000000004000634                os_Task_APP_taskuart
                0x0000000004000640                os_Task_zps_taskZPS
                0x000000000400064c                os_Task_APP_PollTask
                0x0000000004000658                os_SWTimer_APP_cntrTickTimer_APP_uart_timeout
                0x0000000004000674                os_SWTimer_APP_cntrTickTimer_APP_ActiveTime
                0x0000000004000690                u8AhiBaudRate.111883
                0x0000000004000694                s_prbMemberCheck.51413
                0x0000000004000698                s_prvErrorHook.51411
 .data          0x0000000004000980        0x1 C:\Users\1\AppData\Local\Temp\cc58PiEI.ltrans31.ltrans.o
 *fill*         0x0000000004000981        0x3 00
 .data.s_asAPduPool
                0x0000000004000984       0x24 c:/NXP/bstudio_nxp/workspace/JN-AN-1201-YCL/JN-AN-1201-ZigBee-Intruder-Alarm-System/ZONE/Build/pdum_apdu.o
                0x0000000004000984                pdum_apduZDP
                0x0000000004000984                s_asAPduPool
                0x0000000004000990                pdum_apduZCL
                0x000000000400099c                pdum_apduMyData
 *(.data.*)
                0x00000000040009a8                . = ALIGN (0x4)
                0x00000000040009a8                _ram_data_end = ABSOLUTE (.)

.bss            0x00000000040009a8     0x3f48 load address 0x000000000009f1a4
                0x00000000040009a8                _bss_start = ABSOLUTE (.)
 *(.bss*)
 .bss           0x00000000040009a8     0x1240 C:\Users\1\AppData\Local\Temp\cc58PiEI.ltrans0.ltrans.o
                0x00000000040009a8                psNextWake.51484
                0x00000000040009ac                s_bWakeTimerActive.51485
                0x00000000040009b0                u32CalibrationValue.51483
                0x00000000040009b4                s_ePowerMode.51486
                0x00000000040009b6                gu16NumberOfSegments.132501
                0x00000000040009b8                u8MaxNpdu.51694
                0x00000000040009b9                u8Count.51693
                0x00000000040009bc                s_psNPduPoolEnd.51696
                0x00000000040009c0                s_psNPduPoolStart.51695
                0x00000000040009c4                s_psFreeListHead.51692
                0x00000000040009c8                s_hMutex.51691
                0x00000000040009cc                s_hMutex.51811
                0x00000000040009d0                s_asAPduPool.51810
                0x00000000040009d4                pfExtendedStatusCallBack.114149
                0x00000000040009d8                s_u32x.109537
                0x00000000040009dc                s_hMutex.133494
                0x00000000040009e0                pvRxStore
                0x00000000040009e4                pvTxStore
                0x00000000040009e8                g_pvAplHandle
                0x00000000040009ec                s_hMacMutex
                0x00000000040009f0                s_sDcfmIndMgr.133259
                0x00000000040009f8                prAppMlmeGetBuffer
                0x00000000040009fc                prAppMlmeCallback
                0x0000000004000a00                psFreeMsgListHead
                0x0000000004000a04                psActiveMsgListHead
                0x0000000004000a08                u8MiniMac_RunTimeOptions
                0x0000000004000a0c                sBeaconFilter.8536
                0x0000000004000a18                sIASZoneDesc
                0x0000000004000a30                u16GroupId
                0x0000000004000a34                joinsleepCB.8546
 .bss           0x0000000004001be8        0x4 C:\Users\1\AppData\Local\Temp\cc58PiEI.ltrans1.ltrans.o
                0x0000000004001be8                zps_psNwk
 .bss           0x0000000004001bec        0xc C:\Users\1\AppData\Local\Temp\cc58PiEI.ltrans2.ltrans.o
 .bss           0x0000000004001bf8       0x3c C:\Users\1\AppData\Local\Temp\cc58PiEI.ltrans3.ltrans.o
 .bss           0x0000000004001c34       0x40 C:\Users\1\AppData\Local\Temp\cc58PiEI.ltrans4.ltrans.o
 .bss           0x0000000004001c74        0x2 C:\Users\1\AppData\Local\Temp\cc58PiEI.ltrans5.ltrans.o
 *fill*         0x0000000004001c76        0x2 00
 .bss           0x0000000004001c78        0xc C:\Users\1\AppData\Local\Temp\cc58PiEI.ltrans6.ltrans.o
                0x0000000004001c78                prIntHandler.131195
                0x0000000004001c7c                psTimerServerList
 .bss.initinboot
                0x0000000004001c84        0x1 C:\Users\1\AppData\Local\Temp\cc58PiEI.ltrans6.ltrans.o
 *fill*         0x0000000004001c85        0x3 00
 .bss           0x0000000004001c88       0x38 C:\Users\1\AppData\Local\Temp\cc58PiEI.ltrans7.ltrans.o
 .bss           0x0000000004001cc0        0xc C:\Users\1\AppData\Local\Temp\cc58PiEI.ltrans8.ltrans.o
                0x0000000004001cc0                bIgnoreBroadcast
 .bss           0x0000000004001ccc        0x1 C:\Users\1\AppData\Local\Temp\cc58PiEI.ltrans9.ltrans.o
 *fill*         0x0000000004001ccd        0x3 00
 .bss           0x0000000004001cd0       0x40 C:\Users\1\AppData\Local\Temp\cc58PiEI.ltrans11.ltrans.o
 .bss           0x0000000004001d10       0x2c C:\Users\1\AppData\Local\Temp\cc58PiEI.ltrans12.ltrans.o
                0x0000000004001d10                sMiniMacPhyPib
                0x0000000004001d14                s_prExpireFn.133495
 .bss           0x0000000004001d3c       0x24 C:\Users\1\AppData\Local\Temp\cc58PiEI.ltrans13.ltrans.o
                0x0000000004001d3c                vFlushFn.111827
                0x0000000004001d40                vPutchFn.111822
                0x0000000004001d44                sWake
                0x0000000004001d54                sStoredMacData.128719
                0x0000000004001d58                s_psCurrentTask.51407
 .bss           0x0000000004001d60        0x2 C:\Users\1\AppData\Local\Temp\cc58PiEI.ltrans14.ltrans.o
 *fill*         0x0000000004001d62        0x2 00
 .bss           0x0000000004001d64       0x30 C:\Users\1\AppData\Local\Temp\cc58PiEI.ltrans15.ltrans.o
                0x0000000004001d64                a16NwkPdmRecordSizes
                0x0000000004001d70                apvAplPdmRecordsAddress
                0x0000000004001d88                au16AplPdmRecordsSize
 .bss           0x0000000004001d94       0x60 C:\Users\1\AppData\Local\Temp\cc58PiEI.ltrans16.ltrans.o
                0x0000000004001d94                psZCL_Common
                0x0000000004001d98                u32BackOffTime
                0x0000000004001d9c                eIASDeviceState.4791
                0x0000000004001da0                psPDM_Common
                0x0000000004001da4                sDeviceDesc
                0x0000000004001da8                sCluster_Basic_Attr
 .bss           0x0000000004001df4     0x100c C:\Users\1\AppData\Local\Temp\cc58PiEI.ltrans17.ltrans.o
 .bss           0x0000000004002e00       0xa8 C:\Users\1\AppData\Local\Temp\cc58PiEI.ltrans18.ltrans.o
                0x0000000004002e00                sMiniMacPib
                0x0000000004002e9c                bDefaultServerIgnoreHandleMgmtUpdate
                0x0000000004002ea0                bBindLookup
                0x0000000004002ea4                psBindUnbindServerContext
 .bss           0x0000000004002ea8      0x214 C:\Users\1\AppData\Local\Temp\cc58PiEI.ltrans19.ltrans.o
 .bss           0x00000000040030bc        0x8 C:\Users\1\AppData\Local\Temp\cc58PiEI.ltrans20.ltrans.o
                0x00000000040030bc                u32DataQueueCount
 .bss           0x00000000040030c4        0x1 C:\Users\1\AppData\Local\Temp\cc58PiEI.ltrans21.ltrans.o
                0x00000000040030c4                u8ScanBeaconsSeen.133298
 .bss           0x00000000040030c5        0x1 C:\Users\1\AppData\Local\Temp\cc58PiEI.ltrans22.ltrans.o
 *fill*         0x00000000040030c6        0x2 00
 .bss           0x00000000040030c8        0x8 C:\Users\1\AppData\Local\Temp\cc58PiEI.ltrans24.ltrans.o
                0x00000000040030c8                sThisDeviceMacAddr
 .bss           0x00000000040030d0       0x78 C:\Users\1\AppData\Local\Temp\cc58PiEI.ltrans25.ltrans.o
                0x00000000040030d0                s_psVsMcpsDcfmInd.72877
                0x00000000040030d4                s_psMacDcfmInd.72876
                0x00000000040030d8                au32TimerCounter
                0x00000000040030f8                aprTimerCallback
                0x0000000004003118                sMiniMacInternal
                0x0000000004003144                s_u16ActivityCounter
 .bss           0x0000000004003148       0xa0 C:\Users\1\AppData\Local\Temp\cc58PiEI.ltrans26.ltrans.o
                0x0000000004003148                psBeaconFilter
                0x000000000400314c                bRejoin.8539
                0x0000000004003150                sEZModeData.8534
 .bss           0x00000000040031e8       0x10 C:\Users\1\AppData\Local\Temp\cc58PiEI.ltrans28.ltrans.o
 *fill*         0x00000000040031f8        0x8 00