Archive member included because of file (symbol)

c:/NXP/bstudio_nxp/workspace/sdk/JN-SW-4168/Components/Library\libOS_JN516x.a(os.o)
                              c:/NXP/bstudio_nxp/workspace/JN-AN-1201-YCL/JN-AN-1201-ZigBee-Intruder-Alarm-System/ZONE/Build/os_gen.o (symbol from plugin) (os_vStart)
c:/NXP/bstudio_nxp/workspace/sdk/JN-SW-4168/Components/Library\libOS_JN516x.a(os_contirq_JN516x.o)
                              c:/NXP/bstudio_nxp/workspace/JN-AN-1201-YCL/JN-AN-1201-ZigBee-Intruder-Alarm-System/ZONE/Build/os_irq.o (os_UnclaimedException_W)
c:/NXP/bstudio_nxp/workspace/sdk/JN-SW-4168/Components/Library\libPWRM_JN516x.a(pwrm.o)
                              c:/NXP/bstudio_nxp/workspace/JN-AN-1201-YCL/JN-AN-1201-ZigBee-Intruder-Alarm-System/ZONE/Build/app_start_ZONE.o (symbol from plugin) (PWRM_vInit)
c:/NXP/bstudio_nxp/workspace/sdk/JN-SW-4168/Components/Library\libPWRM_JN516x.a(pwrm_setjmp_JN516x.o)
                              pwrm.o (symbol from plugin) (setjmp)
c:/NXP/bstudio_nxp/workspace/sdk/JN-SW-4168/Components/Library\libPWRM_JN516x.a(pwrm_cold_start.o)
                              (AppColdStart)
c:/NXP/bstudio_nxp/workspace/sdk/JN-SW-4168/Components/Library\libPWRM_JN516x.a(pwrm_warm_start.o)
                              (AppWarmStart)
c:/NXP/bstudio_nxp/workspace/sdk/JN-SW-4168/Components/Library\libPDUM_JN516x.a(pdum_nwk.o)
                              c:/NXP/bstudio_nxp/workspace/JN-AN-1201-YCL/JN-AN-1201-ZigBee-Intruder-Alarm-System/ZONE/Build/pdum_gen.o (symbol from plugin) (pdum_vNPduInit)
c:/NXP/bstudio_nxp/workspace/sdk/JN-SW-4168/Components/Library\libPDUM_JN516x.a(pdum_apl.o)
                              c:/NXP/bstudio_nxp/workspace/JN-AN-1201-YCL/JN-AN-1201-ZigBee-Intruder-Alarm-System/ZONE/Build/appZdpExtraction.o (symbol from plugin) (PDUM_u16APduInstanceReadNBO)
c:/NXP/bstudio_nxp/workspace/sdk/JN-SW-4168/Components/Library\libPDUM_JN516x.a(pdum.o)
                              pdum_nwk.o (symbol from plugin) (PDUM_u16SizeNBO)
c:/NXP/bstudio_nxp/workspace/sdk/JN-SW-4168/Components/Library\libZPSAPL_JN516x.a(zps_apl_af.o)
                              c:/NXP/bstudio_nxp/workspace/JN-AN-1201-YCL/JN-AN-1201-ZigBee-Intruder-Alarm-System/ZONE/Build/zha_ZONE_node.o (symbol from plugin) (ZPS_eAplAfInit)
c:/NXP/bstudio_nxp/workspace/sdk/JN-SW-4168/Components/Library\libZPSAPL_JN516x.a(zps_apl_af_apsde.o)
                              c:/NXP/bstudio_nxp/workspace/JN-AN-1201-YCL/JN-AN-1201-ZigBee-Intruder-Alarm-System/ZONE/Build/zps_gen.o (symbol from plugin) (zps_vHandleApsdeDataFragInd)
c:/NXP/bstudio_nxp/workspace/sdk/JN-SW-4168/Components/Library\libZPSAPL_JN516x.a(zps_apl_task.o)
                              zps_apl_af_apsde.o (symbol from plugin) (zps_vAplAfPostEvent)
c:/NXP/bstudio_nxp/workspace/sdk/JN-SW-4168/Components/Library\libZPSAPL_JN516x.a(zps_apl_apsde.o)
                              zps_apl_task.o (symbol from plugin) (ZPS_vAplRegisterApsdeDcfmIndCallbacks)
c:/NXP/bstudio_nxp/workspace/sdk/JN-SW-4168/Components/Library\libZPSAPL_JN516x.a(zps_apl_apsme.o)
                              zps_apl_task.o (symbol from plugin) (ZPS_vAplRegisterApsmeDcfmIndCallbacks)
c:/NXP/bstudio_nxp/workspace/sdk/JN-SW-4168/Components/Library\libZPSAPL_JN516x.a(zps_apl_aps_nlde.o)
                              c:/NXP/bstudio_nxp/workspace/JN-AN-1201-YCL/JN-AN-1201-ZigBee-Intruder-Alarm-System/ZONE/Build/zps_gen.o (symbol from plugin) (zps_vHandleExtendedDataAckFrame)
c:/NXP/bstudio_nxp/workspace/sdk/JN-SW-4168/Components/Library\libZPSAPL_JN516x.a(zps_apl_sec.o)
                              zps_apl_task.o (symbol from plugin) (zps_psFindKeyDescr)
c:/NXP/bstudio_nxp/workspace/sdk/JN-SW-4168/Components/Library\libZPSAPL_JN516x.a(zps_apl_aib.o)
                              c:/NXP/bstudio_nxp/workspace/JN-AN-1201-YCL/JN-AN-1201-ZigBee-Intruder-Alarm-System/ZONE/Build/app_zbp_utilities.o (symbol from plugin) (zps_psAplAibGetAib)
c:/NXP/bstudio_nxp/workspace/sdk/JN-SW-4168/Components/Library\libZPSAPL_JN516x.a(zps_apl_zdo_nwkmanager.o)
                              zps_apl_apsme.o (symbol from plugin) (zps_vAplSaveRecord)
c:/NXP/bstudio_nxp/workspace/sdk/JN-SW-4168/Components/Library\libZPSAPL_JN516x.a(zps_apl_zdo_handle_zdp_event.o)
                              zps_apl_task.o (symbol from plugin) (zps_bAplZdoHandleZdpEvent)
c:/NXP/bstudio_nxp/workspace/sdk/JN-SW-4168/Components/Library\libZPSAPL_JN516x.a(zps_apl_zdo_trust_center.o)
                              zps_apl_sec.o (symbol from plugin) (zps_eAplTrustCenterFindDevice)
c:/NXP/bstudio_nxp/workspace/sdk/JN-SW-4168/Components/Library\libZPSAPL_JN516x.a(zps_apl_zdo_common.o)
                              zps_apl_zdo_nwkmanager.o (symbol from plugin) (zps_eAplZdoNlmeleaveWrapper)
c:/NXP/bstudio_nxp/workspace/sdk/JN-SW-4168/Components/Library\libZPSAPL_JN516x.a(zps_apl_zdo_group.o)
[...]
Memory Configuration

Name             Origin             Length             Attributes
flash            0x0000000000080000 0x0000000000080000
ram              0x000000000400004c 0x0000000000007fb4
*default*        0x0000000000000000 0xffffffffffffffff

Linker script and memory map

                0x0000000000001388                __stack_size = 0x1388
                0x00000000000007d0                __minimum_heap_size = 0x7d0
START GROUP
LOAD c:/NXP/bstudio_nxp/workspace/JN-AN-1201-YCL/JN-AN-1201-ZigBee-Intruder-Alarm-System/ZONE/Build/os_gen.o
LOAD C:\Users\1\AppData\Local\Temp\cclnvu0G.ltrans0.ltrans.o
LOAD C:\Users\1\AppData\Local\Temp\cclnvu0G.ltrans1.ltrans.o
LOAD C:\Users\1\AppData\Local\Temp\cclnvu0G.ltrans2.ltrans.o
LOAD C:\Users\1\AppData\Local\Temp\cclnvu0G.ltrans3.ltrans.o
LOAD C:\Users\1\AppData\Local\Temp\cclnvu0G.ltrans4.ltrans.o
LOAD C:\Users\1\AppData\Local\Temp\cclnvu0G.ltrans5.ltrans.o
LOAD C:\Users\1\AppData\Local\Temp\cclnvu0G.ltrans6.ltrans.o
LOAD C:\Users\1\AppData\Local\Temp\cclnvu0G.ltrans7.ltrans.o
LOAD C:\Users\1\AppData\Local\Temp\cclnvu0G.ltrans8.ltrans.o
LOAD C:\Users\1\AppData\Local\Temp\cclnvu0G.ltrans9.ltrans.o
LOAD C:\Users\1\AppData\Local\Temp\cclnvu0G.ltrans10.ltrans.o
LOAD C:\Users\1\AppData\Local\Temp\cclnvu0G.ltrans11.ltrans.o
LOAD C:\Users\1\AppData\Local\Temp\cclnvu0G.ltrans12.ltrans.o
LOAD C:\Users\1\AppData\Local\Temp\cclnvu0G.ltrans13.ltrans.o
LOAD C:\Users\1\AppData\Local\Temp\cclnvu0G.ltrans14.ltrans.o
LOAD C:\Users\1\AppData\Local\Temp\cclnvu0G.ltrans15.ltrans.o
LOAD C:\Users\1\AppData\Local\Temp\cclnvu0G.ltrans16.ltrans.o
LOAD C:\Users\1\AppData\Local\Temp\cclnvu0G.ltrans17.ltrans.o
LOAD C:\Users\1\AppData\Local\Temp\cclnvu0G.ltrans18.ltrans.o
LOAD C:\Users\1\AppData\Local\Temp\cclnvu0G.ltrans19.ltrans.o
LOAD C:\Users\1\AppData\Local\Temp\cclnvu0G.ltrans20.ltrans.o
LOAD C:\Users\1\AppData\Local\Temp\cclnvu0G.ltrans21.ltrans.o
LOAD C:\Users\1\AppData\Local\Temp\cclnvu0G.ltrans22.ltrans.o
LOAD C:\Users\1\AppData\Local\Temp\cclnvu0G.ltrans23.ltrans.o
LOAD C:\Users\1\AppData\Local\Temp\cclnvu0G.ltrans24.ltrans.o
LOAD C:\Users\1\AppData\Local\Temp\cclnvu0G.ltrans25.ltrans.o
LOAD C:\Users\1\AppData\Local\Temp\cclnvu0G.ltrans26.ltrans.o
LOAD C:\Users\1\AppData\Local\Temp\cclnvu0G.ltrans27.ltrans.o
LOAD C:\Users\1\AppData\Local\Temp\cclnvu0G.ltrans28.ltrans.o
LOAD C:\Users\1\AppData\Local\Temp\cclnvu0G.ltrans29.ltrans.o
LOAD C:\Users\1\AppData\Local\Temp\cclnvu0G.ltrans30.ltrans.o
LOAD C:\Users\1\AppData\Local\Temp\cclnvu0G.ltrans31.ltrans.o
LOAD c:/nxp/bstudio_nxp/workspace/sdk/tools/ba-elf-ba2-r36379/bin/../lib/gcc/ba-elf/4.7.4/../../../../ba-elf/lib/mcpu_jn51xx_sizeopt\libc.a
LOAD c:/nxp/bstudio_nxp/workspace/sdk/tools/ba-elf-ba2-r36379/bin/../lib/gcc/ba-elf/4.7.4/mcpu_jn51xx_sizeopt\libgcc.a
LOAD c:/nxp/bstudio_nxp/workspace/sdk/tools/ba-elf-ba2-r36379/bin/../lib/gcc/ba-elf/4.7.4/../../../../ba-elf/lib/mcpu_jn51xx_sizeopt\libc.a
LOAD c:/NXP/bstudio_nxp/workspace/JN-AN-1201-YCL/JN-AN-1201-ZigBee-Intruder-Alarm-System/ZONE/Build/os_irq.o
LOAD c:/NXP/bstudio_nxp/workspace/JN-AN-1201-YCL/JN-AN-1201-ZigBee-Intruder-Alarm-System/ZONE/Build/os_irq_alignment.o
LOAD c:/NXP/bstudio_nxp/workspace/JN-AN-1201-YCL/JN-AN-1201-ZigBee-Intruder-Alarm-System/ZONE/Build/os_irq_buserror.o
LOAD c:/NXP/bstudio_nxp/workspace/JN-AN-1201-YCL/JN-AN-1201-ZigBee-Intruder-Alarm-System/ZONE/Build/os_irq_illegalinstruction.o
LOAD c:/NXP/bstudio_nxp/workspace/JN-AN-1201-YCL/JN-AN-1201-ZigBee-Intruder-Alarm-System/ZONE/Build/os_irq_stackoverflowexception.o
LOAD c:/NXP/bstudio_nxp/workspace/JN-AN-1201-YCL/JN-AN-1201-ZigBee-Intruder-Alarm-System/ZONE/Build/os_irq_unimplementedmodule.o
LOAD c:/NXP/bstudio_nxp/workspace/JN-AN-1201-YCL/JN-AN-1201-ZigBee-Intruder-Alarm-System/ZONE/Build/pdum_gen.o
LOAD c:/NXP/bstudio_nxp/workspace/JN-AN-1201-YCL/JN-AN-1201-ZigBee-Intruder-Alarm-System/ZONE/Build/pdum_apdu.o
LOAD c:/NXP/bstudio_nxp/workspace/JN-AN-1201-YCL/JN-AN-1201-ZigBee-Intruder-Alarm-System/ZONE/Build/zps_gen.o
LOAD c:/NXP/bstudio_nxp/workspace/JN-AN-1201-YCL/JN-AN-1201-ZigBee-Intruder-Alarm-System/ZONE/Build/app_uart.o
LOAD c:/NXP/bstudio_nxp/workspace/JN-AN-1201-YCL/JN-AN-1201-ZigBee-Intruder-Alarm-System/ZONE/Build/app_timer_driver.o
LOAD c:/NXP/bstudio_nxp/workspace/JN-AN-1201-YCL/JN-AN-1201-ZigBee-Intruder-Alarm-System/ZONE/Build/app_start_ZONE.o
LOAD c:/NXP/bstudio_nxp/workspace/JN-AN-1201-YCL/JN-AN-1201-ZigBee-Intruder-Alarm-System/ZONE/Build/app_zbp_utilities.o
LOAD c:/NXP/bstudio_nxp/workspace/JN-AN-1201-YCL/JN-AN-1201-ZigBee-Intruder-Alarm-System/ZONE/Build/app_exceptions.o
LOAD c:/NXP/bstudio_nxp/workspace/JN-AN-1201-YCL/JN-AN-1201-ZigBee-Intruder-Alarm-System/ZONE/Build/app_pdm.o
LOAD c:/NXP/bstudio_nxp/workspace/JN-AN-1201-YCL/JN-AN-1201-ZigBee-Intruder-Alarm-System/ZONE/Build/app_ias_enroll_req.o
LOAD c:/NXP/bstudio_nxp/workspace/JN-AN-1201-YCL/JN-AN-1201-ZigBee-Intruder-Alarm-System/ZONE/Build/app_ias_unenroll_req.o
LOAD c:/NXP/bstudio_nxp/workspace/JN-AN-1201-YCL/JN-AN-1201-ZigBee-Intruder-Alarm-System/ZONE/Build/app_ias_indicator.o
LOAD c:/NXP/bstudio_nxp/workspace/JN-AN-1201-YCL/JN-AN-1201-ZigBee-Intruder-Alarm-System/ZONE/Build/app_ias_save.o
LOAD c:/NXP/bstudio_nxp/workspace/JN-AN-1201-YCL/JN-AN-1201-ZigBee-Intruder-Alarm-System/ZONE/Build/zha_ZONE_node.o
LOAD c:/NXP/bstudio_nxp/workspace/JN-AN-1201-YCL/JN-AN-1201-ZigBee-Intruder-Alarm-System/ZONE/Build/app_sleep_functions.o
LOAD c:/NXP/bstudio_nxp/workspace/JN-AN-1201-YCL/JN-AN-1201-ZigBee-Intruder-Alarm-System/ZONE/Build/appZdpExtraction.o
LOAD c:/NXP/bstudio_nxp/workspace/JN-AN-1201-YCL/JN-AN-1201-ZigBee-Intruder-Alarm-System/ZONE/Build/appZpsBeaconHandler.o
LOAD c:/NXP/bstudio_nxp/workspace/JN-AN-1201-YCL/JN-AN-1201-ZigBee-Intruder-Alarm-System/ZONE/Build/app_zcl_ZONE_task.o
LOAD c:/NXP/bstudio_nxp/workspace/JN-AN-1201-YCL/JN-AN-1201-ZigBee-Intruder-Alarm-System/ZONE/Build/app_buttons.o
LOAD c:/NXP/bstudio_nxp/workspace/JN-AN-1201-YCL/JN-AN-1201-ZigBee-Intruder-Alarm-System/ZONE/Build/haEzJoin.o
LOAD c:/NXP/bstudio_nxp/workspace/JN-AN-1201-YCL/JN-AN-1201-ZigBee-Intruder-Alarm-System/ZONE/Build/PingParent.o
LOAD c:/NXP/bstudio_nxp/workspace/JN-AN-1201-YCL/JN-AN-1201-ZigBee-Intruder-Alarm-System/ZONE/Build/Alarms.o
LOAD c:/NXP/bstudio_nxp/workspace/JN-AN-1201-YCL/JN-AN-1201-ZigBee-Intruder-Alarm-System/ZONE/Build/AlarmsClientCommands.o
LOAD c:/NXP/bstudio_nxp/workspace/JN-AN-1201-YCL/JN-AN-1201-ZigBee-Intruder-Alarm-System/ZONE/Build/AlarmsCommandHandler.o
LOAD c:/NXP/bstudio_nxp/workspace/JN-AN-1201-YCL/JN-AN-1201-ZigBee-Intruder-Alarm-System/ZONE/Build/AlarmsServerCommands.o
LOAD c:/NXP/bstudio_nxp/workspace/JN-AN-1201-YCL/JN-AN-1201-ZigBee-Intruder-Alarm-System/ZONE/Build/AlarmsTableManager.o
LOAD c:/NXP/bstudio_nxp/workspace/JN-AN-1201-YCL/JN-AN-1201-ZigBee-Intruder-Alarm-System/ZONE/Build/AnalogInputBasic.o
LOAD c:/NXP/bstudio_nxp/workspace/JN-AN-1201-YCL/JN-AN-1201-ZigBee-Intruder-Alarm-System/ZONE/Build/AnalogOutputBasic.o
LOAD c:/NXP/bstudio_nxp/workspace/JN-AN-1201-YCL/JN-AN-1201-ZigBee-Intruder-Alarm-System/ZONE/Build/Basic.o
LOAD c:/NXP/bstudio_nxp/workspace/JN-AN-1201-YCL/JN-AN-1201-ZigBee-Intruder-Alarm-System/ZONE/Build/BasicClientCommands.o
LOAD c:/NXP/bstudio_nxp/workspace/JN-AN-1201-YCL/JN-AN-1201-ZigBee-Intruder-Alarm-System/ZONE/Build/BasicCommandHandler.o
LOAD c:/NXP/bstudio_nxp/workspace/JN-AN-1201-YCL/JN-AN-1201-ZigBee-Intruder-Alarm-System/ZONE/Build/BinaryInputBasic.o
LOAD c:/NXP/bstudio_nxp/workspace/JN-AN-1201-YCL/JN-AN-1201-ZigBee-Intruder-Alarm-System/ZONE/Build/BinaryOutputBasic.o
LOAD c:/NXP/bstudio_nxp/workspace/JN-AN-1201-YCL/JN-AN-1201-ZigBee-Intruder-Alarm-System/ZONE/Build/Commissioning.o
LOAD c:/NXP/bstudio_nxp/workspace/JN-AN-1201-YCL/JN-AN-1201-ZigBee-Intruder-Alarm-System/ZONE/Build/DeviceTemperatureConfiguration.o
LOAD c:/NXP/bstudio_nxp/workspace/JN-AN-1201-YCL/JN-AN-1201-ZigBee-Intruder-Alarm-System/ZONE/Build/Diagnostics.o
LOAD c:/NXP/bstudio_nxp/workspace/JN-AN-1201-YCL/JN-AN-1201-ZigBee-Intruder-Alarm-System/ZONE/Build/DoorLock.o
LOAD c:/NXP/bstudio_nxp/workspace/JN-AN-1201-YCL/JN-AN-1201-ZigBee-Intruder-Alarm-System/ZONE/Build/DoorLockCommandHandler.o
LOAD c:/NXP/bstudio_nxp/workspace/JN-AN-1201-YCL/JN-AN-1201-ZigBee-Intruder-Alarm-System/ZONE/Build/DoorLockCommands.o
LOAD c:/NXP/bstudio_nxp/workspace/JN-AN-1201-YCL/JN-AN-1201-ZigBee-Intruder-Alarm-System/ZONE/Build/ElectricalMeasurement.o
LOAD c:/NXP/bstudio_nxp/workspace/JN-AN-1201-YCL/JN-AN-1201-ZigBee-Intruder-Alarm-System/ZONE/Build/Groups.o
LOAD c:/NXP/bstudio_nxp/workspace/JN-AN-1201-YCL/JN-AN-1201-ZigBee-Intruder-Alarm-System/ZONE/Build/GroupsClientCommands.o
LOAD c:/NXP/bstudio_nxp/workspace/JN-AN-1201-YCL/JN-AN-1201-ZigBee-Intruder-Alarm-System/ZONE/Build/GroupsCommandHandler.o
LOAD c:/NXP/bstudio_nxp/workspace/JN-AN-1201-YCL/JN-AN-1201-ZigBee-Intruder-Alarm-System/ZONE/Build/GroupsServerCommands.o
LOAD c:/NXP/bstudio_nxp/workspace/JN-AN-1201-YCL/JN-AN-1201-ZigBee-Intruder-Alarm-System/ZONE/Build/GroupsTableManager.o
LOAD c:/NXP/bstudio_nxp/workspace/JN-AN-1201-YCL/JN-AN-1201-ZigBee-Intruder-Alarm-System/ZONE/Build/Identify.o
LOAD c:/NXP/bstudio_nxp/workspace/JN-AN-1201-YCL/JN-AN-1201-ZigBee-Intruder-Alarm-System/ZONE/Build/IdentifyClientCommands.o
LOAD c:/NXP/bstudio_nxp/workspace/JN-AN-1201-YCL/JN-AN-1201-ZigBee-Intruder-Alarm-System/ZONE/Build/IdentifyCommandHandler.o
LOAD c:/NXP/bstudio_nxp/workspace/JN-AN-1201-YCL/JN-AN-1201-ZigBee-Intruder-Alarm-System/ZONE/Build/IdentifyServerCommands.o
LOAD c:/NXP/bstudio_nxp/workspace/JN-AN-1201-YCL/JN-AN-1201-ZigBee-Intruder-Alarm-System/ZONE/Build/LevelControl.o
LOAD c:/NXP/bstudio_nxp/workspace/JN-AN-1201-YCL/JN-AN-1201-ZigBee-Intruder-Alarm-System/ZONE/Build/LevelControlClientCommands.o
LOAD c:/NXP/bstudio_nxp/workspace/JN-AN-1201-YCL/JN-AN-1201-ZigBee-Intruder-Alarm-System/ZONE/Build/LevelControlCommandHandler.o
LOAD c:/NXP/bstudio_nxp/workspace/JN-AN-1201-YCL/JN-AN-1201-ZigBee-Intruder-Alarm-System/ZONE/Build/MultistateInputBasic.o
LOAD c:/NXP/bstudio_nxp/workspace/JN-AN-1201-YCL/JN-AN-1201-ZigBee-Intruder-Alarm-System/ZONE/Build/MultistateOutputBasic.o
LOAD c:/NXP/bstudio_nxp/workspace/JN-AN-1201-YCL/JN-AN-1201-ZigBee-Intruder-Alarm-System/ZONE/Build/OOSC.o
LOAD c:/NXP/bstudio_nxp/workspace/JN-AN-1201-YCL/JN-AN-1201-ZigBee-Intruder-Alarm-System/ZONE/Build/OnOff.o
LOAD c:/NXP/bstudio_nxp/workspace/JN-AN-1201-YCL/JN-AN-1201-ZigBee-Intruder-Alarm-System/ZONE/Build/OnOffCommandHandler.o
LOAD c:/NXP/bstudio_nxp/workspace/JN-AN-1201-YCL/JN-AN-1201-ZigBee-Intruder-Alarm-System/ZONE/Build/OnOffCommands.o
LOAD c:/NXP/bstudio_nxp/workspace/JN-AN-1201-YCL/JN-AN-1201-ZigBee-Intruder-Alarm-System/ZONE/Build/PollControl.o
LOAD c:/NXP/bstudio_nxp/workspace/JN-AN-1201-YCL/JN-AN-1201-ZigBee-Intruder-Alarm-System/ZONE/Build/PollControlClientCommands.o
LOAD c:/NXP/bstudio_nxp/workspace/JN-AN-1201-YCL/JN-AN-1201-ZigBee-Intruder-Alarm-System/ZONE/Build/PollControlCommandHandler.o
LOAD c:/NXP/bstudio_nxp/workspace/JN-AN-1201-YCL/JN-AN-1201-ZigBee-Intruder-Alarm-System/ZONE/Build/PollControlServerCommands.o
LOAD c:/NXP/bstudio_nxp/workspace/JN-AN-1201-YCL/JN-AN-1201-ZigBee-Intruder-Alarm-System/ZONE/Build/PowerConfiguration.o
LOAD c:/NXP/bstudio_nxp/workspace/JN-AN-1201-YCL/JN-AN-1201-ZigBee-Intruder-Alarm-System/ZONE/Build/Scenes.o
LOAD c:/NXP/bstudio_nxp/workspace/JN-AN-1201-YCL/JN-AN-1201-ZigBee-Intruder-Alarm-System/ZONE/Build/ScenesClientCommands.o
LOAD c:/NXP/bstudio_nxp/workspace/JN-AN-1201-YCL/JN-AN-1201-ZigBee-Intruder-Alarm-System/ZONE/Build/ScenesClusterManagement.o
LOAD c:/NXP/bstudio_nxp/workspace/JN-AN-1201-YCL/JN-AN-1201-ZigBee-Intruder-Alarm-System/ZONE/Build/ScenesCommandHandler.o
LOAD c:/NXP/bstudio_nxp/workspace/JN-AN-1201-YCL/JN-AN-1201-ZigBee-Intruder-Alarm-System/ZONE/Build/ScenesServerCommands.o
LOAD c:/NXP/bstudio_nxp/workspace/JN-AN-1201-YCL/JN-AN-1201-ZigBee-Intruder-Alarm-System/ZONE/Build/ScenesTableManager.o
LOAD c:/NXP/bstudio_nxp/workspace/JN-AN-1201-YCL/JN-AN-1201-ZigBee-Intruder-Alarm-System/ZONE/Build/TC.o
LOAD c:/NXP/bstudio_nxp/workspace/JN-AN-1201-YCL/JN-AN-1201-ZigBee-Intruder-Alarm-System/ZONE/Build/Time.o
LOAD c:/NXP/bstudio_nxp/workspace/JN-AN-1201-YCL/JN-AN-1201-ZigBee-Intruder-Alarm-System/ZONE/Build/ha.o
LOAD c:/NXP/bstudio_nxp/workspace/JN-AN-1201-YCL/JN-AN-1201-ZigBee-Intruder-Alarm-System/ZONE/Build/door_lock.o
LOAD c:/NXP/bstudio_nxp/workspace/JN-AN-1201-YCL/JN-AN-1201-ZigBee-Intruder-Alarm-System/ZONE/Build/door_lock_controller.o
LOAD c:/NXP/bstudio_nxp/workspace/JN-AN-1201-YCL/JN-AN-1201-ZigBee-Intruder-Alarm-System/ZONE/Build/mains_power_outlet.o
LOAD c:/NXP/bstudio_nxp/workspace/JN-AN-1201-YCL/JN-AN-1201-ZigBee-Intruder-Alarm-System/ZONE/Build/on_off_output.o
LOAD c:/NXP/bstudio_nxp/workspace/JN-AN-1201-YCL/JN-AN-1201-ZigBee-Intruder-Alarm-System/ZONE/Build/on_off_switch.o
LOAD c:/NXP/bstudio_nxp/workspace/JN-AN-1201-YCL/JN-AN-1201-ZigBee-Intruder-Alarm-System/ZONE/Build/plug_control.o
LOAD c:/NXP/bstudio_nxp/workspace/JN-AN-1201-YCL/JN-AN-1201-ZigBee-Intruder-Alarm-System/ZONE/Build/remote_control.o
LOAD c:/NXP/bstudio_nxp/workspace/JN-AN-1201-YCL/JN-AN-1201-ZigBee-Intruder-Alarm-System/ZONE/Build/simple_sensor.o
LOAD c:/NXP/bstudio_nxp/workspace/JN-AN-1201-YCL/JN-AN-1201-ZigBee-Intruder-Alarm-System/ZONE/Build/smart_plug.o
LOAD c:/NXP/bstudio_nxp/workspace/JN-AN-1201-YCL/JN-AN-1201-ZigBee-Intruder-Alarm-System/ZONE/Build/IASACE.o
LOAD c:/NXP/bstudio_nxp/workspace/JN-AN-1201-YCL/JN-AN-1201-ZigBee-Intruder-Alarm-System/ZONE/Build/IASACEClientCommands.o
LOAD c:/NXP/bstudio_nxp/workspace/JN-AN-1201-YCL/JN-AN-1201-ZigBee-Intruder-Alarm-System/ZONE/Build/IASACECommandHandler.o
LOAD c:/NXP/bstudio_nxp/workspace/JN-AN-1201-YCL/JN-AN-1201-ZigBee-Intruder-Alarm-System/ZONE/Build/IASACEServerCommands.o
LOAD c:/NXP/bstudio_nxp/workspace/JN-AN-1201-YCL/JN-AN-1201-ZigBee-Intruder-Alarm-System/ZONE/Build/IASWD.o
LOAD c:/NXP/bstudio_nxp/workspace/JN-AN-1201-YCL/JN-AN-1201-ZigBee-Intruder-Alarm-System/ZONE/Build/IASWDCommandHandler.o
LOAD c:/NXP/bstudio_nxp/workspace/JN-AN-1201-YCL/JN-AN-1201-ZigBee-Intruder-Alarm-System/ZONE/Build/IASWDCommands.o
LOAD c:/NXP/bstudio_nxp/workspace/JN-AN-1201-YCL/JN-AN-1201-ZigBee-Intruder-Alarm-System/ZONE/Build/IASZone.o
LOAD c:/NXP/bstudio_nxp/workspace/JN-AN-1201-YCL/JN-AN-1201-ZigBee-Intruder-Alarm-System/ZONE/Build/IASZoneCommandHandler.o
LOAD c:/NXP/bstudio_nxp/workspace/JN-AN-1201-YCL/JN-AN-1201-ZigBee-Intruder-Alarm-System/ZONE/Build/IASZoneCommands.o
LOAD c:/NXP/bstudio_nxp/workspace/JN-AN-1201-YCL/JN-AN-1201-ZigBee-Intruder-Alarm-System/ZONE/Build/ancillary_control_equipment.o
LOAD c:/NXP/bstudio_nxp/workspace/JN-AN-1201-YCL/JN-AN-1201-ZigBee-Intruder-Alarm-System/ZONE/Build/control_and_indicating_equipment.o
LOAD c:/NXP/bstudio_nxp/workspace/JN-AN-1201-YCL/JN-AN-1201-ZigBee-Intruder-Alarm-System/ZONE/Build/warning_device.o
LOAD c:/NXP/bstudio_nxp/workspace/JN-AN-1201-YCL/JN-AN-1201-ZigBee-Intruder-Alarm-System/ZONE/Build/zone.o
LOAD c:/NXP/bstudio_nxp/workspace/JN-AN-1201-YCL/JN-AN-1201-ZigBee-Intruder-Alarm-System/ZONE/Build/dlist.o
LOAD c:/NXP/bstudio_nxp/workspace/JN-AN-1201-YCL/JN-AN-1201-ZigBee-Intruder-Alarm-System/ZONE/Build/zcl.o
LOAD c:/NXP/bstudio_nxp/workspace/JN-AN-1201-YCL/JN-AN-1201-ZigBee-Intruder-Alarm-System/ZONE/Build/zcl_CustomCommandReceive.o
LOAD c:/NXP/bstudio_nxp/workspace/JN-AN-1201-YCL/JN-AN-1201-ZigBee-Intruder-Alarm-System/ZONE/Build/zcl_CustomCommandSend.o
LOAD c:/NXP/bstudio_nxp/workspace/JN-AN-1201-YCL/JN-AN-1201-ZigBee-Intruder-Alarm-System/ZONE/Build/zcl_PDUbufferReadWrite.o
LOAD c:/NXP/bstudio_nxp/workspace/JN-AN-1201-YCL/JN-AN-1201-ZigBee-Intruder-Alarm-System/ZONE/Build/zcl_PDUbufferReadWriteString.o
LOAD c:/NXP/bstudio_nxp/workspace/JN-AN-1201-YCL/JN-AN-1201-ZigBee-Intruder-Alarm-System/ZONE/Build/zcl_WriteAttributesRequestHandle.o
LOAD c:/NXP/bstudio_nxp/workspace/JN-AN-1201-YCL/JN-AN-1201-ZigBee-Intruder-Alarm-System/ZONE/Build/zcl_WriteAttributesRequestSend.o
LOAD c:/NXP/bstudio_nxp/workspace/JN-AN-1201-YCL/JN-AN-1201-ZigBee-Intruder-Alarm-System/ZONE/Build/zcl_WriteAttributesResponseHandle.o
LOAD c:/NXP/bstudio_nxp/workspace/JN-AN-1201-YCL/JN-AN-1201-ZigBee-Intruder-Alarm-System/ZONE/Build/zcl_attribute.o
LOAD c:/NXP/bstudio_nxp/workspace/JN-AN-1201-YCL/JN-AN-1201-ZigBee-Intruder-Alarm-System/ZONE/Build/zcl_buffer.o
LOAD c:/NXP/bstudio_nxp/workspace/JN-AN-1201-YCL/JN-AN-1201-ZigBee-Intruder-Alarm-System/ZONE/Build/zcl_clusterCommand.o
LOAD c:/NXP/bstudio_nxp/workspace/JN-AN-1201-YCL/JN-AN-1201-ZigBee-Intruder-Alarm-System/ZONE/Build/zcl_command.o
LOAD c:/NXP/bstudio_nxp/workspace/JN-AN-1201-YCL/JN-AN-1201-ZigBee-Intruder-Alarm-System/ZONE/Build/zcl_configureReportingCommandHandle.o
LOAD c:/NXP/bstudio_nxp/workspace/JN-AN-1201-YCL/JN-AN-1201-ZigBee-Intruder-Alarm-System/ZONE/Build/zcl_configureReportingCommandSend.o
LOAD c:/NXP/bstudio_nxp/workspace/JN-AN-1201-YCL/JN-AN-1201-ZigBee-Intruder-Alarm-System/ZONE/Build/zcl_configureReportingResponseHandle.o
LOAD c:/NXP/bstudio_nxp/workspace/JN-AN-1201-YCL/JN-AN-1201-ZigBee-Intruder-Alarm-System/ZONE/Build/zcl_defaultResponse.o
LOAD c:/NXP/bstudio_nxp/workspace/JN-AN-1201-YCL/JN-AN-1201-ZigBee-Intruder-Alarm-System/ZONE/Build/zcl_discoverAttributesExtendedRequestHandle.o
LOAD c:/NXP/bstudio_nxp/workspace/JN-AN-1201-YCL/JN-AN-1201-ZigBee-Intruder-Alarm-System/ZONE/Build/zcl_discoverAttributesExtendedRequestSend.o
LOAD c:/NXP/bstudio_nxp/workspace/JN-AN-1201-YCL/JN-AN-1201-ZigBee-Intruder-Alarm-System/ZONE/Build/zcl_discoverAttributesExtendedResponseHandle.o
LOAD c:/NXP/bstudio_nxp/workspace/JN-AN-1201-YCL/JN-AN-1201-ZigBee-Intruder-Alarm-System/ZONE/Build/zcl_discoverAttributesRequestHandle.o
LOAD c:/NXP/bstudio_nxp/workspace/JN-AN-1201-YCL/JN-AN-1201-ZigBee-Intruder-Alarm-System/ZONE/Build/zcl_discoverAttributesRequestSend.o
LOAD c:/NXP/bstudio_nxp/workspace/JN-AN-1201-YCL/JN-AN-1201-ZigBee-Intruder-Alarm-System/ZONE/Build/zcl_discoverAttributesResponseHandle.o
LOAD c:/NXP/bstudio_nxp/workspace/JN-AN-1201-YCL/JN-AN-1201-ZigBee-Intruder-Alarm-System/ZONE/Build/zcl_discoverCommandsRequestHandle.o
LOAD c:/NXP/bstudio_nxp/workspace/JN-AN-1201-YCL/JN-AN-1201-ZigBee-Intruder-Alarm-System/ZONE/Build/zcl_discoverCommandsRequestSend.o
LOAD c:/NXP/bstudio_nxp/workspace/JN-AN-1201-YCL/JN-AN-1201-ZigBee-Intruder-Alarm-System/ZONE/Build/zcl_discoverCommandsResponseHandle.o
LOAD c:/NXP/bstudio_nxp/workspace/JN-AN-1201-YCL/JN-AN-1201-ZigBee-Intruder-Alarm-System/ZONE/Build/zcl_event.o
LOAD c:/NXP/bstudio_nxp/workspace/JN-AN-1201-YCL/JN-AN-1201-ZigBee-Intruder-Alarm-System/ZONE/Build/zcl_heap.o
LOAD c:/NXP/bstudio_nxp/workspace/JN-AN-1201-YCL/JN-AN-1201-ZigBee-Intruder-Alarm-System/ZONE/Build/zcl_library_options.o
LOAD c:/NXP/bstudio_nxp/workspace/JN-AN-1201-YCL/JN-AN-1201-ZigBee-Intruder-Alarm-System/ZONE/Build/zcl_readAttributesRequestHandle.o
LOAD c:/NXP/bstudio_nxp/workspace/JN-AN-1201-YCL/JN-AN-1201-ZigBee-Intruder-Alarm-System/ZONE/Build/zcl_readAttributesRequestSend.o
LOAD c:/NXP/bstudio_nxp/workspace/JN-AN-1201-YCL/JN-AN-1201-ZigBee-Intruder-Alarm-System/ZONE/Build/zcl_readAttributesResponseHandle.o
LOAD c:/NXP/bstudio_nxp/workspace/JN-AN-1201-YCL/JN-AN-1201-ZigBee-Intruder-Alarm-System/ZONE/Build/zcl_readReportingConfigurationCommandHandle.o
LOAD c:/NXP/bstudio_nxp/workspace/JN-AN-1201-YCL/JN-AN-1201-ZigBee-Intruder-Alarm-System/ZONE/Build/zcl_readReportingConfigurationCommandSend.o
LOAD c:/NXP/bstudio_nxp/workspace/JN-AN-1201-YCL/JN-AN-1201-ZigBee-Intruder-Alarm-System/ZONE/Build/zcl_readReportingConfigurationResponseHandle.o
LOAD c:/NXP/bstudio_nxp/workspace/JN-AN-1201-YCL/JN-AN-1201-ZigBee-Intruder-Alarm-System/ZONE/Build/zcl_reportManager.o
LOAD c:/NXP/bstudio_nxp/workspace/JN-AN-1201-YCL/JN-AN-1201-ZigBee-Intruder-Alarm-System/ZONE/Build/zcl_reportMaths.o
LOAD c:/NXP/bstudio_nxp/workspace/JN-AN-1201-YCL/JN-AN-1201-ZigBee-Intruder-Alarm-System/ZONE/Build/zcl_reportScheduler.o
LOAD c:/NXP/bstudio_nxp/workspace/JN-AN-1201-YCL/JN-AN-1201-ZigBee-Intruder-Alarm-System/ZONE/Build/zcl_reportStringHandling.o
LOAD c:/NXP/bstudio_nxp/workspace/JN-AN-1201-YCL/JN-AN-1201-ZigBee-Intruder-Alarm-System/ZONE/Build/zcl_reportStructure.o
LOAD c:/NXP/bstudio_nxp/workspace/JN-AN-1201-YCL/JN-AN-1201-ZigBee-Intruder-Alarm-System/ZONE/Build/zcl_search.o
LOAD c:/NXP/bstudio_nxp/workspace/JN-AN-1201-YCL/JN-AN-1201-ZigBee-Intruder-Alarm-System/ZONE/Build/zcl_timer.o
LOAD c:/NXP/bstudio_nxp/workspace/JN-AN-1201-YCL/JN-AN-1201-ZigBee-Intruder-Alarm-System/ZONE/Build/zcl_transmit.o
LOAD c:/NXP/bstudio_nxp/workspace/sdk/JN-SW-4168/Components/Library\libZPSMAC_Mini_JN516x.a
LOAD c:/NXP/bstudio_nxp/workspace/sdk/JN-SW-4168/Components/Library\libOS_JN516x.a
LOAD c:/NXP/bstudio_nxp/workspace/sdk/JN-SW-4168/Components/Library\libPWRM_JN516x.a
LOAD c:/NXP/bstudio_nxp/workspace/sdk/JN-SW-4168/Components/Library\libZPSTSV_JN516x.a
LOAD c:/NXP/bstudio_nxp/workspace/sdk/JN-SW-4168/Components/Library\libAES_SW_JN516x.a
LOAD c:/NXP/bstudio_nxp/workspace/sdk/JN-SW-4168/Components/Library\libPDUM_JN516x.a
LOAD c:/NXP/bstudio_nxp/workspace/sdk/JN-SW-4168/Components/Library\libZPSAPL_JN516x.a
LOAD c:/NXP/bstudio_nxp/workspace/sdk/JN-SW-4168/Components/Library\libRandom_JN516x.a
LOAD c:/NXP/bstudio_nxp/workspace/sdk/JN-SW-4168/Components/Library\libPDM_EEPROM_JN516x.a
LOAD c:/NXP/bstudio_nxp/workspace/sdk/JN-SW-4168/Components/Library\libDBG_JN516x.a
LOAD c:/NXP/bstudio_nxp/workspace/sdk/JN-SW-4168/Components/Library\libZPSNWK_ZED_JN516x.a
LOAD c:/NXP/bstudio_nxp/workspace/sdk/JN-SW-4168/Components/Library\libMiniMac_JN5169.a
LOAD c:/NXP/bstudio_nxp/workspace/sdk/JN-SW-4168/Components/Library\libMiniMacShim_JN516x.a
LOAD c:/NXP/bstudio_nxp/workspace/sdk/JN-SW-4168/Components/Library\libMMAC_JN5169.a
LOAD c:/NXP/bstudio_nxp/workspace/sdk/JN-SW-4168/Components/Library\libJPT_JN5169.a
LOAD c:/NXP/bstudio_nxp/workspace/sdk/JN-SW-4168/Components/Library\libAes_JN516x.a
LOAD c:/NXP/bstudio_nxp/workspace/sdk/JN-SW-4168/Components/Library\libHardwareApi_JN5169.a
LOAD c:/NXP/bstudio_nxp/workspace/sdk/JN-SW-4168/Components/Library\libMicroSpecific_JN516x.a
LOAD c:/NXP/bstudio_nxp/workspace/sdk/JN-SW-4168/Components/Library\libBoot_JN516x.a
LOAD c:/NXP/bstudio_nxp/workspace/sdk/JN-SW-4168/Platform/DK4/Library\libBoardLib_JN516x.a
LOAD c:/nxp/bstudio_nxp/workspace/sdk/tools/ba-elf-ba2-r36379/bin/../lib/gcc/ba-elf/4.7.4/../../../../ba-elf/lib/mcpu_jn51xx_sizeopt\libm.a
END GROUP
LOAD c:/nxp/bstudio_nxp/workspace/sdk/tools/ba-elf-ba2-r36379/bin/../lib/gcc/ba-elf/4.7.4/../../../../ba-elf/lib/mcpu_jn51xx_sizeopt\libc.a
LOAD c:/nxp/bstudio_nxp/workspace/sdk/tools/ba-elf-ba2-r36379/bin/../lib/gcc/ba-elf/4.7.4/mcpu_jn51xx_sizeopt\libgcc.a
LOAD c:/nxp/bstudio_nxp/workspace/sdk/tools/ba-elf-ba2-r36379/bin/../lib/gcc/ba-elf/4.7.4/../../../../ba-elf/lib/mcpu_jn51xx_sizeopt\libc.a
                0x0000000000080038                exception_vsr_table = 0x80038
                0x0000000004000000                pSPIflashFncTable = 0x4000000
                0x0000000000000044                restore_state = 0x44
                0x000000000000004a                bZSPIWaitWIPClear = 0x4a
                0x0000000000000050                u16ZSPIflashRDID = 0x50
                0x0000000000000056                u8SelectFlashChipType = 0x56
                0x000000000000005c                memcpy = 0x5c
                0x0000000000000066                vBootFlashProg = 0x66
                [0x00000000000007d0]                __minimum_heap_size = DEFINED (__minimum_heap_size)?__minimum_heap_size:0xd16
                [0x0000000000001388]                __stack_size = DEFINED (__stack_size)?__stack_size:0x800
                0x0000000000000000                _SwConfig = (DEFINED (g_bSWConf_Debug) | (DEFINED (g_bSWConf_AltDebugPort) << 0x1))

.version        0x000000000007fffc        0x4
                0x000000000007fffc        0x4 LONG 0xf03000b

.bir            0x0000000000080000       0x10
                0x0000000000080000                _flash_start = ABSOLUTE (.)
                0x0000000000080000                _flash_beg = ABSOLUTE (.)
                0x0000000000080000        0x4 LONG 0x12345678
                0x0000000000080004        0x4 LONG 0x11223344
                0x0000000000080008        0x4 LONG 0x55667788
                0x000000000008000c        0x1 BYTE 0x8
                0x000000000008000d        0x1 BYTE 0x1
                0x000000000008000e        0x2 SHORT 0x0

.flashheader    0x0000000000080010       0x28
                0x0000000000080010        0x4 LONG 0x0
                0x0000000000080014        0x4 LONG 0x0
                0x0000000000080018        0x4 LONG 0x0
                0x000000000008001c        0x2 SHORT 0x0
                0x000000000008001e        0x2 SHORT 0x0 ABSOLUTE (_SwConfig)
                0x0000000000080020                _enc_start = ABSOLUTE (.)
                0x0000000000080020        0x4 LONG 0x1e950 ABSOLUTE (_image_len)
                0x0000000000080024        0x4 LONG 0x9dfe0 ABSOLUTE (_flash_data_start)
                0x0000000000080028        0x2 SHORT 0x13 ((ABSOLUTE (_ram_data_start) / 0x4) & 0xffff)
                0x000000000008002a        0x2 SHORT 0x25c ((ABSOLUTE (_ram_data_len) / 0x4) & 0xffff)
                0x000000000008002c        0x2 SHORT 0x26f ((ABSOLUTE (_bss_start) / 0x4) & 0xffff)
                0x000000000008002e        0x2 SHORT 0xfe6 ((ABSOLUTE (_bss_len) / 0x4) & 0xffff)
                0x0000000000080030        0x4 LONG 0x9c3e8 ABSOLUTE (AppWarmStart)
                0x0000000000080034        0x4 LONG 0x9c402 ABSOLUTE (AppColdStart)
                0x0000000000000000                _enc_offset = (_enc_start & 0xf)

.ro_mac_address
                0x0000000000080040        0x0
                0x0000000000080040                _FlsMACAddress = ABSOLUTE (.)
 *(.ro_mac_address)
                0x0000000000080040                . = ALIGN (0x10)

.ro_ota_header  0x0000000000080040        0x0
                0x0000000000080040                _FlsOtaHeader = ABSOLUTE (.)
 *(.ro_ota_header)
                0x0000000000080040                . = ALIGN (0x10)

.ro_se_lnkKey   0x0000000000080040        0x0
                0x0000000000080040                _FlsLinkKey = ABSOLUTE (.)
 *(.ro_se_lnkKey)
                0x0000000000080040                . = ALIGN (0x10)

.rodata         0x0000000000080038     0x1536
 *(.rodata*)
 .rodata.str1.1
                0x0000000000080038       0xbb C:\Users\1\AppData\Local\Temp\cclnvu0G.ltrans0.ltrans.o
 *fill*         0x00000000000800f3        0x1 00
 .rodata        0x00000000000800f4       0xb0 C:\Users\1\AppData\Local\Temp\cclnvu0G.ltrans0.ltrans.o
                0x00000000000800f4                psAplDefaultZLLAPSLinkKey
                0x00000000000800f8                gMAC_u8MaxBuffers
                0x00000000000800fc                g_u32ApsFcSaveCountBitShift
                0x0000000000080100                u8MaxZpsConfigEp
                0x0000000000080101                au8EpMapPresent
                0x0000000000080104                s_groupPdmTable
 .rodata        0x00000000000801a4       0x40 C:\Users\1\AppData\Local\Temp\cclnvu0G.ltrans2.ltrans.o
 .rodata        0x00000000000801e4       0x10 C:\Users\1\AppData\Local\Temp\cclnvu0G.ltrans3.ltrans.o
 .rodata.str1.1
                0x00000000000801f4        0x5 C:\Users\1\AppData\Local\Temp\cclnvu0G.ltrans5.ltrans.o
                                          0x8 (size before relaxing)
 .rodata        0x00000000000801f9       0x6b C:\Users\1\AppData\Local\Temp\cclnvu0G.ltrans5.ltrans.o
 .rodata.str1.1
                0x0000000000000000        0x5 C:\Users\1\AppData\Local\Temp\cclnvu0G.ltrans6.ltrans.o
                                          0xc (size before relaxing)
 .rodata        0x0000000000080264        0x7 C:\Users\1\AppData\Local\Temp\cclnvu0G.ltrans6.ltrans.o
                0x0000000000080264                u8MacNwkTriesTimeout
 *fill*         0x000000000008026b        0x1 00
 .rodata        0x000000000008026c       0x10 C:\Users\1\AppData\Local\Temp\cclnvu0G.ltrans7.ltrans.o
                0x0000000000080274                au32UartAddrOffset
 .rodata.str1.1
                0x000000000008027c        0x3 C:\Users\1\AppData\Local\Temp\cclnvu0G.ltrans7.ltrans.o
 .rodata.str1.1
                0x0000000000000000        0x3 C:\Users\1\AppData\Local\Temp\cclnvu0G.ltrans8.ltrans.o
                                          0x7 (size before relaxing)
 .rodata.str1.1
                0x000000000008027f       0x24 C:\Users\1\AppData\Local\Temp\cclnvu0G.ltrans9.ltrans.o
                                         0x27 (size before relaxing)
 .rodata.str1.1
                0x00000000000802a3      0x144 C:\Users\1\AppData\Local\Temp\cclnvu0G.ltrans10.ltrans.o
                                        0x152 (size before relaxing)
 .rodata.str1.1
                0x00000000000803e7       0x37 C:\Users\1\AppData\Local\Temp\cclnvu0G.ltrans11.ltrans.o
                                         0x46 (size before relaxing)
 .rodata.str1.1
                0x000000000008041e       0xf7 C:\Users\1\AppData\Local\Temp\cclnvu0G.ltrans13.ltrans.o
                                        0x10c (size before relaxing)
 .rodata.str1.1
                0x0000000000080515      0x20a C:\Users\1\AppData\Local\Temp\cclnvu0G.ltrans14.ltrans.o
 .rodata.str1.1
                0x000000000008071f      0x419 C:\Users\1\AppData\Local\Temp\cclnvu0G.ltrans15.ltrans.o
                                        0x423 (size before relaxing)
 .rodata        0x0000000000080b38       0x14 C:\Users\1\AppData\Local\Temp\cclnvu0G.ltrans15.ltrans.o
                0x0000000000080b48                pu64NewMacOverrideMyAddressLocation
 .rodata.str1.1
                0x0000000000080b4c        0xd C:\Users\1\AppData\Local\Temp\cclnvu0G.ltrans16.ltrans.o
                                         0x17 (size before relaxing)
 *fill*         0x0000000000080b59        0x3 00
 .rodata        0x0000000000080b5c       0x90 C:\Users\1\AppData\Local\Temp\cclnvu0G.ltrans16.ltrans.o
                0x0000000000080b5c                s_apsStSceTbl.115569
                0x0000000000080b70                s_aprIdleStHandleCme.123586
                0x0000000000080b80                s_aprActvStHandleCme.120472
                0x0000000000080b98                zps_sJoinSceTbl
                0x0000000000080ba4                zps_sActvSceTbl
 .rodata.str1.1
                0x0000000000080bec        0x5 C:\Users\1\AppData\Local\Temp\cclnvu0G.ltrans17.ltrans.o
                                         0x17 (size before relaxing)
 .rodata.str1.1
                0x0000000000000000        0x5 C:\Users\1\AppData\Local\Temp\cclnvu0G.ltrans19.ltrans.o
                                          0x4 (size before relaxing)
 .rodata.str1.1
                0x0000000000080bf1       0x24 C:\Users\1\AppData\Local\Temp\cclnvu0G.ltrans20.ltrans.o
                                         0x55 (size before relaxing)
 *fill*         0x0000000000080c15        0x3 00
 .rodata        0x0000000000080c18       0x18 C:\Users\1\AppData\Local\Temp\cclnvu0G.ltrans21.ltrans.o
                0x0000000000080c18                au32NwkPdmRecordOffsets
 .rodata        0x0000000000080c30      0x118 C:\Users\1\AppData\Local\Temp\cclnvu0G.ltrans22.ltrans.o
                0x0000000000080c30                gu32ZCLVersion
                0x0000000000080c34                OS_g_u32Version
                0x0000000000080c38                PDUM_g_u32Version
                0x0000000000080c3c                ZPS_g_u32MacVersion
                0x0000000000080c40                ZPS_g_u32TsvVersion
 .rodata.str1.1
                0x0000000000080d48        0x3 C:\Users\1\AppData\Local\Temp\cclnvu0G.ltrans24.ltrans.o
                                         0x1f (size before relaxing)
 *fill*         0x0000000000080d4b        0x1 00
 .rodata        0x0000000000080d4c       0xe8 C:\Users\1\AppData\Local\Temp\cclnvu0G.ltrans24.ltrans.o
 .rodata.str1.1
                0x0000000000000000        0x3 C:\Users\1\AppData\Local\Temp\cclnvu0G.ltrans25.ltrans.o
 .rodata        0x0000000000080e34       0x4c C:\Users\1\AppData\Local\Temp\cclnvu0G.ltrans25.ltrans.o
                0x0000000000080e34                g_u32NwkFcSaveCountBitShift
 .rodata.str1.1
                0x0000000000000000       0x13 C:\Users\1\AppData\Local\Temp\cclnvu0G.ltrans26.ltrans.o
 .rodata.str1.1
                0x0000000000080e80      0x196 C:\Users\1\AppData\Local\Temp\cclnvu0G.ltrans27.ltrans.o
                                        0x1ba (size before relaxing)
 .rodata        0x0000000000081016        0xc C:\Users\1\AppData\Local\Temp\cclnvu0G.ltrans27.ltrans.o
 .rodata.str1.1
                0x0000000000081022       0x67 C:\Users\1\AppData\Local\Temp\cclnvu0G.ltrans28.ltrans.o
 .rodata.str1.1
                0x0000000000081089       0xeb C:\Users\1\AppData\Local\Temp\cclnvu0G.ltrans29.ltrans.o
 .rodata        0x0000000000081174      0x3e0 C:\Users\1\AppData\Local\Temp\cclnvu0G.ltrans29.ltrans.o
                0x0000000000081174                zps_g_pvApl
 .rodata.str1.1
                0x0000000000081554        0x7 C:\Users\1\AppData\Local\Temp\cclnvu0G.ltrans30.ltrans.o
                                         0x11 (size before relaxing)
 .rodata.str1.1
                0x000000000008155b       0x13 C:\Users\1\AppData\Local\Temp\cclnvu0G.ltrans31.ltrans.o

.text           0x0000000000081570    0x1ca6e
 *(.text*)
 .text          0x0000000000081570     0x1ad4 C:\Users\1\AppData\Local\Temp\cclnvu0G.ltrans0.ltrans.o
                0x0000000000081570                vInitialiseApp.3480
                0x0000000000081570                APP_TIMER_Version_1v0
 .text          0x0000000000083044     0x15f0 C:\Users\1\AppData\Local\Temp\cclnvu0G.ltrans1.ltrans.o
                0x0000000000083044                vZCL_EventHandler
 .text          0x0000000000084634     0x11e7 C:\Users\1\AppData\Local\Temp\cclnvu0G.ltrans2.ltrans.o
                0x0000000000084634                DBG_iUartGetChar
                0x0000000000084691                vMMAC_IntHandlerBbc
                0x00000000000846ab                eBasicTxCompleteHandler
                0x00000000000846b0                vTxRxTimeout.129024
                0x000000000008470d                zps_eNwkHandleSmeOrphanInd
                0x0000000000084714                eSmeASFlBeaconInd.122236
                0x0000000000084736                eSmeUDNTScanDcfm.121691
                0x00000000000847bd                zps_eNwkHandleSmePollDcfm
                0x00000000000847e7                eSmeGenlScanDcfm.122228
                0x0000000000084845                eNldeDataDcfm.117462
                0x0000000000084875                eSmeEdScScanDcfm.122224
                0x0000000000084a1c                eSmeAcScBeaconInd.122244
                0x0000000000084b24                eSmeUDNTBeaconInd.122220
                0x0000000000084b47                vMiniMac_MLME_SetReq_PanId
                0x0000000000084b84                vMiniMac_MLME_SetReq_ShortAddr
                0x0000000000084b92                u16AHI_UartBlockReadData.part.14.131779.constprop.85
                0x0000000000084bc2                vZCL_InitializeClusterInstance.constprop.66
                0x0000000000084bd3                pvZCL_HeapAlloc.part.0.42695.constprop.59
                0x0000000000084c0c                vMiniMac_ReturnTxBufferCallback
                0x0000000000084c1e                vEnableReceive.129028
                0x0000000000084c58                pvHeap_Alloc
                0x0000000000084c5b                vMicroIntRestoreState
                0x0000000000084c67                bAHI_WriteEEPROMfixSegmentData
                0x0000000000084cc5                bAHI_InitialiseEEPROM
                0x0000000000084d0d                vAHI_ReadDataFromEEPROMregister
                0x0000000000084d3a                vAHI_WriteDataIntoEEPROMregister
                0x0000000000084d6a                iPDM_WriteSegmentHeaderDataIntoEEPROMsegment
                0x0000000000084d99                u8AHI_WakeTimerFiredStatus
                0x0000000000084dad                vAHI_WakeTimerStop.part.3.132003
                0x0000000000084dcd                vAHI_UartReset.part.4.131757
                0x0000000000084e05                vAHI_UartDisable.part.8.131890
                0x0000000000084e71                vAHI_UartSetBaudDivisor.part.1.131737
                0x0000000000084eb0                vAHI_OptimiseWaitStates
                0x0000000000084efc                bAHI_GetClkSource
                0x0000000000084f09                vAHI_SwReset
                0x0000000000084f39                vAHI_DioSetOutput
                0x0000000000084f4d                vAHI_DioSetDirection
                0x0000000000084f61                vEcbEncodeStripe.131212
                0x0000000000084fb8                bIssueACIcommand
                0x0000000000085182                AESSW_vHMAC_MMO.constprop.114
                0x000000000008521a                MAC_u64GetExtAddr
                0x0000000000085235                ZPS_u64NwkNibFindExtAddr
                0x00000000000852e0                ZPS_u16NwkNibFindNwkAddr
                0x0000000000085386                psSearchForFrameToSend
                0x00000000000853dd                eMiniMac_FrameInProgress
                0x0000000000085408                vRemoveFromTxQueue
                0x0000000000085444                vAddToTxQueue
                0x000000000008547a                u8GetHeaderSize
                0x00000000000854a2                vMiniMac_PLME_SetReq_CcaMode
                0x00000000000854b6                vMiniMac_MLME_SetReq_MaxCsmaBackoffs
                0x00000000000854d6                vMiniMac_MLME_SetReq_MaxBe
                0x00000000000854f9                vMiniMac_MLME_SetReq_MinBe
                0x000000000008551c                zps_vSendJoinInd
                0x000000000008558d                zps_psNwkSlistRemoveFromHead
                0x00000000000855a4                zps_psNwkSlistRemove
                0x00000000000855dc                zps_bNwkMcpsMgrRemoveDescrFromLists
                0x000000000008561a                zps_vNwkSlistAddToTail
                0x0000000000085634                ZPS_vNwkSecResetDevice
                0x0000000000085679                ZPS_bNwkSecHaveNetworkKey
                0x00000000000856ad                ZPS_bNwkSecFindMatSet
                0x00000000000856e9                ZPS_u8NwkNibNtDiscMatch
                0x00000000000857cd                bCheckNwkAddr
 .text.unlikely
                0x000000000008581b       0xc8 C:\Users\1\AppData\Local\Temp\cclnvu0G.ltrans2.ltrans.o
                0x0000000000085830                vAHI_MemoryHold.131435
 .text          0x00000000000858e3     0x1230 C:\Users\1\AppData\Local\Temp\cclnvu0G.ltrans3.ltrans.o
                0x00000000000858e3                DBG_vUartFlush
                0x0000000000085910                DBG_vUartPutch
                0x00000000000859f9                vRadioToOff
                0x0000000000085a16                vStartReceive
                0x0000000000085a32                vMiniMac_NextTransaction
                0x0000000000085a9c                eTransmit
                0x0000000000085bb6                vMiniMac_TxComplete
                0x0000000000085def                vTimerFired
                0x0000000000085ea7                vMiniMac_Init
                0x0000000000086261                vDispatch.51152
                0x0000000000086333                OS_eStartSWTimer.constprop.136
                0x0000000000086452                OS_eStopSWTimer
                0x0000000000086575                vStartStopTimer
                0x00000000000865a0                vStopAllTimers
                0x00000000000865d2                OS_ePostMessage
                0x0000000000086738                OS_eExitCriticalSection
                0x000000000008681d                OS_eActivateTask
                0x00000000000868b8                vPostMlmeDcfmInd.71436
                0x000000000008695b                iPDM_ReadUserDataFromEEPROMsegment
                0x00000000000869d5                iPDM_ReCalculateWearCountAndChecksumAndWriteFileSystemHeader
                0x0000000000086a1f                vPDM_SetEEPROMandFileSystemValidState
                0x0000000000086a46                iPDM_ReadUserDataFromFileSystemRecord
                0x0000000000086a66                vPDM_WriteFileSystemRecordAndSegmentDataIntoEEPROMsegment
                0x0000000000086aa1                u16ZCL_WriteAttributeValueIntoBuffer
 .text          0x0000000000086b13     0x139d C:\Users\1\AppData\Local\Temp\cclnvu0G.ltrans4.ltrans.o
                0x0000000000086b13                vNwkMcpsTimerCallback
                0x0000000000086b2d                zps_eSceGenlIllegal
                0x0000000000086b34                zps_eSmeGenlIllegal
                0x0000000000086b3b                DBG_vUartFailedAssert
                0x0000000000086b3f                zps_bAplZdoBindRequestServer
                0x0000000000086c7a                psGetVsMcpsBuf.71440
                0x0000000000086c83                psGetMlmeBuf.71433
                0x0000000000086cca                psGetNlmeBuf.54383
                0x0000000000086cd4                psGetNldeBuf.54404
                0x0000000000086cde                psGetApsmeBuf.54390
                0x0000000000086ce7                psGetApsdeBuf.54397
                0x0000000000086e00                vLoopbackTimerCallback
                0x0000000000086e2f                zps_vNwkFreeMcpsHandle
                0x0000000000086e59                ZPS_u64NwkNibGetMappedIeeeAddr
                0x0000000000086e7b                ZPS_bNwkNibNtActvMatch
                0x0000000000086f33                ZPS_vSetExtendedStatus
                0x0000000000086f45                zps_psApsApsAllocateDcfmRecord
                0x0000000000086fb3                zps_u8CalcLinkCost
                0x0000000000086fef                zps_u64NwkLibFromPayload
                0x000000000008702e                zps_vNwkLibU64ToPayload
                0x000000000008705b                zps_vInitBeaconPayload
                0x00000000000870d7                zps_eNwkDcfmIndPost
                0x00000000000870f9                zps_psNwkDcfmIndGetBuf
                0x000000000008711b                zps_vSendNwkStatusInd
                0x000000000008714b                DBG_vInit
                0x000000000008718d                vPDM_ReadBitmapHeader.111247
                0x00000000000871ac                psSLISTsearch
                0x00000000000871ec                psSLISTremove
                0x000000000008726a                vSLISTaddToTail
                0x0000000000087289                psSLISTgetNext
                0x00000000000872ad                u8PDM_CalculateLargestDataRecordStored
                0x00000000000872de                bPDM_ImageBitmapRepairCheck
                0x0000000000087306                u8PDM_ReadSequenceNumber
                0x0000000000087329                boSegmentNumberDeleteSearchMatch.110817
                0x0000000000087344                u8PDM_ReadSegmentDataSize
                0x0000000000087358                u32PDM_ReadFileSystemHeaderWearCount
                0x000000000008736e                boSearchForWearCountSubstitute.111133
                0x0000000000087394                boSearchForWearCountInsertPoint.110386
                0x00000000000873b2                vPDM_WriteFileSystemHeaderWearCount
                0x00000000000873c4                RND_u32GetRand256
                0x00000000000873e1                RND_u32GetRand
                0x0000000000087408                u16CalculateFailedTxCount.87141
                0x0000000000087432                vZdoIeeeAddrServerSendExtendResponse.part.0.75261
                0x0000000000087493                vZdoNwkAddrServerSendExtendResponse.part.0.74081
                0x00000000000874f4                zps_bAplZdoServerHandleConfirmAcks
                0x000000000008753e                zps_bPerformLeaveActionDecider
                0x0000000000087543                vHandleUpdateDeviceIndication.63449
                0x000000000008756d                u32GetScanChannels.63436
                0x0000000000087598                bDuplicateCheck.59816
                0x00000000000876a5                bIsBindTableMatch.58384
                0x00000000000876f6                eRemoveEntryInBindingTable.58412
                0x0000000000087775                zps_vAplApsFillAndPostApsAck
                0x00000000000877df                zps_u8AplApsFreeMsgHandle
                0x0000000000087849                u8BlocksToSendInWindow.55880
                0x000000000008789b                vFillDataIndStruct.54250
                0x00000000000878f9                vFillApduErrorEvent.54243
                0x000000000008793c                bCheckProfile.54238
                0x000000000008797a                ZPS_bIsGroupPresent
                0x00000000000879b2                pdum_u16ReadNBO
                0x0000000000087b13                PDUM_u16SizeNBO
                0x0000000000087b71                PDUM_u16APduInstanceWriteStrNBO
                0x0000000000087cf0                PDUM_eNPduReadHeaderNBO
                0x0000000000087d43                PDUM_u16APduInstanceReadNBO
                0x0000000000087d8e                PDUM_eNPduPrependHeaderNBO
                0x0000000000087de9                PDUM_eNPduAppendDataNBO
                0x0000000000087e46                PDUM_u16APduInstanceWriteNBO
 .text          0x0000000000087eb0      0xf3f C:\Users\1\AppData\Local\Temp\cclnvu0G.ltrans5.ltrans.o
                0x0000000000087eb0                os_u32APP_cbGetTickTimer
                0x0000000000087eb9                os_bAPP_cbSetTickTimerCompare
                0x0000000000087f15                vZdoServersInit.2866
                0x000000000008804c                boIdValueSearchMatch.110390
                0x00000000000880a6                u16ZCL_APduInstanceWriteNBO
                0x0000000000088150                u16ZCL_WriteCommandHeader
                0x00000000000881c8                u16ZCL_APduInstanceReadNBO
                0x00000000000882ad                u16ZCL_ReadCommandHeader.part.0.34745
                0x0000000000088324                u16ZCL_APduInstanceWriteStringNBO
                0x00000000000883eb                u16ZCL_APduInstanceReadStringNBO.part.3.31959
                0x00000000000884c4                eZCL_GetAttributeTypeSizeFromBuffer
                0x000000000008853b                u16ZCL_GetTxPayloadSize
                0x000000000008857b                iPDM_ReadSegmentHeaderDataFromEEPROMsegment
                0x00000000000885d4                PWRM_vWakeInterruptCallback
                0x000000000008865b                u8ZdoBindUnbindServerUnpackApdu
                0x00000000000886aa                ZPS_eTsvOpen
                0x00000000000886c4                sEZ_GetDiscEntry.7781
                0x0000000000088705                ZPS_bIsMacAddressUsedInApsTable
                0x00000000000887bb                iPDM_FilterDuplicateAppendedSegmentsOnList.111562
                0x00000000000887ff                zps_vNwkBttMgrInit
                0x000000000008882d                ZPS_vNwkNibClearTables
                0x000000000008894e                vMicroIntEnableOnly.constprop.131
                0x000000000008897a                vSetChannelAndPower
                0x0000000000088b1a                vMiniMac_PLME_SetReq_Power
                0x0000000000088b2e                vMiniMac_PLME_SetReq_Channel
                0x0000000000088b36                TSV_eStart
                0x0000000000088b86                iAHI_WriteDataIntoEEPROMsegment.constprop.126
                0x0000000000088bd4                vACI_OptimisedCcmStar.constprop.124
                0x0000000000088dbf                vTransformKey.isra.0.59935
 .text          0x0000000000088def      0xfd9 C:\Users\1\AppData\Local\Temp\cclnvu0G.ltrans6.ltrans.o
                0x0000000000088ea0                zps_bAplZdoNwkAddrServer
                0x0000000000089021                PWRM_vManagePower
                0x0000000000089197                zps_vSendJoinDcfm
                0x00000000000891dd                vGiveUp.124807
                0x0000000000089215                ZPS_bSecEncrypt
                0x00000000000893cb                PDUM_eNPduAllocate
                0x000000000008943a                vMiniMac_McpsCallback
                0x0000000000089666                zps_u8AplApsConstructAndPostLoopBackDataInd.56994
                0x000000000008979f                u8PostUnicastMsgToNHLE.57002
                0x00000000000897d8                PDUM_eNPduClone
                0x0000000000089824                PDUM_eNPduFree
                0x0000000000089891                zps_vHandleExtendedDataAckFrame
                0x0000000000089975                vPostVsMcpsDcfmInd.71443
                0x0000000000089a5e                zps_vNwkMcpsMgrFreeReqDescr
                0x0000000000089a90                zps_psAllocateAndFormatMacHdr
                0x0000000000089be3                zps_psNwkInitCmdFrame
                0x0000000000089cb0                zps_vNwkRemoveConflictedBroadcast
                0x0000000000089d02                zps_vNwkMcpsMgrTidyBtrReqDescr
                0x0000000000089d46                vNwkBttTimerExpiry.120520
 *fill*         0x0000000000089dc8        0x0 00
 .text          0x0000000000089dc8      0xc4c C:\Users\1\AppData\Local\Temp\cclnvu0G.ltrans7.ltrans.o
                0x0000000000089dc8                os_vAPP_cbEnableTickTimer
                0x0000000000089e48                os_vAPP_cbDisableTickTimer
                0x0000000000089e8c                vRetryCcaFailure
                0x0000000000089ee0                eOrphanNotificationSent.129796
                0x0000000000089f99                DBG_vUartInitHardware
                0x000000000008a06b                eCLD_BasicCommandHandler
                0x000000000008a08e                vNewLine.part.0.111640.constprop.113
                0x000000000008a0c4                Uart_TxCMDData.3172
                0x000000000008a1ce                eZCL_SearchForClusterEntry
                0x000000000008a243                eZCL_BuildTransmitAddressStructure
                0x000000000008a2b0                eZCL_FindCluster
                0x000000000008a301                vCLD_IdentifyTimerClickCallback.15305
                0x000000000008a37c                User_Uart_Init
                0x000000000008a402                ZPS_bSecDecrypt
                0x000000000008a514                boPDM_IsBitmapSaturated.111282
                0x000000000008a55d                vDLISTaddToHead
                0x000000000008a586                vDLISTaddToTail
                0x000000000008a5a9                psDLISTremove
                0x000000000008a60b                eZCL_SearchForAttributeEntry
                0x000000000008a6a4                eZCL_WriteLocalAttributeValue.constprop.108
                0x000000000008a76e                eCLD_IASZoneUpdateZoneID
                0x000000000008a780                eCLD_IASZoneUpdateZoneState
                0x000000000008a791                eZCL_ReadLocalAttributeValue.constprop.23
                0x000000000008a857                iPDM_SearchForBufferIdInList
                0x000000000008a88c                iPDM_SearchForBufferIdInFileSystem
                0x000000000008a89f                iPDM_ReadUserDataFromSegmentWithId
                0x000000000008a8d4                iPDM_SearchForSpecificSegmentInList
                0x000000000008a906                psGetTxFrameBuffer
                0x000000000008a945                psGetAndBuildCoordRealignment
                0x000000000008a99d                eBuildAndSend.129804
 .text          0x000000000008aa14     0x11f8 C:\Users\1\AppData\Local\Temp\cclnvu0G.ltrans8.ltrans.o
                0x000000000008aa14                PDUM_hAPduAllocateAPduInstance
                0x000000000008aa88                hZCL_AllocateAPduInstance
                0x000000000008aac4                zps_eAplZdoSendZdpResponse
                0x000000000008ab0d                bSendResponse.85952
                0x000000000008ab50                PDUM_eAPduFreeAPduInstance
                0x000000000008ae8f                zps_bAplZdoMatchDescServer
                0x000000000008aea3                zps_bAplZdoNodeDescServer
                0x000000000008b00f                zps_bAplZdoSimpleDescServer
                0x000000000008b270                zps_bAplZdoPowerDescServer
                0x000000000008b38d                zps_bAplZdoActiveEpServer
                0x000000000008b476                zps_bAplZdoSystemServerDiscoveryServer
                0x000000000008b4ff                zps_bAplZdoMgmtLqiServer
                0x000000000008b72b                zps_vFragmentWindowTimeout.54234
                0x000000000008b792                zps_vAplApsFragTransmitNotifyApp.56950
                0x000000000008b82e                PDM_eReadDataFromRecord.part.0.109629
                0x000000000008b8ef                ZPS_pvNwkCtor.part.0.113528
                0x000000000008bbd8                vLoadAplRecord.63476
 *fill*         0x000000000008bc0c        0x0 00
 .text          0x000000000008bc0c      0xf1c C:\Users\1\AppData\Local\Temp\cclnvu0G.ltrans9.ltrans.o
                0x000000000008bc0c                vMcpsMgrExpiry.115338
                0x000000000008be9b                zps_eStartFragmentedTransmission
                0x000000000008c08d                zps_vAplApsmeCmdMgrRetryTimeout.58376
                0x000000000008c0b6                vMiniMac_MlmeCallback
                0x000000000008c3a3                vPollConfirm.129999
                0x000000000008c3ba                ZPS_vNwkResetOutgoingFrameCounter
                0x000000000008c40e                zps_vSendExtendedAckDataFrame.54273
                0x000000000008c521                eUnfragmentedUnicastTransmission.56977
                0x000000000008c819                zps_eAplSendApsmeCmdFrame
                0x000000000008c9b9                zps_eAplApsmeUpdateDeviceReqRsp.part.4.58541
 .text          0x000000000008cb28      0xdcc C:\Users\1\AppData\Local\Temp\cclnvu0G.ltrans10.ltrans.o
                0x000000000008cc14                vIncrementFrameCounterInPdm.isra.0.116686
                0x000000000008cdf3                vProcessListsForSubmission.115436
                0x000000000008d1af                zps_eNwkHandleSdeActvDcfmData
                0x000000000008d296                iPDM_VerifyDataSequenceWithBufferId
                0x000000000008d338                Uart_Task_Init
                0x000000000008d4a6                vSaveIASZoneAttributes
                0x000000000008d4e5                APP_ZCL_cbEndpointCallback.7506
 .text          0x000000000008d8f4      0xddc C:\Users\1\AppData\Local\Temp\cclnvu0G.ltrans11.ltrans.o
                0x000000000008da2b                vZdoBdrmSendNextTimedRequest
                0x000000000008dcb4                zps_bAplZdoBindUnbindServer
                0x000000000008ddc0                zps_bAplZdoDefaultServer
                0x000000000008e021                zps_eZdpNodeDescResponse
                0x000000000008e0c9                zps_eZdpIeeeAddrResponse
                0x000000000008e1ac                zps_eZdpPowerDescResponse
                0x000000000008e249                eAplAfCommonDataReq.52873
                0x000000000008e310                eZCL_TransmitDataRequest
 .text          0x000000000008e6d0      0xfe1 C:\Users\1\AppData\Local\Temp\cclnvu0G.ltrans12.ltrans.o
                0x000000000008e758                zps_eAplApsmeBindReqRsp
                0x000000000008e832                zps_eAplApsmeUnBindReqRsp
                0x000000000008e898                bAplZdoBindUnbindServerProcessApdu
                0x000000000008ea5a                vHandleJoinedNwk.8028
                0x000000000008eab5                zps_bNwkFindAddIeeeAddr
                0x000000000008ec33                zps_psFindKeyDescr
                0x000000000008ed5f                zps_eAplSecEncryptPacket
                0x000000000008ee51                ZPS_bNwkNibAddrMapAddEntry
                0x000000000008f018                zps_sNwkNibNtCheckJoin
                0x000000000008f29e                zps_vNwkHandleCmeDirectJoinReq
                0x000000000008f318                zps_vJoinInitNtParent
                0x000000000008f46e                zps_vCheckActvNtForDuplicate
                0x000000000008f506                eSmeOrphScanDcfm.125249
                0x000000000008f57e                eCheckAddrConflict.isra.3.114692
                0x000000000008f614                zps_vSaveAllZpsRecords
                0x000000000008f634                vAplSecRemoveLinkKey.63542
 *fill*         0x000000000008f6b1        0x3 00
 .text          0x000000000008f6b4      0xcf0 C:\Users\1\AppData\Local\Temp\cclnvu0G.ltrans13.ltrans.o
                0x000000000008f720                vAplSecAuthPollTimerExpiry.63426
                0x000000000008f778                vAplSecAuthTimerExpiry.63430
                0x000000000008f848                os_vAPP_PollTask
                0x000000000008f897                APP_ZCL_cbGeneralCallback.7509
                0x000000000008faf7                vPostApsdeDcfmInd.54400
                0x000000000008fcff                eJoinNetwork.63489
                0x000000000008fdb0                eDiscoverNetworks.63496
                0x000000000008fe0c                eStartNetworkDiscovery.63503
                0x000000000008fe76                eStartRouter.63513
                0x000000000008ff45                vPostApsmeDcfmInd.54393
 .text          0x00000000000903a4      0xf13 C:\Users\1\AppData\Local\Temp\cclnvu0G.ltrans14.ltrans.o
                0x00000000000903a4                OS_eEnterCriticalSection
                0x000000000009046c                ZPS_eTsvStart
                0x00000000000904c7                zps_vAplApsCheckAndStartPollTimer
                0x0000000000090526                zps_eAplZdoBdrmRequestSend
                0x00000000000905a1                zps_eNwkHandleSceNwkUpdate
                0x00000000000905c5                vProcessTimedList.115350
                0x000000000009060b                zps_vAplAfPostTimerEvent
                0x000000000009065b                zps_vNwkJoinStStartResponseTimer
                0x0000000000090695                ZPS_eTsvStop
                0x00000000000906e9                eCopyFragmentToApdu.isra.0.54279
                0x000000000009080b                zps_eNwkBtrMatch
                0x0000000000090898                zps_vAplApsStopPollTimer
                0x0000000000090927                bHasTimerFired.48459
                0x0000000000090991                eZCL_SetReceiveEventAddressStructure.part.0.42486
                0x00000000000909fe                dbg_vPrintfImplNoneVerbose
                0x0000000000090e85                pwrm_Wakeup.3484
                0x000000000009102b                app_UartSendMesg
                0x000000000009104d                vExtendedStatusCallBack.3477
                0x0000000000091058                pwrm_PreSleep.3488
                0x00000000000910b9                vOSError
                0x0000000000091110                os_vvDeviceStateIndicatorTask
                0x00000000000911aa                os_vvISR_SystemController
                0x0000000000091211                os_vAPP_ButtonsScanTask
                0x000000000009125f                DBG_vDumpStack
                0x00000000000912a1                vUnclaimedInterrupt
 *fill*         0x00000000000912b7        0x1 00
 .text          0x00000000000912b8      0xe50 C:\Users\1\AppData\Local\Temp\cclnvu0G.ltrans15.ltrans.o
                0x00000000000912b8                vStartScanTimerExpiry.87137
                0x00000000000912f4                zps_vAplApsPollTimer
                0x0000000000091356                zps_eNwkSendJoinResponse
                0x00000000000914e8                zps_vProcessChildAddrConflict
                0x00000000000915ab                zps_eNwkHandleSceNwkStatus
                0x00000000000916c4                eEZ_UpdateEZState
                0x000000000009187b                vHandleAppEvent.isra.0.5376
                0x00000000000919a4                app_vStartNodeFactoryNew
                0x00000000000919f0                zps_eAplZdoRejoinNetwork
                0x0000000000091bbe                vHandleJoinAndRejoinNWK.5385
 .text          0x0000000000092108      0xcc4 C:\Users\1\AppData\Local\Temp\cclnvu0G.ltrans16.ltrans.o
                0x0000000000092108                vBbcIntHandler.128452
                0x00000000000923d1                os_vzps_isrMAC
                0x0000000000092410                eAssocRespSent.129361
                0x000000000009242f                zps_vNwkHandleCmeSyncReq
                0x00000000000924b1                zps_vNwkHandleCmeNwkDiscReq
                0x000000000009252b                zps_vNwkHandleCmeEdScanReq
                0x000000000009265e                zps_eNwkHandleSmeBeaconNotifyInd
                0x00000000000926c0                zps_vNwkHandleCmeNwkJoinReq
                0x000000000009297d                zps_vNwkHandleCmeNwkActvJoinReq
                0x0000000000092989                vHandleRejoinExpiry.124803
                0x00000000000929e7                zps_eRejoinDataDcfm
                0x0000000000092a2b                eSmeRjPCPollDcfm.125405
                0x0000000000092a6c                eSmeAsocAssocDcfm.125409
                0x0000000000092bd8                vHandleTransportKeyFrame.59771
 .text          0x0000000000092dcc      0xeaf C:\Users\1\AppData\Local\Temp\cclnvu0G.ltrans17.ltrans.o
                0x0000000000092dcc                zps_eNwkHandleSmeAssocInd
                0x00000000000930df                eTryNextParent
                0x000000000009321b                vCheckSleepingSendPoll.part.1.125351
                0x0000000000093285                vSdeHandleMcpsDataInd.115416
                0x0000000000093975                ZPS_vNwkNibCheckAndUpdateAddresses
                0x0000000000093a11                zps_bAplZdoDeviceAnnceServer
 *fill*         0x0000000000093c7b        0x1 00
 .text          0x0000000000093c7c      0xe88 C:\Users\1\AppData\Local\Temp\cclnvu0G.ltrans18.ltrans.o
                0x0000000000094026                vSendMlmeCommStatusFromTxFrame
                0x000000000009407c                MAC_vHandleMlmeVsReqRsp.constprop.96
                0x00000000000945b3                vScanBeaconReceived
                0x00000000000945f3                vRunningRxCallback
                0x00000000000948f3                vPostDcfm.129815
                0x000000000009495c                vScanNextChannel.129821
 .text          0x0000000000094b04      0xa50 C:\Users\1\AppData\Local\Temp\cclnvu0G.ltrans19.ltrans.o
                0x0000000000094b04                zps_bAplZdoIeeeAddrServer
                0x0000000000094c5a                eBeaconReqSent.129800
                0x0000000000094c81                eMcpsTxCompleteHandler.128653
                0x0000000000094caf                vPDM_AddFileSystemElementToListInAscendingWearCountOrder
                0x0000000000094dbd                vPDM_MoveAllDataFromListToList
                0x0000000000094dfb                vPDM_MoveAllDataToDeAllocList
                0x0000000000094e23                vPDM_MoveAllDataWithBufferIdFromListToList
                0x0000000000094ea8                vPDM_DeleteAllSegmentsWithIdFromFileSystemList.constprop.51
                0x0000000000094eea                vPDM_MoveFileRecordFromListToList
                0x0000000000094f0d                vPDM_MoveRecordToDeAllocList
                0x0000000000094f2d                vPDM_DeleteAppendedSequence
                0x0000000000094fd2                iPDM_WriteSegmentHeaderAndData
                0x00000000000951ce                iPDM_SegmentCopyAndAppendData.constprop.119
                0x000000000009522b                iPDM_ReconstructReplacedDataTable
                0x00000000000953b8                iPDM_ReplaceChangedSegmentInSequence
                0x00000000000954aa                eMakeEntryInBindingTable.58430
 .text          0x0000000000095554      0xcf6 C:\Users\1\AppData\Local\Temp\cclnvu0G.ltrans20.ltrans.o
                0x0000000000095554                zps_eZdpSimpleDescResponse
                0x0000000000095661                zps_eZdpActiveEpResponse
                0x00000000000956f7                zps_eZdpMatchDescResponse
                0x000000000009578d                zps_eZdpSystemServerDiscoveryResponse
                0x00000000000957fc                zps_eAplZdpMgmtLqiResponse
                0x0000000000095996                zps_eZdpNwkAddrResponse
                0x0000000000095a79                zps_bAplZdoMgmtBindServer
                0x0000000000095c5f                zps_bAplZdoMgmtNWKUpdateServer
                0x00000000000960d7                zps_bAplZdoZdoClient
                0x00000000000961e7                zps_eAplZdpBindResponse
                0x0000000000096208                zps_eZdpUnbindResponse
                0x0000000000096229                zps_eZdpMgmtLeaveResponse
 .text          0x000000000009624a      0xc4d C:\Users\1\AppData\Local\Temp\cclnvu0G.ltrans21.ltrans.o
                0x000000000009624a                PDM_eSaveRecordData
                0x000000000009667f                zps_vAplSaveRecord
                0x0000000000096720                ZPS_vNwkSaveRecord
                0x000000000009674c                ZPS_vRemoveEntryFromAddressMap
                0x0000000000096795                ZPS_vNwkSaveAllRecords
                0x00000000000967ac                zps_eNwkHandleSceRejnResponse
                0x0000000000096815                ZPS_vNwkNibSetExtPanId
                0x000000000009683a                vFinish.125239
                0x0000000000096882                ZPS_vNwkNibSetKeySeqNum
                0x0000000000096895                ZPS_vNwkNibSetDepth
                0x00000000000968be                ZPS_vNwkNibSetPanId
                0x00000000000968db                vHandleNwkRemoteUpdateAfterBcast.114486
                0x0000000000096957                ZPS_vNwkNibSetCapabilityInfo
                0x0000000000096984                ZPS_vNwkNibSetChannel
                0x000000000009699c                ZPS_vNwkSaveNt
                0x00000000000969b0                ZPS_vNwkPurgeMacAddressAndRelatedEntries
                0x0000000000096ab6                ZPS_vNtSetUsedStatus
                0x0000000000096b5d                zps_eNwkHandleSmeCommStatusInd
                0x0000000000096c9d                eUnsolicitedRejoinRspDataDcfm.114490
                0x0000000000096cc8                eRejoinRspDataDcfm.124057
                0x0000000000096d97                ZPS_vNwkSaveSecMat
                0x0000000000096dab                vPDM_MoveAllDataWithBufferIdAndStateFromListToList
                0x0000000000096e36                vPDM_ImageBitmapRepair.110305
 .text          0x0000000000096e97      0xdd5 C:\Users\1\AppData\Local\Temp\cclnvu0G.ltrans22.ltrans.o
                0x0000000000096e97                os_bDummyMemberCheck.51162
                0x0000000000096e9c                os_vDefaultErrorHook.51158
                0x0000000000096e9f                vScheduleSleep
                0x0000000000096ea2                os_vAPP_PIRTask
                0x0000000000096ea5                os_bStrictCheck.1358
                0x00000000000971a3                PDUM_thAPduInstanceGetApdu
                0x00000000000971be                PDUM_eAPduInstanceSetPayloadSize
                0x00000000000971e6                PDUM_eNPduWriteDataFromBuffer
                0x0000000000097240                PDUM_eNPduWriteDataToBuffer
                0x000000000009729e                PDUM_eNPduWriteFromBuffer
                0x00000000000972c7                PDUM_eNPduDescend
                0x00000000000972ed                PDUM_eNPduAscend
                0x0000000000097313                PDUM_eNPduClaimData
                0x0000000000097380                PDUM_eNPduClaimHeader
                0x00000000000973a3                PDUM_eNPduInitDescending
                0x00000000000973be                eExpireSWTimer.51171
                0x0000000000097429                vEnterErrorHook.51154
                0x0000000000097450                OS_eCollectMessage
                0x0000000000097515                OS_eGetSWTimerStatus
                0x0000000000097557                eZCL_SearchForEPentry
                0x000000000009759f                eZCL_SearchForEPentryAndCheckManufacturerId
                0x00000000000975dd                vZCL_PassEventToUser
                0x000000000009760a                eZCL_DoesAttributeHaveReportableChange
                0x0000000000097627                eZCL_GetAttributeReportableEntry
                0x00000000000976df                vZCL_AlignNumericAttributeValueTo64.47922
                0x00000000000977ee                u8GetTransactionSequenceNumber
                0x0000000000097800                eZCL_GetAttributeTypeSize
                0x000000000009781f                vZCL_MarkAttributeInvalid
                0x00000000000978ee                u8ZCL_GetAttributeAllignToFourBytesBoundary
                0x0000000000097903                pvZCL_GetAttributePointer
                0x0000000000097979                eZCL_StoreChangeAttributeValue
                0x0000000000097a18                u16ZCL_GetStringStructureSize
                0x0000000000097a55                u16ZCL_GetStringAttributeTypeSizeFromBuffer
                0x0000000000097ac6                u16ZCL_GetStringSizeAndBufferFromStructure
                0x0000000000097b55                eZCL_GetAttributeTypeSizeFromStructure
                0x0000000000097bce                Linkkey_Calculate.3153
 .text          0x0000000000097c6c      0xc17 C:\Users\1\AppData\Local\Temp\cclnvu0G.ltrans23.ltrans.o
                0x0000000000097c6c                vReportTimerClickCallback
                0x0000000000098073                eZCL_SendDefaultResponse
                0x0000000000098172                vZCL_HandleAttributesWriteRequest
                0x0000000000098602                eZCL_CustomCommandReceive.part.0.30821
                0x0000000000098778                eCLD_IASZoneCommandHandler
 *fill*         0x0000000000098883        0x1 00
 .text          0x0000000000098884      0xcd4 C:\Users\1\AppData\Local\Temp\cclnvu0G.ltrans24.ltrans.o
                0x0000000000098884                os_vzps_taskZPS
                0x0000000000098aad                vPostNldeDcfmInd.54407
 .text          0x0000000000099558      0xbcc C:\Users\1\AppData\Local\Temp\cclnvu0G.ltrans25.ltrans.o
                0x0000000000099749                ZPS_vNwkHandleNlmeReqRsp
                0x00000000000997c3                zps_vAplAfPostEvent
                0x0000000000099932                zps_vHandleApsdeDataFragInd
                0x0000000000099dd2                zps_eAplZdoNlmeleaveWrapper
                0x0000000000099e50                zps_bAplZdoMgmtLeaveServer
                0x0000000000099fd0                vChangeChannelTimerExpiry.87133
                0x000000000009a03f                eLeaveReset.126226
                0x000000000009a0aa                eLeaveDataDcfmLocalLeave.126231
 .text          0x000000000009a124      0xc00 C:\Users\1\AppData\Local\Temp\cclnvu0G.ltrans26.ltrans.o
                0x000000000009a124                vMcpsMgrTimeoutExpiry
                0x000000000009a193                zps_vNwkMcpsMgrPost
                0x000000000009a1b8                zps_psSendFrm.constprop.122
                0x000000000009a3bd                ZPS_vNwkHandleNldeReqRsp
                0x000000000009a5af                zps_psNwkSendRejoinReqCmd.constprop.6
                0x000000000009a611                zps_u8NwkHandleRejoinReq
                0x000000000009a6e5                zps_vProcessLocalAddrConflict.part.0.114495
                0x000000000009a71f                vContinueRejoin.124053
                0x000000000009a842                zps_vNwkHandleCmeLeaveReq
                0x000000000009a8aa                zps_eNwkHandleSceLeave
                0x000000000009aa30                zps_psSendNetworkStatusCmd
                0x000000000009aaa8                zps_eDefaultDataDcfm
                0x000000000009ac4a                vSendNetworkReport.114482
 *fill*         0x000000000009ad24        0x0 00
 .text          0x000000000009ad24      0xe4c C:\Users\1\AppData\Local\Temp\cclnvu0G.ltrans27.ltrans.o
                0x000000000009ad77                os_vAPP_taskuart
                0x000000000009b839                os_vAPP_ZHA_Switch_Task
 .text          0x000000000009bb70      0x878 C:\Users\1\AppData\Local\Temp\cclnvu0G.ltrans28.ltrans.o
                0x000000000009bb70                eRejoinNetwork.63463
                0x000000000009bc14                vPostNlmeDcfmInd.54386
                0x000000000009c305                vEZ_JoinSavedNetwork.7811
                0x000000000009c3c2                vHandleJoinFailed.8034
 .text          0x000000000009c3e8      0x8a8 C:\Users\1\AppData\Local\Temp\cclnvu0G.ltrans29.ltrans.o
                0x000000000009c3e8                AppWarmStart
                0x000000000009c402                AppColdStart
                0x000000000009c6ac                os_vUnclaimedInterrupt
                0x000000000009c6be                os_vControlledIntCheck
                0x000000000009c703                os_vControlledInterrupt
                0x000000000009c73c                os_vAPP_isrIllegalInstructionException
                0x000000000009c752                os_vAPP_isrAlignmentException
                0x000000000009c768                os_vAPP_isrBusErrorException
                0x000000000009c77e                os_vAPP_isrUnimplementedModuleException
                0x000000000009c794                os_vAPP_isrStackOverflowException
                0x000000000009c7aa                os_vAPP_isrTickTimer
                0x000000000009c89a                os_vvISR_Uart1
 .text          0x000000000009cc90      0x4f3 C:\Users\1\AppData\Local\Temp\cclnvu0G.ltrans30.ltrans.o
                0x000000000009cc90                ZPS_vAplHandleApsdeReqRsp
                0x000000000009d0b9                zps_eAplZdpApsdeReqInternal
                0x000000000009d128                zps_eAplZdpGenStatusOnlyResponse
 .text          0x000000000009d183      0x2ff C:\Users\1\AppData\Local\Temp\cclnvu0G.ltrans31.ltrans.o
                0x000000000009d183                eCLD_IdentifyCommandHandler
                0x000000000009d330                os_vZCL_Task
 .text          0x000000000009d482       0x25 c:/nxp/bstudio_nxp/workspace/sdk/tools/ba-elf-ba2-r36379/bin/../lib/gcc/ba-elf/4.7.4/../../../../ba-elf/lib/mcpu_jn51xx_sizeopt\libc.a(lib_a-memcmp.o)
                0x000000000009d482                memcmp
 .text          0x000000000009d4a7       0x19 c:/nxp/bstudio_nxp/workspace/sdk/tools/ba-elf-ba2-r36379/bin/../lib/gcc/ba-elf/4.7.4/../../../../ba-elf/lib/mcpu_jn51xx_sizeopt\libc.a(lib_a-memcpy.o)
 .text          0x000000000009d4c0       0x12 c:/nxp/bstudio_nxp/workspace/sdk/tools/ba-elf-ba2-r36379/bin/../lib/gcc/ba-elf/4.7.4/../../../../ba-elf/lib/mcpu_jn51xx_sizeopt\libc.a(lib_a-memset.o)
                0x000000000009d4c0                memset
 *fill*         0x000000000009d4d2        0x2 00
 .text          0x000000000009d4d4      0x204 c:/nxp/bstudio_nxp/workspace/sdk/tools/ba-elf-ba2-r36379/bin/../lib/gcc/ba-elf/4.7.4/mcpu_jn51xx_sizeopt\libgcc.a(__udivsi3.o)
                0x000000000009d4d4                __udivsi3
 .text          0x000000000009d6d8       0x30 c:/nxp/bstudio_nxp/workspace/sdk/tools/ba-elf-ba2-r36379/bin/../lib/gcc/ba-elf/4.7.4/mcpu_jn51xx_sizeopt\libgcc.a(__divsi3.o)
                0x000000000009d6d8                __divsi3
 .text          0x000000000009d708      0x1b0 c:/nxp/bstudio_nxp/workspace/sdk/tools/ba-elf-ba2-r36379/bin/../lib/gcc/ba-elf/4.7.4/mcpu_jn51xx_sizeopt\libgcc.a(__umodsi3.o)
                0x000000000009d708                __umodsi3
 .text          0x000000000009d8b8       0x24 c:/nxp/bstudio_nxp/workspace/sdk/tools/ba-elf-ba2-r36379/bin/../lib/gcc/ba-elf/4.7.4/mcpu_jn51xx_sizeopt\libgcc.a(__modsi3.o)
                0x000000000009d8b8                __modsi3
 .text          0x000000000009d8dc      0x350 c:/nxp/bstudio_nxp/workspace/sdk/tools/ba-elf-ba2-r36379/bin/../lib/gcc/ba-elf/4.7.4/mcpu_jn51xx_sizeopt\libgcc.a(_udivdi3.o)
                0x000000000009d8dc                __udivdi3
 *fill*         0x000000000009dc2c        0x4 00
 .text          0x000000000009dc30      0x198 c:/NXP/bstudio_nxp/workspace/JN-AN-1201-YCL/JN-AN-1201-ZigBee-Intruder-Alarm-System/ZONE/Build/os_irq.o
                0x000000000009dc30                os_ExternalException_W
                0x000000000009dc74                os_PIC_ChannelPriorities
                0x000000000009dc84                os_OSMIUM_HwVectTable
                0x000000000009dcc0                os_PIC_SwVectTable
 .text          0x000000000009ddc8       0x29 c:/NXP/bstudio_nxp/workspace/JN-AN-1201-YCL/JN-AN-1201-ZigBee-Intruder-Alarm-System/ZONE/Build/os_irq_alignment.o
                0x000000000009ddc8                IRQ_Alignment
 .text          0x000000000009ddf1       0x29 c:/NXP/bstudio_nxp/workspace/JN-AN-1201-YCL/JN-AN-1201-ZigBee-Intruder-Alarm-System/ZONE/Build/os_irq_buserror.o
                0x000000000009ddf1                IRQ_BusError
 .text          0x000000000009de1a       0x29 c:/NXP/bstudio_nxp/workspace/JN-AN-1201-YCL/JN-AN-1201-ZigBee-Intruder-Alarm-System/ZONE/Build/os_irq_illegalinstruction.o
                0x000000000009de1a                IRQ_IllegalInstruction
 .text          0x000000000009de43       0x29 c:/NXP/bstudio_nxp/workspace/JN-AN-1201-YCL/JN-AN-1201-ZigBee-Intruder-Alarm-System/ZONE/Build/os_irq_stackoverflowexception.o
                0x000000000009de43                IRQ_StackOverflowException
 .text          0x000000000009de6c       0x29 c:/NXP/bstudio_nxp/workspace/JN-AN-1201-YCL/JN-AN-1201-ZigBee-Intruder-Alarm-System/ZONE/Build/os_irq_unimplementedmodule.o
                0x000000000009de6c                IRQ_UnimplementedModule
 *fill*         0x000000000009de95        0x3 00
 .text          0x000000000009de98       0xc0 c:/NXP/bstudio_nxp/workspace/sdk/JN-SW-4168/Components/Library\libOS_JN516x.a(os_contirq_JN516x.o)
                0x000000000009de98                os_ExternalException_R
                0x000000000009dec8                os_CFunc_W
                0x000000000009df18                os_UnclaimedException_W
                0x000000000009df38                os_UnclaimedInterrupt_W
 .text          0x000000000009df58       0x48 c:/NXP/bstudio_nxp/workspace/sdk/JN-SW-4168/Components/Library\libPWRM_JN516x.a(pwrm_setjmp_JN516x.o)
                0x000000000009df58                setjmp
                0x000000000009df7c                PWRM_longjmp
 .text          0x000000000009dfa0       0x27 c:/NXP/bstudio_nxp/workspace/sdk/JN-SW-4168/Components/Library\libHardwareApi_JN5169.a(AHI_Interrupt.o)
                0x000000000009dfa0                vAHI_InterruptSetPriority
                0x000000000009dfbe                vAHI_InterruptSetActivePriorityLevel
 .text.vMicroSyscall
                0x000000000009dfc7       0x17 c:/NXP/bstudio_nxp/workspace/sdk/JN-SW-4168/Components/Library\libMicroSpecific_JN516x.a(MicroSyscall_ba.o)
                0x000000000009dfc7                vMicroSyscall
 .text          0x000000000009dfde        0x0 c:/NXP/bstudio_nxp/workspace/sdk/JN-SW-4168/Components/Library\libOS_JN516x.a(os_version_lc.o)
                0x000000000009dfde                OS_Version_1v2
 .text          0x000000000009dfde        0x0 c:/NXP/bstudio_nxp/workspace/sdk/JN-SW-4168/Components/Library\libZPSAPL_JN516x.a(zps_apl_version_lc.o)
                0x000000000009dfde                ZPS_APL_Version_2v0
 .text          0x000000000009dfde        0x0 c:/NXP/bstudio_nxp/workspace/sdk/JN-SW-4168/Components/Library\libZPSNWK_ZED_JN516x.a(zps_nwk_version_lc.o)
                0x000000000009dfde                ZPS_NWK_Version_2v0
                0x000000000009dfde                _flash_end = ABSOLUTE (.)

.rela.dyn       0x000000000009dfe0        0x0
 .rela.text     0x0000000000000000        0x0 c:/NXP/bstudio_nxp/workspace/JN-AN-1201-YCL/JN-AN-1201-ZigBee-Intruder-Alarm-System/ZONE/Build/os_irq.o
 .rela.data     0x0000000000000000        0x0 c:/NXP/bstudio_nxp/workspace/JN-AN-1201-YCL/JN-AN-1201-ZigBee-Intruder-Alarm-System/ZONE/Build/os_irq.o
 .rela.rodata   0x0000000000000000        0x0 c:/NXP/bstudio_nxp/workspace/JN-AN-1201-YCL/JN-AN-1201-ZigBee-Intruder-Alarm-System/ZONE/Build/os_irq.o
                0x000000000400004c                . = ORIGIN (ram)

.data           0x000000000400004c      0x970 load address 0x000000000009dfe0
                0x000000000400004c                _ram_data_start = ABSOLUTE (.)
 *(.data*)
 .data          0x000000000400004c       0x64 C:\Users\1\AppData\Local\Temp\cclnvu0G.ltrans0.ltrans.o
                0x000000000400004c                u8MiniMacConfig_MaxConcurrentAssocResponses
                0x0000000004000050                psShadowRxBuffer
                0x0000000004000054                u32DefaultChannelMask.8373
 .data          0x00000000040000b0        0x4 C:\Users\1\AppData\Local\Temp\cclnvu0G.ltrans2.ltrans.o
                0x00000000040000b0                u32HeapStart
 .data          0x00000000040000b4        0x1 C:\Users\1\AppData\Local\Temp\cclnvu0G.ltrans3.ltrans.o
 *fill*         0x00000000040000b5        0x3 00
 .data          0x00000000040000b8        0xc C:\Users\1\AppData\Local\Temp\cclnvu0G.ltrans6.ltrans.o
                0x00000000040000b8                bCanLoopback.57223
 .data          0x00000000040000c4        0x1 C:\Users\1\AppData\Local\Temp\cclnvu0G.ltrans14.ltrans.o
 *fill*         0x00000000040000c5        0x3 00
 .data          0x00000000040000c8      0x1f4 C:\Users\1\AppData\Local\Temp\cclnvu0G.ltrans22.ltrans.o
                0x00000000040000c8                s_asapduMyDataInstances
                0x0000000004000140                s_asapduZCLInstances
                0x00000000040001f4                s_asapduZDPInstances
 .data          0x00000000040002bc        0x1 C:\Users\1\AppData\Local\Temp\cclnvu0G.ltrans24.ltrans.o
 *fill*         0x00000000040002bd        0x3 00
 .data          0x00000000040002c0       0x24 C:\Users\1\AppData\Local\Temp\cclnvu0G.ltrans27.ltrans.o
                0x00000000040002c0                back_off_time.8370
                0x00000000040002c4                bPingRespRcvd
                0x00000000040002c8                app_busy_status.6002
                0x00000000040002cc                sLinkKey
                0x00000000040002dc                start_join_flag.3285
 *fill*         0x00000000040002e4        0x4 00
 .data          0x00000000040002e8      0x6b0 C:\Users\1\AppData\Local\Temp\cclnvu0G.ltrans29.ltrans.o
                0x00000000040002e8                os_Mutex_mutexMAC
                0x00000000040002f0                os_Mutex_mutexZPS
                0x00000000040002f8                s_sApl.2918
                0x0000000004000448                os_SWTimer_APP_cntrTickTimer_APP_IndicatorTimer
                0x0000000004000464                os_SWTimer_APP_cntrTickTimer_APP_ButtonsScanTimer
                0x0000000004000480                os_Message_APP_msgZpsEvents_ZCL
                0x00000000040004a4                os_SWTimer_APP_cntrTickTimer_APP_TickTimer
                0x00000000040004c0                os_Message_APP_msgZpsEvents
                0x00000000040004e4                os_Message_APP_msgEvents
                0x0000000004000508                os_SWTimer_APP_cntrTickTimer_APP_JoinTimer
                0x0000000004000524                os_SWTimer_APP_cntrTickTimer_APP_BackOffTimer
                0x0000000004000540                os_Message_APP_msgUartEvents
                0x0000000004000564                os_Message_zps_msgMlmeDcfmInd
                0x0000000004000588                os_Message_zps_msgTimeEvents
                0x00000000040005ac                os_Message_zps_msgMcpsDcfmInd
                0x00000000040005d0                os_Message_zps_msgMcpsDcfm
                0x00000000040005f4                os_SWTimer_APP_cntrTickTimer_APP_PollTimer
                0x0000000004000610                os_Task_vDeviceStateIndicatorTask
                0x000000000400061c                os_Task_APP_ButtonsScanTask
                0x0000000004000628                os_Task_APP_PIRTask
                0x0000000004000634                os_Task_ZCL_Task
                0x0000000004000640                os_Task_APP_ZHA_Switch_Task
                0x000000000400064c                os_Task_APP_taskuart
                0x0000000004000658                os_Task_zps_taskZPS
                0x0000000004000664                os_Task_APP_PollTask
                0x0000000004000670                os_SWTimer_APP_cntrTickTimer_APP_uart_timeout
                0x000000000400068c                os_SWTimer_APP_cntrTickTimer_APP_ActiveTime
                0x00000000040006a8                u8AhiBaudRate.111748
                0x00000000040006ac                s_prbMemberCheck.51278
                0x00000000040006b0                s_prvErrorHook.51276
 .data.s_asAPduPool
                0x0000000004000998       0x24 c:/NXP/bstudio_nxp/workspace/JN-AN-1201-YCL/JN-AN-1201-ZigBee-Intruder-Alarm-System/ZONE/Build/pdum_apdu.o
                0x0000000004000998                pdum_apduZDP
                0x0000000004000998                s_asAPduPool
                0x00000000040009a4                pdum_apduZCL
                0x00000000040009b0                pdum_apduMyData
 *(.data.*)
                0x00000000040009bc                . = ALIGN (0x4)
                0x00000000040009bc                _ram_data_end = ABSOLUTE (.)

.bss            0x00000000040009bc     0x3f98 load address 0x000000000009e950
                0x00000000040009bc                _bss_start = ABSOLUTE (.)
 *(.bss*)
 *fill*         0x00000000040009bc        0x4 00
 .bss           0x00000000040009c0     0x1260 C:\Users\1\AppData\Local\Temp\cclnvu0G.ltrans0.ltrans.o
                0x00000000040009c0                psNextWake.51349
                0x00000000040009c4                s_bWakeTimerActive.51350
                0x00000000040009c5                s_ePowerMode.51351
                0x00000000040009c6                gu16NumberOfSegments.132366
                0x00000000040009c8                u8MaxNpdu.51559
                0x00000000040009c9                u8Count.51558
                0x00000000040009cc                s_psNPduPoolEnd.51561
                0x00000000040009d0                s_psNPduPoolStart.51560
                0x00000000040009d4                s_psFreeListHead.51557
                0x00000000040009d8                s_hMutex.51556
                0x00000000040009dc                s_hMutex.51676
                0x00000000040009e0                s_asAPduPool.51675
                0x00000000040009e4                pfExtendedStatusCallBack.114014
                0x00000000040009e8                s_u32x.109402
                0x00000000040009ec                s_prExpireFn.133360
                0x00000000040009f0                s_hMutex.133359
                0x00000000040009f4                pvRxStore
                0x00000000040009f8                pvTxStore
                0x00000000040009fc                g_pvAplHandle
                0x0000000004000a00                s_hMacMutex
                0x0000000004000a04                s_sDcfmIndMgr.133124
                0x0000000004000a0c                prAppMlmeGetBuffer
                0x0000000004000a10                prAppMlmeCallback
                0x0000000004000a14                psFreeMsgListHead
                0x0000000004000a18                psActiveMsgListHead
                0x0000000004000a1c                u8MiniMac_RunTimeOptions
                0x0000000004000a20                sBeaconFilter.8368
                0x0000000004000a28                eIASDeviceState.4782
                0x0000000004000a30                sIASZoneDesc
                0x0000000004000a50                u16GroupId
                0x0000000004000a54                joinsleepCB.8378
 .bss           0x0000000004001c20       0x18 C:\Users\1\AppData\Local\Temp\cclnvu0G.ltrans1.ltrans.o
                0x0000000004001c20                zps_psNwk
 .bss           0x0000000004001c38        0xc C:\Users\1\AppData\Local\Temp\cclnvu0G.ltrans2.ltrans.o
 .bss           0x0000000004001c44        0xc C:\Users\1\AppData\Local\Temp\cclnvu0G.ltrans3.ltrans.o
                0x0000000004001c44                prIntHandler.131060
                0x0000000004001c48                psTimerServerList
 .bss.initinboot
                0x0000000004001c50        0x1 C:\Users\1\AppData\Local\Temp\cclnvu0G.ltrans3.ltrans.o
 *fill*         0x0000000004001c51        0x3 00
 .bss           0x0000000004001c54       0x40 C:\Users\1\AppData\Local\Temp\cclnvu0G.ltrans4.ltrans.o
 .bss           0x0000000004001c94       0x3c C:\Users\1\AppData\Local\Temp\cclnvu0G.ltrans5.ltrans.o
 .bss           0x0000000004001cd0       0x40 C:\Users\1\AppData\Local\Temp\cclnvu0G.ltrans6.ltrans.o
 .bss           0x0000000004001d10      0x214 C:\Users\1\AppData\Local\Temp\cclnvu0G.ltrans7.ltrans.o
 .bss           0x0000000004001f24        0x2 C:\Users\1\AppData\Local\Temp\cclnvu0G.ltrans8.ltrans.o
 *fill*         0x0000000004001f26        0x2 00
 .bss           0x0000000004001f28       0x48 C:\Users\1\AppData\Local\Temp\cclnvu0G.ltrans9.ltrans.o
 .bss           0x0000000004001f70        0x1 C:\Users\1\AppData\Local\Temp\cclnvu0G.ltrans10.ltrans.o
                0x0000000004001f70                bIgnoreBroadcast
 *fill*         0x0000000004001f71        0x3 00
 .bss           0x0000000004001f74        0xc C:\Users\1\AppData\Local\Temp\cclnvu0G.ltrans11.ltrans.o
                0x0000000004001f74                bDefaultServerIgnoreHandleMgmtUpdate
                0x0000000004001f78                bBindLookup
                0x0000000004001f7c                psBindUnbindServerContext
 .bss           0x0000000004001f80        0x1 C:\Users\1\AppData\Local\Temp\cclnvu0G.ltrans12.ltrans.o
 *fill*         0x0000000004001f81        0x1 00
 .bss           0x0000000004001f82        0x2 C:\Users\1\AppData\Local\Temp\cclnvu0G.ltrans13.ltrans.o
 .bss           0x0000000004001f84       0x14 C:\Users\1\AppData\Local\Temp\cclnvu0G.ltrans14.ltrans.o
                0x0000000004001f84                vFlushFn.111692
                0x0000000004001f88                vPutchFn.111687
                0x0000000004001f8c                sStoredMacData.128584
                0x0000000004001f90                s_psCurrentTask.51272
 .bss           0x0000000004001f98       0xa0 C:\Users\1\AppData\Local\Temp\cclnvu0G.ltrans15.ltrans.o
                0x0000000004001f98                psBeaconFilter
                0x0000000004001f9c                bRejoin.8371
                0x0000000004001fa0                sEZModeData.8366
 .bss           0x0000000004002038       0x9c C:\Users\1\AppData\Local\Temp\cclnvu0G.ltrans16.ltrans.o
                0x0000000004002038                sMiniMacPhyPib
                0x000000000400203c                aprTimerCallback
                0x000000000400205c                au32TimerCounter
                0x000000000400207c                sMiniMacInternal
                0x00000000040020a8                s_psVsMcpsDcfmInd.72742
                0x00000000040020ac                s_psMacDcfmInd.72741
 .bss           0x00000000040020d4        0x4 C:\Users\1\AppData\Local\Temp\cclnvu0G.ltrans17.ltrans.o
 .bss           0x00000000040020d8        0x1 C:\Users\1\AppData\Local\Temp\cclnvu0G.ltrans18.ltrans.o
                0x00000000040020d8                u8ScanBeaconsSeen.133163
 *fill*         0x00000000040020d9        0x3 00
 .bss           0x00000000040020dc       0x9c C:\Users\1\AppData\Local\Temp\cclnvu0G.ltrans20.ltrans.o
                0x00000000040020dc                sMiniMacPib
 .bss           0x0000000004002178       0x30 C:\Users\1\AppData\Local\Temp\cclnvu0G.ltrans21.ltrans.o
                0x0000000004002178                a16NwkPdmRecordSizes
                0x0000000004002184                apvAplPdmRecordsAddress
                0x000000000400219c                au16AplPdmRecordsSize
 .bss           0x00000000040021a8     0x100c C:\Users\1\AppData\Local\Temp\cclnvu0G.ltrans22.ltrans.o
 .bss           0x00000000040031b4        0x8 C:\Users\1\AppData\Local\Temp\cclnvu0G.ltrans24.ltrans.o
                0x00000000040031b4                u32DataQueueCount
 .bss           0x00000000040031bc        0x8 C:\Users\1\AppData\Local\Temp\cclnvu0G.ltrans25.ltrans.o
                0x00000000040031bc                sThisDeviceMacAddr
 .bss           0x00000000040031c4       0x6c C:\Users\1\AppData\Local\Temp\cclnvu0G.ltrans27.ltrans.o
                0x00000000040031c4                psZCL_Common
                0x00000000040031c8                u16PingNwkAddr.8875
                0x00000000040031ca                bPingSent
                0x00000000040031cc                u32BackOffTime
                0x00000000040031d0                psPDM_Common
                0x00000000040031d4                sDeviceDesc
                0x00000000040031d8                sCluster_Basic_Attr
 .bss           0x0000000004003230     0x16e0 C:\Users\1\AppData\Local\Temp\cclnvu0G.ltrans29.ltrans.o
                0x0000000004003230                s_sDefaultServerContext.2975
                0x0000000004003234                s_sMgmtBindServerContext.2913
                0x0000000004003238                s_sBindRequestServerContext.2914
                0x0000000004003278                s_sBindUnbindServerContext.2916
                0x00000000040032b8                s_sMgmtNWKUpdateServerContext.2917
                0x00000000040032f8                s_sMgmtLeaveServerContext.2974