Archive member included because of file (symbol)

c:/NXP/bstudio_nxp/workspace/sdk/JN-SW-4168/Components/Library\libOS_JN516x.a(os.o)
                              c:/NXP/bstudio_nxp/workspace/JN-AN-1201-YCL/JN-AN-1201-ZigBee-Intruder-Alarm-System/ZONE/Build/os_gen.o (symbol from plugin) (os_vStart)
c:/NXP/bstudio_nxp/workspace/sdk/JN-SW-4168/Components/Library\libOS_JN516x.a(os_contirq_JN516x.o)
                              c:/NXP/bstudio_nxp/workspace/JN-AN-1201-YCL/JN-AN-1201-ZigBee-Intruder-Alarm-System/ZONE/Build/os_irq.o (os_UnclaimedException_W)
c:/NXP/bstudio_nxp/workspace/sdk/JN-SW-4168/Components/Library\libPWRM_JN516x.a(pwrm.o)
                              c:/NXP/bstudio_nxp/workspace/JN-AN-1201-YCL/JN-AN-1201-ZigBee-Intruder-Alarm-System/ZONE/Build/app_start_ZONE.o (symbol from plugin) (PWRM_vInit)
c:/NXP/bstudio_nxp/workspace/sdk/JN-SW-4168/Components/Library\libPWRM_JN516x.a(pwrm_setjmp_JN516x.o)
                              pwrm.o (symbol from plugin) (setjmp)
c:/NXP/bstudio_nxp/workspace/sdk/JN-SW-4168/Components/Library\libPWRM_JN516x.a(pwrm_cold_start.o)
                              (AppColdStart)
c:/NXP/bstudio_nxp/workspace/sdk/JN-SW-4168/Components/Library\libPWRM_JN516x.a(pwrm_warm_start.o)
                              (AppWarmStart)
c:/NXP/bstudio_nxp/workspace/sdk/JN-SW-4168/Components/Library\libPDUM_JN516x.a(pdum_nwk.o)
                              c:/NXP/bstudio_nxp/workspace/JN-AN-1201-YCL/JN-AN-1201-ZigBee-Intruder-Alarm-System/ZONE/Build/pdum_gen.o (symbol from plugin) (pdum_vNPduInit)
c:/NXP/bstudio_nxp/workspace/sdk/JN-SW-4168/Components/Library\libPDUM_JN516x.a(pdum_apl.o)
                              c:/NXP/bstudio_nxp/workspace/JN-AN-1201-YCL/JN-AN-1201-ZigBee-Intruder-Alarm-System/ZONE/Build/appZdpExtraction.o (symbol from plugin) (PDUM_u16APduInstanceReadNBO)
c:/NXP/bstudio_nxp/workspace/sdk/JN-SW-4168/Components/Library\libPDUM_JN516x.a(pdum.o)
                              pdum_nwk.o (symbol from plugin) (PDUM_u16SizeNBO)
c:/NXP/bstudio_nxp/workspace/sdk/JN-SW-4168/Components/Library\libZPSAPL_JN516x.a(zps_apl_af.o)
                              c:/NXP/bstudio_nxp/workspace/JN-AN-1201-YCL/JN-AN-1201-ZigBee-Intruder-Alarm-System/ZONE/Build/zha_ZONE_node.o (symbol from plugin) (ZPS_eAplAfInit)
c:/NXP/bstudio_nxp/workspace/sdk/JN-SW-4168/Components/Library\libZPSAPL_JN516x.a(zps_apl_af_apsde.o)
                              c:/NXP/bstudio_nxp/workspace/JN-AN-1201-YCL/JN-AN-1201-ZigBee-Intruder-Alarm-System/ZONE/Build/zps_gen.o (symbol from plugin) (zps_vHandleApsdeDataFragInd)
c:/NXP/bstudio_nxp/workspace/sdk/JN-SW-4168/Components/Library\libZPSAPL_JN516x.a(zps_apl_task.o)
                              zps_apl_af_apsde.o (symbol from plugin) (zps_vAplAfPostEvent)
c:/NXP/bstudio_nxp/workspace/sdk/JN-SW-4168/Components/Library\libZPSAPL_JN516x.a(zps_apl_apsde.o)
                              zps_apl_task.o (symbol from plugin) (ZPS_vAplRegisterApsdeDcfmIndCallbacks)
c:/NXP/bstudio_nxp/workspace/sdk/JN-SW-4168/Components/Library\libZPSAPL_JN516x.a(zps_apl_apsme.o)
                              zps_apl_task.o (symbol from plugin) (ZPS_vAplRegisterApsmeDcfmIndCallbacks)
c:/NXP/bstudio_nxp/workspace/sdk/JN-SW-4168/Components/Library\libZPSAPL_JN516x.a(zps_apl_aps_nlde.o)
                              c:/NXP/bstudio_nxp/workspace/JN-AN-1201-YCL/JN-AN-1201-ZigBee-Intruder-Alarm-System/ZONE/Build/zps_gen.o (symbol from plugin) (zps_vHandleExtendedDataAckFrame)
c:/NXP/bstudio_nxp/workspace/sdk/JN-SW-4168/Components/Library\libZPSAPL_JN516x.a(zps_apl_sec.o)
                              zps_apl_task.o (symbol from plugin) (zps_psFindKeyDescr)
c:/NXP/bstudio_nxp/workspace/sdk/JN-SW-4168/Components/Library\libZPSAPL_JN516x.a(zps_apl_aib.o)
                              c:/NXP/bstudio_nxp/workspace/JN-AN-1201-YCL/JN-AN-1201-ZigBee-Intruder-Alarm-System/ZONE/Build/app_zbp_utilities.o (symbol from plugin) (zps_psAplAibGetAib)
c:/NXP/bstudio_nxp/workspace/sdk/JN-SW-4168/Components/Library\libZPSAPL_JN516x.a(zps_apl_zdo_nwkmanager.o)
                              zps_apl_apsme.o (symbol from plugin) (zps_vAplSaveRecord)
c:/NXP/bstudio_nxp/workspace/sdk/JN-SW-4168/Components/Library\libZPSAPL_JN516x.a(zps_apl_zdo_handle_zdp_event.o)
                              zps_apl_task.o (symbol from plugin) (zps_bAplZdoHandleZdpEvent)
c:/NXP/bstudio_nxp/workspace/sdk/JN-SW-4168/Components/Library\libZPSAPL_JN516x.a(zps_apl_zdo_trust_center.o)
                              zps_apl_sec.o (symbol from plugin) (zps_eAplTrustCenterFindDevice)
c:/NXP/bstudio_nxp/workspace/sdk/JN-SW-4168/Components/Library\libZPSAPL_JN516x.a(zps_apl_zdo_common.o)
                              zps_apl_zdo_nwkmanager.o (symbol from plugin) (zps_eAplZdoNlmeleaveWrapper)
c:/NXP/bstudio_nxp/workspace/sdk/JN-SW-4168/Components/Library\libZPSAPL_JN516x.a(zps_apl_zdo_group.o)
[...]
Memory Configuration

Name             Origin             Length             Attributes
flash            0x0000000000080000 0x0000000000080000
ram              0x000000000400004c 0x0000000000007fb4
*default*        0x0000000000000000 0xffffffffffffffff

Linker script and memory map

                0x0000000000001388                __stack_size = 0x1388
                0x00000000000007d0                __minimum_heap_size = 0x7d0
START GROUP
LOAD c:/NXP/bstudio_nxp/workspace/JN-AN-1201-YCL/JN-AN-1201-ZigBee-Intruder-Alarm-System/ZONE/Build/os_gen.o
LOAD C:\Users\1\AppData\Local\Temp\ccHOL6D4.ltrans0.ltrans.o
LOAD C:\Users\1\AppData\Local\Temp\ccHOL6D4.ltrans1.ltrans.o
LOAD C:\Users\1\AppData\Local\Temp\ccHOL6D4.ltrans2.ltrans.o
LOAD C:\Users\1\AppData\Local\Temp\ccHOL6D4.ltrans3.ltrans.o
LOAD C:\Users\1\AppData\Local\Temp\ccHOL6D4.ltrans4.ltrans.o
LOAD C:\Users\1\AppData\Local\Temp\ccHOL6D4.ltrans5.ltrans.o
LOAD C:\Users\1\AppData\Local\Temp\ccHOL6D4.ltrans6.ltrans.o
LOAD C:\Users\1\AppData\Local\Temp\ccHOL6D4.ltrans7.ltrans.o
LOAD C:\Users\1\AppData\Local\Temp\ccHOL6D4.ltrans8.ltrans.o
LOAD C:\Users\1\AppData\Local\Temp\ccHOL6D4.ltrans9.ltrans.o
LOAD C:\Users\1\AppData\Local\Temp\ccHOL6D4.ltrans10.ltrans.o
LOAD C:\Users\1\AppData\Local\Temp\ccHOL6D4.ltrans11.ltrans.o
LOAD C:\Users\1\AppData\Local\Temp\ccHOL6D4.ltrans12.ltrans.o
LOAD C:\Users\1\AppData\Local\Temp\ccHOL6D4.ltrans13.ltrans.o
LOAD C:\Users\1\AppData\Local\Temp\ccHOL6D4.ltrans14.ltrans.o
LOAD C:\Users\1\AppData\Local\Temp\ccHOL6D4.ltrans15.ltrans.o
LOAD C:\Users\1\AppData\Local\Temp\ccHOL6D4.ltrans16.ltrans.o
LOAD C:\Users\1\AppData\Local\Temp\ccHOL6D4.ltrans17.ltrans.o
LOAD C:\Users\1\AppData\Local\Temp\ccHOL6D4.ltrans18.ltrans.o
LOAD C:\Users\1\AppData\Local\Temp\ccHOL6D4.ltrans19.ltrans.o
LOAD C:\Users\1\AppData\Local\Temp\ccHOL6D4.ltrans20.ltrans.o
LOAD C:\Users\1\AppData\Local\Temp\ccHOL6D4.ltrans21.ltrans.o
LOAD C:\Users\1\AppData\Local\Temp\ccHOL6D4.ltrans22.ltrans.o
LOAD C:\Users\1\AppData\Local\Temp\ccHOL6D4.ltrans23.ltrans.o
LOAD C:\Users\1\AppData\Local\Temp\ccHOL6D4.ltrans24.ltrans.o
LOAD C:\Users\1\AppData\Local\Temp\ccHOL6D4.ltrans25.ltrans.o
LOAD C:\Users\1\AppData\Local\Temp\ccHOL6D4.ltrans26.ltrans.o
LOAD C:\Users\1\AppData\Local\Temp\ccHOL6D4.ltrans27.ltrans.o
LOAD C:\Users\1\AppData\Local\Temp\ccHOL6D4.ltrans28.ltrans.o
LOAD C:\Users\1\AppData\Local\Temp\ccHOL6D4.ltrans29.ltrans.o
LOAD C:\Users\1\AppData\Local\Temp\ccHOL6D4.ltrans30.ltrans.o
LOAD C:\Users\1\AppData\Local\Temp\ccHOL6D4.ltrans31.ltrans.o
LOAD c:/nxp/bstudio_nxp/workspace/sdk/tools/ba-elf-ba2-r36379/bin/../lib/gcc/ba-elf/4.7.4/../../../../ba-elf/lib/mcpu_jn51xx_sizeopt\libc.a
LOAD c:/nxp/bstudio_nxp/workspace/sdk/tools/ba-elf-ba2-r36379/bin/../lib/gcc/ba-elf/4.7.4/mcpu_jn51xx_sizeopt\libgcc.a
LOAD c:/nxp/bstudio_nxp/workspace/sdk/tools/ba-elf-ba2-r36379/bin/../lib/gcc/ba-elf/4.7.4/../../../../ba-elf/lib/mcpu_jn51xx_sizeopt\libc.a
LOAD c:/NXP/bstudio_nxp/workspace/JN-AN-1201-YCL/JN-AN-1201-ZigBee-Intruder-Alarm-System/ZONE/Build/os_irq.o
LOAD c:/NXP/bstudio_nxp/workspace/JN-AN-1201-YCL/JN-AN-1201-ZigBee-Intruder-Alarm-System/ZONE/Build/os_irq_alignment.o
LOAD c:/NXP/bstudio_nxp/workspace/JN-AN-1201-YCL/JN-AN-1201-ZigBee-Intruder-Alarm-System/ZONE/Build/os_irq_buserror.o
LOAD c:/NXP/bstudio_nxp/workspace/JN-AN-1201-YCL/JN-AN-1201-ZigBee-Intruder-Alarm-System/ZONE/Build/os_irq_illegalinstruction.o
LOAD c:/NXP/bstudio_nxp/workspace/JN-AN-1201-YCL/JN-AN-1201-ZigBee-Intruder-Alarm-System/ZONE/Build/os_irq_stackoverflowexception.o
LOAD c:/NXP/bstudio_nxp/workspace/JN-AN-1201-YCL/JN-AN-1201-ZigBee-Intruder-Alarm-System/ZONE/Build/os_irq_unimplementedmodule.o
LOAD c:/NXP/bstudio_nxp/workspace/JN-AN-1201-YCL/JN-AN-1201-ZigBee-Intruder-Alarm-System/ZONE/Build/pdum_gen.o
LOAD c:/NXP/bstudio_nxp/workspace/JN-AN-1201-YCL/JN-AN-1201-ZigBee-Intruder-Alarm-System/ZONE/Build/pdum_apdu.o
LOAD c:/NXP/bstudio_nxp/workspace/JN-AN-1201-YCL/JN-AN-1201-ZigBee-Intruder-Alarm-System/ZONE/Build/zps_gen.o
LOAD c:/NXP/bstudio_nxp/workspace/JN-AN-1201-YCL/JN-AN-1201-ZigBee-Intruder-Alarm-System/ZONE/Build/app_uart.o
LOAD c:/NXP/bstudio_nxp/workspace/JN-AN-1201-YCL/JN-AN-1201-ZigBee-Intruder-Alarm-System/ZONE/Build/app_timer_driver.o
LOAD c:/NXP/bstudio_nxp/workspace/JN-AN-1201-YCL/JN-AN-1201-ZigBee-Intruder-Alarm-System/ZONE/Build/app_start_ZONE.o
LOAD c:/NXP/bstudio_nxp/workspace/JN-AN-1201-YCL/JN-AN-1201-ZigBee-Intruder-Alarm-System/ZONE/Build/app_zbp_utilities.o
LOAD c:/NXP/bstudio_nxp/workspace/JN-AN-1201-YCL/JN-AN-1201-ZigBee-Intruder-Alarm-System/ZONE/Build/app_exceptions.o
LOAD c:/NXP/bstudio_nxp/workspace/JN-AN-1201-YCL/JN-AN-1201-ZigBee-Intruder-Alarm-System/ZONE/Build/app_pdm.o
LOAD c:/NXP/bstudio_nxp/workspace/JN-AN-1201-YCL/JN-AN-1201-ZigBee-Intruder-Alarm-System/ZONE/Build/app_ias_enroll_req.o
LOAD c:/NXP/bstudio_nxp/workspace/JN-AN-1201-YCL/JN-AN-1201-ZigBee-Intruder-Alarm-System/ZONE/Build/app_ias_unenroll_req.o
LOAD c:/NXP/bstudio_nxp/workspace/JN-AN-1201-YCL/JN-AN-1201-ZigBee-Intruder-Alarm-System/ZONE/Build/app_ias_indicator.o
LOAD c:/NXP/bstudio_nxp/workspace/JN-AN-1201-YCL/JN-AN-1201-ZigBee-Intruder-Alarm-System/ZONE/Build/app_ias_save.o
LOAD c:/NXP/bstudio_nxp/workspace/JN-AN-1201-YCL/JN-AN-1201-ZigBee-Intruder-Alarm-System/ZONE/Build/zha_ZONE_node.o
LOAD c:/NXP/bstudio_nxp/workspace/JN-AN-1201-YCL/JN-AN-1201-ZigBee-Intruder-Alarm-System/ZONE/Build/app_sleep_functions.o
LOAD c:/NXP/bstudio_nxp/workspace/JN-AN-1201-YCL/JN-AN-1201-ZigBee-Intruder-Alarm-System/ZONE/Build/appZdpExtraction.o
LOAD c:/NXP/bstudio_nxp/workspace/JN-AN-1201-YCL/JN-AN-1201-ZigBee-Intruder-Alarm-System/ZONE/Build/appZpsBeaconHandler.o
LOAD c:/NXP/bstudio_nxp/workspace/JN-AN-1201-YCL/JN-AN-1201-ZigBee-Intruder-Alarm-System/ZONE/Build/app_zcl_ZONE_task.o
LOAD c:/NXP/bstudio_nxp/workspace/JN-AN-1201-YCL/JN-AN-1201-ZigBee-Intruder-Alarm-System/ZONE/Build/app_buttons.o
LOAD c:/NXP/bstudio_nxp/workspace/JN-AN-1201-YCL/JN-AN-1201-ZigBee-Intruder-Alarm-System/ZONE/Build/haEzJoin.o
LOAD c:/NXP/bstudio_nxp/workspace/JN-AN-1201-YCL/JN-AN-1201-ZigBee-Intruder-Alarm-System/ZONE/Build/PingParent.o
LOAD c:/NXP/bstudio_nxp/workspace/JN-AN-1201-YCL/JN-AN-1201-ZigBee-Intruder-Alarm-System/ZONE/Build/Alarms.o
LOAD c:/NXP/bstudio_nxp/workspace/JN-AN-1201-YCL/JN-AN-1201-ZigBee-Intruder-Alarm-System/ZONE/Build/AlarmsClientCommands.o
LOAD c:/NXP/bstudio_nxp/workspace/JN-AN-1201-YCL/JN-AN-1201-ZigBee-Intruder-Alarm-System/ZONE/Build/AlarmsCommandHandler.o
LOAD c:/NXP/bstudio_nxp/workspace/JN-AN-1201-YCL/JN-AN-1201-ZigBee-Intruder-Alarm-System/ZONE/Build/AlarmsServerCommands.o
LOAD c:/NXP/bstudio_nxp/workspace/JN-AN-1201-YCL/JN-AN-1201-ZigBee-Intruder-Alarm-System/ZONE/Build/AlarmsTableManager.o
LOAD c:/NXP/bstudio_nxp/workspace/JN-AN-1201-YCL/JN-AN-1201-ZigBee-Intruder-Alarm-System/ZONE/Build/AnalogInputBasic.o
LOAD c:/NXP/bstudio_nxp/workspace/JN-AN-1201-YCL/JN-AN-1201-ZigBee-Intruder-Alarm-System/ZONE/Build/AnalogOutputBasic.o
LOAD c:/NXP/bstudio_nxp/workspace/JN-AN-1201-YCL/JN-AN-1201-ZigBee-Intruder-Alarm-System/ZONE/Build/Basic.o
LOAD c:/NXP/bstudio_nxp/workspace/JN-AN-1201-YCL/JN-AN-1201-ZigBee-Intruder-Alarm-System/ZONE/Build/BasicClientCommands.o
LOAD c:/NXP/bstudio_nxp/workspace/JN-AN-1201-YCL/JN-AN-1201-ZigBee-Intruder-Alarm-System/ZONE/Build/BasicCommandHandler.o
LOAD c:/NXP/bstudio_nxp/workspace/JN-AN-1201-YCL/JN-AN-1201-ZigBee-Intruder-Alarm-System/ZONE/Build/BinaryInputBasic.o
LOAD c:/NXP/bstudio_nxp/workspace/JN-AN-1201-YCL/JN-AN-1201-ZigBee-Intruder-Alarm-System/ZONE/Build/BinaryOutputBasic.o
LOAD c:/NXP/bstudio_nxp/workspace/JN-AN-1201-YCL/JN-AN-1201-ZigBee-Intruder-Alarm-System/ZONE/Build/Commissioning.o
LOAD c:/NXP/bstudio_nxp/workspace/JN-AN-1201-YCL/JN-AN-1201-ZigBee-Intruder-Alarm-System/ZONE/Build/DeviceTemperatureConfiguration.o
LOAD c:/NXP/bstudio_nxp/workspace/JN-AN-1201-YCL/JN-AN-1201-ZigBee-Intruder-Alarm-System/ZONE/Build/Diagnostics.o
LOAD c:/NXP/bstudio_nxp/workspace/JN-AN-1201-YCL/JN-AN-1201-ZigBee-Intruder-Alarm-System/ZONE/Build/DoorLock.o
LOAD c:/NXP/bstudio_nxp/workspace/JN-AN-1201-YCL/JN-AN-1201-ZigBee-Intruder-Alarm-System/ZONE/Build/DoorLockCommandHandler.o
LOAD c:/NXP/bstudio_nxp/workspace/JN-AN-1201-YCL/JN-AN-1201-ZigBee-Intruder-Alarm-System/ZONE/Build/DoorLockCommands.o
LOAD c:/NXP/bstudio_nxp/workspace/JN-AN-1201-YCL/JN-AN-1201-ZigBee-Intruder-Alarm-System/ZONE/Build/ElectricalMeasurement.o
LOAD c:/NXP/bstudio_nxp/workspace/JN-AN-1201-YCL/JN-AN-1201-ZigBee-Intruder-Alarm-System/ZONE/Build/Groups.o
LOAD c:/NXP/bstudio_nxp/workspace/JN-AN-1201-YCL/JN-AN-1201-ZigBee-Intruder-Alarm-System/ZONE/Build/GroupsClientCommands.o
LOAD c:/NXP/bstudio_nxp/workspace/JN-AN-1201-YCL/JN-AN-1201-ZigBee-Intruder-Alarm-System/ZONE/Build/GroupsCommandHandler.o
LOAD c:/NXP/bstudio_nxp/workspace/JN-AN-1201-YCL/JN-AN-1201-ZigBee-Intruder-Alarm-System/ZONE/Build/GroupsServerCommands.o
LOAD c:/NXP/bstudio_nxp/workspace/JN-AN-1201-YCL/JN-AN-1201-ZigBee-Intruder-Alarm-System/ZONE/Build/GroupsTableManager.o
LOAD c:/NXP/bstudio_nxp/workspace/JN-AN-1201-YCL/JN-AN-1201-ZigBee-Intruder-Alarm-System/ZONE/Build/Identify.o
LOAD c:/NXP/bstudio_nxp/workspace/JN-AN-1201-YCL/JN-AN-1201-ZigBee-Intruder-Alarm-System/ZONE/Build/IdentifyClientCommands.o
LOAD c:/NXP/bstudio_nxp/workspace/JN-AN-1201-YCL/JN-AN-1201-ZigBee-Intruder-Alarm-System/ZONE/Build/IdentifyCommandHandler.o
LOAD c:/NXP/bstudio_nxp/workspace/JN-AN-1201-YCL/JN-AN-1201-ZigBee-Intruder-Alarm-System/ZONE/Build/IdentifyServerCommands.o
LOAD c:/NXP/bstudio_nxp/workspace/JN-AN-1201-YCL/JN-AN-1201-ZigBee-Intruder-Alarm-System/ZONE/Build/LevelControl.o
LOAD c:/NXP/bstudio_nxp/workspace/JN-AN-1201-YCL/JN-AN-1201-ZigBee-Intruder-Alarm-System/ZONE/Build/LevelControlClientCommands.o
LOAD c:/NXP/bstudio_nxp/workspace/JN-AN-1201-YCL/JN-AN-1201-ZigBee-Intruder-Alarm-System/ZONE/Build/LevelControlCommandHandler.o
LOAD c:/NXP/bstudio_nxp/workspace/JN-AN-1201-YCL/JN-AN-1201-ZigBee-Intruder-Alarm-System/ZONE/Build/MultistateInputBasic.o
LOAD c:/NXP/bstudio_nxp/workspace/JN-AN-1201-YCL/JN-AN-1201-ZigBee-Intruder-Alarm-System/ZONE/Build/MultistateOutputBasic.o
LOAD c:/NXP/bstudio_nxp/workspace/JN-AN-1201-YCL/JN-AN-1201-ZigBee-Intruder-Alarm-System/ZONE/Build/OOSC.o
LOAD c:/NXP/bstudio_nxp/workspace/JN-AN-1201-YCL/JN-AN-1201-ZigBee-Intruder-Alarm-System/ZONE/Build/OnOff.o
LOAD c:/NXP/bstudio_nxp/workspace/JN-AN-1201-YCL/JN-AN-1201-ZigBee-Intruder-Alarm-System/ZONE/Build/OnOffCommandHandler.o
LOAD c:/NXP/bstudio_nxp/workspace/JN-AN-1201-YCL/JN-AN-1201-ZigBee-Intruder-Alarm-System/ZONE/Build/OnOffCommands.o
LOAD c:/NXP/bstudio_nxp/workspace/JN-AN-1201-YCL/JN-AN-1201-ZigBee-Intruder-Alarm-System/ZONE/Build/PollControl.o
LOAD c:/NXP/bstudio_nxp/workspace/JN-AN-1201-YCL/JN-AN-1201-ZigBee-Intruder-Alarm-System/ZONE/Build/PollControlClientCommands.o
LOAD c:/NXP/bstudio_nxp/workspace/JN-AN-1201-YCL/JN-AN-1201-ZigBee-Intruder-Alarm-System/ZONE/Build/PollControlCommandHandler.o
LOAD c:/NXP/bstudio_nxp/workspace/JN-AN-1201-YCL/JN-AN-1201-ZigBee-Intruder-Alarm-System/ZONE/Build/PollControlServerCommands.o
LOAD c:/NXP/bstudio_nxp/workspace/JN-AN-1201-YCL/JN-AN-1201-ZigBee-Intruder-Alarm-System/ZONE/Build/PowerConfiguration.o
LOAD c:/NXP/bstudio_nxp/workspace/JN-AN-1201-YCL/JN-AN-1201-ZigBee-Intruder-Alarm-System/ZONE/Build/Scenes.o
LOAD c:/NXP/bstudio_nxp/workspace/JN-AN-1201-YCL/JN-AN-1201-ZigBee-Intruder-Alarm-System/ZONE/Build/ScenesClientCommands.o
LOAD c:/NXP/bstudio_nxp/workspace/JN-AN-1201-YCL/JN-AN-1201-ZigBee-Intruder-Alarm-System/ZONE/Build/ScenesClusterManagement.o
LOAD c:/NXP/bstudio_nxp/workspace/JN-AN-1201-YCL/JN-AN-1201-ZigBee-Intruder-Alarm-System/ZONE/Build/ScenesCommandHandler.o
LOAD c:/NXP/bstudio_nxp/workspace/JN-AN-1201-YCL/JN-AN-1201-ZigBee-Intruder-Alarm-System/ZONE/Build/ScenesServerCommands.o
LOAD c:/NXP/bstudio_nxp/workspace/JN-AN-1201-YCL/JN-AN-1201-ZigBee-Intruder-Alarm-System/ZONE/Build/ScenesTableManager.o
LOAD c:/NXP/bstudio_nxp/workspace/JN-AN-1201-YCL/JN-AN-1201-ZigBee-Intruder-Alarm-System/ZONE/Build/TC.o
LOAD c:/NXP/bstudio_nxp/workspace/JN-AN-1201-YCL/JN-AN-1201-ZigBee-Intruder-Alarm-System/ZONE/Build/Time.o
LOAD c:/NXP/bstudio_nxp/workspace/JN-AN-1201-YCL/JN-AN-1201-ZigBee-Intruder-Alarm-System/ZONE/Build/ha.o
LOAD c:/NXP/bstudio_nxp/workspace/JN-AN-1201-YCL/JN-AN-1201-ZigBee-Intruder-Alarm-System/ZONE/Build/door_lock.o
LOAD c:/NXP/bstudio_nxp/workspace/JN-AN-1201-YCL/JN-AN-1201-ZigBee-Intruder-Alarm-System/ZONE/Build/door_lock_controller.o
LOAD c:/NXP/bstudio_nxp/workspace/JN-AN-1201-YCL/JN-AN-1201-ZigBee-Intruder-Alarm-System/ZONE/Build/mains_power_outlet.o
LOAD c:/NXP/bstudio_nxp/workspace/JN-AN-1201-YCL/JN-AN-1201-ZigBee-Intruder-Alarm-System/ZONE/Build/on_off_output.o
LOAD c:/NXP/bstudio_nxp/workspace/JN-AN-1201-YCL/JN-AN-1201-ZigBee-Intruder-Alarm-System/ZONE/Build/on_off_switch.o
LOAD c:/NXP/bstudio_nxp/workspace/JN-AN-1201-YCL/JN-AN-1201-ZigBee-Intruder-Alarm-System/ZONE/Build/plug_control.o
LOAD c:/NXP/bstudio_nxp/workspace/JN-AN-1201-YCL/JN-AN-1201-ZigBee-Intruder-Alarm-System/ZONE/Build/remote_control.o
LOAD c:/NXP/bstudio_nxp/workspace/JN-AN-1201-YCL/JN-AN-1201-ZigBee-Intruder-Alarm-System/ZONE/Build/simple_sensor.o
LOAD c:/NXP/bstudio_nxp/workspace/JN-AN-1201-YCL/JN-AN-1201-ZigBee-Intruder-Alarm-System/ZONE/Build/smart_plug.o
LOAD c:/NXP/bstudio_nxp/workspace/JN-AN-1201-YCL/JN-AN-1201-ZigBee-Intruder-Alarm-System/ZONE/Build/IASACE.o
LOAD c:/NXP/bstudio_nxp/workspace/JN-AN-1201-YCL/JN-AN-1201-ZigBee-Intruder-Alarm-System/ZONE/Build/IASACEClientCommands.o
LOAD c:/NXP/bstudio_nxp/workspace/JN-AN-1201-YCL/JN-AN-1201-ZigBee-Intruder-Alarm-System/ZONE/Build/IASACECommandHandler.o
LOAD c:/NXP/bstudio_nxp/workspace/JN-AN-1201-YCL/JN-AN-1201-ZigBee-Intruder-Alarm-System/ZONE/Build/IASACEServerCommands.o
LOAD c:/NXP/bstudio_nxp/workspace/JN-AN-1201-YCL/JN-AN-1201-ZigBee-Intruder-Alarm-System/ZONE/Build/IASWD.o
LOAD c:/NXP/bstudio_nxp/workspace/JN-AN-1201-YCL/JN-AN-1201-ZigBee-Intruder-Alarm-System/ZONE/Build/IASWDCommandHandler.o
LOAD c:/NXP/bstudio_nxp/workspace/JN-AN-1201-YCL/JN-AN-1201-ZigBee-Intruder-Alarm-System/ZONE/Build/IASWDCommands.o
LOAD c:/NXP/bstudio_nxp/workspace/JN-AN-1201-YCL/JN-AN-1201-ZigBee-Intruder-Alarm-System/ZONE/Build/IASZone.o
LOAD c:/NXP/bstudio_nxp/workspace/JN-AN-1201-YCL/JN-AN-1201-ZigBee-Intruder-Alarm-System/ZONE/Build/IASZoneCommandHandler.o
LOAD c:/NXP/bstudio_nxp/workspace/JN-AN-1201-YCL/JN-AN-1201-ZigBee-Intruder-Alarm-System/ZONE/Build/IASZoneCommands.o
LOAD c:/NXP/bstudio_nxp/workspace/JN-AN-1201-YCL/JN-AN-1201-ZigBee-Intruder-Alarm-System/ZONE/Build/ancillary_control_equipment.o
LOAD c:/NXP/bstudio_nxp/workspace/JN-AN-1201-YCL/JN-AN-1201-ZigBee-Intruder-Alarm-System/ZONE/Build/control_and_indicating_equipment.o
LOAD c:/NXP/bstudio_nxp/workspace/JN-AN-1201-YCL/JN-AN-1201-ZigBee-Intruder-Alarm-System/ZONE/Build/warning_device.o
LOAD c:/NXP/bstudio_nxp/workspace/JN-AN-1201-YCL/JN-AN-1201-ZigBee-Intruder-Alarm-System/ZONE/Build/zone.o
LOAD c:/NXP/bstudio_nxp/workspace/JN-AN-1201-YCL/JN-AN-1201-ZigBee-Intruder-Alarm-System/ZONE/Build/dlist.o
LOAD c:/NXP/bstudio_nxp/workspace/JN-AN-1201-YCL/JN-AN-1201-ZigBee-Intruder-Alarm-System/ZONE/Build/zcl.o
LOAD c:/NXP/bstudio_nxp/workspace/JN-AN-1201-YCL/JN-AN-1201-ZigBee-Intruder-Alarm-System/ZONE/Build/zcl_CustomCommandReceive.o
LOAD c:/NXP/bstudio_nxp/workspace/JN-AN-1201-YCL/JN-AN-1201-ZigBee-Intruder-Alarm-System/ZONE/Build/zcl_CustomCommandSend.o
LOAD c:/NXP/bstudio_nxp/workspace/JN-AN-1201-YCL/JN-AN-1201-ZigBee-Intruder-Alarm-System/ZONE/Build/zcl_PDUbufferReadWrite.o
LOAD c:/NXP/bstudio_nxp/workspace/JN-AN-1201-YCL/JN-AN-1201-ZigBee-Intruder-Alarm-System/ZONE/Build/zcl_PDUbufferReadWriteString.o
LOAD c:/NXP/bstudio_nxp/workspace/JN-AN-1201-YCL/JN-AN-1201-ZigBee-Intruder-Alarm-System/ZONE/Build/zcl_WriteAttributesRequestHandle.o
LOAD c:/NXP/bstudio_nxp/workspace/JN-AN-1201-YCL/JN-AN-1201-ZigBee-Intruder-Alarm-System/ZONE/Build/zcl_WriteAttributesRequestSend.o
LOAD c:/NXP/bstudio_nxp/workspace/JN-AN-1201-YCL/JN-AN-1201-ZigBee-Intruder-Alarm-System/ZONE/Build/zcl_WriteAttributesResponseHandle.o
LOAD c:/NXP/bstudio_nxp/workspace/JN-AN-1201-YCL/JN-AN-1201-ZigBee-Intruder-Alarm-System/ZONE/Build/zcl_attribute.o
LOAD c:/NXP/bstudio_nxp/workspace/JN-AN-1201-YCL/JN-AN-1201-ZigBee-Intruder-Alarm-System/ZONE/Build/zcl_buffer.o
LOAD c:/NXP/bstudio_nxp/workspace/JN-AN-1201-YCL/JN-AN-1201-ZigBee-Intruder-Alarm-System/ZONE/Build/zcl_clusterCommand.o
LOAD c:/NXP/bstudio_nxp/workspace/JN-AN-1201-YCL/JN-AN-1201-ZigBee-Intruder-Alarm-System/ZONE/Build/zcl_command.o
LOAD c:/NXP/bstudio_nxp/workspace/JN-AN-1201-YCL/JN-AN-1201-ZigBee-Intruder-Alarm-System/ZONE/Build/zcl_configureReportingCommandHandle.o
LOAD c:/NXP/bstudio_nxp/workspace/JN-AN-1201-YCL/JN-AN-1201-ZigBee-Intruder-Alarm-System/ZONE/Build/zcl_configureReportingCommandSend.o
LOAD c:/NXP/bstudio_nxp/workspace/JN-AN-1201-YCL/JN-AN-1201-ZigBee-Intruder-Alarm-System/ZONE/Build/zcl_configureReportingResponseHandle.o
LOAD c:/NXP/bstudio_nxp/workspace/JN-AN-1201-YCL/JN-AN-1201-ZigBee-Intruder-Alarm-System/ZONE/Build/zcl_defaultResponse.o
LOAD c:/NXP/bstudio_nxp/workspace/JN-AN-1201-YCL/JN-AN-1201-ZigBee-Intruder-Alarm-System/ZONE/Build/zcl_discoverAttributesExtendedRequestHandle.o
LOAD c:/NXP/bstudio_nxp/workspace/JN-AN-1201-YCL/JN-AN-1201-ZigBee-Intruder-Alarm-System/ZONE/Build/zcl_discoverAttributesExtendedRequestSend.o
LOAD c:/NXP/bstudio_nxp/workspace/JN-AN-1201-YCL/JN-AN-1201-ZigBee-Intruder-Alarm-System/ZONE/Build/zcl_discoverAttributesExtendedResponseHandle.o
LOAD c:/NXP/bstudio_nxp/workspace/JN-AN-1201-YCL/JN-AN-1201-ZigBee-Intruder-Alarm-System/ZONE/Build/zcl_discoverAttributesRequestHandle.o
LOAD c:/NXP/bstudio_nxp/workspace/JN-AN-1201-YCL/JN-AN-1201-ZigBee-Intruder-Alarm-System/ZONE/Build/zcl_discoverAttributesRequestSend.o
LOAD c:/NXP/bstudio_nxp/workspace/JN-AN-1201-YCL/JN-AN-1201-ZigBee-Intruder-Alarm-System/ZONE/Build/zcl_discoverAttributesResponseHandle.o
LOAD c:/NXP/bstudio_nxp/workspace/JN-AN-1201-YCL/JN-AN-1201-ZigBee-Intruder-Alarm-System/ZONE/Build/zcl_discoverCommandsRequestHandle.o
LOAD c:/NXP/bstudio_nxp/workspace/JN-AN-1201-YCL/JN-AN-1201-ZigBee-Intruder-Alarm-System/ZONE/Build/zcl_discoverCommandsRequestSend.o
LOAD c:/NXP/bstudio_nxp/workspace/JN-AN-1201-YCL/JN-AN-1201-ZigBee-Intruder-Alarm-System/ZONE/Build/zcl_discoverCommandsResponseHandle.o
LOAD c:/NXP/bstudio_nxp/workspace/JN-AN-1201-YCL/JN-AN-1201-ZigBee-Intruder-Alarm-System/ZONE/Build/zcl_event.o
LOAD c:/NXP/bstudio_nxp/workspace/JN-AN-1201-YCL/JN-AN-1201-ZigBee-Intruder-Alarm-System/ZONE/Build/zcl_heap.o
LOAD c:/NXP/bstudio_nxp/workspace/JN-AN-1201-YCL/JN-AN-1201-ZigBee-Intruder-Alarm-System/ZONE/Build/zcl_library_options.o
LOAD c:/NXP/bstudio_nxp/workspace/JN-AN-1201-YCL/JN-AN-1201-ZigBee-Intruder-Alarm-System/ZONE/Build/zcl_readAttributesRequestHandle.o
LOAD c:/NXP/bstudio_nxp/workspace/JN-AN-1201-YCL/JN-AN-1201-ZigBee-Intruder-Alarm-System/ZONE/Build/zcl_readAttributesRequestSend.o
LOAD c:/NXP/bstudio_nxp/workspace/JN-AN-1201-YCL/JN-AN-1201-ZigBee-Intruder-Alarm-System/ZONE/Build/zcl_readAttributesResponseHandle.o
LOAD c:/NXP/bstudio_nxp/workspace/JN-AN-1201-YCL/JN-AN-1201-ZigBee-Intruder-Alarm-System/ZONE/Build/zcl_readReportingConfigurationCommandHandle.o
LOAD c:/NXP/bstudio_nxp/workspace/JN-AN-1201-YCL/JN-AN-1201-ZigBee-Intruder-Alarm-System/ZONE/Build/zcl_readReportingConfigurationCommandSend.o
LOAD c:/NXP/bstudio_nxp/workspace/JN-AN-1201-YCL/JN-AN-1201-ZigBee-Intruder-Alarm-System/ZONE/Build/zcl_readReportingConfigurationResponseHandle.o
LOAD c:/NXP/bstudio_nxp/workspace/JN-AN-1201-YCL/JN-AN-1201-ZigBee-Intruder-Alarm-System/ZONE/Build/zcl_reportManager.o
LOAD c:/NXP/bstudio_nxp/workspace/JN-AN-1201-YCL/JN-AN-1201-ZigBee-Intruder-Alarm-System/ZONE/Build/zcl_reportMaths.o
LOAD c:/NXP/bstudio_nxp/workspace/JN-AN-1201-YCL/JN-AN-1201-ZigBee-Intruder-Alarm-System/ZONE/Build/zcl_reportScheduler.o
LOAD c:/NXP/bstudio_nxp/workspace/JN-AN-1201-YCL/JN-AN-1201-ZigBee-Intruder-Alarm-System/ZONE/Build/zcl_reportStringHandling.o
LOAD c:/NXP/bstudio_nxp/workspace/JN-AN-1201-YCL/JN-AN-1201-ZigBee-Intruder-Alarm-System/ZONE/Build/zcl_reportStructure.o
LOAD c:/NXP/bstudio_nxp/workspace/JN-AN-1201-YCL/JN-AN-1201-ZigBee-Intruder-Alarm-System/ZONE/Build/zcl_search.o
LOAD c:/NXP/bstudio_nxp/workspace/JN-AN-1201-YCL/JN-AN-1201-ZigBee-Intruder-Alarm-System/ZONE/Build/zcl_timer.o
LOAD c:/NXP/bstudio_nxp/workspace/JN-AN-1201-YCL/JN-AN-1201-ZigBee-Intruder-Alarm-System/ZONE/Build/zcl_transmit.o
LOAD c:/NXP/bstudio_nxp/workspace/sdk/JN-SW-4168/Components/Library\libZPSMAC_Mini_JN516x.a
LOAD c:/NXP/bstudio_nxp/workspace/sdk/JN-SW-4168/Components/Library\libOS_JN516x.a
LOAD c:/NXP/bstudio_nxp/workspace/sdk/JN-SW-4168/Components/Library\libPWRM_JN516x.a
LOAD c:/NXP/bstudio_nxp/workspace/sdk/JN-SW-4168/Components/Library\libZPSTSV_JN516x.a
LOAD c:/NXP/bstudio_nxp/workspace/sdk/JN-SW-4168/Components/Library\libAES_SW_JN516x.a
LOAD c:/NXP/bstudio_nxp/workspace/sdk/JN-SW-4168/Components/Library\libPDUM_JN516x.a
LOAD c:/NXP/bstudio_nxp/workspace/sdk/JN-SW-4168/Components/Library\libZPSAPL_JN516x.a
LOAD c:/NXP/bstudio_nxp/workspace/sdk/JN-SW-4168/Components/Library\libRandom_JN516x.a
LOAD c:/NXP/bstudio_nxp/workspace/sdk/JN-SW-4168/Components/Library\libPDM_EEPROM_JN516x.a
LOAD c:/NXP/bstudio_nxp/workspace/sdk/JN-SW-4168/Components/Library\libDBG_JN516x.a
LOAD c:/NXP/bstudio_nxp/workspace/sdk/JN-SW-4168/Components/Library\libZPSNWK_ZED_JN516x.a
LOAD c:/NXP/bstudio_nxp/workspace/sdk/JN-SW-4168/Components/Library\libMiniMac_JN5169.a
LOAD c:/NXP/bstudio_nxp/workspace/sdk/JN-SW-4168/Components/Library\libMiniMacShim_JN516x.a
LOAD c:/NXP/bstudio_nxp/workspace/sdk/JN-SW-4168/Components/Library\libMMAC_JN5169.a
LOAD c:/NXP/bstudio_nxp/workspace/sdk/JN-SW-4168/Components/Library\libJPT_JN5169.a
LOAD c:/NXP/bstudio_nxp/workspace/sdk/JN-SW-4168/Components/Library\libAes_JN516x.a
LOAD c:/NXP/bstudio_nxp/workspace/sdk/JN-SW-4168/Components/Library\libHardwareApi_JN5169.a
LOAD c:/NXP/bstudio_nxp/workspace/sdk/JN-SW-4168/Components/Library\libMicroSpecific_JN516x.a
LOAD c:/NXP/bstudio_nxp/workspace/sdk/JN-SW-4168/Components/Library\libBoot_JN516x.a
LOAD c:/NXP/bstudio_nxp/workspace/sdk/JN-SW-4168/Platform/DK4/Library\libBoardLib_JN516x.a
LOAD c:/nxp/bstudio_nxp/workspace/sdk/tools/ba-elf-ba2-r36379/bin/../lib/gcc/ba-elf/4.7.4/../../../../ba-elf/lib/mcpu_jn51xx_sizeopt\libm.a
END GROUP
LOAD c:/nxp/bstudio_nxp/workspace/sdk/tools/ba-elf-ba2-r36379/bin/../lib/gcc/ba-elf/4.7.4/../../../../ba-elf/lib/mcpu_jn51xx_sizeopt\libc.a
LOAD c:/nxp/bstudio_nxp/workspace/sdk/tools/ba-elf-ba2-r36379/bin/../lib/gcc/ba-elf/4.7.4/mcpu_jn51xx_sizeopt\libgcc.a
LOAD c:/nxp/bstudio_nxp/workspace/sdk/tools/ba-elf-ba2-r36379/bin/../lib/gcc/ba-elf/4.7.4/../../../../ba-elf/lib/mcpu_jn51xx_sizeopt\libc.a
                0x0000000000080038                exception_vsr_table = 0x80038
                0x0000000004000000                pSPIflashFncTable = 0x4000000
                0x0000000000000044                restore_state = 0x44
                0x000000000000004a                bZSPIWaitWIPClear = 0x4a
                0x0000000000000050                u16ZSPIflashRDID = 0x50
                0x0000000000000056                u8SelectFlashChipType = 0x56
                0x000000000000005c                memcpy = 0x5c
                0x0000000000000066                vBootFlashProg = 0x66
                [0x00000000000007d0]                __minimum_heap_size = DEFINED (__minimum_heap_size)?__minimum_heap_size:0xd16
                [0x0000000000001388]                __stack_size = DEFINED (__stack_size)?__stack_size:0x800
                0x0000000000000000                _SwConfig = (DEFINED (g_bSWConf_Debug) | (DEFINED (g_bSWConf_AltDebugPort) << 0x1))

.version        0x000000000007fffc        0x4
                0x000000000007fffc        0x4 LONG 0xf03000b

.bir            0x0000000000080000       0x10
                0x0000000000080000                _flash_start = ABSOLUTE (.)
                0x0000000000080000                _flash_beg = ABSOLUTE (.)
                0x0000000000080000        0x4 LONG 0x12345678
                0x0000000000080004        0x4 LONG 0x11223344
                0x0000000000080008        0x4 LONG 0x55667788
                0x000000000008000c        0x1 BYTE 0x8
                0x000000000008000d        0x1 BYTE 0x1
                0x000000000008000e        0x2 SHORT 0x0

.flashheader    0x0000000000080010       0x28
                0x0000000000080010        0x4 LONG 0x0
                0x0000000000080014        0x4 LONG 0x0
                0x0000000000080018        0x4 LONG 0x0
                0x000000000008001c        0x2 SHORT 0x0
                0x000000000008001e        0x2 SHORT 0x0 ABSOLUTE (_SwConfig)
                0x0000000000080020                _enc_start = ABSOLUTE (.)
                0x0000000000080020        0x4 LONG 0x1ea70 ABSOLUTE (_image_len)
                0x0000000000080024        0x4 LONG 0x9e108 ABSOLUTE (_flash_data_start)
                0x0000000000080028        0x2 SHORT 0x13 ((ABSOLUTE (_ram_data_start) / 0x4) & 0xffff)
                0x000000000008002a        0x2 SHORT 0x25a ((ABSOLUTE (_ram_data_len) / 0x4) & 0xffff)
                0x000000000008002c        0x2 SHORT 0x26d ((ABSOLUTE (_bss_start) / 0x4) & 0xffff)
                0x000000000008002e        0x2 SHORT 0xfd4 ((ABSOLUTE (_bss_len) / 0x4) & 0xffff)
                0x0000000000080030        0x4 LONG 0x9c4bc ABSOLUTE (AppWarmStart)
                0x0000000000080034        0x4 LONG 0x9c4d6 ABSOLUTE (AppColdStart)
                0x0000000000000000                _enc_offset = (_enc_start & 0xf)

.ro_mac_address
                0x0000000000080040        0x0
                0x0000000000080040                _FlsMACAddress = ABSOLUTE (.)
 *(.ro_mac_address)
                0x0000000000080040                . = ALIGN (0x10)

.ro_ota_header  0x0000000000080040        0x0
                0x0000000000080040                _FlsOtaHeader = ABSOLUTE (.)
 *(.ro_ota_header)
                0x0000000000080040                . = ALIGN (0x10)

.ro_se_lnkKey   0x0000000000080040        0x0
                0x0000000000080040                _FlsLinkKey = ABSOLUTE (.)
 *(.ro_se_lnkKey)
                0x0000000000080040                . = ALIGN (0x10)

.rodata         0x0000000000080038     0x154e
 *(.rodata*)
 .rodata.str1.1
                0x0000000000080038       0xbb C:\Users\1\AppData\Local\Temp\ccHOL6D4.ltrans0.ltrans.o
 *fill*         0x00000000000800f3        0x1 00
 .rodata        0x00000000000800f4       0xb0 C:\Users\1\AppData\Local\Temp\ccHOL6D4.ltrans0.ltrans.o
                0x00000000000800f4                psAplDefaultZLLAPSLinkKey
                0x00000000000800f8                gMAC_u8MaxBuffers
                0x00000000000800fc                g_u32ApsFcSaveCountBitShift
                0x0000000000080100                u8MaxZpsConfigEp
                0x0000000000080101                au8EpMapPresent
                0x0000000000080104                s_groupPdmTable
 .rodata        0x00000000000801a4       0x40 C:\Users\1\AppData\Local\Temp\ccHOL6D4.ltrans2.ltrans.o
 .rodata.str1.1
                0x00000000000801e4        0x5 C:\Users\1\AppData\Local\Temp\ccHOL6D4.ltrans3.ltrans.o
                                          0x8 (size before relaxing)
 .rodata        0x00000000000801e9       0x6b C:\Users\1\AppData\Local\Temp\ccHOL6D4.ltrans3.ltrans.o
 .rodata        0x0000000000080254       0x10 C:\Users\1\AppData\Local\Temp\ccHOL6D4.ltrans5.ltrans.o
 .rodata.str1.1
                0x0000000000000000        0x5 C:\Users\1\AppData\Local\Temp\ccHOL6D4.ltrans6.ltrans.o
                                          0x7 (size before relaxing)
 .rodata.str1.1
                0x0000000000080264      0x20a C:\Users\1\AppData\Local\Temp\ccHOL6D4.ltrans7.ltrans.o
 *fill*         0x000000000008046e        0x2 00
 .rodata        0x0000000000080470        0x8 C:\Users\1\AppData\Local\Temp\ccHOL6D4.ltrans7.ltrans.o
                0x0000000000080470                au32UartAddrOffset
 .rodata.str1.1
                0x0000000000000000      0x20a C:\Users\1\AppData\Local\Temp\ccHOL6D4.ltrans8.ltrans.o
                                          0x8 (size before relaxing)
 .rodata        0x0000000000080478        0x7 C:\Users\1\AppData\Local\Temp\ccHOL6D4.ltrans8.ltrans.o
                0x0000000000080478                u8MacNwkTriesTimeout
 .rodata.str1.1
                0x0000000000000000      0x20a C:\Users\1\AppData\Local\Temp\ccHOL6D4.ltrans9.ltrans.o
                                          0x8 (size before relaxing)
 .rodata.str1.1
                0x000000000008047f       0x24 C:\Users\1\AppData\Local\Temp\ccHOL6D4.ltrans10.ltrans.o
                                         0x27 (size before relaxing)
 .rodata.str1.1
                0x00000000000804a3      0x144 C:\Users\1\AppData\Local\Temp\ccHOL6D4.ltrans11.ltrans.o
                                        0x152 (size before relaxing)
 .rodata.str1.1
                0x00000000000805e7       0xf7 C:\Users\1\AppData\Local\Temp\ccHOL6D4.ltrans13.ltrans.o
                                        0x10c (size before relaxing)
 .rodata.str1.1
                0x00000000000806de       0x2e C:\Users\1\AppData\Local\Temp\ccHOL6D4.ltrans14.ltrans.o
                                         0x3b (size before relaxing)
 .rodata.str1.1
                0x000000000008070c       0x2d C:\Users\1\AppData\Local\Temp\ccHOL6D4.ltrans15.ltrans.o
                                         0x58 (size before relaxing)
 .rodata.str1.1
                0x0000000000080739      0x38c C:\Users\1\AppData\Local\Temp\ccHOL6D4.ltrans16.ltrans.o
                                        0x396 (size before relaxing)
 *fill*         0x0000000000080ac5        0x3 00
 .rodata        0x0000000000080ac8       0x14 C:\Users\1\AppData\Local\Temp\ccHOL6D4.ltrans16.ltrans.o
                0x0000000000080ad8                pu64NewMacOverrideMyAddressLocation
 .rodata        0x0000000000080adc      0x110 C:\Users\1\AppData\Local\Temp\ccHOL6D4.ltrans17.ltrans.o
                0x0000000000080adc                s_aprIdleStHandleCme.123652
                0x0000000000080aec                s_aprActvStHandleCme.120538
 .rodata.str1.1
                0x0000000000080bec        0x5 C:\Users\1\AppData\Local\Temp\ccHOL6D4.ltrans18.ltrans.o
                                         0x17 (size before relaxing)
 *fill*         0x0000000000080bf1        0x3 00
 .rodata        0x0000000000080bf4       0x7c C:\Users\1\AppData\Local\Temp\ccHOL6D4.ltrans18.ltrans.o
                0x0000000000080bf4                bDisableSourceRouting
                0x0000000000080bf8                zps_pacNwkFrmStdByteFmt
                0x0000000000080bfc                zps_pacNwkFrmStdLongFmt
                0x0000000000080c00                zps_pacNwkFrmStdHalfFmt
                0x0000000000080c04                bRxOnOptimisationTurnedOff
 .rodata        0x0000000000080c70        0x6 C:\Users\1\AppData\Local\Temp\ccHOL6D4.ltrans20.ltrans.o
 .rodata.str1.1
                0x0000000000080c76        0x3 C:\Users\1\AppData\Local\Temp\ccHOL6D4.ltrans20.ltrans.o
 *fill*         0x0000000000080c79        0x3 00
 .rodata        0x0000000000080c7c       0x18 C:\Users\1\AppData\Local\Temp\ccHOL6D4.ltrans21.ltrans.o
                0x0000000000080c7c                au32NwkPdmRecordOffsets
 .rodata        0x0000000000080c94      0x118 C:\Users\1\AppData\Local\Temp\ccHOL6D4.ltrans22.ltrans.o
                0x0000000000080c94                gu32ZCLVersion
                0x0000000000080c98                OS_g_u32Version
                0x0000000000080c9c                PDUM_g_u32Version
                0x0000000000080ca0                ZPS_g_u32MacVersion
                0x0000000000080ca4                ZPS_g_u32TsvVersion
 .rodata.str1.1
                0x0000000000000000        0x3 C:\Users\1\AppData\Local\Temp\ccHOL6D4.ltrans24.ltrans.o
 .rodata        0x0000000000080dac       0x4c C:\Users\1\AppData\Local\Temp\ccHOL6D4.ltrans24.ltrans.o
                0x0000000000080dac                g_u32NwkFcSaveCountBitShift
 .rodata.str1.1
                0x0000000000080df8       0x10 C:\Users\1\AppData\Local\Temp\ccHOL6D4.ltrans25.ltrans.o
                                         0x2f (size before relaxing)
 .rodata.str1.1
                0x0000000000080e08       0xf4 C:\Users\1\AppData\Local\Temp\ccHOL6D4.ltrans26.ltrans.o
 .rodata.str1.1
                0x0000000000000000       0x13 C:\Users\1\AppData\Local\Temp\ccHOL6D4.ltrans27.ltrans.o
 .rodata.str1.1
                0x0000000000080efc      0x196 C:\Users\1\AppData\Local\Temp\ccHOL6D4.ltrans28.ltrans.o
                                        0x1b8 (size before relaxing)
 .rodata        0x0000000000081092        0xc C:\Users\1\AppData\Local\Temp\ccHOL6D4.ltrans28.ltrans.o
 .rodata.str1.1
                0x000000000008109e       0xeb C:\Users\1\AppData\Local\Temp\ccHOL6D4.ltrans29.ltrans.o
 *fill*         0x0000000000081189        0x3 00
 .rodata        0x000000000008118c      0x3e0 C:\Users\1\AppData\Local\Temp\ccHOL6D4.ltrans29.ltrans.o
                0x000000000008118c                zps_g_pvApl
 .rodata.str1.1
                0x000000000008156c        0x7 C:\Users\1\AppData\Local\Temp\ccHOL6D4.ltrans30.ltrans.o
                                         0x11 (size before relaxing)
 .rodata.str1.1
                0x0000000000081573       0x13 C:\Users\1\AppData\Local\Temp\ccHOL6D4.ltrans31.ltrans.o

.text           0x0000000000081588    0x1cb7e
 *(.text*)
 .text          0x0000000000081588     0x1acc C:\Users\1\AppData\Local\Temp\ccHOL6D4.ltrans0.ltrans.o
                0x0000000000081588                APP_TIMER_Version_1v0
                0x0000000000081588                vInitialiseApp.3474
 .text          0x0000000000083054     0x15f0 C:\Users\1\AppData\Local\Temp\ccHOL6D4.ltrans1.ltrans.o
                0x0000000000083054                vZCL_EventHandler
 .text          0x0000000000084644     0x12c9 C:\Users\1\AppData\Local\Temp\ccHOL6D4.ltrans2.ltrans.o
                0x0000000000084644                DBG_iUartGetChar
                0x00000000000846a1                vMMAC_IntHandlerBbc
                0x00000000000846bb                eBasicTxCompleteHandler
                0x00000000000846c0                vTxRxTimeout.129090
                0x000000000008471d                zps_eNwkHandleSmeOrphanInd
                0x0000000000084724                eSmeASFlBeaconInd.122302
                0x0000000000084746                eSmeUDNTScanDcfm.121757
                0x00000000000847cd                zps_eNwkHandleSmePollDcfm
                0x00000000000847f7                eSmeGenlScanDcfm.122294
                0x0000000000084855                eNldeDataDcfm.117528
                0x0000000000084885                eSmeEdScScanDcfm.122290
                0x0000000000084a2c                eSmeAcScBeaconInd.122310
                0x0000000000084b34                eSmeUDNTBeaconInd.122286
                0x0000000000084b57                vMiniMac_MLME_SetReq_PanId
                0x0000000000084b94                vMiniMac_MLME_SetReq_ShortAddr
                0x0000000000084ba2                u16AHI_UartBlockReadData.part.14.131845.constprop.85
                0x0000000000084bd2                vZCL_InitializeClusterInstance.constprop.66
                0x0000000000084be3                pvZCL_HeapAlloc.part.0.42761.constprop.59
                0x0000000000084c1c                vMiniMac_ReturnTxBufferCallback
                0x0000000000084c2e                vEnableReceive.129094
                0x0000000000084c68                pvHeap_Alloc
                0x0000000000084c6b                vMicroIntRestoreState
                0x0000000000084c77                bAHI_WriteEEPROMfixSegmentData
                0x0000000000084cd5                bAHI_InitialiseEEPROM
                0x0000000000084d1d                vAHI_ReadDataFromEEPROMregister
                0x0000000000084d4a                vAHI_WriteDataIntoEEPROMregister
                0x0000000000084d7a                iPDM_WriteSegmentHeaderDataIntoEEPROMsegment
                0x0000000000084da9                u8AHI_WakeTimerFiredStatus
                0x0000000000084dbd                vAHI_WakeTimerStop.part.3.132069
                0x0000000000084ddd                vAHI_UartReset.part.4.131823
                0x0000000000084e15                vAHI_UartDisable.part.8.131956
                0x0000000000084e81                vAHI_UartSetBaudDivisor.part.1.131803
                0x0000000000084ec0                vAHI_OptimiseWaitStates
                0x0000000000084f0c                bAHI_GetClkSource
                0x0000000000084f19                vAHI_SwReset
                0x0000000000084f49                vAHI_DioSetOutput
                0x0000000000084f5d                vAHI_DioSetDirection
                0x0000000000084f71                vEcbEncodeStripe.131278
                0x0000000000084fc8                bIssueACIcommand
                0x0000000000085192                AESSW_vHMAC_MMO.constprop.114
                0x000000000008522a                MAC_u64GetExtAddr
                0x0000000000085245                psSearchForFrameToSend
                0x000000000008529c                eMiniMac_FrameInProgress
                0x00000000000852c7                vRemoveFromTxQueue
                0x0000000000085303                vAddToTxQueue
                0x0000000000085339                u8GetHeaderSize
                0x0000000000085361                vMiniMac_PLME_SetReq_CcaMode
                0x0000000000085375                vMiniMac_MLME_SetReq_MaxCsmaBackoffs
                0x0000000000085395                vMiniMac_MLME_SetReq_MaxBe
                0x00000000000853b8                vMiniMac_MLME_SetReq_MinBe
                0x00000000000853db                zps_vSendJoinInd
                0x000000000008544c                zps_psNwkSlistRemoveFromHead
                0x0000000000085463                zps_psNwkSlistRemove
                0x000000000008549b                zps_bNwkMcpsMgrRemoveDescrFromLists
                0x00000000000854d9                zps_vNwkSlistAddToTail
                0x00000000000854f3                ZPS_vNwkSecResetDevice
                0x0000000000085538                ZPS_bNwkSecHaveNetworkKey
                0x000000000008556c                ZPS_bNwkSecFindMatSet
                0x00000000000855a8                ZPS_u8NwkNibNtDiscMatch
                0x000000000008568c                ZPS_bNwkNibNtActvMatch
                0x0000000000085744                ZPS_u64NwkNibFindExtAddr
                0x00000000000857ef                ZPS_u16NwkNibFindNwkAddr
                0x0000000000085895                bCheckNwkAddr
                0x00000000000858e3                zps_vNwkFreeMcpsHandle
 .text.unlikely
                0x000000000008590d       0xc8 C:\Users\1\AppData\Local\Temp\ccHOL6D4.ltrans2.ltrans.o
                0x0000000000085922                vAHI_MemoryHold.131501
 .text          0x00000000000859d5      0xee7 C:\Users\1\AppData\Local\Temp\ccHOL6D4.ltrans3.ltrans.o
                0x00000000000859d5                vZdoServersInit.2866
                0x0000000000085b0c                boIdValueSearchMatch.110456
                0x0000000000085b66                u16ZCL_APduInstanceWriteNBO
                0x0000000000085c10                u16ZCL_APduInstanceReadNBO
                0x0000000000085cf5                u16ZCL_ReadCommandHeader.part.0.34811
                0x0000000000085d6c                u16ZCL_APduInstanceWriteStringNBO
                0x0000000000085e33                u16ZCL_APduInstanceReadStringNBO.part.3.32025
                0x0000000000085f0c                eZCL_GetAttributeTypeSizeFromBuffer
                0x0000000000085f83                u16ZCL_GetTxPayloadSize
                0x0000000000085fc3                u8ZdoBindUnbindServerUnpackApdu
                0x0000000000086012                PWRM_vWakeInterruptCallback
                0x0000000000086099                u16PDM_CalculateRecordChecksum
                0x000000000008613c                vPDM_WriteFileSystemRecordAndSegmentDataIntoEEPROMsegment
                0x0000000000086177                ZPS_eTsvOpen
                0x0000000000086191                ZPS_bIsMacAddressUsedInApsTable
                0x0000000000086247                sEZ_GetDiscEntry.7847
                0x0000000000086288                iPDM_FilterDuplicateAppendedSegmentsOnList.111628
                0x00000000000862cc                zps_vNwkBttMgrInit
                0x00000000000862fa                ZPS_vNwkNibClearTables
                0x000000000008641b                vMicroIntEnableOnly.constprop.131
                0x0000000000086447                vSetChannelAndPower
                0x00000000000865e7                vMiniMac_PLME_SetReq_Power
                0x00000000000865fb                vMiniMac_PLME_SetReq_Channel
                0x0000000000086603                TSV_eStart
                0x0000000000086653                iAHI_WriteDataIntoEEPROMsegment.constprop.126
                0x00000000000866a1                vACI_OptimisedCcmStar.constprop.124
                0x000000000008688c                vTransformKey.isra.0.60001
 .text          0x00000000000868bc     0x1358 C:\Users\1\AppData\Local\Temp\ccHOL6D4.ltrans4.ltrans.o
                0x00000000000868bc                vNwkMcpsTimerCallback
                0x00000000000868d6                zps_eSceGenlIllegal
                0x00000000000868dd                zps_eSmeGenlIllegal
                0x00000000000868e4                DBG_vUartFailedAssert
                0x00000000000868e8                zps_bAplZdoBindRequestServer
                0x0000000000086a23                psGetVsMcpsBuf.71506
                0x0000000000086a2c                psGetMlmeBuf.71499
                0x0000000000086a73                psGetNlmeBuf.54449
                0x0000000000086a7d                psGetNldeBuf.54470
                0x0000000000086a87                psGetApsmeBuf.54456
                0x0000000000086a90                psGetApsdeBuf.54463
                0x0000000000086ba9                vLoopbackTimerCallback
                0x0000000000086bd8                ZPS_u64NwkNibGetMappedIeeeAddr
                0x0000000000086bfa                ZPS_vSetExtendedStatus
                0x0000000000086c0c                zps_psApsApsAllocateDcfmRecord
                0x0000000000086c7a                zps_u8CalcLinkCost
                0x0000000000086cb6                zps_u64NwkLibFromPayload
                0x0000000000086cf5                zps_vNwkLibU64ToPayload
                0x0000000000086d22                zps_vInitBeaconPayload
                0x0000000000086d9e                zps_eNwkDcfmIndPost
                0x0000000000086dc0                zps_psNwkDcfmIndGetBuf
                0x0000000000086de2                zps_vSendNwkStatusInd
                0x0000000000086e12                DBG_vInit
                0x0000000000086e54                vPDM_ReadBitmapHeader.111313
                0x0000000000086e73                psSLISTsearch
                0x0000000000086eb3                psSLISTremove
                0x0000000000086f31                vSLISTaddToTail
                0x0000000000086f50                psSLISTgetNext
                0x0000000000086f74                u8PDM_CalculateLargestDataRecordStored
                0x0000000000086fa5                bPDM_ImageBitmapRepairCheck
                0x0000000000086fcd                u8PDM_ReadSequenceNumber
                0x0000000000086ff0                boSegmentNumberDeleteSearchMatch.110883
                0x000000000008700b                u8PDM_ReadSegmentDataSize
                0x000000000008701f                u32PDM_ReadFileSystemHeaderWearCount
                0x0000000000087035                boSearchForWearCountSubstitute.111199
                0x000000000008705b                boSearchForWearCountInsertPoint.110452
                0x0000000000087079                vPDM_WriteFileSystemHeaderWearCount
                0x000000000008708b                RND_u32GetRand256
                0x00000000000870a8                RND_u32GetRand
                0x00000000000870cf                u16CalculateFailedTxCount.87207
                0x00000000000870f9                vZdoIeeeAddrServerSendExtendResponse.part.0.75327
                0x000000000008715a                vZdoNwkAddrServerSendExtendResponse.part.0.74147
                0x00000000000871bb                zps_bAplZdoServerHandleConfirmAcks
                0x0000000000087205                zps_bPerformLeaveActionDecider
                0x000000000008720a                vHandleUpdateDeviceIndication.63515
                0x0000000000087234                u32GetScanChannels.63502
                0x000000000008725f                bDuplicateCheck.59882
                0x000000000008736c                bIsBindTableMatch.58450
                0x00000000000873bd                eRemoveEntryInBindingTable.58478
                0x000000000008743c                zps_vAplApsFillAndPostApsAck
                0x00000000000874a6                zps_u8AplApsFreeMsgHandle
                0x0000000000087510                u8BlocksToSendInWindow.55946
                0x0000000000087562                vFillDataIndStruct.54316
                0x00000000000875c0                vFillApduErrorEvent.54309
                0x0000000000087603                bCheckProfile.54304
                0x0000000000087641                ZPS_bIsGroupPresent
                0x0000000000087679                pdum_u16ReadNBO
                0x00000000000877da                PDUM_u16SizeNBO
                0x0000000000087838                PDUM_u16APduInstanceWriteStrNBO
                0x00000000000879b7                PDUM_eNPduReadHeaderNBO
                0x0000000000087a0a                PDUM_u16APduInstanceReadNBO
                0x0000000000087a55                PDUM_eNPduPrependHeaderNBO
                0x0000000000087ab0                PDUM_eNPduAppendDataNBO
                0x0000000000087b0d                PDUM_u16APduInstanceWriteNBO
                0x0000000000087b77                PDUM_thAPduInstanceGetApdu
                0x0000000000087b92                PDUM_eAPduInstanceSetPayloadSize
                0x0000000000087bba                PDUM_eNPduWriteDataFromBuffer
 .text          0x0000000000087c14     0x11a3 C:\Users\1\AppData\Local\Temp\ccHOL6D4.ltrans5.ltrans.o
                0x0000000000087c14                DBG_vUartFlush
                0x0000000000087c41                DBG_vUartPutch
                0x0000000000087c87                os_u32APP_cbGetTickTimer
                0x0000000000087c90                os_bAPP_cbSetTickTimerCompare
                0x0000000000087cec                vRadioToOff
                0x0000000000087d09                vStartReceive
                0x0000000000087d25                vMiniMac_NextTransaction
                0x0000000000087d8f                eTransmit
                0x0000000000087ea9                vMiniMac_TxComplete
                0x00000000000880e2                vTimerFired
                0x000000000008819a                vMiniMac_Init
                0x0000000000088554                vDispatch.51218
                0x0000000000088626                OS_eStartSWTimer.constprop.136
                0x0000000000088745                OS_eStopSWTimer
                0x0000000000088868                vStartStopTimer
                0x0000000000088893                vStopAllTimers
                0x00000000000888c5                OS_ePostMessage
                0x0000000000088a2b                OS_eActivateTask
                0x0000000000088ac6                vPostMlmeDcfmInd.71502
                0x0000000000088b69                iPDM_ReadSegmentHeaderDataFromEEPROMsegment
                0x0000000000088bc2                iPDM_ReadUserDataFromEEPROMsegment
                0x0000000000088c3c                iPDM_ReCalculateWearCountAndChecksumAndWriteFileSystemHeader
                0x0000000000088c86                vPDM_SetEEPROMandFileSystemValidState
                0x0000000000088cad                iPDM_ReadUserDataFromFileSystemRecord
                0x0000000000088ccd                u16ZCL_WriteAttributeValueIntoBuffer
                0x0000000000088d3f                u16ZCL_WriteCommandHeader
 .text          0x0000000000088db7     0x12ca C:\Users\1\AppData\Local\Temp\ccHOL6D4.ltrans6.ltrans.o
                0x0000000000088db7                PDUM_hAPduAllocateAPduInstance
                0x0000000000088e2b                zps_eAplZdoSendZdpResponse
                0x0000000000088e74                bSendResponse.86018
                0x0000000000088eb7                PDUM_eAPduFreeAPduInstance
                0x0000000000088f3a                zps_bAplZdoMatchDescServer.part.0.76524
                0x00000000000891f6                zps_bAplZdoNodeDescServer
                0x0000000000089362                zps_bAplZdoSimpleDescServer
                0x00000000000895c3                zps_bAplZdoPowerDescServer
                0x00000000000896e0                zps_bAplZdoActiveEpServer
                0x00000000000897c9                zps_bAplZdoSystemServerDiscoveryServer
                0x0000000000089852                zps_bAplZdoMgmtLqiServer
                0x0000000000089a7e                zps_vFragmentWindowTimeout.54300
                0x0000000000089ae5                zps_vAplApsFragTransmitNotifyApp.57016
                0x0000000000089b81                PDM_eReadDataFromRecord.part.0.109695
                0x0000000000089c04                vLoadAplRecord.63542
                0x0000000000089c76                ZPS_pvNwkCtor.part.0.113594
                0x0000000000089f5f                eCopyFragmentToApdu.isra.0.54345
 *fill*         0x000000000008a081        0x3 00
 .text          0x000000000008a084      0xfdc C:\Users\1\AppData\Local\Temp\ccHOL6D4.ltrans7.ltrans.o
                0x000000000008a0ba                OS_eExitCriticalSection
                0x000000000008a19f                ZPS_eTsvStart
                0x000000000008a1fa                zps_vAplApsCheckAndStartPollTimer
                0x000000000008a259                zps_eAplZdoBdrmRequestSend
                0x000000000008a2d4                zps_eNwkHandleSceNwkUpdate
                0x000000000008a2f8                vProcessTimedList.115416
                0x000000000008a33e                zps_vAplAfPostTimerEvent
                0x000000000008a38d                zps_vNwkJoinStStartResponseTimer
                0x000000000008a3c7                ZPS_eTsvStop
                0x000000000008a41b                zps_eNwkBtrMatch
                0x000000000008a4a8                zps_vAplApsStopPollTimer
                0x000000000008a537                bHasTimerFired.48525
                0x000000000008a5a1                eZCL_SetReceiveEventAddressStructure.part.0.42552
                0x000000000008a60e                dbg_vPrintfImplNoneVerbose
                0x000000000008aa95                pwrm_Wakeup.3478
                0x000000000008ac3b                app_UartSendMesg
                0x000000000008ac5d                vExtendedStatusCallBack.3471
                0x000000000008ac68                pwrm_PreSleep.3482
                0x000000000008acc9                vOSError
                0x000000000008ad20                os_vvDeviceStateIndicatorTask
                0x000000000008adb8                os_vvISR_SystemController
                0x000000000008ae1e                os_vAPP_ButtonsScanTask
                0x000000000008ae6c                DBG_vDumpStack
                0x000000000008aeae                vUnclaimedInterrupt
                0x000000000008aec3                Uart_TxCMDData.3168
                0x000000000008afce                eZCL_BuildTransmitAddressStructure
                0x000000000008b03b                eCLD_IASZoneUpdateZoneID
                0x000000000008b04d                eCLD_IASZoneUpdateZoneState
 .text          0x000000000008b060      0xecf C:\Users\1\AppData\Local\Temp\ccHOL6D4.ltrans8.ltrans.o
                0x000000000008b111                eBeaconReqSent.129866
                0x000000000008b138                zps_bAplZdoMatchDescServer
                0x000000000008b14c                PWRM_vManagePower
                0x000000000008b2c2                zps_vSendJoinDcfm
                0x000000000008b308                vGiveUp.124873
                0x000000000008b340                ZPS_bSecEncrypt
                0x000000000008b4f6                PDUM_eNPduAllocate
                0x000000000008b565                vMiniMac_McpsCallback
                0x000000000008b791                zps_u8AplApsConstructAndPostLoopBackDataInd.57060
                0x000000000008b8ca                u8PostUnicastMsgToNHLE.57068
                0x000000000008b903                PDUM_eNPduClone
                0x000000000008b94f                PDUM_eNPduFree
                0x000000000008b9bc                zps_vHandleExtendedDataAckFrame
                0x000000000008baa0                vPostVsMcpsDcfmInd.71509
                0x000000000008bb89                zps_vNwkMcpsMgrFreeReqDescr
                0x000000000008bbbb                zps_psAllocateAndFormatMacHdr
                0x000000000008bd0e                zps_psNwkInitCmdFrame
                0x000000000008bddb                zps_vNwkRemoveConflictedBroadcast
                0x000000000008be2d                zps_vNwkMcpsMgrTidyBtrReqDescr
                0x000000000008be71                vNwkBttTimerExpiry.120586
                0x000000000008bef3                hZCL_AllocateAPduInstance
 .text          0x000000000008bf2f      0xbaa C:\Users\1\AppData\Local\Temp\ccHOL6D4.ltrans9.ltrans.o
                0x000000000008bf2f                zps_bAplZdoIeeeAddrServer
                0x000000000008c085                zps_bAplZdoNwkAddrServer
                0x000000000008c206                eMcpsTxCompleteHandler.128719
                0x000000000008c234                vPDM_AddFileSystemElementToListInAscendingWearCountOrder
                0x000000000008c342                vPDM_MoveAllDataFromListToList
                0x000000000008c380                vPDM_MoveAllDataToDeAllocList
                0x000000000008c3a8                vPDM_MoveAllDataWithBufferIdFromListToList
                0x000000000008c42d                vPDM_DeleteAllSegmentsWithIdFromFileSystemList.constprop.51
                0x000000000008c46f                vPDM_MoveFileRecordFromListToList
                0x000000000008c492                vPDM_MoveRecordToDeAllocList
                0x000000000008c4b2                vPDM_DeleteAppendedSequence
                0x000000000008c557                iPDM_WriteSegmentHeaderAndData
                0x000000000008c753                iPDM_SegmentCopyAndAppendData.constprop.119
                0x000000000008c7b0                iPDM_ReconstructReplacedDataTable
                0x000000000008c93d                iPDM_ReplaceChangedSegmentInSequence
                0x000000000008ca2f                eMakeEntryInBindingTable.58496
 *fill*         0x000000000008cad9        0x3 00
 .text          0x000000000008cadc      0xf1c C:\Users\1\AppData\Local\Temp\ccHOL6D4.ltrans10.ltrans.o
                0x000000000008cadc                vMcpsMgrExpiry.115404
                0x000000000008cd6b                zps_eStartFragmentedTransmission
                0x000000000008cf5d                zps_vAplApsmeCmdMgrRetryTimeout.58442
                0x000000000008cf86                vMiniMac_MlmeCallback
                0x000000000008d273                vPollConfirm.130065
                0x000000000008d28a                ZPS_vNwkResetOutgoingFrameCounter
                0x000000000008d2de                zps_vSendExtendedAckDataFrame.54339
                0x000000000008d3f1                eUnfragmentedUnicastTransmission.57043
                0x000000000008d6e9                zps_eAplSendApsmeCmdFrame
                0x000000000008d889                zps_eAplApsmeUpdateDeviceReqRsp.part.4.58607
 .text          0x000000000008d9f8      0xee0 C:\Users\1\AppData\Local\Temp\ccHOL6D4.ltrans11.ltrans.o
                0x000000000008dae4                vIncrementFrameCounterInPdm.isra.0.116752
                0x000000000008dcc3                vProcessListsForSubmission.115502
                0x000000000008e07f                zps_eNwkHandleSdeActvDcfmData
                0x000000000008e166                iPDM_VerifyDataSequenceWithBufferId
                0x000000000008e208                Uart_Task_Init
                0x000000000008e489                vSaveIASZoneAttributes
                0x000000000008e4c8                APP_ZCL_cbEndpointCallback.7572
 .text          0x000000000008e8d8      0xfe1 C:\Users\1\AppData\Local\Temp\ccHOL6D4.ltrans12.ltrans.o
                0x000000000008e960                zps_eAplApsmeBindReqRsp
                0x000000000008ea3a                zps_eAplApsmeUnBindReqRsp
                0x000000000008eaa0                bAplZdoBindUnbindServerProcessApdu
                0x000000000008ec62                vHandleJoinedNwk.8094
                0x000000000008ecbd                zps_bNwkFindAddIeeeAddr
                0x000000000008ee3b                zps_psFindKeyDescr
                0x000000000008ef67                zps_eAplSecEncryptPacket
                0x000000000008f059                ZPS_bNwkNibAddrMapAddEntry
                0x000000000008f220                zps_sNwkNibNtCheckJoin
                0x000000000008f4a6                zps_vNwkHandleCmeDirectJoinReq
                0x000000000008f520                zps_vJoinInitNtParent
                0x000000000008f676                zps_vCheckActvNtForDuplicate
                0x000000000008f70e                eSmeOrphScanDcfm.125315
                0x000000000008f786                eCheckAddrConflict.isra.3.114758
                0x000000000008f81c                zps_vSaveAllZpsRecords
                0x000000000008f83c                vAplSecRemoveLinkKey.63608
 *fill*         0x000000000008f8b9        0x3 00
 .text          0x000000000008f8bc      0xcf0 C:\Users\1\AppData\Local\Temp\ccHOL6D4.ltrans13.ltrans.o
                0x000000000008f928                vAplSecAuthPollTimerExpiry.63492
                0x000000000008f980                vAplSecAuthTimerExpiry.63496
                0x000000000008fa50                os_vAPP_PollTask
                0x000000000008fa9e                APP_ZCL_cbGeneralCallback.7575
                0x000000000008fcff                vPostApsdeDcfmInd.54466
                0x000000000008ff07                eJoinNetwork.63555
                0x000000000008ffb8                eDiscoverNetworks.63562
                0x0000000000090014                eStartNetworkDiscovery.63569
                0x000000000009007e                eStartRouter.63579
                0x000000000009014d                vPostApsmeDcfmInd.54459
 .text          0x00000000000905ac      0xd78 C:\Users\1\AppData\Local\Temp\ccHOL6D4.ltrans14.ltrans.o
                0x00000000000906e3                vZdoBdrmSendNextTimedRequest
                0x000000000009096c                zps_bAplZdoBindUnbindServer
                0x0000000000090a78                zps_bAplZdoDefaultServer
                0x0000000000090cd9                zps_eZdpNwkAddrResponse
                0x0000000000090dbc                zps_eZdpIeeeAddrResponse
                0x0000000000090e9f                eAplAfCommonDataReq.52939
                0x0000000000090f66                eZCL_TransmitDataRequest
 .text          0x0000000000091324      0xd58 C:\Users\1\AppData\Local\Temp\ccHOL6D4.ltrans15.ltrans.o
                0x0000000000091324                zps_eZdpNodeDescResponse
                0x00000000000913cc                zps_eZdpSimpleDescResponse
                0x00000000000914d9                zps_eZdpPowerDescResponse
                0x0000000000091576                zps_eZdpActiveEpResponse
                0x000000000009160c                zps_eZdpMatchDescResponse
                0x00000000000916a2                zps_eZdpSystemServerDiscoveryResponse
                0x0000000000091711                zps_eAplZdpMgmtLqiResponse
                0x00000000000918ab                zps_bAplZdoMgmtBindServer
                0x0000000000091a91                zps_bAplZdoMgmtNWKUpdateServer
                0x0000000000091f09                zps_bAplZdoZdoClient
                0x0000000000092019                zps_eAplZdpBindResponse
                0x000000000009203a                zps_eZdpUnbindResponse
                0x000000000009205b                zps_eZdpMgmtLeaveResponse
 *fill*         0x000000000009207c        0x0 00
 .text          0x000000000009207c      0xe74 C:\Users\1\AppData\Local\Temp\ccHOL6D4.ltrans16.ltrans.o
                0x000000000009207c                vStartScanTimerExpiry.87203
                0x00000000000920b8                zps_vAplApsPollTimer
                0x0000000000092160                zps_eNwkSendJoinResponse
                0x00000000000923b5                zps_eProcessAddrConflict
                0x0000000000092562                zps_eNwkHandleSceNwkStatus
                0x000000000009267b                eEZ_UpdateEZState
                0x0000000000092832                vHandleAppEvent.isra.0.5372
                0x000000000009295b                app_vStartNodeFactoryNew
                0x00000000000929a7                vHandleJoinAndRejoinNWK.5381
 .text          0x0000000000092ef0      0xc24 C:\Users\1\AppData\Local\Temp\ccHOL6D4.ltrans17.ltrans.o
                0x0000000000092ef0                os_vzps_taskZPS
                0x0000000000093119                vBbcIntHandler.128518
                0x00000000000933e2                os_vzps_isrMAC
                0x0000000000093421                eAssocRespSent.129427
                0x0000000000093440                zps_vNwkHandleCmeSyncReq
                0x00000000000934c2                zps_vNwkHandleCmeNwkDiscReq
                0x000000000009353c                zps_vNwkHandleCmeEdScanReq
                0x00000000000936d3                zps_vNwkHandleCmeNwkJoinReq
                0x0000000000093991                zps_vNwkHandleCmeNwkActvJoinReq
                0x000000000009399d                vHandleRejoinExpiry.124869
                0x00000000000939fc                zps_eRejoinDataDcfm
 .text          0x0000000000093b14      0xdde C:\Users\1\AppData\Local\Temp\ccHOL6D4.ltrans18.ltrans.o
                0x0000000000093b14                zps_eNwkHandleSmeAssocInd
                0x0000000000093c7a                eTryNextParent
                0x0000000000093e92                vCheckSleepingSendPoll.part.1.125417
                0x0000000000093efc                vSdeHandleMcpsDataInd.115482
                0x00000000000945ec                ZPS_vNwkNibCheckAndUpdateAddresses
                0x0000000000094688                zps_bAplZdoDeviceAnnceServer
 *fill*         0x00000000000948f2        0x2 00
 .text          0x00000000000948f4      0xe88 C:\Users\1\AppData\Local\Temp\ccHOL6D4.ltrans19.ltrans.o
                0x0000000000094c9e                vSendMlmeCommStatusFromTxFrame
                0x0000000000094cf4                MAC_vHandleMlmeVsReqRsp.constprop.96
                0x000000000009522b                vScanBeaconReceived
                0x000000000009526b                vRunningRxCallback
                0x000000000009556b                vPostDcfm.129881
                0x00000000000955d4                vScanNextChannel.129887
 .text          0x000000000009577c      0xa7c C:\Users\1\AppData\Local\Temp\ccHOL6D4.ltrans20.ltrans.o
                0x000000000009577c                os_vAPP_cbEnableTickTimer
                0x00000000000957fc                os_vAPP_cbDisableTickTimer
                0x0000000000095840                vRetryCcaFailure
                0x0000000000095895                eOrphanNotificationSent.129862
                0x000000000009594e                DBG_vUartInitHardware
                0x0000000000095a21                eCLD_BasicCommandHandler
                0x0000000000095a44                eZCL_SearchForClusterEntry
                0x0000000000095ab9                eZCL_FindCluster
                0x0000000000095b0a                vCLD_IdentifyTimerClickCallback.15371
                0x0000000000095b85                User_Uart_Init
                0x0000000000095c0b                ZPS_bSecDecrypt
                0x0000000000095d1d                boPDM_IsBitmapSaturated.111348
                0x0000000000095d66                vDLISTaddToHead
                0x0000000000095d8f                vDLISTaddToTail
                0x0000000000095db2                psDLISTremove
                0x0000000000095e14                eZCL_SearchForAttributeEntry
                0x0000000000095ead                eZCL_WriteLocalAttributeValue.constprop.108
                0x0000000000095f77                eZCL_ReadLocalAttributeValue.constprop.23
                0x000000000009603d                iPDM_SearchForBufferIdInList
                0x0000000000096072                iPDM_SearchForBufferIdInFileSystem
                0x0000000000096085                iPDM_ReadUserDataFromSegmentWithId
                0x00000000000960ba                iPDM_SearchForSpecificSegmentInList
                0x00000000000960ec                psGetTxFrameBuffer
                0x000000000009612b                psGetAndBuildCoordRealignment
                0x0000000000096183                eBuildAndSend.129870
 .text          0x00000000000961f8      0xc4d C:\Users\1\AppData\Local\Temp\ccHOL6D4.ltrans21.ltrans.o
                0x00000000000961f8                PDM_eSaveRecordData
                0x000000000009662d                zps_vAplSaveRecord
                0x00000000000966ce                ZPS_vNwkSaveRecord
                0x00000000000966fa                ZPS_vRemoveEntryFromAddressMap
                0x0000000000096743                ZPS_vNwkSaveAllRecords
                0x000000000009675a                zps_eNwkHandleSceRejnResponse
                0x00000000000967c3                ZPS_vNwkNibSetExtPanId
                0x00000000000967e8                vFinish.125305
                0x0000000000096830                ZPS_vNwkNibSetKeySeqNum
                0x0000000000096843                ZPS_vNwkNibSetDepth
                0x000000000009686c                ZPS_vNwkNibSetPanId
                0x0000000000096889                vHandleNwkRemoteUpdateAfterBcast.114552
                0x0000000000096905                ZPS_vNwkNibSetCapabilityInfo
                0x0000000000096932                ZPS_vNwkNibSetChannel
                0x000000000009694a                ZPS_vNwkSaveNt
                0x000000000009695e                ZPS_vNwkPurgeMacAddressAndRelatedEntries
                0x0000000000096a64                ZPS_vNtSetUsedStatus
                0x0000000000096b0b                zps_eNwkHandleSmeCommStatusInd
                0x0000000000096c4b                eUnsolicitedRejoinRspDataDcfm.114556
                0x0000000000096c76                eRejoinRspDataDcfm.124123
                0x0000000000096d45                ZPS_vNwkSaveSecMat
                0x0000000000096d59                vPDM_MoveAllDataWithBufferIdAndStateFromListToList
                0x0000000000096de4                vPDM_ImageBitmapRepair.110371
 .text          0x0000000000096e45      0xe2d C:\Users\1\AppData\Local\Temp\ccHOL6D4.ltrans22.ltrans.o
                0x0000000000096e45                os_bDummyMemberCheck.51228
                0x0000000000096e4a                os_vDefaultErrorHook.51224
                0x0000000000096e4d                vScheduleSleep
                0x0000000000096e50                os_vAPP_PIRTask
                0x0000000000096e53                os_bStrictCheck.1358
                0x000000000009717e                PDUM_eNPduWriteDataToBuffer
                0x00000000000971dc                PDUM_eNPduWriteFromBuffer
                0x0000000000097205                PDUM_eNPduDescend
                0x000000000009722b                PDUM_eNPduAscend
                0x0000000000097251                PDUM_eNPduClaimData
                0x00000000000972be                PDUM_eNPduClaimHeader
                0x00000000000972e1                PDUM_eNPduInitDescending
                0x00000000000972fc                OS_eEnterCriticalSection
                0x00000000000973c4                eExpireSWTimer.51237
                0x000000000009742f                vEnterErrorHook.51220
                0x0000000000097456                OS_eCollectMessage
                0x000000000009751b                OS_eGetSWTimerStatus
                0x000000000009755d                eZCL_SearchForEPentry
                0x00000000000975a5                eZCL_SearchForEPentryAndCheckManufacturerId
                0x00000000000975e3                vZCL_PassEventToUser
                0x0000000000097610                eZCL_DoesAttributeHaveReportableChange
                0x000000000009762d                eZCL_GetAttributeReportableEntry
                0x00000000000976e5                vZCL_AlignNumericAttributeValueTo64.47988
                0x00000000000977f4                u8GetTransactionSequenceNumber
                0x0000000000097806                eZCL_GetAttributeTypeSize
                0x0000000000097825                vZCL_MarkAttributeInvalid
                0x00000000000978f4                u8ZCL_GetAttributeAllignToFourBytesBoundary
                0x0000000000097909                pvZCL_GetAttributePointer
                0x000000000009797f                eZCL_StoreChangeAttributeValue
                0x0000000000097a1e                u16ZCL_GetStringStructureSize
                0x0000000000097a5b                u16ZCL_GetStringAttributeTypeSizeFromBuffer
                0x0000000000097acc                u16ZCL_GetStringSizeAndBufferFromStructure
                0x0000000000097b5b                eZCL_GetAttributeTypeSizeFromStructure
                0x0000000000097bd4                Linkkey_Calculate.3149
 .text          0x0000000000097c72      0xc17 C:\Users\1\AppData\Local\Temp\ccHOL6D4.ltrans23.ltrans.o
                0x0000000000097c72                vReportTimerClickCallback
                0x0000000000098079                eZCL_SendDefaultResponse
                0x0000000000098178                vZCL_HandleAttributesWriteRequest
                0x0000000000098608                eZCL_CustomCommandReceive.part.0.30887
                0x000000000009877e                eCLD_IASZoneCommandHandler
 .text          0x0000000000098889      0xbcc C:\Users\1\AppData\Local\Temp\ccHOL6D4.ltrans24.ltrans.o
                0x0000000000098a7a                ZPS_vNwkHandleNlmeReqRsp
                0x0000000000098af4                zps_vAplAfPostEvent
                0x0000000000098c63                zps_vHandleApsdeDataFragInd
                0x0000000000099103                zps_eAplZdoNlmeleaveWrapper
                0x0000000000099181                zps_bAplZdoMgmtLeaveServer
                0x0000000000099301                vChangeChannelTimerExpiry.87199
                0x0000000000099370                eLeaveReset.126292
                0x00000000000993db                eLeaveDataDcfmLocalLeave.126297
 *fill*         0x0000000000099455        0x3 00
 .text          0x0000000000099458      0xc9c C:\Users\1\AppData\Local\Temp\ccHOL6D4.ltrans25.ltrans.o
                0x000000000009964b                vPostNldeDcfmInd.54473
 .text          0x000000000009a0f4      0xa04 C:\Users\1\AppData\Local\Temp\ccHOL6D4.ltrans26.ltrans.o
                0x000000000009a0f4                eRejoinNetwork.63529
                0x000000000009a198                zps_eAplZdoRejoinNetwork
                0x000000000009a213                vAttemptDiscovery.8124
                0x000000000009a322                vPostNlmeDcfmInd.54452
                0x000000000009aa15                vEZ_JoinSavedNetwork.7877
                0x000000000009aad2                vHandleJoinFailed.8100
 .text          0x000000000009aaf8      0xc00 C:\Users\1\AppData\Local\Temp\ccHOL6D4.ltrans27.ltrans.o
                0x000000000009aaf8                vMcpsMgrTimeoutExpiry
                0x000000000009ab67                zps_vNwkMcpsMgrPost
                0x000000000009ab8c                zps_psSendFrm.constprop.122
                0x000000000009ad91                ZPS_vNwkHandleNldeReqRsp
                0x000000000009af83                zps_psNwkSendRejoinReqCmd.constprop.6
                0x000000000009afe5                zps_u8NwkHandleRejoinReq
                0x000000000009b0b9                zps_vProcessLocalAddrConflict.part.0.114561
                0x000000000009b0f3                vContinueRejoin.124119
                0x000000000009b216                zps_vNwkHandleCmeLeaveReq
                0x000000000009b27e                zps_eNwkHandleSceLeave
                0x000000000009b404                zps_psSendNetworkStatusCmd
                0x000000000009b47c                zps_eDefaultDataDcfm
                0x000000000009b61e                vSendNetworkReport.114548
 *fill*         0x000000000009b6f8        0x0 00
 .text          0x000000000009b6f8      0xdc4 C:\Users\1\AppData\Local\Temp\ccHOL6D4.ltrans28.ltrans.o
                0x000000000009bcbf                os_vAPP_taskuart
                0x000000000009c17d                os_vAPP_ZHA_Switch_Task
 .text          0x000000000009c4bc      0x8a8 C:\Users\1\AppData\Local\Temp\ccHOL6D4.ltrans29.ltrans.o
                0x000000000009c4bc                AppWarmStart
                0x000000000009c4d6                AppColdStart
                0x000000000009c780                os_vUnclaimedInterrupt
                0x000000000009c792                os_vControlledIntCheck
                0x000000000009c7d7                os_vControlledInterrupt
                0x000000000009c810                os_vAPP_isrIllegalInstructionException
                0x000000000009c826                os_vAPP_isrAlignmentException
                0x000000000009c83c                os_vAPP_isrBusErrorException
                0x000000000009c852                os_vAPP_isrUnimplementedModuleException
                0x000000000009c868                os_vAPP_isrStackOverflowException
                0x000000000009c87e                os_vAPP_isrTickTimer
                0x000000000009c96e                os_vvISR_Uart1
 .text          0x000000000009cd64      0x4f3 C:\Users\1\AppData\Local\Temp\ccHOL6D4.ltrans30.ltrans.o
                0x000000000009cd64                ZPS_vAplHandleApsdeReqRsp
                0x000000000009d18d                zps_eAplZdpApsdeReqInternal
                0x000000000009d1fc                zps_eAplZdpGenStatusOnlyResponse
 .text          0x000000000009d257      0x352 C:\Users\1\AppData\Local\Temp\ccHOL6D4.ltrans31.ltrans.o
                0x000000000009d257                eCLD_IdentifyCommandHandler
                0x000000000009d404                os_vZCL_Task
                0x000000000009d556                zps_eAplAfApsdeDataReq
 .text          0x000000000009d5a9       0x25 c:/nxp/bstudio_nxp/workspace/sdk/tools/ba-elf-ba2-r36379/bin/../lib/gcc/ba-elf/4.7.4/../../../../ba-elf/lib/mcpu_jn51xx_sizeopt\libc.a(lib_a-memcmp.o)
                0x000000000009d5a9                memcmp
 .text          0x000000000009d5ce       0x19 c:/nxp/bstudio_nxp/workspace/sdk/tools/ba-elf-ba2-r36379/bin/../lib/gcc/ba-elf/4.7.4/../../../../ba-elf/lib/mcpu_jn51xx_sizeopt\libc.a(lib_a-memcpy.o)
 .text          0x000000000009d5e7       0x12 c:/nxp/bstudio_nxp/workspace/sdk/tools/ba-elf-ba2-r36379/bin/../lib/gcc/ba-elf/4.7.4/../../../../ba-elf/lib/mcpu_jn51xx_sizeopt\libc.a(lib_a-memset.o)
                0x000000000009d5e7                memset
 *fill*         0x000000000009d5f9        0x3 00
 .text          0x000000000009d5fc      0x204 c:/nxp/bstudio_nxp/workspace/sdk/tools/ba-elf-ba2-r36379/bin/../lib/gcc/ba-elf/4.7.4/mcpu_jn51xx_sizeopt\libgcc.a(__udivsi3.o)
                0x000000000009d5fc                __udivsi3
 .text          0x000000000009d800       0x30 c:/nxp/bstudio_nxp/workspace/sdk/tools/ba-elf-ba2-r36379/bin/../lib/gcc/ba-elf/4.7.4/mcpu_jn51xx_sizeopt\libgcc.a(__divsi3.o)
                0x000000000009d800                __divsi3
 .text          0x000000000009d830      0x1b0 c:/nxp/bstudio_nxp/workspace/sdk/tools/ba-elf-ba2-r36379/bin/../lib/gcc/ba-elf/4.7.4/mcpu_jn51xx_sizeopt\libgcc.a(__umodsi3.o)
                0x000000000009d830                __umodsi3
 .text          0x000000000009d9e0       0x24 c:/nxp/bstudio_nxp/workspace/sdk/tools/ba-elf-ba2-r36379/bin/../lib/gcc/ba-elf/4.7.4/mcpu_jn51xx_sizeopt\libgcc.a(__modsi3.o)
                0x000000000009d9e0                __modsi3
 .text          0x000000000009da04      0x350 c:/nxp/bstudio_nxp/workspace/sdk/tools/ba-elf-ba2-r36379/bin/../lib/gcc/ba-elf/4.7.4/mcpu_jn51xx_sizeopt\libgcc.a(_udivdi3.o)
                0x000000000009da04                __udivdi3
 *fill*         0x000000000009dd54        0x4 00
 .text          0x000000000009dd58      0x198 c:/NXP/bstudio_nxp/workspace/JN-AN-1201-YCL/JN-AN-1201-ZigBee-Intruder-Alarm-System/ZONE/Build/os_irq.o
                0x000000000009dd58                os_ExternalException_W
                0x000000000009dd9c                os_PIC_ChannelPriorities
                0x000000000009ddac                os_OSMIUM_HwVectTable
                0x000000000009dde8                os_PIC_SwVectTable
 .text          0x000000000009def0       0x29 c:/NXP/bstudio_nxp/workspace/JN-AN-1201-YCL/JN-AN-1201-ZigBee-Intruder-Alarm-System/ZONE/Build/os_irq_alignment.o
                0x000000000009def0                IRQ_Alignment
 .text          0x000000000009df19       0x29 c:/NXP/bstudio_nxp/workspace/JN-AN-1201-YCL/JN-AN-1201-ZigBee-Intruder-Alarm-System/ZONE/Build/os_irq_buserror.o
                0x000000000009df19                IRQ_BusError
 .text          0x000000000009df42       0x29 c:/NXP/bstudio_nxp/workspace/JN-AN-1201-YCL/JN-AN-1201-ZigBee-Intruder-Alarm-System/ZONE/Build/os_irq_illegalinstruction.o
                0x000000000009df42                IRQ_IllegalInstruction
 .text          0x000000000009df6b       0x29 c:/NXP/bstudio_nxp/workspace/JN-AN-1201-YCL/JN-AN-1201-ZigBee-Intruder-Alarm-System/ZONE/Build/os_irq_stackoverflowexception.o
                0x000000000009df6b                IRQ_StackOverflowException
 .text          0x000000000009df94       0x29 c:/NXP/bstudio_nxp/workspace/JN-AN-1201-YCL/JN-AN-1201-ZigBee-Intruder-Alarm-System/ZONE/Build/os_irq_unimplementedmodule.o
                0x000000000009df94                IRQ_UnimplementedModule
 *fill*         0x000000000009dfbd        0x3 00
 .text          0x000000000009dfc0       0xc0 c:/NXP/bstudio_nxp/workspace/sdk/JN-SW-4168/Components/Library\libOS_JN516x.a(os_contirq_JN516x.o)
                0x000000000009dfc0                os_ExternalException_R
                0x000000000009dff0                os_CFunc_W
                0x000000000009e040                os_UnclaimedException_W
                0x000000000009e060                os_UnclaimedInterrupt_W
 .text          0x000000000009e080       0x48 c:/NXP/bstudio_nxp/workspace/sdk/JN-SW-4168/Components/Library\libPWRM_JN516x.a(pwrm_setjmp_JN516x.o)
                0x000000000009e080                setjmp
                0x000000000009e0a4                PWRM_longjmp
 .text          0x000000000009e0c8       0x27 c:/NXP/bstudio_nxp/workspace/sdk/JN-SW-4168/Components/Library\libHardwareApi_JN5169.a(AHI_Interrupt.o)
                0x000000000009e0c8                vAHI_InterruptSetPriority
                0x000000000009e0e6                vAHI_InterruptSetActivePriorityLevel
 .text.vMicroSyscall
                0x000000000009e0ef       0x17 c:/NXP/bstudio_nxp/workspace/sdk/JN-SW-4168/Components/Library\libMicroSpecific_JN516x.a(MicroSyscall_ba.o)
                0x000000000009e0ef                vMicroSyscall
 .text          0x000000000009e106        0x0 c:/NXP/bstudio_nxp/workspace/sdk/JN-SW-4168/Components/Library\libOS_JN516x.a(os_version_lc.o)
                0x000000000009e106                OS_Version_1v2
 .text          0x000000000009e106        0x0 c:/NXP/bstudio_nxp/workspace/sdk/JN-SW-4168/Components/Library\libZPSAPL_JN516x.a(zps_apl_version_lc.o)
                0x000000000009e106                ZPS_APL_Version_2v0
 .text          0x000000000009e106        0x0 c:/NXP/bstudio_nxp/workspace/sdk/JN-SW-4168/Components/Library\libZPSNWK_ZED_JN516x.a(zps_nwk_version_lc.o)
                0x000000000009e106                ZPS_NWK_Version_2v0
                0x000000000009e106                _flash_end = ABSOLUTE (.)

.rela.dyn       0x000000000009e108        0x0
 .rela.text     0x0000000000000000        0x0 c:/NXP/bstudio_nxp/workspace/JN-AN-1201-YCL/JN-AN-1201-ZigBee-Intruder-Alarm-System/ZONE/Build/os_irq.o
 .rela.data     0x0000000000000000        0x0 c:/NXP/bstudio_nxp/workspace/JN-AN-1201-YCL/JN-AN-1201-ZigBee-Intruder-Alarm-System/ZONE/Build/os_irq.o
 .rela.rodata   0x0000000000000000        0x0 c:/NXP/bstudio_nxp/workspace/JN-AN-1201-YCL/JN-AN-1201-ZigBee-Intruder-Alarm-System/ZONE/Build/os_irq.o
                0x000000000400004c                . = ORIGIN (ram)

.data           0x000000000400004c      0x968 load address 0x000000000009e108
                0x000000000400004c                _ram_data_start = ABSOLUTE (.)
 *(.data*)
 .data          0x000000000400004c       0x64 C:\Users\1\AppData\Local\Temp\ccHOL6D4.ltrans0.ltrans.o
                0x000000000400004c                u8MiniMacConfig_MaxConcurrentAssocResponses
                0x0000000004000050                psShadowRxBuffer
                0x0000000004000054                u32DefaultChannelMask.8439
 .data          0x00000000040000b0        0x4 C:\Users\1\AppData\Local\Temp\ccHOL6D4.ltrans2.ltrans.o
                0x00000000040000b0                u32HeapStart
 .data          0x00000000040000b4        0x1 C:\Users\1\AppData\Local\Temp\ccHOL6D4.ltrans5.ltrans.o
 .data          0x00000000040000b5        0x1 C:\Users\1\AppData\Local\Temp\ccHOL6D4.ltrans7.ltrans.o
 *fill*         0x00000000040000b6        0x2 00
 .data          0x00000000040000b8        0xc C:\Users\1\AppData\Local\Temp\ccHOL6D4.ltrans8.ltrans.o
                0x00000000040000b8                bCanLoopback.57289
 .data          0x00000000040000c4        0x1 C:\Users\1\AppData\Local\Temp\ccHOL6D4.ltrans17.ltrans.o
 *fill*         0x00000000040000c5        0x3 00
 .data          0x00000000040000c8      0x1f4 C:\Users\1\AppData\Local\Temp\ccHOL6D4.ltrans22.ltrans.o
                0x00000000040000c8                s_asapduMyDataInstances
                0x0000000004000140                s_asapduZCLInstances
                0x00000000040001f4                s_asapduZDPInstances
 .data          0x00000000040002bc       0x24 C:\Users\1\AppData\Local\Temp\ccHOL6D4.ltrans28.ltrans.o
                0x00000000040002bc                back_off_time.8436
                0x00000000040002c0                bPingRespRcvd
                0x00000000040002c4                app_busy_status.6074
                0x00000000040002c8                sLinkKey
                0x00000000040002d8                start_join_flag.3281
 .data          0x00000000040002e0      0x6b0 C:\Users\1\AppData\Local\Temp\ccHOL6D4.ltrans29.ltrans.o
                0x00000000040002e0                os_Mutex_mutexMAC
                0x00000000040002e8                os_Mutex_mutexZPS
                0x00000000040002f0                s_sApl.2918
                0x0000000004000440                os_SWTimer_APP_cntrTickTimer_APP_IndicatorTimer
                0x000000000400045c                os_SWTimer_APP_cntrTickTimer_APP_ButtonsScanTimer
                0x0000000004000478                os_Message_APP_msgZpsEvents_ZCL
                0x000000000400049c                os_SWTimer_APP_cntrTickTimer_APP_TickTimer
                0x00000000040004b8                os_Message_APP_msgZpsEvents
                0x00000000040004dc                os_Message_APP_msgEvents
                0x0000000004000500                os_SWTimer_APP_cntrTickTimer_APP_JoinTimer
                0x000000000400051c                os_SWTimer_APP_cntrTickTimer_APP_BackOffTimer
                0x0000000004000538                os_Message_APP_msgUartEvents
                0x000000000400055c                os_Message_zps_msgMlmeDcfmInd
                0x0000000004000580                os_Message_zps_msgTimeEvents
                0x00000000040005a4                os_Message_zps_msgMcpsDcfmInd
                0x00000000040005c8                os_Message_zps_msgMcpsDcfm
                0x00000000040005ec                os_SWTimer_APP_cntrTickTimer_APP_PollTimer
                0x0000000004000608                os_Task_vDeviceStateIndicatorTask
                0x0000000004000614                os_Task_APP_ButtonsScanTask
                0x0000000004000620                os_Task_APP_PIRTask
                0x000000000400062c                os_Task_ZCL_Task
                0x0000000004000638                os_Task_APP_ZHA_Switch_Task
                0x0000000004000644                os_Task_APP_taskuart
                0x0000000004000650                os_Task_zps_taskZPS
                0x000000000400065c                os_Task_APP_PollTask
                0x0000000004000668                os_SWTimer_APP_cntrTickTimer_APP_uart_timeout
                0x0000000004000684                os_SWTimer_APP_cntrTickTimer_APP_ActiveTime
                0x00000000040006a0                u8AhiBaudRate.111814
                0x00000000040006a4                s_prbMemberCheck.51344
                0x00000000040006a8                s_prvErrorHook.51342
 .data.s_asAPduPool
                0x0000000004000990       0x24 c:/NXP/bstudio_nxp/workspace/JN-AN-1201-YCL/JN-AN-1201-ZigBee-Intruder-Alarm-System/ZONE/Build/pdum_apdu.o
                0x0000000004000990                pdum_apduZDP
                0x0000000004000990                s_asAPduPool
                0x000000000400099c                pdum_apduZCL
                0x00000000040009a8                pdum_apduMyData
 *(.data.*)
                0x00000000040009b4                . = ALIGN (0x4)
                0x00000000040009b4                _ram_data_end = ABSOLUTE (.)

.bss            0x00000000040009b4     0x3f50 load address 0x000000000009ea70
                0x00000000040009b4                _bss_start = ABSOLUTE (.)
 *(.bss*)
 *fill*         0x00000000040009b4        0x4 00
 .bss           0x00000000040009b8     0x1308 C:\Users\1\AppData\Local\Temp\ccHOL6D4.ltrans0.ltrans.o
                0x00000000040009b8                psNextWake.51415
                0x00000000040009bc                s_bWakeTimerActive.51416
                0x00000000040009bd                s_ePowerMode.51417
                0x00000000040009be                gu16NumberOfSegments.132432
                0x00000000040009c0                psPDM_Common
                0x00000000040009c4                u8MaxNpdu.51625
                0x00000000040009c5                u8Count.51624
                0x00000000040009c8                s_psNPduPoolEnd.51627
                0x00000000040009cc                s_psNPduPoolStart.51626
                0x00000000040009d0                s_psFreeListHead.51623
                0x00000000040009d4                s_hMutex.51622
                0x00000000040009d8                s_hMutex.51742
                0x00000000040009dc                s_asAPduPool.51741
                0x00000000040009e0                pfExtendedStatusCallBack.114080
                0x00000000040009e4                s_u32x.109468
                0x00000000040009e8                s_prExpireFn.133426
                0x00000000040009ec                s_hMutex.133425
                0x00000000040009f0                pvRxStore
                0x00000000040009f4                pvTxStore
                0x00000000040009f8                g_pvAplHandle
                0x00000000040009fc                s_hMacMutex
                0x0000000004000a00                s_sDcfmIndMgr.133190
                0x0000000004000a08                prAppMlmeGetBuffer
                0x0000000004000a0c                prAppMlmeCallback
                0x0000000004000a10                zps_psNwk
                0x0000000004000a14                psFreeMsgListHead
                0x0000000004000a18                psActiveMsgListHead
                0x0000000004000a1c                u8MiniMac_RunTimeOptions
                0x0000000004000a20                sMiniMacPib
                0x0000000004000abc                sBeaconFilter.8434
                0x0000000004000ac4                psZCL_Common
                0x0000000004000ac8                eIASDeviceState.4776
                0x0000000004000ad0                sIASZoneDesc
                0x0000000004000af0                u16GroupId
                0x0000000004000af4                joinsleepCB.8444
                0x0000000004000af8                sDeviceDesc
 .bss           0x0000000004001cc0       0x10 C:\Users\1\AppData\Local\Temp\ccHOL6D4.ltrans1.ltrans.o
 .bss           0x0000000004001cd0        0xc C:\Users\1\AppData\Local\Temp\ccHOL6D4.ltrans2.ltrans.o
 .bss           0x0000000004001cdc       0x3c C:\Users\1\AppData\Local\Temp\ccHOL6D4.ltrans3.ltrans.o
 .bss           0x0000000004001d18       0x40 C:\Users\1\AppData\Local\Temp\ccHOL6D4.ltrans4.ltrans.o
 .bss           0x0000000004001d58        0xc C:\Users\1\AppData\Local\Temp\ccHOL6D4.ltrans5.ltrans.o
                0x0000000004001d58                prIntHandler.131126
                0x0000000004001d5c                psTimerServerList
 .bss.initinboot
                0x0000000004001d64        0x1 C:\Users\1\AppData\Local\Temp\ccHOL6D4.ltrans5.ltrans.o
 .bss           0x0000000004001d65        0x2 C:\Users\1\AppData\Local\Temp\ccHOL6D4.ltrans6.ltrans.o
 *fill*         0x0000000004001d67        0x1 00
 .bss           0x0000000004001d68       0x1c C:\Users\1\AppData\Local\Temp\ccHOL6D4.ltrans7.ltrans.o
                0x0000000004001d68                vFlushFn.111758
                0x0000000004001d6c                vPutchFn.111753
                0x0000000004001d70                sStoredMacData.128650
                0x0000000004001d74                s_psCurrentTask.51338
 .bss           0x0000000004001d84       0x40 C:\Users\1\AppData\Local\Temp\ccHOL6D4.ltrans8.ltrans.o
 *fill*         0x0000000004001dc4        0x4 00
 .bss           0x0000000004001dc8       0x48 C:\Users\1\AppData\Local\Temp\ccHOL6D4.ltrans10.ltrans.o
 .bss           0x0000000004001e10        0x1 C:\Users\1\AppData\Local\Temp\ccHOL6D4.ltrans11.ltrans.o
                0x0000000004001e10                bIgnoreBroadcast
 .bss           0x0000000004001e11        0x1 C:\Users\1\AppData\Local\Temp\ccHOL6D4.ltrans12.ltrans.o
 .bss           0x0000000004001e12        0x2 C:\Users\1\AppData\Local\Temp\ccHOL6D4.ltrans13.ltrans.o
 .bss           0x0000000004001e14        0xc C:\Users\1\AppData\Local\Temp\ccHOL6D4.ltrans14.ltrans.o
                0x0000000004001e14                bDefaultServerIgnoreHandleMgmtUpdate
                0x0000000004001e18                bBindLookup
                0x0000000004001e1c                psBindUnbindServerContext
 .bss           0x0000000004001e20       0x98 C:\Users\1\AppData\Local\Temp\ccHOL6D4.ltrans16.ltrans.o
                0x0000000004001e20                bRejoin.8437
                0x0000000004001e28                sEZModeData.8432
 .bss           0x0000000004001eb8       0xa0 C:\Users\1\AppData\Local\Temp\ccHOL6D4.ltrans17.ltrans.o
                0x0000000004001eb8                sMiniMacPhyPib
                0x0000000004001ebc                aprTimerCallback
                0x0000000004001edc                au32TimerCounter
                0x0000000004001efc                sMiniMacInternal
                0x0000000004001f28                s_psVsMcpsDcfmInd.72808
                0x0000000004001f2c                s_psMacDcfmInd.72807
                0x0000000004001f30                u32DataQueueCount
 .bss           0x0000000004001f58        0x4 C:\Users\1\AppData\Local\Temp\ccHOL6D4.ltrans18.ltrans.o
 .bss           0x0000000004001f5c        0x1 C:\Users\1\AppData\Local\Temp\ccHOL6D4.ltrans19.ltrans.o
                0x0000000004001f5c                u8ScanBeaconsSeen.133229
 *fill*         0x0000000004001f5d        0x3 00
 .bss           0x0000000004001f60      0x208 C:\Users\1\AppData\Local\Temp\ccHOL6D4.ltrans20.ltrans.o
 .bss           0x0000000004002168       0x30 C:\Users\1\AppData\Local\Temp\ccHOL6D4.ltrans21.ltrans.o
                0x0000000004002168                a16NwkPdmRecordSizes
                0x0000000004002174                apvAplPdmRecordsAddress
                0x000000000400218c                au16AplPdmRecordsSize
 .bss           0x0000000004002198     0x100c C:\Users\1\AppData\Local\Temp\ccHOL6D4.ltrans22.ltrans.o
 .bss           0x00000000040031a4        0x8 C:\Users\1\AppData\Local\Temp\ccHOL6D4.ltrans24.ltrans.o
                0x00000000040031a4                sThisDeviceMacAddr
 .bss           0x00000000040031ac        0x1 C:\Users\1\AppData\Local\Temp\ccHOL6D4.ltrans25.ltrans.o
 *fill*         0x00000000040031ad        0x3 00
 .bss           0x00000000040031b0       0x10 C:\Users\1\AppData\Local\Temp\ccHOL6D4.ltrans26.ltrans.o
                0x00000000040031b0                psBeaconFilter
 .bss           0x00000000040031c0       0x44 C:\Users\1\AppData\Local\Temp\ccHOL6D4.ltrans28.ltrans.o
                0x00000000040031c0                u16PingNwkAddr.8941
                0x00000000040031c2                bPingSent
                0x00000000040031c4                u32BackOffTime
                0x00000000040031c8                sCluster_Basic_Attr
 *fill*         0x0000000004003204        0xc 00
 .bss           0x0000000004003210     0x16b0 C:\Users\1\AppData\Local\Temp\ccHOL6D4.ltrans29.ltrans.o
                0x0000000004003210                s_sDefaultServerContext.2975
                0x0000000004003214                s_sMgmtBindServerContext.2913
                0x0000000004003218                s_sBindRequestServerContext.2914
                0x0000000004003258                s_sBindUnbindServerContext.2916
                0x0000000004003298                s_sMgmtNWKUpdateServerContext.2917
                0x00000000040032d8                s_sMgmtLeaveServerContext.2974