Archive member included because of file (symbol)

c:/NXP/bstudio_nxp/workspace/sdk/JN-SW-4168/Components/Library\libOS_JN516x.a(os.o)
                              c:/NXP/bstudio_nxp/workspace/JN-AN-1201-YCL/JN-AN-1201-ZigBee-Intruder-Alarm-System/ZONE/Build/os_gen.o (symbol from plugin) (os_vStart)
c:/NXP/bstudio_nxp/workspace/sdk/JN-SW-4168/Components/Library\libOS_JN516x.a(os_contirq_JN516x.o)
                              c:/NXP/bstudio_nxp/workspace/JN-AN-1201-YCL/JN-AN-1201-ZigBee-Intruder-Alarm-System/ZONE/Build/os_irq.o (os_UnclaimedException_W)
c:/NXP/bstudio_nxp/workspace/sdk/JN-SW-4168/Components/Library\libPWRM_JN516x.a(pwrm.o)
                              c:/NXP/bstudio_nxp/workspace/JN-AN-1201-YCL/JN-AN-1201-ZigBee-Intruder-Alarm-System/ZONE/Build/app_start_ZONE.o (symbol from plugin) (PWRM_vInit)
c:/NXP/bstudio_nxp/workspace/sdk/JN-SW-4168/Components/Library\libPWRM_JN516x.a(pwrm_setjmp_JN516x.o)
                              pwrm.o (symbol from plugin) (setjmp)
c:/NXP/bstudio_nxp/workspace/sdk/JN-SW-4168/Components/Library\libPWRM_JN516x.a(pwrm_cold_start.o)
                              (AppColdStart)
c:/NXP/bstudio_nxp/workspace/sdk/JN-SW-4168/Components/Library\libPWRM_JN516x.a(pwrm_warm_start.o)
                              (AppWarmStart)
c:/NXP/bstudio_nxp/workspace/sdk/JN-SW-4168/Components/Library\libPDUM_JN516x.a(pdum_nwk.o)
                              c:/NXP/bstudio_nxp/workspace/JN-AN-1201-YCL/JN-AN-1201-ZigBee-Intruder-Alarm-System/ZONE/Build/pdum_gen.o (symbol from plugin) (pdum_vNPduInit)
c:/NXP/bstudio_nxp/workspace/sdk/JN-SW-4168/Components/Library\libPDUM_JN516x.a(pdum_apl.o)
                              c:/NXP/bstudio_nxp/workspace/JN-AN-1201-YCL/JN-AN-1201-ZigBee-Intruder-Alarm-System/ZONE/Build/appZdpExtraction.o (symbol from plugin) (PDUM_u16APduInstanceReadNBO)
c:/NXP/bstudio_nxp/workspace/sdk/JN-SW-4168/Components/Library\libPDUM_JN516x.a(pdum.o)
                              pdum_nwk.o (symbol from plugin) (PDUM_u16SizeNBO)
c:/NXP/bstudio_nxp/workspace/sdk/JN-SW-4168/Components/Library\libZPSAPL_JN516x.a(zps_apl_af.o)
                              c:/NXP/bstudio_nxp/workspace/JN-AN-1201-YCL/JN-AN-1201-ZigBee-Intruder-Alarm-System/ZONE/Build/zha_ZONE_node.o (symbol from plugin) (ZPS_eAplAfInit)
c:/NXP/bstudio_nxp/workspace/sdk/JN-SW-4168/Components/Library\libZPSAPL_JN516x.a(zps_apl_af_apsde.o)
                              c:/NXP/bstudio_nxp/workspace/JN-AN-1201-YCL/JN-AN-1201-ZigBee-Intruder-Alarm-System/ZONE/Build/zps_gen.o (symbol from plugin) (zps_vHandleApsdeDataFragInd)
c:/NXP/bstudio_nxp/workspace/sdk/JN-SW-4168/Components/Library\libZPSAPL_JN516x.a(zps_apl_task.o)
                              zps_apl_af_apsde.o (symbol from plugin) (zps_vAplAfPostEvent)
c:/NXP/bstudio_nxp/workspace/sdk/JN-SW-4168/Components/Library\libZPSAPL_JN516x.a(zps_apl_apsde.o)
                              zps_apl_task.o (symbol from plugin) (ZPS_vAplRegisterApsdeDcfmIndCallbacks)
c:/NXP/bstudio_nxp/workspace/sdk/JN-SW-4168/Components/Library\libZPSAPL_JN516x.a(zps_apl_apsme.o)
                              zps_apl_task.o (symbol from plugin) (ZPS_vAplRegisterApsmeDcfmIndCallbacks)
c:/NXP/bstudio_nxp/workspace/sdk/JN-SW-4168/Components/Library\libZPSAPL_JN516x.a(zps_apl_aps_nlde.o)
                              c:/NXP/bstudio_nxp/workspace/JN-AN-1201-YCL/JN-AN-1201-ZigBee-Intruder-Alarm-System/ZONE/Build/zps_gen.o (symbol from plugin) (zps_vHandleExtendedDataAckFrame)
c:/NXP/bstudio_nxp/workspace/sdk/JN-SW-4168/Components/Library\libZPSAPL_JN516x.a(zps_apl_sec.o)
                              zps_apl_task.o (symbol from plugin) (zps_psFindKeyDescr)
c:/NXP/bstudio_nxp/workspace/sdk/JN-SW-4168/Components/Library\libZPSAPL_JN516x.a(zps_apl_aib.o)
                              c:/NXP/bstudio_nxp/workspace/JN-AN-1201-YCL/JN-AN-1201-ZigBee-Intruder-Alarm-System/ZONE/Build/app_zbp_utilities.o (symbol from plugin) (zps_psAplAibGetAib)
c:/NXP/bstudio_nxp/workspace/sdk/JN-SW-4168/Components/Library\libZPSAPL_JN516x.a(zps_apl_zdo_nwkmanager.o)
                              zps_apl_apsme.o (symbol from plugin) (zps_vAplSaveRecord)
c:/NXP/bstudio_nxp/workspace/sdk/JN-SW-4168/Components/Library\libZPSAPL_JN516x.a(zps_apl_zdo_handle_zdp_event.o)
                              zps_apl_task.o (symbol from plugin) (zps_bAplZdoHandleZdpEvent)
c:/NXP/bstudio_nxp/workspace/sdk/JN-SW-4168/Components/Library\libZPSAPL_JN516x.a(zps_apl_zdo_trust_center.o)
                              zps_apl_sec.o (symbol from plugin) (zps_eAplTrustCenterFindDevice)
c:/NXP/bstudio_nxp/workspace/sdk/JN-SW-4168/Components/Library\libZPSAPL_JN516x.a(zps_apl_zdo_common.o)
                              zps_apl_zdo_nwkmanager.o (symbol from plugin) (zps_eAplZdoNlmeleaveWrapper)
c:/NXP/bstudio_nxp/workspace/sdk/JN-SW-4168/Components/Library\libZPSAPL_JN516x.a(zps_apl_zdo_group.o)
[...]
Memory Configuration

Name             Origin             Length             Attributes
flash            0x0000000000080000 0x0000000000080000
ram              0x000000000400004c 0x0000000000007fb4
*default*        0x0000000000000000 0xffffffffffffffff

Linker script and memory map

                0x0000000000001388                __stack_size = 0x1388
                0x00000000000007d0                __minimum_heap_size = 0x7d0
START GROUP
LOAD c:/NXP/bstudio_nxp/workspace/JN-AN-1201-YCL/JN-AN-1201-ZigBee-Intruder-Alarm-System/ZONE/Build/os_gen.o
LOAD C:\Users\1\AppData\Local\Temp\cctYT8Us.ltrans0.ltrans.o
LOAD C:\Users\1\AppData\Local\Temp\cctYT8Us.ltrans1.ltrans.o
LOAD C:\Users\1\AppData\Local\Temp\cctYT8Us.ltrans2.ltrans.o
LOAD C:\Users\1\AppData\Local\Temp\cctYT8Us.ltrans3.ltrans.o
LOAD C:\Users\1\AppData\Local\Temp\cctYT8Us.ltrans4.ltrans.o
LOAD C:\Users\1\AppData\Local\Temp\cctYT8Us.ltrans5.ltrans.o
LOAD C:\Users\1\AppData\Local\Temp\cctYT8Us.ltrans6.ltrans.o
LOAD C:\Users\1\AppData\Local\Temp\cctYT8Us.ltrans7.ltrans.o
LOAD C:\Users\1\AppData\Local\Temp\cctYT8Us.ltrans8.ltrans.o
LOAD C:\Users\1\AppData\Local\Temp\cctYT8Us.ltrans9.ltrans.o
LOAD C:\Users\1\AppData\Local\Temp\cctYT8Us.ltrans10.ltrans.o
LOAD C:\Users\1\AppData\Local\Temp\cctYT8Us.ltrans11.ltrans.o
LOAD C:\Users\1\AppData\Local\Temp\cctYT8Us.ltrans12.ltrans.o
LOAD C:\Users\1\AppData\Local\Temp\cctYT8Us.ltrans13.ltrans.o
LOAD C:\Users\1\AppData\Local\Temp\cctYT8Us.ltrans14.ltrans.o
LOAD C:\Users\1\AppData\Local\Temp\cctYT8Us.ltrans15.ltrans.o
LOAD C:\Users\1\AppData\Local\Temp\cctYT8Us.ltrans16.ltrans.o
LOAD C:\Users\1\AppData\Local\Temp\cctYT8Us.ltrans17.ltrans.o
LOAD C:\Users\1\AppData\Local\Temp\cctYT8Us.ltrans18.ltrans.o
LOAD C:\Users\1\AppData\Local\Temp\cctYT8Us.ltrans19.ltrans.o
LOAD C:\Users\1\AppData\Local\Temp\cctYT8Us.ltrans20.ltrans.o
LOAD C:\Users\1\AppData\Local\Temp\cctYT8Us.ltrans21.ltrans.o
LOAD C:\Users\1\AppData\Local\Temp\cctYT8Us.ltrans22.ltrans.o
LOAD C:\Users\1\AppData\Local\Temp\cctYT8Us.ltrans23.ltrans.o
LOAD C:\Users\1\AppData\Local\Temp\cctYT8Us.ltrans24.ltrans.o
LOAD C:\Users\1\AppData\Local\Temp\cctYT8Us.ltrans25.ltrans.o
LOAD C:\Users\1\AppData\Local\Temp\cctYT8Us.ltrans26.ltrans.o
LOAD C:\Users\1\AppData\Local\Temp\cctYT8Us.ltrans27.ltrans.o
LOAD C:\Users\1\AppData\Local\Temp\cctYT8Us.ltrans28.ltrans.o
LOAD C:\Users\1\AppData\Local\Temp\cctYT8Us.ltrans29.ltrans.o
LOAD C:\Users\1\AppData\Local\Temp\cctYT8Us.ltrans30.ltrans.o
LOAD C:\Users\1\AppData\Local\Temp\cctYT8Us.ltrans31.ltrans.o
LOAD c:/nxp/bstudio_nxp/workspace/sdk/tools/ba-elf-ba2-r36379/bin/../lib/gcc/ba-elf/4.7.4/../../../../ba-elf/lib/mcpu_jn51xx_sizeopt\libc.a
LOAD c:/nxp/bstudio_nxp/workspace/sdk/tools/ba-elf-ba2-r36379/bin/../lib/gcc/ba-elf/4.7.4/mcpu_jn51xx_sizeopt\libgcc.a
LOAD c:/nxp/bstudio_nxp/workspace/sdk/tools/ba-elf-ba2-r36379/bin/../lib/gcc/ba-elf/4.7.4/../../../../ba-elf/lib/mcpu_jn51xx_sizeopt\libc.a
LOAD c:/NXP/bstudio_nxp/workspace/JN-AN-1201-YCL/JN-AN-1201-ZigBee-Intruder-Alarm-System/ZONE/Build/os_irq.o
LOAD c:/NXP/bstudio_nxp/workspace/JN-AN-1201-YCL/JN-AN-1201-ZigBee-Intruder-Alarm-System/ZONE/Build/os_irq_alignment.o
LOAD c:/NXP/bstudio_nxp/workspace/JN-AN-1201-YCL/JN-AN-1201-ZigBee-Intruder-Alarm-System/ZONE/Build/os_irq_buserror.o
LOAD c:/NXP/bstudio_nxp/workspace/JN-AN-1201-YCL/JN-AN-1201-ZigBee-Intruder-Alarm-System/ZONE/Build/os_irq_illegalinstruction.o
LOAD c:/NXP/bstudio_nxp/workspace/JN-AN-1201-YCL/JN-AN-1201-ZigBee-Intruder-Alarm-System/ZONE/Build/os_irq_stackoverflowexception.o
LOAD c:/NXP/bstudio_nxp/workspace/JN-AN-1201-YCL/JN-AN-1201-ZigBee-Intruder-Alarm-System/ZONE/Build/os_irq_unimplementedmodule.o
LOAD c:/NXP/bstudio_nxp/workspace/JN-AN-1201-YCL/JN-AN-1201-ZigBee-Intruder-Alarm-System/ZONE/Build/pdum_gen.o
LOAD c:/NXP/bstudio_nxp/workspace/JN-AN-1201-YCL/JN-AN-1201-ZigBee-Intruder-Alarm-System/ZONE/Build/pdum_apdu.o
LOAD c:/NXP/bstudio_nxp/workspace/JN-AN-1201-YCL/JN-AN-1201-ZigBee-Intruder-Alarm-System/ZONE/Build/zps_gen.o
LOAD c:/NXP/bstudio_nxp/workspace/JN-AN-1201-YCL/JN-AN-1201-ZigBee-Intruder-Alarm-System/ZONE/Build/app_uart.o
LOAD c:/NXP/bstudio_nxp/workspace/JN-AN-1201-YCL/JN-AN-1201-ZigBee-Intruder-Alarm-System/ZONE/Build/app_timer_driver.o
LOAD c:/NXP/bstudio_nxp/workspace/JN-AN-1201-YCL/JN-AN-1201-ZigBee-Intruder-Alarm-System/ZONE/Build/app_start_ZONE.o
LOAD c:/NXP/bstudio_nxp/workspace/JN-AN-1201-YCL/JN-AN-1201-ZigBee-Intruder-Alarm-System/ZONE/Build/app_zbp_utilities.o
LOAD c:/NXP/bstudio_nxp/workspace/JN-AN-1201-YCL/JN-AN-1201-ZigBee-Intruder-Alarm-System/ZONE/Build/app_exceptions.o
LOAD c:/NXP/bstudio_nxp/workspace/JN-AN-1201-YCL/JN-AN-1201-ZigBee-Intruder-Alarm-System/ZONE/Build/app_pdm.o
LOAD c:/NXP/bstudio_nxp/workspace/JN-AN-1201-YCL/JN-AN-1201-ZigBee-Intruder-Alarm-System/ZONE/Build/app_ias_enroll_req.o
LOAD c:/NXP/bstudio_nxp/workspace/JN-AN-1201-YCL/JN-AN-1201-ZigBee-Intruder-Alarm-System/ZONE/Build/app_ias_unenroll_req.o
LOAD c:/NXP/bstudio_nxp/workspace/JN-AN-1201-YCL/JN-AN-1201-ZigBee-Intruder-Alarm-System/ZONE/Build/app_ias_indicator.o
LOAD c:/NXP/bstudio_nxp/workspace/JN-AN-1201-YCL/JN-AN-1201-ZigBee-Intruder-Alarm-System/ZONE/Build/app_ias_save.o
LOAD c:/NXP/bstudio_nxp/workspace/JN-AN-1201-YCL/JN-AN-1201-ZigBee-Intruder-Alarm-System/ZONE/Build/zha_ZONE_node.o
LOAD c:/NXP/bstudio_nxp/workspace/JN-AN-1201-YCL/JN-AN-1201-ZigBee-Intruder-Alarm-System/ZONE/Build/app_sleep_functions.o
LOAD c:/NXP/bstudio_nxp/workspace/JN-AN-1201-YCL/JN-AN-1201-ZigBee-Intruder-Alarm-System/ZONE/Build/appZdpExtraction.o
LOAD c:/NXP/bstudio_nxp/workspace/JN-AN-1201-YCL/JN-AN-1201-ZigBee-Intruder-Alarm-System/ZONE/Build/appZpsBeaconHandler.o
LOAD c:/NXP/bstudio_nxp/workspace/JN-AN-1201-YCL/JN-AN-1201-ZigBee-Intruder-Alarm-System/ZONE/Build/app_zcl_ZONE_task.o
LOAD c:/NXP/bstudio_nxp/workspace/JN-AN-1201-YCL/JN-AN-1201-ZigBee-Intruder-Alarm-System/ZONE/Build/app_buttons.o
LOAD c:/NXP/bstudio_nxp/workspace/JN-AN-1201-YCL/JN-AN-1201-ZigBee-Intruder-Alarm-System/ZONE/Build/haEzJoin.o
LOAD c:/NXP/bstudio_nxp/workspace/JN-AN-1201-YCL/JN-AN-1201-ZigBee-Intruder-Alarm-System/ZONE/Build/PingParent.o
LOAD c:/NXP/bstudio_nxp/workspace/JN-AN-1201-YCL/JN-AN-1201-ZigBee-Intruder-Alarm-System/ZONE/Build/Alarms.o
LOAD c:/NXP/bstudio_nxp/workspace/JN-AN-1201-YCL/JN-AN-1201-ZigBee-Intruder-Alarm-System/ZONE/Build/AlarmsClientCommands.o
LOAD c:/NXP/bstudio_nxp/workspace/JN-AN-1201-YCL/JN-AN-1201-ZigBee-Intruder-Alarm-System/ZONE/Build/AlarmsCommandHandler.o
LOAD c:/NXP/bstudio_nxp/workspace/JN-AN-1201-YCL/JN-AN-1201-ZigBee-Intruder-Alarm-System/ZONE/Build/AlarmsServerCommands.o
LOAD c:/NXP/bstudio_nxp/workspace/JN-AN-1201-YCL/JN-AN-1201-ZigBee-Intruder-Alarm-System/ZONE/Build/AlarmsTableManager.o
LOAD c:/NXP/bstudio_nxp/workspace/JN-AN-1201-YCL/JN-AN-1201-ZigBee-Intruder-Alarm-System/ZONE/Build/AnalogInputBasic.o
LOAD c:/NXP/bstudio_nxp/workspace/JN-AN-1201-YCL/JN-AN-1201-ZigBee-Intruder-Alarm-System/ZONE/Build/AnalogOutputBasic.o
LOAD c:/NXP/bstudio_nxp/workspace/JN-AN-1201-YCL/JN-AN-1201-ZigBee-Intruder-Alarm-System/ZONE/Build/Basic.o
LOAD c:/NXP/bstudio_nxp/workspace/JN-AN-1201-YCL/JN-AN-1201-ZigBee-Intruder-Alarm-System/ZONE/Build/BasicClientCommands.o
LOAD c:/NXP/bstudio_nxp/workspace/JN-AN-1201-YCL/JN-AN-1201-ZigBee-Intruder-Alarm-System/ZONE/Build/BasicCommandHandler.o
LOAD c:/NXP/bstudio_nxp/workspace/JN-AN-1201-YCL/JN-AN-1201-ZigBee-Intruder-Alarm-System/ZONE/Build/BinaryInputBasic.o
LOAD c:/NXP/bstudio_nxp/workspace/JN-AN-1201-YCL/JN-AN-1201-ZigBee-Intruder-Alarm-System/ZONE/Build/BinaryOutputBasic.o
LOAD c:/NXP/bstudio_nxp/workspace/JN-AN-1201-YCL/JN-AN-1201-ZigBee-Intruder-Alarm-System/ZONE/Build/Commissioning.o
LOAD c:/NXP/bstudio_nxp/workspace/JN-AN-1201-YCL/JN-AN-1201-ZigBee-Intruder-Alarm-System/ZONE/Build/DeviceTemperatureConfiguration.o
LOAD c:/NXP/bstudio_nxp/workspace/JN-AN-1201-YCL/JN-AN-1201-ZigBee-Intruder-Alarm-System/ZONE/Build/Diagnostics.o
LOAD c:/NXP/bstudio_nxp/workspace/JN-AN-1201-YCL/JN-AN-1201-ZigBee-Intruder-Alarm-System/ZONE/Build/DoorLock.o
LOAD c:/NXP/bstudio_nxp/workspace/JN-AN-1201-YCL/JN-AN-1201-ZigBee-Intruder-Alarm-System/ZONE/Build/DoorLockCommandHandler.o
LOAD c:/NXP/bstudio_nxp/workspace/JN-AN-1201-YCL/JN-AN-1201-ZigBee-Intruder-Alarm-System/ZONE/Build/DoorLockCommands.o
LOAD c:/NXP/bstudio_nxp/workspace/JN-AN-1201-YCL/JN-AN-1201-ZigBee-Intruder-Alarm-System/ZONE/Build/ElectricalMeasurement.o
LOAD c:/NXP/bstudio_nxp/workspace/JN-AN-1201-YCL/JN-AN-1201-ZigBee-Intruder-Alarm-System/ZONE/Build/Groups.o
LOAD c:/NXP/bstudio_nxp/workspace/JN-AN-1201-YCL/JN-AN-1201-ZigBee-Intruder-Alarm-System/ZONE/Build/GroupsClientCommands.o
LOAD c:/NXP/bstudio_nxp/workspace/JN-AN-1201-YCL/JN-AN-1201-ZigBee-Intruder-Alarm-System/ZONE/Build/GroupsCommandHandler.o
LOAD c:/NXP/bstudio_nxp/workspace/JN-AN-1201-YCL/JN-AN-1201-ZigBee-Intruder-Alarm-System/ZONE/Build/GroupsServerCommands.o
LOAD c:/NXP/bstudio_nxp/workspace/JN-AN-1201-YCL/JN-AN-1201-ZigBee-Intruder-Alarm-System/ZONE/Build/GroupsTableManager.o
LOAD c:/NXP/bstudio_nxp/workspace/JN-AN-1201-YCL/JN-AN-1201-ZigBee-Intruder-Alarm-System/ZONE/Build/Identify.o
LOAD c:/NXP/bstudio_nxp/workspace/JN-AN-1201-YCL/JN-AN-1201-ZigBee-Intruder-Alarm-System/ZONE/Build/IdentifyClientCommands.o
LOAD c:/NXP/bstudio_nxp/workspace/JN-AN-1201-YCL/JN-AN-1201-ZigBee-Intruder-Alarm-System/ZONE/Build/IdentifyCommandHandler.o
LOAD c:/NXP/bstudio_nxp/workspace/JN-AN-1201-YCL/JN-AN-1201-ZigBee-Intruder-Alarm-System/ZONE/Build/IdentifyServerCommands.o
LOAD c:/NXP/bstudio_nxp/workspace/JN-AN-1201-YCL/JN-AN-1201-ZigBee-Intruder-Alarm-System/ZONE/Build/LevelControl.o
LOAD c:/NXP/bstudio_nxp/workspace/JN-AN-1201-YCL/JN-AN-1201-ZigBee-Intruder-Alarm-System/ZONE/Build/LevelControlClientCommands.o
LOAD c:/NXP/bstudio_nxp/workspace/JN-AN-1201-YCL/JN-AN-1201-ZigBee-Intruder-Alarm-System/ZONE/Build/LevelControlCommandHandler.o
LOAD c:/NXP/bstudio_nxp/workspace/JN-AN-1201-YCL/JN-AN-1201-ZigBee-Intruder-Alarm-System/ZONE/Build/MultistateInputBasic.o
LOAD c:/NXP/bstudio_nxp/workspace/JN-AN-1201-YCL/JN-AN-1201-ZigBee-Intruder-Alarm-System/ZONE/Build/MultistateOutputBasic.o
LOAD c:/NXP/bstudio_nxp/workspace/JN-AN-1201-YCL/JN-AN-1201-ZigBee-Intruder-Alarm-System/ZONE/Build/OOSC.o
LOAD c:/NXP/bstudio_nxp/workspace/JN-AN-1201-YCL/JN-AN-1201-ZigBee-Intruder-Alarm-System/ZONE/Build/OnOff.o
LOAD c:/NXP/bstudio_nxp/workspace/JN-AN-1201-YCL/JN-AN-1201-ZigBee-Intruder-Alarm-System/ZONE/Build/OnOffCommandHandler.o
LOAD c:/NXP/bstudio_nxp/workspace/JN-AN-1201-YCL/JN-AN-1201-ZigBee-Intruder-Alarm-System/ZONE/Build/OnOffCommands.o
LOAD c:/NXP/bstudio_nxp/workspace/JN-AN-1201-YCL/JN-AN-1201-ZigBee-Intruder-Alarm-System/ZONE/Build/PollControl.o
LOAD c:/NXP/bstudio_nxp/workspace/JN-AN-1201-YCL/JN-AN-1201-ZigBee-Intruder-Alarm-System/ZONE/Build/PollControlClientCommands.o
LOAD c:/NXP/bstudio_nxp/workspace/JN-AN-1201-YCL/JN-AN-1201-ZigBee-Intruder-Alarm-System/ZONE/Build/PollControlCommandHandler.o
LOAD c:/NXP/bstudio_nxp/workspace/JN-AN-1201-YCL/JN-AN-1201-ZigBee-Intruder-Alarm-System/ZONE/Build/PollControlServerCommands.o
LOAD c:/NXP/bstudio_nxp/workspace/JN-AN-1201-YCL/JN-AN-1201-ZigBee-Intruder-Alarm-System/ZONE/Build/PowerConfiguration.o
LOAD c:/NXP/bstudio_nxp/workspace/JN-AN-1201-YCL/JN-AN-1201-ZigBee-Intruder-Alarm-System/ZONE/Build/Scenes.o
LOAD c:/NXP/bstudio_nxp/workspace/JN-AN-1201-YCL/JN-AN-1201-ZigBee-Intruder-Alarm-System/ZONE/Build/ScenesClientCommands.o
LOAD c:/NXP/bstudio_nxp/workspace/JN-AN-1201-YCL/JN-AN-1201-ZigBee-Intruder-Alarm-System/ZONE/Build/ScenesClusterManagement.o
LOAD c:/NXP/bstudio_nxp/workspace/JN-AN-1201-YCL/JN-AN-1201-ZigBee-Intruder-Alarm-System/ZONE/Build/ScenesCommandHandler.o
LOAD c:/NXP/bstudio_nxp/workspace/JN-AN-1201-YCL/JN-AN-1201-ZigBee-Intruder-Alarm-System/ZONE/Build/ScenesServerCommands.o
LOAD c:/NXP/bstudio_nxp/workspace/JN-AN-1201-YCL/JN-AN-1201-ZigBee-Intruder-Alarm-System/ZONE/Build/ScenesTableManager.o
LOAD c:/NXP/bstudio_nxp/workspace/JN-AN-1201-YCL/JN-AN-1201-ZigBee-Intruder-Alarm-System/ZONE/Build/TC.o
LOAD c:/NXP/bstudio_nxp/workspace/JN-AN-1201-YCL/JN-AN-1201-ZigBee-Intruder-Alarm-System/ZONE/Build/Time.o
LOAD c:/NXP/bstudio_nxp/workspace/JN-AN-1201-YCL/JN-AN-1201-ZigBee-Intruder-Alarm-System/ZONE/Build/ha.o
LOAD c:/NXP/bstudio_nxp/workspace/JN-AN-1201-YCL/JN-AN-1201-ZigBee-Intruder-Alarm-System/ZONE/Build/door_lock.o
LOAD c:/NXP/bstudio_nxp/workspace/JN-AN-1201-YCL/JN-AN-1201-ZigBee-Intruder-Alarm-System/ZONE/Build/door_lock_controller.o
LOAD c:/NXP/bstudio_nxp/workspace/JN-AN-1201-YCL/JN-AN-1201-ZigBee-Intruder-Alarm-System/ZONE/Build/mains_power_outlet.o
LOAD c:/NXP/bstudio_nxp/workspace/JN-AN-1201-YCL/JN-AN-1201-ZigBee-Intruder-Alarm-System/ZONE/Build/on_off_output.o
LOAD c:/NXP/bstudio_nxp/workspace/JN-AN-1201-YCL/JN-AN-1201-ZigBee-Intruder-Alarm-System/ZONE/Build/on_off_switch.o
LOAD c:/NXP/bstudio_nxp/workspace/JN-AN-1201-YCL/JN-AN-1201-ZigBee-Intruder-Alarm-System/ZONE/Build/plug_control.o
LOAD c:/NXP/bstudio_nxp/workspace/JN-AN-1201-YCL/JN-AN-1201-ZigBee-Intruder-Alarm-System/ZONE/Build/remote_control.o
LOAD c:/NXP/bstudio_nxp/workspace/JN-AN-1201-YCL/JN-AN-1201-ZigBee-Intruder-Alarm-System/ZONE/Build/simple_sensor.o
LOAD c:/NXP/bstudio_nxp/workspace/JN-AN-1201-YCL/JN-AN-1201-ZigBee-Intruder-Alarm-System/ZONE/Build/smart_plug.o
LOAD c:/NXP/bstudio_nxp/workspace/JN-AN-1201-YCL/JN-AN-1201-ZigBee-Intruder-Alarm-System/ZONE/Build/IASACE.o
LOAD c:/NXP/bstudio_nxp/workspace/JN-AN-1201-YCL/JN-AN-1201-ZigBee-Intruder-Alarm-System/ZONE/Build/IASACEClientCommands.o
LOAD c:/NXP/bstudio_nxp/workspace/JN-AN-1201-YCL/JN-AN-1201-ZigBee-Intruder-Alarm-System/ZONE/Build/IASACECommandHandler.o
LOAD c:/NXP/bstudio_nxp/workspace/JN-AN-1201-YCL/JN-AN-1201-ZigBee-Intruder-Alarm-System/ZONE/Build/IASACEServerCommands.o
LOAD c:/NXP/bstudio_nxp/workspace/JN-AN-1201-YCL/JN-AN-1201-ZigBee-Intruder-Alarm-System/ZONE/Build/IASWD.o
LOAD c:/NXP/bstudio_nxp/workspace/JN-AN-1201-YCL/JN-AN-1201-ZigBee-Intruder-Alarm-System/ZONE/Build/IASWDCommandHandler.o
LOAD c:/NXP/bstudio_nxp/workspace/JN-AN-1201-YCL/JN-AN-1201-ZigBee-Intruder-Alarm-System/ZONE/Build/IASWDCommands.o
LOAD c:/NXP/bstudio_nxp/workspace/JN-AN-1201-YCL/JN-AN-1201-ZigBee-Intruder-Alarm-System/ZONE/Build/IASZone.o
LOAD c:/NXP/bstudio_nxp/workspace/JN-AN-1201-YCL/JN-AN-1201-ZigBee-Intruder-Alarm-System/ZONE/Build/IASZoneCommandHandler.o
LOAD c:/NXP/bstudio_nxp/workspace/JN-AN-1201-YCL/JN-AN-1201-ZigBee-Intruder-Alarm-System/ZONE/Build/IASZoneCommands.o
LOAD c:/NXP/bstudio_nxp/workspace/JN-AN-1201-YCL/JN-AN-1201-ZigBee-Intruder-Alarm-System/ZONE/Build/ancillary_control_equipment.o
LOAD c:/NXP/bstudio_nxp/workspace/JN-AN-1201-YCL/JN-AN-1201-ZigBee-Intruder-Alarm-System/ZONE/Build/control_and_indicating_equipment.o
LOAD c:/NXP/bstudio_nxp/workspace/JN-AN-1201-YCL/JN-AN-1201-ZigBee-Intruder-Alarm-System/ZONE/Build/warning_device.o
LOAD c:/NXP/bstudio_nxp/workspace/JN-AN-1201-YCL/JN-AN-1201-ZigBee-Intruder-Alarm-System/ZONE/Build/zone.o
LOAD c:/NXP/bstudio_nxp/workspace/JN-AN-1201-YCL/JN-AN-1201-ZigBee-Intruder-Alarm-System/ZONE/Build/dlist.o
LOAD c:/NXP/bstudio_nxp/workspace/JN-AN-1201-YCL/JN-AN-1201-ZigBee-Intruder-Alarm-System/ZONE/Build/zcl.o
LOAD c:/NXP/bstudio_nxp/workspace/JN-AN-1201-YCL/JN-AN-1201-ZigBee-Intruder-Alarm-System/ZONE/Build/zcl_CustomCommandReceive.o
LOAD c:/NXP/bstudio_nxp/workspace/JN-AN-1201-YCL/JN-AN-1201-ZigBee-Intruder-Alarm-System/ZONE/Build/zcl_CustomCommandSend.o
LOAD c:/NXP/bstudio_nxp/workspace/JN-AN-1201-YCL/JN-AN-1201-ZigBee-Intruder-Alarm-System/ZONE/Build/zcl_PDUbufferReadWrite.o
LOAD c:/NXP/bstudio_nxp/workspace/JN-AN-1201-YCL/JN-AN-1201-ZigBee-Intruder-Alarm-System/ZONE/Build/zcl_PDUbufferReadWriteString.o
LOAD c:/NXP/bstudio_nxp/workspace/JN-AN-1201-YCL/JN-AN-1201-ZigBee-Intruder-Alarm-System/ZONE/Build/zcl_WriteAttributesRequestHandle.o
LOAD c:/NXP/bstudio_nxp/workspace/JN-AN-1201-YCL/JN-AN-1201-ZigBee-Intruder-Alarm-System/ZONE/Build/zcl_WriteAttributesRequestSend.o
LOAD c:/NXP/bstudio_nxp/workspace/JN-AN-1201-YCL/JN-AN-1201-ZigBee-Intruder-Alarm-System/ZONE/Build/zcl_WriteAttributesResponseHandle.o
LOAD c:/NXP/bstudio_nxp/workspace/JN-AN-1201-YCL/JN-AN-1201-ZigBee-Intruder-Alarm-System/ZONE/Build/zcl_attribute.o
LOAD c:/NXP/bstudio_nxp/workspace/JN-AN-1201-YCL/JN-AN-1201-ZigBee-Intruder-Alarm-System/ZONE/Build/zcl_buffer.o
LOAD c:/NXP/bstudio_nxp/workspace/JN-AN-1201-YCL/JN-AN-1201-ZigBee-Intruder-Alarm-System/ZONE/Build/zcl_clusterCommand.o
LOAD c:/NXP/bstudio_nxp/workspace/JN-AN-1201-YCL/JN-AN-1201-ZigBee-Intruder-Alarm-System/ZONE/Build/zcl_command.o
LOAD c:/NXP/bstudio_nxp/workspace/JN-AN-1201-YCL/JN-AN-1201-ZigBee-Intruder-Alarm-System/ZONE/Build/zcl_configureReportingCommandHandle.o
LOAD c:/NXP/bstudio_nxp/workspace/JN-AN-1201-YCL/JN-AN-1201-ZigBee-Intruder-Alarm-System/ZONE/Build/zcl_configureReportingCommandSend.o
LOAD c:/NXP/bstudio_nxp/workspace/JN-AN-1201-YCL/JN-AN-1201-ZigBee-Intruder-Alarm-System/ZONE/Build/zcl_configureReportingResponseHandle.o
LOAD c:/NXP/bstudio_nxp/workspace/JN-AN-1201-YCL/JN-AN-1201-ZigBee-Intruder-Alarm-System/ZONE/Build/zcl_defaultResponse.o
LOAD c:/NXP/bstudio_nxp/workspace/JN-AN-1201-YCL/JN-AN-1201-ZigBee-Intruder-Alarm-System/ZONE/Build/zcl_discoverAttributesExtendedRequestHandle.o
LOAD c:/NXP/bstudio_nxp/workspace/JN-AN-1201-YCL/JN-AN-1201-ZigBee-Intruder-Alarm-System/ZONE/Build/zcl_discoverAttributesExtendedRequestSend.o
LOAD c:/NXP/bstudio_nxp/workspace/JN-AN-1201-YCL/JN-AN-1201-ZigBee-Intruder-Alarm-System/ZONE/Build/zcl_discoverAttributesExtendedResponseHandle.o
LOAD c:/NXP/bstudio_nxp/workspace/JN-AN-1201-YCL/JN-AN-1201-ZigBee-Intruder-Alarm-System/ZONE/Build/zcl_discoverAttributesRequestHandle.o
LOAD c:/NXP/bstudio_nxp/workspace/JN-AN-1201-YCL/JN-AN-1201-ZigBee-Intruder-Alarm-System/ZONE/Build/zcl_discoverAttributesRequestSend.o
LOAD c:/NXP/bstudio_nxp/workspace/JN-AN-1201-YCL/JN-AN-1201-ZigBee-Intruder-Alarm-System/ZONE/Build/zcl_discoverAttributesResponseHandle.o
LOAD c:/NXP/bstudio_nxp/workspace/JN-AN-1201-YCL/JN-AN-1201-ZigBee-Intruder-Alarm-System/ZONE/Build/zcl_discoverCommandsRequestHandle.o
LOAD c:/NXP/bstudio_nxp/workspace/JN-AN-1201-YCL/JN-AN-1201-ZigBee-Intruder-Alarm-System/ZONE/Build/zcl_discoverCommandsRequestSend.o
LOAD c:/NXP/bstudio_nxp/workspace/JN-AN-1201-YCL/JN-AN-1201-ZigBee-Intruder-Alarm-System/ZONE/Build/zcl_discoverCommandsResponseHandle.o
LOAD c:/NXP/bstudio_nxp/workspace/JN-AN-1201-YCL/JN-AN-1201-ZigBee-Intruder-Alarm-System/ZONE/Build/zcl_event.o
LOAD c:/NXP/bstudio_nxp/workspace/JN-AN-1201-YCL/JN-AN-1201-ZigBee-Intruder-Alarm-System/ZONE/Build/zcl_heap.o
LOAD c:/NXP/bstudio_nxp/workspace/JN-AN-1201-YCL/JN-AN-1201-ZigBee-Intruder-Alarm-System/ZONE/Build/zcl_library_options.o
LOAD c:/NXP/bstudio_nxp/workspace/JN-AN-1201-YCL/JN-AN-1201-ZigBee-Intruder-Alarm-System/ZONE/Build/zcl_readAttributesRequestHandle.o
LOAD c:/NXP/bstudio_nxp/workspace/JN-AN-1201-YCL/JN-AN-1201-ZigBee-Intruder-Alarm-System/ZONE/Build/zcl_readAttributesRequestSend.o
LOAD c:/NXP/bstudio_nxp/workspace/JN-AN-1201-YCL/JN-AN-1201-ZigBee-Intruder-Alarm-System/ZONE/Build/zcl_readAttributesResponseHandle.o
LOAD c:/NXP/bstudio_nxp/workspace/JN-AN-1201-YCL/JN-AN-1201-ZigBee-Intruder-Alarm-System/ZONE/Build/zcl_readReportingConfigurationCommandHandle.o
LOAD c:/NXP/bstudio_nxp/workspace/JN-AN-1201-YCL/JN-AN-1201-ZigBee-Intruder-Alarm-System/ZONE/Build/zcl_readReportingConfigurationCommandSend.o
LOAD c:/NXP/bstudio_nxp/workspace/JN-AN-1201-YCL/JN-AN-1201-ZigBee-Intruder-Alarm-System/ZONE/Build/zcl_readReportingConfigurationResponseHandle.o
LOAD c:/NXP/bstudio_nxp/workspace/JN-AN-1201-YCL/JN-AN-1201-ZigBee-Intruder-Alarm-System/ZONE/Build/zcl_reportManager.o
LOAD c:/NXP/bstudio_nxp/workspace/JN-AN-1201-YCL/JN-AN-1201-ZigBee-Intruder-Alarm-System/ZONE/Build/zcl_reportMaths.o
LOAD c:/NXP/bstudio_nxp/workspace/JN-AN-1201-YCL/JN-AN-1201-ZigBee-Intruder-Alarm-System/ZONE/Build/zcl_reportScheduler.o
LOAD c:/NXP/bstudio_nxp/workspace/JN-AN-1201-YCL/JN-AN-1201-ZigBee-Intruder-Alarm-System/ZONE/Build/zcl_reportStringHandling.o
LOAD c:/NXP/bstudio_nxp/workspace/JN-AN-1201-YCL/JN-AN-1201-ZigBee-Intruder-Alarm-System/ZONE/Build/zcl_reportStructure.o
LOAD c:/NXP/bstudio_nxp/workspace/JN-AN-1201-YCL/JN-AN-1201-ZigBee-Intruder-Alarm-System/ZONE/Build/zcl_search.o
LOAD c:/NXP/bstudio_nxp/workspace/JN-AN-1201-YCL/JN-AN-1201-ZigBee-Intruder-Alarm-System/ZONE/Build/zcl_timer.o
LOAD c:/NXP/bstudio_nxp/workspace/JN-AN-1201-YCL/JN-AN-1201-ZigBee-Intruder-Alarm-System/ZONE/Build/zcl_transmit.o
LOAD c:/NXP/bstudio_nxp/workspace/sdk/JN-SW-4168/Components/Library\libZPSMAC_Mini_JN516x.a
LOAD c:/NXP/bstudio_nxp/workspace/sdk/JN-SW-4168/Components/Library\libOS_JN516x.a
LOAD c:/NXP/bstudio_nxp/workspace/sdk/JN-SW-4168/Components/Library\libPWRM_JN516x.a
LOAD c:/NXP/bstudio_nxp/workspace/sdk/JN-SW-4168/Components/Library\libZPSTSV_JN516x.a
LOAD c:/NXP/bstudio_nxp/workspace/sdk/JN-SW-4168/Components/Library\libAES_SW_JN516x.a
LOAD c:/NXP/bstudio_nxp/workspace/sdk/JN-SW-4168/Components/Library\libPDUM_JN516x.a
LOAD c:/NXP/bstudio_nxp/workspace/sdk/JN-SW-4168/Components/Library\libZPSAPL_JN516x.a
LOAD c:/NXP/bstudio_nxp/workspace/sdk/JN-SW-4168/Components/Library\libRandom_JN516x.a
LOAD c:/NXP/bstudio_nxp/workspace/sdk/JN-SW-4168/Components/Library\libPDM_EEPROM_JN516x.a
LOAD c:/NXP/bstudio_nxp/workspace/sdk/JN-SW-4168/Components/Library\libDBG_JN516x.a
LOAD c:/NXP/bstudio_nxp/workspace/sdk/JN-SW-4168/Components/Library\libZPSNWK_ZED_JN516x.a
LOAD c:/NXP/bstudio_nxp/workspace/sdk/JN-SW-4168/Components/Library\libMiniMac_JN5169.a
LOAD c:/NXP/bstudio_nxp/workspace/sdk/JN-SW-4168/Components/Library\libMiniMacShim_JN516x.a
LOAD c:/NXP/bstudio_nxp/workspace/sdk/JN-SW-4168/Components/Library\libMMAC_JN5169.a
LOAD c:/NXP/bstudio_nxp/workspace/sdk/JN-SW-4168/Components/Library\libJPT_JN5169.a
LOAD c:/NXP/bstudio_nxp/workspace/sdk/JN-SW-4168/Components/Library\libAes_JN516x.a
LOAD c:/NXP/bstudio_nxp/workspace/sdk/JN-SW-4168/Components/Library\libHardwareApi_JN5169.a
LOAD c:/NXP/bstudio_nxp/workspace/sdk/JN-SW-4168/Components/Library\libMicroSpecific_JN516x.a
LOAD c:/NXP/bstudio_nxp/workspace/sdk/JN-SW-4168/Components/Library\libBoot_JN516x.a
LOAD c:/NXP/bstudio_nxp/workspace/sdk/JN-SW-4168/Platform/DK4/Library\libBoardLib_JN516x.a
LOAD c:/nxp/bstudio_nxp/workspace/sdk/tools/ba-elf-ba2-r36379/bin/../lib/gcc/ba-elf/4.7.4/../../../../ba-elf/lib/mcpu_jn51xx_sizeopt\libm.a
END GROUP
LOAD c:/nxp/bstudio_nxp/workspace/sdk/tools/ba-elf-ba2-r36379/bin/../lib/gcc/ba-elf/4.7.4/../../../../ba-elf/lib/mcpu_jn51xx_sizeopt\libc.a
LOAD c:/nxp/bstudio_nxp/workspace/sdk/tools/ba-elf-ba2-r36379/bin/../lib/gcc/ba-elf/4.7.4/mcpu_jn51xx_sizeopt\libgcc.a
LOAD c:/nxp/bstudio_nxp/workspace/sdk/tools/ba-elf-ba2-r36379/bin/../lib/gcc/ba-elf/4.7.4/../../../../ba-elf/lib/mcpu_jn51xx_sizeopt\libc.a
                0x0000000000080038                exception_vsr_table = 0x80038
                0x0000000004000000                pSPIflashFncTable = 0x4000000
                0x0000000000000044                restore_state = 0x44
                0x000000000000004a                bZSPIWaitWIPClear = 0x4a
                0x0000000000000050                u16ZSPIflashRDID = 0x50
                0x0000000000000056                u8SelectFlashChipType = 0x56
                0x000000000000005c                memcpy = 0x5c
                0x0000000000000066                vBootFlashProg = 0x66
                [0x00000000000007d0]                __minimum_heap_size = DEFINED (__minimum_heap_size)?__minimum_heap_size:0xd16
                [0x0000000000001388]                __stack_size = DEFINED (__stack_size)?__stack_size:0x800
                0x0000000000000000                _SwConfig = (DEFINED (g_bSWConf_Debug) | (DEFINED (g_bSWConf_AltDebugPort) << 0x1))

.version        0x000000000007fffc        0x4
                0x000000000007fffc        0x4 LONG 0xf03000b

.bir            0x0000000000080000       0x10
                0x0000000000080000                _flash_start = ABSOLUTE (.)
                0x0000000000080000                _flash_beg = ABSOLUTE (.)
                0x0000000000080000        0x4 LONG 0x12345678
                0x0000000000080004        0x4 LONG 0x11223344
                0x0000000000080008        0x4 LONG 0x55667788
                0x000000000008000c        0x1 BYTE 0x8
                0x000000000008000d        0x1 BYTE 0x1
                0x000000000008000e        0x2 SHORT 0x0

.flashheader    0x0000000000080010       0x28
                0x0000000000080010        0x4 LONG 0x0
                0x0000000000080014        0x4 LONG 0x0
                0x0000000000080018        0x4 LONG 0x0
                0x000000000008001c        0x2 SHORT 0x0
                0x000000000008001e        0x2 SHORT 0x0 ABSOLUTE (_SwConfig)
                0x0000000000080020                _enc_start = ABSOLUTE (.)
                0x0000000000080020        0x4 LONG 0x1e8a0 ABSOLUTE (_image_len)
                0x0000000000080024        0x4 LONG 0x9dee8 ABSOLUTE (_flash_data_start)
                0x0000000000080028        0x2 SHORT 0x13 ((ABSOLUTE (_ram_data_start) / 0x4) & 0xffff)
                0x000000000008002a        0x2 SHORT 0x26e ((ABSOLUTE (_ram_data_len) / 0x4) & 0xffff)
                0x000000000008002c        0x2 SHORT 0x281 ((ABSOLUTE (_bss_start) / 0x4) & 0xffff)
                0x000000000008002e        0x2 SHORT 0xfdf ((ABSOLUTE (_bss_len) / 0x4) & 0xffff)
                0x0000000000080030        0x4 LONG 0x9ca94 ABSOLUTE (AppWarmStart)
                0x0000000000080034        0x4 LONG 0x9caae ABSOLUTE (AppColdStart)
                0x0000000000000000                _enc_offset = (_enc_start & 0xf)

.ro_mac_address
                0x0000000000080040        0x0
                0x0000000000080040                _FlsMACAddress = ABSOLUTE (.)
 *(.ro_mac_address)
                0x0000000000080040                . = ALIGN (0x10)

.ro_ota_header  0x0000000000080040        0x0
                0x0000000000080040                _FlsOtaHeader = ABSOLUTE (.)
 *(.ro_ota_header)
                0x0000000000080040                . = ALIGN (0x10)

.ro_se_lnkKey   0x0000000000080040        0x0
                0x0000000000080040                _FlsLinkKey = ABSOLUTE (.)
 *(.ro_se_lnkKey)
                0x0000000000080040                . = ALIGN (0x10)

.rodata         0x0000000000080038     0x1580
 *(.rodata*)
 .rodata.str1.1
                0x0000000000080038       0xbb C:\Users\1\AppData\Local\Temp\cctYT8Us.ltrans0.ltrans.o
 *fill*         0x00000000000800f3        0x1 00
 .rodata        0x00000000000800f4       0xb0 C:\Users\1\AppData\Local\Temp\cctYT8Us.ltrans0.ltrans.o
                0x00000000000800f4                psAplDefaultZLLAPSLinkKey
                0x00000000000800f8                gMAC_u8MaxBuffers
                0x00000000000800fc                g_u32ApsFcSaveCountBitShift
                0x0000000000080100                u8MaxZpsConfigEp
                0x0000000000080101                au8EpMapPresent
                0x0000000000080104                s_groupPdmTable
 .rodata        0x00000000000801a4       0x40 C:\Users\1\AppData\Local\Temp\cctYT8Us.ltrans2.ltrans.o
 .rodata        0x00000000000801e4       0x18 C:\Users\1\AppData\Local\Temp\cctYT8Us.ltrans5.ltrans.o
 .rodata.str1.1
                0x00000000000801fc        0x3 C:\Users\1\AppData\Local\Temp\cctYT8Us.ltrans5.ltrans.o
 .rodata.str1.1
                0x00000000000801ff       0x83 C:\Users\1\AppData\Local\Temp\cctYT8Us.ltrans6.ltrans.o
 .rodata.str1.1
                0x0000000000000000       0x83 C:\Users\1\AppData\Local\Temp\cctYT8Us.ltrans7.ltrans.o
                                          0xf (size before relaxing)
 .rodata        0x0000000000080282        0x7 C:\Users\1\AppData\Local\Temp\cctYT8Us.ltrans7.ltrans.o
                0x0000000000080282                u8MacNwkTriesTimeout
 .rodata.str1.1
                0x0000000000080289        0x5 C:\Users\1\AppData\Local\Temp\cctYT8Us.ltrans8.ltrans.o
                                          0x8 (size before relaxing)
 .rodata        0x000000000008028e       0x6b C:\Users\1\AppData\Local\Temp\cctYT8Us.ltrans8.ltrans.o
 .rodata.str1.1
                0x0000000000000000        0x5 C:\Users\1\AppData\Local\Temp\cctYT8Us.ltrans9.ltrans.o
                                          0x8 (size before relaxing)
 .rodata.str1.1
                0x00000000000802f9       0x1a C:\Users\1\AppData\Local\Temp\cctYT8Us.ltrans10.ltrans.o
 .rodata.str1.1
                0x0000000000080313      0x144 C:\Users\1\AppData\Local\Temp\cctYT8Us.ltrans11.ltrans.o
                                        0x152 (size before relaxing)
 .rodata.str1.1
                0x0000000000080457        0xe C:\Users\1\AppData\Local\Temp\cctYT8Us.ltrans12.ltrans.o
                                         0x1d (size before relaxing)
 .rodata.str1.1
                0x0000000000080465      0x38c C:\Users\1\AppData\Local\Temp\cctYT8Us.ltrans13.ltrans.o
                                        0x396 (size before relaxing)
 *fill*         0x00000000000807f1        0x3 00
 .rodata        0x00000000000807f4       0x14 C:\Users\1\AppData\Local\Temp\cctYT8Us.ltrans13.ltrans.o
                0x0000000000080804                pu64NewMacOverrideMyAddressLocation
 .rodata.str1.1
                0x0000000000080808      0x206 C:\Users\1\AppData\Local\Temp\cctYT8Us.ltrans14.ltrans.o
 *fill*         0x0000000000080a0e        0x2 00
 .rodata        0x0000000000080a10        0x8 C:\Users\1\AppData\Local\Temp\cctYT8Us.ltrans14.ltrans.o
                0x0000000000080a10                au32UartAddrOffset
 .rodata        0x0000000000080a18      0x17c C:\Users\1\AppData\Local\Temp\cctYT8Us.ltrans15.ltrans.o
                0x0000000000080a18                s_apsStSceTbl.115621
                0x0000000000080a2c                s_apsStSmeTbl.115684
                0x0000000000080a40                s_aprIdleStHandleCme.123638
                0x0000000000080a50                s_aprActvStHandleCme.120524
                0x0000000000080a68                bRxOnOptimisationTurnedOff
                0x0000000000080a6c                zps_sJoinSceTbl
                0x0000000000080a78                zps_sActvSceTbl
                0x0000000000080a84                zps_sDiscSmeTbl
                0x0000000000080a90                zps_sJoinSmeTbl
                0x0000000000080a9c                zps_sActvSmeTbl
 .rodata.str1.1
                0x0000000000080b94        0x5 C:\Users\1\AppData\Local\Temp\cctYT8Us.ltrans16.ltrans.o
                                         0x17 (size before relaxing)
 .rodata.str1.1
                0x0000000000080b99       0x2a C:\Users\1\AppData\Local\Temp\cctYT8Us.ltrans17.ltrans.o
                                         0x4b (size before relaxing)
 *fill*         0x0000000000080bc3        0x1 00
 .rodata        0x0000000000080bc4      0x118 C:\Users\1\AppData\Local\Temp\cctYT8Us.ltrans18.ltrans.o
                0x0000000000080bc4                gu32ZCLVersion
                0x0000000000080bc8                OS_g_u32Version
                0x0000000000080bcc                PDUM_g_u32Version
                0x0000000000080bd0                ZPS_g_u32MacVersion
                0x0000000000080bd4                ZPS_g_u32TsvVersion
 .rodata.str1.1
                0x0000000000080cdc       0x10 C:\Users\1\AppData\Local\Temp\cctYT8Us.ltrans20.ltrans.o
                                         0x2f (size before relaxing)
 .rodata.str1.1
                0x0000000000080cec      0x17d C:\Users\1\AppData\Local\Temp\cctYT8Us.ltrans21.ltrans.o
                                        0x1a1 (size before relaxing)
 *fill*         0x0000000000080e69        0x3 00
 .rodata        0x0000000000080e6c       0x18 C:\Users\1\AppData\Local\Temp\cctYT8Us.ltrans23.ltrans.o
                0x0000000000080e6c                au32NwkPdmRecordOffsets
 .rodata.str1.1
                0x0000000000000000        0x3 C:\Users\1\AppData\Local\Temp\cctYT8Us.ltrans24.ltrans.o
 .rodata        0x0000000000080e84       0x48 C:\Users\1\AppData\Local\Temp\cctYT8Us.ltrans24.ltrans.o
 .rodata.str1.1
                0x0000000000080ecc       0x20 C:\Users\1\AppData\Local\Temp\cctYT8Us.ltrans25.ltrans.o
                                         0x30 (size before relaxing)
 .rodata.str1.1
                0x0000000000080eec       0xf7 C:\Users\1\AppData\Local\Temp\cctYT8Us.ltrans26.ltrans.o
                                        0x10c (size before relaxing)
 .rodata.str1.1
                0x0000000000080fe3       0xf4 C:\Users\1\AppData\Local\Temp\cctYT8Us.ltrans28.ltrans.o
 .rodata.str1.1
                0x00000000000810d7       0x14 C:\Users\1\AppData\Local\Temp\cctYT8Us.ltrans30.ltrans.o
                                         0x2c (size before relaxing)
 .rodata.str1.1
                0x00000000000810eb       0xeb C:\Users\1\AppData\Local\Temp\cctYT8Us.ltrans31.ltrans.o
 *fill*         0x00000000000811d6        0x2 00
 .rodata        0x00000000000811d8      0x3e0 C:\Users\1\AppData\Local\Temp\cctYT8Us.ltrans31.ltrans.o
                0x00000000000811d8                zps_g_pvApl

.text           0x00000000000815b8    0x1c92e
 *(.text*)
 .text          0x00000000000815b8     0x1ae8 C:\Users\1\AppData\Local\Temp\cctYT8Us.ltrans0.ltrans.o
                0x00000000000815b8                vInitialiseApp.3506
                0x00000000000815b8                APP_TIMER_Version_1v0
 .text          0x00000000000830a0     0x15f0 C:\Users\1\AppData\Local\Temp\cctYT8Us.ltrans1.ltrans.o
                0x00000000000830a0                vZCL_EventHandler
 .text          0x0000000000084690     0x123f C:\Users\1\AppData\Local\Temp\cctYT8Us.ltrans2.ltrans.o
                0x0000000000084690                DBG_iUartGetChar
                0x00000000000846ed                vMMAC_IntHandlerBbc
                0x0000000000084707                eBasicTxCompleteHandler
                0x000000000008470c                vTxRxTimeout.129076
                0x0000000000084769                zps_eNwkHandleSmeOrphanInd
                0x0000000000084770                eSmeASFlBeaconInd.122288
                0x0000000000084792                eSmeUDNTScanDcfm.121743
                0x00000000000847ae                vNwkMcpsTimerCallback
                0x0000000000084833                zps_eNwkHandleSmePollDcfm
                0x000000000008485d                eSmeGenlScanDcfm.122280
                0x00000000000848bb                eNldeDataDcfm.117514
                0x00000000000848eb                eSmeEdScScanDcfm.122276
                0x0000000000084a92                eSmeAcScBeaconInd.122296
                0x0000000000084b9a                eSmeUDNTBeaconInd.122272
                0x0000000000084bbd                vAHI_WakeTimerStart.part.1.132043.constprop.108
                0x0000000000084bfe                vMiniMac_MLME_SetReq_PanId
                0x0000000000084c3b                vMiniMac_MLME_SetReq_ShortAddr
                0x0000000000084c49                u16AHI_UartBlockReadData.part.14.131831.constprop.81
                0x0000000000084c79                vZCL_InitializeClusterInstance.constprop.62
                0x0000000000084c8a                pvZCL_HeapAlloc.part.0.42747.constprop.55
                0x0000000000084cc3                vMiniMac_ReturnTxBufferCallback
                0x0000000000084cd5                psGetTxFrameBuffer
                0x0000000000084d14                pvHeap_Alloc
                0x0000000000084d17                vMicroIntRestoreState
                0x0000000000084d23                bAHI_WriteEEPROMfixSegmentData
                0x0000000000084d81                bAHI_InitialiseEEPROM
                0x0000000000084dc9                vAHI_ReadDataFromEEPROMregister
                0x0000000000084df6                vAHI_WriteDataIntoEEPROMregister
                0x0000000000084e26                iPDM_WriteSegmentHeaderDataIntoEEPROMsegment
                0x0000000000084e55                u8AHI_WakeTimerFiredStatus
                0x0000000000084e69                vAHI_WakeTimerStop.part.3.132055
                0x0000000000084e89                vAHI_UartReset.part.4.131809
                0x0000000000084ec1                vAHI_UartDisable.part.8.131942
                0x0000000000084f2d                vAHI_UartSetBaudDivisor.part.1.131789
                0x0000000000084f6c                vAHI_OptimiseWaitStates
                0x0000000000084fb8                bAHI_GetClkSource
                0x0000000000084fc5                vAHI_SwReset
                0x0000000000084ff5                vAHI_DioSetOutput
                0x0000000000085009                vAHI_DioSetDirection
                0x000000000008501d                vEcbEncodeStripe.131264
                0x0000000000085074                bIssueACIcommand
                0x000000000008510a                AESSW_vMMOBlockUpdate
                0x000000000008517c                vRadioToOff
                0x0000000000085199                MAC_u64GetExtAddr
                0x00000000000851b4                psSearchForFrameToSend
                0x000000000008520b                eMiniMac_FrameInProgress
                0x0000000000085236                vRemoveFromTxQueue
                0x0000000000085272                vAddToTxQueue
                0x00000000000852a8                u8GetHeaderSize
                0x00000000000852d0                vMiniMac_PLME_SetReq_CcaMode
                0x00000000000852e4                vMiniMac_MLME_SetReq_MaxCsmaBackoffs
                0x0000000000085304                vMiniMac_MLME_SetReq_MaxBe
                0x0000000000085327                vMiniMac_MLME_SetReq_MinBe
                0x000000000008534a                zps_vSendJoinInd
                0x00000000000853bb                zps_psNwkSlistRemoveFromHead
                0x00000000000853d2                zps_psNwkSlistRemove
                0x000000000008540a                zps_bNwkMcpsMgrRemoveDescrFromLists
                0x0000000000085448                zps_vNwkSlistAddToTail
                0x0000000000085462                ZPS_bNwkSecHaveNetworkKey
                0x0000000000085496                ZPS_bNwkSecFindMatSet
                0x00000000000854d2                ZPS_u8NwkNibNtDiscMatch
                0x00000000000855b6                zps_vNwkFreeMcpsHandle
                0x00000000000855e0                ZPS_u64NwkNibGetMappedIeeeAddr
                0x0000000000085602                ZPS_vNwkSecResetDevice
                0x0000000000085647                ZPS_bNwkNibNtActvMatch
                0x00000000000856ff                ZPS_u64NwkNibFindExtAddr
                0x00000000000857aa                ZPS_u16NwkNibFindNwkAddr
                0x0000000000085850                bCheckNwkAddr
                0x000000000008589e                zps_vSendNwkStatusInd
 .text.unlikely
                0x00000000000858cf       0xc8 C:\Users\1\AppData\Local\Temp\cctYT8Us.ltrans2.ltrans.o
                0x00000000000858e4                vAHI_MemoryHold.131487
 .text          0x0000000000085997     0x12ec C:\Users\1\AppData\Local\Temp\cctYT8Us.ltrans3.ltrans.o
                0x0000000000085997                zps_eSceGenlIllegal
                0x000000000008599e                zps_eSmeGenlIllegal
                0x00000000000859a5                DBG_vUartFailedAssert
                0x00000000000859a9                zps_bAplZdoBindRequestServer
                0x0000000000085ae4                psGetVsMcpsBuf.71492
                0x0000000000085aed                psGetMlmeBuf.71485
                0x0000000000085b34                psGetNlmeBuf.54435
                0x0000000000085b3e                psGetNldeBuf.54456
                0x0000000000085b48                psGetApsmeBuf.54442
                0x0000000000085b51                psGetApsdeBuf.54449
                0x0000000000085c6a                vLoopbackTimerCallback
                0x0000000000085c99                ZPS_vSetExtendedStatus
                0x0000000000085cab                zps_psApsApsAllocateDcfmRecord
                0x0000000000085d19                zps_u8CalcLinkCost
                0x0000000000085d55                zps_u64NwkLibFromPayload
                0x0000000000085d94                zps_vNwkLibU64ToPayload
                0x0000000000085dc1                zps_vInitBeaconPayload
                0x0000000000085e3d                zps_eNwkDcfmIndPost
                0x0000000000085e5f                zps_psNwkDcfmIndGetBuf
                0x0000000000085e81                DBG_vInit
                0x0000000000085ec3                vPDM_ReadBitmapHeader.111299
                0x0000000000085ee2                psSLISTsearch
                0x0000000000085f22                psSLISTremove
                0x0000000000085fa0                vSLISTaddToTail
                0x0000000000085fbf                psSLISTgetNext
                0x0000000000085fe3                u8PDM_CalculateLargestDataRecordStored
                0x0000000000086014                bPDM_ImageBitmapRepairCheck
                0x000000000008603c                u8PDM_ReadSequenceNumber
                0x000000000008605f                boSegmentNumberDeleteSearchMatch.110869
                0x000000000008607a                u8PDM_ReadSegmentDataSize
                0x000000000008608e                u32PDM_ReadFileSystemHeaderWearCount
                0x00000000000860a4                boSearchForWearCountSubstitute.111185
                0x00000000000860ca                boSearchForWearCountInsertPoint.110438
                0x00000000000860e8                vPDM_WriteFileSystemHeaderWearCount
                0x00000000000860fa                RND_u32GetRand256
                0x0000000000086117                RND_u32GetRand
                0x000000000008613e                u16CalculateFailedTxCount.87193
                0x0000000000086168                vZdoIeeeAddrServerSendExtendResponse.part.0.75313
                0x00000000000861c9                vZdoNwkAddrServerSendExtendResponse.part.0.74133
                0x000000000008622a                zps_bAplZdoServerHandleConfirmAcks
                0x0000000000086274                zps_bPerformLeaveActionDecider
                0x0000000000086279                vHandleUpdateDeviceIndication.63501
                0x00000000000862a3                u32GetScanChannels.63488
                0x00000000000862ce                bDuplicateCheck.59868
                0x00000000000863db                bIsBindTableMatch.58436
                0x000000000008642c                eRemoveEntryInBindingTable.58464
                0x00000000000864ab                zps_vAplApsFillAndPostApsAck
                0x0000000000086515                zps_u8AplApsFreeMsgHandle
                0x000000000008657f                u8BlocksToSendInWindow.55932
                0x00000000000865d1                vFillDataIndStruct.54302
                0x000000000008662f                vFillApduErrorEvent.54295
                0x0000000000086672                bCheckProfile.54290
                0x00000000000866b0                ZPS_bIsGroupPresent
                0x00000000000866e8                pdum_u16ReadNBO
                0x0000000000086849                PDUM_u16SizeNBO
                0x00000000000868a7                PDUM_u16APduInstanceWriteStrNBO
                0x0000000000086a26                PDUM_eNPduReadHeaderNBO
                0x0000000000086a79                PDUM_u16APduInstanceReadNBO
                0x0000000000086ac4                PDUM_eNPduPrependHeaderNBO
                0x0000000000086b1f                PDUM_eNPduAppendDataNBO
                0x0000000000086b7c                PDUM_u16APduInstanceWriteNBO
                0x0000000000086be6                PDUM_thAPduInstanceGetApdu
                0x0000000000086c01                PDUM_eAPduInstanceSetPayloadSize
                0x0000000000086c29                PDUM_eNPduWriteDataFromBuffer
 .text          0x0000000000086c83      0xfd8 C:\Users\1\AppData\Local\Temp\cctYT8Us.ltrans4.ltrans.o
                0x0000000000086cbd                DBG_vUartPutch
                0x0000000000086d03                DBG_vUartFlush
                0x0000000000086dd3                boIdValueSearchMatch.110442
                0x0000000000086e2d                vStartReceive
                0x0000000000086e48                vMiniMac_NextTransaction
                0x0000000000086eb2                vPostTxActions.129124
                0x0000000000087042                vDispatch.51204
                0x0000000000087114                OS_eStartSWTimer.constprop.142
                0x0000000000087233                OS_eStopSWTimer
                0x0000000000087356                vStartStopTimer
                0x0000000000087381                vStopAllTimers
                0x00000000000873b3                vStopSWTimers.6003
                0x0000000000087464                OS_ePostMessage
                0x00000000000875ca                OS_eActivateTask
                0x0000000000087665                vPostMlmeDcfmInd.71488
                0x0000000000087708                iPDM_ReadUserDataFromEEPROMsegment
                0x0000000000087782                iPDM_ReCalculateWearCountAndChecksumAndWriteFileSystemHeader
                0x00000000000877cc                vPDM_SetEEPROMandFileSystemValidState
                0x00000000000877f3                iPDM_ReadUserDataFromFileSystemRecord
                0x0000000000087813                vPDM_WriteFileSystemRecordAndSegmentDataIntoEEPROMsegment
                0x000000000008784e                PWRM_eScheduleActivity.constprop.103
                0x000000000008796b                u16ZCL_APduInstanceWriteNBO
                0x0000000000087a15                u16ZCL_WriteAttributeValueIntoBuffer
                0x0000000000087a87                u16ZCL_WriteCommandHeader
                0x0000000000087aff                u16ZCL_APduInstanceReadNBO
                0x0000000000087be4                u16ZCL_ReadCommandHeader.part.0.34797
 .text          0x0000000000087c5b      0xe0e C:\Users\1\AppData\Local\Temp\cctYT8Us.ltrans5.ltrans.o
                0x0000000000087c5b                os_vAPP_cbEnableTickTimer
                0x0000000000087cdb                os_vAPP_cbDisableTickTimer
                0x0000000000087d1f                eOrphanNotificationSent.129848
                0x0000000000087dd8                DBG_vUartInitHardware
                0x0000000000087eaa                eCLD_BasicCommandHandler
                0x0000000000087ecd                eZCL_SearchForClusterEntry
                0x0000000000087f42                eZCL_FindCluster
                0x0000000000087f93                User_Uart_Init
                0x0000000000088019                ZPS_bSecDecrypt
                0x000000000008812b                boPDM_IsBitmapSaturated.111334
                0x0000000000088174                vDLISTaddToHead
                0x000000000008819d                vDLISTaddToTail
                0x00000000000881c0                psDLISTremove
                0x0000000000088222                eZCL_SearchForAttributeEntry
                0x00000000000882bb                iPDM_SearchForBufferIdInList
                0x00000000000882f0                iPDM_SearchForBufferIdInFileSystem
                0x0000000000088303                iPDM_ReadUserDataFromSegmentWithId
                0x0000000000088338                iPDM_SearchForSpecificSegmentInList
                0x000000000008836a                eTransmit
                0x0000000000088447                vRetryCcaFailure
                0x000000000008849b                eBuildAndSend.129856
                0x0000000000088510                vMiniMac_TxComplete
                0x00000000000885f7                vTimerFired
                0x00000000000886af                vMiniMac_Init
 .text          0x0000000000088a69     0x11af C:\Users\1\AppData\Local\Temp\cctYT8Us.ltrans6.ltrans.o
                0x0000000000088a69                pwrm_Wakeup.3510
                0x0000000000088c0f                OS_eExitCriticalSection
                0x0000000000088cf4                PDUM_hAPduAllocateAPduInstance
                0x0000000000088d68                zps_eAplZdoSendZdpResponse
                0x0000000000088db1                bSendResponse.86004
                0x0000000000088df4                PDUM_eAPduFreeAPduInstance
                0x0000000000088e77                zps_bAplZdoActiveEpServer
                0x0000000000088f60                zps_bAplZdoSystemServerDiscoveryServer
                0x0000000000088fe9                zps_bAplZdoMgmtLqiServer
                0x0000000000089215                PDM_eReadDataFromRecord.part.0.109681
                0x00000000000892d6                ZPS_pvNwkCtor.part.0.113580
                0x00000000000895bf                vLoadAplRecord.63528
                0x00000000000895f3                ZPS_eTsvStart
                0x000000000008964e                zps_vAplApsCheckAndStartPollTimer
                0x00000000000896ad                zps_eAplZdoBdrmRequestSend
                0x0000000000089728                zps_eNwkHandleSceNwkUpdate
                0x000000000008974c                vProcessTimedList.115402
                0x0000000000089792                zps_vAplAfPostTimerEvent
                0x00000000000897e1                zps_vNwkJoinStStartResponseTimer
                0x000000000008981b                ZPS_eTsvStop
                0x000000000008986f                eCopyFragmentToApdu.isra.0.54331
                0x0000000000089991                zps_eNwkBtrMatch
                0x0000000000089a1e                zps_vAplApsStopPollTimer
                0x0000000000089aad                zps_vFragmentWindowTimeout.54286
                0x0000000000089b13                zps_vAplApsFragTransmitNotifyApp.57002
                0x0000000000089bae                bHasTimerFired.48511
 .text          0x0000000000089c18     0x1081 C:\Users\1\AppData\Local\Temp\cctYT8Us.ltrans7.ltrans.o
                0x0000000000089ed4                zps_bAplZdoMatchDescServer
                0x0000000000089ee8                zps_bAplZdoNodeDescServer
                0x000000000008a054                zps_bAplZdoPowerDescServer
                0x000000000008a171                zps_bAplZdoSimpleDescServer
                0x000000000008a3d2                PDUM_eNPduAllocate
                0x000000000008a441                vMiniMac_McpsCallback
                0x000000000008a66d                PDUM_eNPduClone
                0x000000000008a6b9                PDUM_eNPduFree
                0x000000000008a726                zps_vHandleExtendedDataAckFrame
                0x000000000008a80a                vPostVsMcpsDcfmInd.71495
                0x000000000008a8f3                zps_vNwkMcpsMgrFreeReqDescr
                0x000000000008a925                zps_psAllocateAndFormatMacHdr
                0x000000000008aa78                zps_psNwkInitCmdFrame
                0x000000000008ab45                zps_vNwkRemoveConflictedBroadcast
                0x000000000008ab97                zps_vNwkMcpsMgrTidyBtrReqDescr
                0x000000000008abdb                vNwkBttTimerExpiry.120572
                0x000000000008ac5d                hZCL_AllocateAPduInstance
 .text          0x000000000008ac99      0xdde C:\Users\1\AppData\Local\Temp\cctYT8Us.ltrans8.ltrans.o
                0x000000000008ac99                os_u32APP_cbGetTickTimer
                0x000000000008aca2                os_bAPP_cbSetTickTimerCompare
                0x000000000008acfe                vZdoServersInit.2866
                0x000000000008af8f                u16ZCL_APduInstanceWriteStringNBO
                0x000000000008b056                u16ZCL_APduInstanceReadStringNBO.part.3.32011
                0x000000000008b12f                eZCL_GetAttributeTypeSizeFromBuffer
                0x000000000008b1a6                u8ZdoBindUnbindServerUnpackApdu
                0x000000000008b1f5                iPDM_ReadSegmentHeaderDataFromEEPROMsegment
                0x000000000008b24e                u16ZCL_GetTxPayloadSize
                0x000000000008b28e                PWRM_vWakeInterruptCallback
                0x000000000008b2da                psGetAndBuildCoordRealignment
                0x000000000008b332                ZPS_eTsvOpen
                0x000000000008b34c                sEZ_GetDiscEntry.7833
                0x000000000008b38d                iPDM_FilterDuplicateAppendedSegmentsOnList.111614
                0x000000000008b3d1                ZPS_bIsMacAddressUsedInApsTable
                0x000000000008b487                zps_vNwkBttMgrInit
                0x000000000008b4b5                ZPS_vNwkNibClearTables
                0x000000000008b5d6                vMicroIntEnableOnly.constprop.137
                0x000000000008b602                vSetChannelAndPower
                0x000000000008b7a2                vMiniMac_PLME_SetReq_Power
                0x000000000008b7b6                vMiniMac_PLME_SetReq_Channel
                0x000000000008b7be                TSV_eStart
                0x000000000008b80e                iAHI_WriteDataIntoEEPROMsegment.constprop.132
                0x000000000008b85c                vACI_OptimisedCcmStar.constprop.130
                0x000000000008ba47                vTransformKey.isra.0.59987
 .text          0x000000000008ba77      0xcad C:\Users\1\AppData\Local\Temp\cctYT8Us.ltrans9.ltrans.o
                0x000000000008ba77                zps_bAplZdoNwkAddrServer
                0x000000000008bbf8                eBeaconReqSent.129852
                0x000000000008bc1f                zps_bAplZdoIeeeAddrServer
                0x000000000008be26                eMcpsTxCompleteHandler.128705
                0x000000000008be54                vPDM_AddFileSystemElementToListInAscendingWearCountOrder
                0x000000000008bf62                iPDM_WriteSegmentHeaderAndData
                0x000000000008c15e                eMakeEntryInBindingTable.58482
                0x000000000008c208                zps_u8AplApsConstructAndPostLoopBackDataInd.57046
                0x000000000008c341                u8PostUnicastMsgToNHLE.57054
                0x000000000008c37a                PWRM_vManagePower
                0x000000000008c4f0                zps_vSendJoinDcfm
                0x000000000008c536                vGiveUp.124859
                0x000000000008c56e                ZPS_bSecEncrypt
 .text          0x000000000008c724      0xf34 C:\Users\1\AppData\Local\Temp\cctYT8Us.ltrans10.ltrans.o
                0x000000000008c724                vMcpsMgrExpiry.115390
                0x000000000008c9b4                zps_eStartFragmentedTransmission
                0x000000000008cac9                vApsmeResendTimeOutHandler
                0x000000000008caf8                vMiniMac_MlmeCallback
                0x000000000008cde3                bBeaconNotify.129860
                0x000000000008cf20                vPostDcfm.129867
                0x000000000008cf89                vScanNextChannel.129873
                0x000000000008d144                vMiniMacPoll_CheckPollResponse
                0x000000000008d1ad                ePollReqSent.130060
                0x000000000008d1f8                ZPS_vNwkResetOutgoingFrameCounter
                0x000000000008d24c                zps_vSendExtendedAckDataFrame.54325
                0x000000000008d35f                eUnfragmentedUnicastTransmission.57029
 .text          0x000000000008d658      0xf0c C:\Users\1\AppData\Local\Temp\cctYT8Us.ltrans11.ltrans.o
                0x000000000008d798                eSmeOrphScanDcfm.125301
                0x000000000008d810                vSaveIASZoneAttributes
                0x000000000008d84f                bAplZdoBindUnbindServerProcessApdu
                0x000000000008da11                zps_psFindKeyDescr
                0x000000000008db3d                zps_eAplSecEncryptPacket
                0x000000000008dc2f                vHandleJoinedNwk.8080
                0x000000000008dc8a                ZPS_bNwkNibAddrMapAddEntry
                0x000000000008de51                APP_ZCL_cbEndpointCallback.7558
                0x000000000008e262                zps_sNwkNibNtCheckJoin
                0x000000000008e4e8                zps_vNwkHandleCmeDirectJoinReq
 .text          0x000000000008e564      0xe75 C:\Users\1\AppData\Local\Temp\cctYT8Us.ltrans12.ltrans.o
                0x000000000008e5e0                zps_vNwkHandleCmeLeaveReq
                0x000000000008e648                zps_eNwkHandleSceLeave
                0x000000000008e7ce                zps_psSendFrm.constprop.128
                0x000000000008e9d3                ZPS_vNwkHandleNldeReqRsp
                0x000000000008eca2                zps_eAplSendApsmeCmdFrame
                0x000000000008ee13                zps_eAplApsmeUpdateDeviceReqRsp.part.4.58593
                0x000000000008ef7f                zps_vAplApsmeCmdMgrRetryTimeout.58428
                0x000000000008efa8                zps_psNwkSendRejoinReqCmd.constprop.6
                0x000000000008f00a                zps_u8NwkHandleRejoinReq
                0x000000000008f0de                zps_vProcessLocalAddrConflict.part.0.114547
                0x000000000008f118                vContinueRejoin.124105
                0x000000000008f1bf                zps_psSendNetworkStatusCmd
                0x000000000008f237                zps_eDefaultDataDcfm
 *fill*         0x000000000008f3d9        0x3 00
 .text          0x000000000008f3dc      0xe8c C:\Users\1\AppData\Local\Temp\cctYT8Us.ltrans13.ltrans.o
                0x000000000008f3dc                vStartScanTimerExpiry.87189
                0x000000000008f418                zps_vAplApsPollTimer
                0x000000000008f4c0                zps_eNwkSendJoinResponse
                0x000000000008f715                zps_eProcessAddrConflict
                0x000000000008f8c2                zps_eNwkHandleSceNwkStatus
                0x000000000008f9db                eEZ_UpdateEZState
                0x000000000008fb92                vAppWakeCallBack
                0x000000000008fc9d                vHandleAppEvent.isra.0.5403
                0x000000000008fcc2                app_vStartNodeFactoryNew
                0x000000000008fd0e                vHandleJoinAndRejoinNWK.5412
 .text          0x0000000000090268      0xc70 C:\Users\1\AppData\Local\Temp\cctYT8Us.ltrans14.ltrans.o
                0x000000000009029e                vCLD_IdentifyTimerClickCallback.15357
                0x0000000000090319                eZCL_SetReceiveEventAddressStructure.part.0.42538
                0x0000000000090386                dbg_vPrintfImplNoneVerbose
                0x000000000009080d                app_UartSendMesg
                0x000000000009082f                vExtendedStatusCallBack.3503
                0x000000000009083a                pwrm_PreSleep.3514
                0x000000000009089b                vOSError
                0x00000000000908f2                os_vvDeviceStateIndicatorTask
                0x000000000009098c                vScheduleSleep
                0x0000000000090a67                os_vvISR_SystemController
                0x0000000000090acd                os_vAPP_ButtonsScanTask
                0x0000000000090b1b                DBG_vDumpStack
                0x0000000000090b5d                vUnclaimedInterrupt
                0x0000000000090b73                Uart_TxCMDData.3174
                0x0000000000090c7e                eZCL_BuildTransmitAddressStructure
                0x0000000000090ceb                eZCL_WriteLocalAttributeValue.constprop.113
                0x0000000000090db5                eCLD_IASZoneUpdateZoneID
                0x0000000000090dc7                eCLD_IASZoneUpdateZoneState
                0x0000000000090dd8                eZCL_ReadLocalAttributeValue.constprop.110
                0x0000000000090e9e                app_IASZoneUpdateZoneStatus.constprop.109
 .text          0x0000000000090ed8      0xc38 C:\Users\1\AppData\Local\Temp\cctYT8Us.ltrans15.ltrans.o
                0x0000000000090ed8                vBbcIntHandler.128504
                0x00000000000911a1                eAssocRespSent.129413
                0x00000000000911c0                zps_vNwkHandleCmeSyncReq
                0x0000000000091242                zps_vNwkHandleCmeNwkDiscReq
                0x00000000000912bc                zps_vNwkHandleCmeEdScanReq
                0x00000000000914bb                zps_vNwkHandleCmeNwkJoinReq
                0x0000000000091779                zps_vNwkHandleCmeNwkActvJoinReq
                0x00000000000918c1                vHandleRejoinExpiry.124855
                0x000000000009191f                zps_eRejoinDataDcfm
 .text          0x0000000000091b10      0xd85 C:\Users\1\AppData\Local\Temp\cctYT8Us.ltrans16.ltrans.o
                0x0000000000091b10                zps_eNwkHandleSmeAssocInd
                0x0000000000092366                os_vzps_taskZPS
                0x000000000009258f                ZPS_vNwkNibCheckAndUpdateAddresses
                0x000000000009262b                zps_bAplZdoDeviceAnnceServer
 .text          0x0000000000092895      0xcd5 C:\Users\1\AppData\Local\Temp\cctYT8Us.ltrans17.ltrans.o
                0x0000000000092895                zps_eZdpNodeDescResponse
                0x000000000009293d                zps_eZdpSimpleDescResponse
                0x0000000000092a4a                zps_bAplZdoMgmtNWKUpdateServer
                0x0000000000092dba                zps_eZdpNwkAddrResponse
                0x0000000000092e9d                zps_eZdpIeeeAddrResponse
                0x0000000000092f80                zps_eZdpPowerDescResponse
                0x000000000009301d                zps_eZdpActiveEpResponse
                0x00000000000930b3                zps_eZdpMatchDescResponse
                0x0000000000093149                zps_eZdpSystemServerDiscoveryResponse
                0x00000000000931b8                zps_eAplZdpMgmtLqiResponse
                0x000000000009345a                zps_bAplZdoZdoClient
 .text          0x000000000009356a      0xdfd C:\Users\1\AppData\Local\Temp\cctYT8Us.ltrans18.ltrans.o
                0x000000000009356a                os_bDummyMemberCheck.51214
                0x000000000009356f                os_vDefaultErrorHook.51210
                0x0000000000093572                os_vAPP_PIRTask
                0x0000000000093575                os_bStrictCheck.1358
                0x0000000000093873                PDUM_eNPduWriteDataToBuffer
                0x00000000000938d1                PDUM_eNPduWriteFromBuffer
                0x00000000000938fa                PDUM_eNPduDescend
                0x0000000000093920                PDUM_eNPduAscend
                0x0000000000093946                PDUM_eNPduClaimData
                0x00000000000939b3                PDUM_eNPduClaimHeader
                0x00000000000939d6                PDUM_eNPduInitDescending
                0x00000000000939f1                OS_eEnterCriticalSection
                0x0000000000093ab9                eExpireSWTimer.51223
                0x0000000000093b24                vEnterErrorHook.51206
                0x0000000000093b4b                OS_eCollectMessage
                0x0000000000093c10                OS_eGetSWTimerStatus
                0x0000000000093c52                eZCL_SearchForEPentry
                0x0000000000093c9a                eZCL_SearchForEPentryAndCheckManufacturerId
                0x0000000000093cd8                vZCL_PassEventToUser
                0x0000000000093d05                eZCL_DoesAttributeHaveReportableChange
                0x0000000000093d22                eZCL_GetAttributeReportableEntry
                0x0000000000093dda                vZCL_AlignNumericAttributeValueTo64.47974
                0x0000000000093ee9                u8GetTransactionSequenceNumber
                0x0000000000093efb                eZCL_GetAttributeTypeSize
                0x0000000000093f1a                vZCL_MarkAttributeInvalid
                0x0000000000093fe9                u8ZCL_GetAttributeAllignToFourBytesBoundary
                0x0000000000093ffe                pvZCL_GetAttributePointer
                0x0000000000094074                eZCL_StoreChangeAttributeValue
                0x0000000000094113                u16ZCL_GetStringStructureSize
                0x0000000000094150                u16ZCL_GetStringAttributeTypeSizeFromBuffer
                0x00000000000941c1                u16ZCL_GetStringSizeAndBufferFromStructure
                0x0000000000094250                eZCL_GetAttributeTypeSizeFromStructure
                0x00000000000942c9                Linkkey_Calculate.3155
 .text          0x0000000000094367      0xc17 C:\Users\1\AppData\Local\Temp\cctYT8Us.ltrans19.ltrans.o
                0x0000000000094367                vReportTimerClickCallback
                0x000000000009476e                eZCL_SendDefaultResponse
                0x000000000009486d                vZCL_HandleAttributesWriteRequest
                0x0000000000094cfd                eZCL_CustomCommandReceive.part.0.30873
                0x0000000000094e73                eCLD_IASZoneCommandHandler
 *fill*         0x0000000000094f7e        0x2 00
 .text          0x0000000000094f80      0xcdc C:\Users\1\AppData\Local\Temp\cctYT8Us.ltrans20.ltrans.o
                0x0000000000095173                vPostNldeDcfmInd.54459
                0x0000000000095c1c                os_vzps_isrMAC
 .text          0x0000000000095c5c      0xc80 C:\Users\1\AppData\Local\Temp\cctYT8Us.ltrans21.ltrans.o
                0x0000000000095c5c                os_vAPP_taskuart
                0x00000000000962a4                os_vAPP_ZHA_Switch_Task
                0x00000000000965db                eCLD_IdentifyCommandHandler
                0x0000000000096788                os_vZCL_Task
 .text          0x00000000000968dc      0xc7c C:\Users\1\AppData\Local\Temp\cctYT8Us.ltrans22.ltrans.o
                0x0000000000096a94                vSendMlmeCommStatusFromTxFrame
                0x0000000000096aea                MAC_vHandleMlmeVsReqRsp.constprop.92
                0x0000000000097015                ZPS_vNwkHandleNlmeReqRsp.part.0.117665
                0x0000000000097214                vScanBeaconReceived
                0x0000000000097255                vRunningRxCallback
 .text          0x0000000000097558      0xa3f C:\Users\1\AppData\Local\Temp\cctYT8Us.ltrans23.ltrans.o
                0x0000000000097558                vPDM_MoveAllDataFromListToList
                0x0000000000097596                vPDM_MoveAllDataWithBufferIdAndStateFromListToList
                0x0000000000097621                vPDM_MoveAllDataToDeAllocList
                0x0000000000097649                vPDM_MoveAllDataWithBufferIdFromListToList
                0x00000000000976ce                vPDM_DeleteAllSegmentsWithIdFromFileSystemList.constprop.47
                0x0000000000097710                vPDM_MoveFileRecordFromListToList
                0x0000000000097734                vPDM_MoveRecordToDeAllocList
                0x0000000000097754                vPDM_DeleteAppendedSequence
                0x00000000000977f9                iPDM_SegmentCopyAndAppendData.constprop.125
                0x0000000000097856                iPDM_ReconstructReplacedDataTable
                0x0000000000097ad5                PDM_eSaveRecordData
                0x0000000000097f0a                ZPS_vNwkSaveRecord
                0x0000000000097f36                vPDM_ImageBitmapRepair.110357
 .text          0x0000000000097f97      0xb58 C:\Users\1\AppData\Local\Temp\cctYT8Us.ltrans24.ltrans.o
                0x0000000000097f97                ZPS_vNwkHandleNlmeReqRsp
                0x0000000000098011                zps_vAplAfPostEvent
                0x0000000000098180                vPostToEndpoint.part.1.54339
                0x00000000000982fd                zps_vHandleApsdeDataFragInd
                0x000000000009879d                zps_eAplZdoNlmeleaveWrapper
                0x000000000009881b                zps_bAplZdoMgmtLeaveServer
                0x000000000009899b                vChangeChannelTimerExpiry.87185
                0x0000000000098a0a                eLeaveReset.126278
                0x0000000000098a75                eLeaveDataDcfmLocalLeave.126283
 *fill*         0x0000000000098aef        0x1 00
 .text          0x0000000000098af0      0xbb4 C:\Users\1\AppData\Local\Temp\cctYT8Us.ltrans25.ltrans.o
                0x0000000000098c27                vZdoBdrmSendNextTimedRequest
                0x0000000000098eb0                zps_bAplZdoBindUnbindServer
                0x0000000000098fbc                zps_bAplZdoDefaultServer
                0x000000000009921d                eAplAfCommonDataReq.52925
                0x00000000000992e4                eZCL_TransmitDataRequest
 .text          0x00000000000996a4      0xb74 C:\Users\1\AppData\Local\Temp\cctYT8Us.ltrans26.ltrans.o
                0x0000000000099710                vAplSecAuthPollTimerExpiry.63478
                0x0000000000099768                vAplSecAuthTimerExpiry.63482
                0x0000000000099838                os_vAPP_PollTask
                0x0000000000099887                APP_ZCL_cbGeneralCallback.7561
                0x000000000009996a                vPostApsdeDcfmInd.54452
                0x0000000000099b73                eJoinNetwork.63541
                0x0000000000099c24                eDiscoverNetworks.63548
                0x0000000000099c80                eStartNetworkDiscovery.63555
                0x0000000000099cea                eStartRouter.63565
                0x0000000000099db9                vPostApsmeDcfmInd.54445
 .text          0x000000000009a218      0xb11 C:\Users\1\AppData\Local\Temp\cctYT8Us.ltrans27.ltrans.o
                0x000000000009a304                vIncrementFrameCounterInPdm.isra.0.116738
                0x000000000009a4e3                vProcessListsForSubmission.115488
                0x000000000009a89f                zps_vNwkMcpsMgrPost
                0x000000000009a8c3                vSendNetworkReport.114534
                0x000000000009a99d                zps_eNwkHandleSdeActvDcfmData
                0x000000000009aa84                vMcpsMgrTimeoutExpiry
                0x000000000009aaf3                iPDM_VerifyDataSequenceWithBufferId
                0x000000000009ab95                Uart_Task_Init
 *fill*         0x000000000009ad29        0x3 00
 .text          0x000000000009ad2c      0xa04 C:\Users\1\AppData\Local\Temp\cctYT8Us.ltrans28.ltrans.o
                0x000000000009ad2c                eRejoinNetwork.63515
                0x000000000009add0                zps_eAplZdoRejoinNetwork
                0x000000000009ae4b                vAttemptDiscovery.8110
                0x000000000009af5a                vPostNlmeDcfmInd.54438
                0x000000000009b64d                vEZ_JoinSavedNetwork.7863
                0x000000000009b70a                vHandleJoinFailed.8086
 .text          0x000000000009b730      0xc28 C:\Users\1\AppData\Local\Temp\cctYT8Us.ltrans29.ltrans.o
                0x000000000009b730                zps_eNwkHandleSceRejnResponse
                0x000000000009b799                zps_vAplSaveRecord
                0x000000000009b8c2                zps_bNwkFindAddIeeeAddr
                0x000000000009ba40                eCheckAddrConflict.isra.3.114744
                0x000000000009bad6                vAplSecRemoveLinkKey.63594
                0x000000000009bb53                ZPS_vRemoveEntryFromAddressMap
                0x000000000009bb9c                ZPS_vNwkSaveAllRecords
                0x000000000009bbb3                zps_vSaveAllZpsRecords
                0x000000000009bbd2                ZPS_vNwkNibSetExtPanId
                0x000000000009bbf7                vFinish.125291
                0x000000000009bc3f                ZPS_vNwkNibSetKeySeqNum
                0x000000000009bc53                ZPS_vNwkNibSetDepth
                0x000000000009bc7c                ZPS_vNwkNibSetPanId
                0x000000000009bc9a                vHandleNwkRemoteUpdateAfterBcast.114538
                0x000000000009bd16                ZPS_vNwkNibSetCapabilityInfo
                0x000000000009bd43                ZPS_vNwkNibSetChannel
                0x000000000009bd5b                ZPS_vNwkSaveNt
                0x000000000009be75                ZPS_vNtSetUsedStatus
                0x000000000009bf1c                zps_vJoinInitNtParent
                0x000000000009c072                zps_vCheckActvNtForDuplicate
                0x000000000009c10a                zps_eNwkHandleSmeCommStatusInd
                0x000000000009c24a                eUnsolicitedRejoinRspDataDcfm.114542
                0x000000000009c275                eRejoinRspDataDcfm.124109
                0x000000000009c344                ZPS_vNwkSaveSecMat
 .text          0x000000000009c358      0x73c C:\Users\1\AppData\Local\Temp\cctYT8Us.ltrans30.ltrans.o
                0x000000000009c358                ZPS_vAplHandleApsdeReqRsp
                0x000000000009c781                zps_eAplZdpApsdeReqInternal
                0x000000000009c7f0                zps_bAplZdoMgmtBindServer
                0x000000000009ca31                zps_eAplZdpBindResponse
                0x000000000009ca52                zps_eZdpUnbindResponse
                0x000000000009ca73                zps_eZdpMgmtLeaveResponse
 *fill*         0x000000000009ca94        0x0 00
 .text          0x000000000009ca94      0x8a8 C:\Users\1\AppData\Local\Temp\cctYT8Us.ltrans31.ltrans.o
                0x000000000009ca94                AppWarmStart
                0x000000000009caae                AppColdStart
                0x000000000009cd58                os_vUnclaimedInterrupt
                0x000000000009cd6a                os_vControlledIntCheck
                0x000000000009cdaf                os_vControlledInterrupt
                0x000000000009cde8                os_vAPP_isrIllegalInstructionException
                0x000000000009cdfe                os_vAPP_isrAlignmentException
                0x000000000009ce14                os_vAPP_isrBusErrorException
                0x000000000009ce2a                os_vAPP_isrUnimplementedModuleException
                0x000000000009ce40                os_vAPP_isrStackOverflowException
                0x000000000009ce56                os_vAPP_isrTickTimer
                0x000000000009cf46                os_vvISR_Uart1
 .text          0x000000000009d33c       0x25 c:/nxp/bstudio_nxp/workspace/sdk/tools/ba-elf-ba2-r36379/bin/../lib/gcc/ba-elf/4.7.4/../../../../ba-elf/lib/mcpu_jn51xx_sizeopt\libc.a(lib_a-memcmp.o)
                0x000000000009d33c                memcmp
 .text          0x000000000009d361       0x19 c:/nxp/bstudio_nxp/workspace/sdk/tools/ba-elf-ba2-r36379/bin/../lib/gcc/ba-elf/4.7.4/../../../../ba-elf/lib/mcpu_jn51xx_sizeopt\libc.a(lib_a-memcpy.o)
 .text          0x000000000009d37a       0x12 c:/nxp/bstudio_nxp/workspace/sdk/tools/ba-elf-ba2-r36379/bin/../lib/gcc/ba-elf/4.7.4/../../../../ba-elf/lib/mcpu_jn51xx_sizeopt\libc.a(lib_a-memset.o)
                0x000000000009d37a                memset
 .text          0x000000000009d38c      0x204 c:/nxp/bstudio_nxp/workspace/sdk/tools/ba-elf-ba2-r36379/bin/../lib/gcc/ba-elf/4.7.4/mcpu_jn51xx_sizeopt\libgcc.a(__udivsi3.o)
                0x000000000009d38c                __udivsi3
 .text          0x000000000009d590       0x30 c:/nxp/bstudio_nxp/workspace/sdk/tools/ba-elf-ba2-r36379/bin/../lib/gcc/ba-elf/4.7.4/mcpu_jn51xx_sizeopt\libgcc.a(__divsi3.o)
                0x000000000009d590                __divsi3
 .text          0x000000000009d5c0      0x1b0 c:/nxp/bstudio_nxp/workspace/sdk/tools/ba-elf-ba2-r36379/bin/../lib/gcc/ba-elf/4.7.4/mcpu_jn51xx_sizeopt\libgcc.a(__umodsi3.o)
                0x000000000009d5c0                __umodsi3
 .text          0x000000000009d770       0x24 c:/nxp/bstudio_nxp/workspace/sdk/tools/ba-elf-ba2-r36379/bin/../lib/gcc/ba-elf/4.7.4/mcpu_jn51xx_sizeopt\libgcc.a(__modsi3.o)
                0x000000000009d770                __modsi3
 .text          0x000000000009d794       0x52 c:/nxp/bstudio_nxp/workspace/sdk/tools/ba-elf-ba2-r36379/bin/../lib/gcc/ba-elf/4.7.4/mcpu_jn51xx_sizeopt\libgcc.a(_muldi3.o)
                0x000000000009d794                __muldi3
 .text          0x000000000009d7e6      0x350 c:/nxp/bstudio_nxp/workspace/sdk/tools/ba-elf-ba2-r36379/bin/../lib/gcc/ba-elf/4.7.4/mcpu_jn51xx_sizeopt\libgcc.a(_udivdi3.o)
                0x000000000009d7e6                __udivdi3
 *fill*         0x000000000009db36        0x2 00
 .text          0x000000000009db38      0x198 c:/NXP/bstudio_nxp/workspace/JN-AN-1201-YCL/JN-AN-1201-ZigBee-Intruder-Alarm-System/ZONE/Build/os_irq.o
                0x000000000009db38                os_ExternalException_W
                0x000000000009db7c                os_PIC_ChannelPriorities
                0x000000000009db8c                os_OSMIUM_HwVectTable
                0x000000000009dbc8                os_PIC_SwVectTable
 .text          0x000000000009dcd0       0x29 c:/NXP/bstudio_nxp/workspace/JN-AN-1201-YCL/JN-AN-1201-ZigBee-Intruder-Alarm-System/ZONE/Build/os_irq_alignment.o
                0x000000000009dcd0                IRQ_Alignment
 .text          0x000000000009dcf9       0x29 c:/NXP/bstudio_nxp/workspace/JN-AN-1201-YCL/JN-AN-1201-ZigBee-Intruder-Alarm-System/ZONE/Build/os_irq_buserror.o
                0x000000000009dcf9                IRQ_BusError
 .text          0x000000000009dd22       0x29 c:/NXP/bstudio_nxp/workspace/JN-AN-1201-YCL/JN-AN-1201-ZigBee-Intruder-Alarm-System/ZONE/Build/os_irq_illegalinstruction.o
                0x000000000009dd22                IRQ_IllegalInstruction
 .text          0x000000000009dd4b       0x29 c:/NXP/bstudio_nxp/workspace/JN-AN-1201-YCL/JN-AN-1201-ZigBee-Intruder-Alarm-System/ZONE/Build/os_irq_stackoverflowexception.o
                0x000000000009dd4b                IRQ_StackOverflowException
 .text          0x000000000009dd74       0x29 c:/NXP/bstudio_nxp/workspace/JN-AN-1201-YCL/JN-AN-1201-ZigBee-Intruder-Alarm-System/ZONE/Build/os_irq_unimplementedmodule.o
                0x000000000009dd74                IRQ_UnimplementedModule
 *fill*         0x000000000009dd9d        0x3 00
 .text          0x000000000009dda0       0xc0 c:/NXP/bstudio_nxp/workspace/sdk/JN-SW-4168/Components/Library\libOS_JN516x.a(os_contirq_JN516x.o)
                0x000000000009dda0                os_ExternalException_R
                0x000000000009ddd0                os_CFunc_W
                0x000000000009de20                os_UnclaimedException_W
                0x000000000009de40                os_UnclaimedInterrupt_W
 .text          0x000000000009de60       0x48 c:/NXP/bstudio_nxp/workspace/sdk/JN-SW-4168/Components/Library\libPWRM_JN516x.a(pwrm_setjmp_JN516x.o)
                0x000000000009de60                setjmp
                0x000000000009de84                PWRM_longjmp
 .text          0x000000000009dea8       0x27 c:/NXP/bstudio_nxp/workspace/sdk/JN-SW-4168/Components/Library\libHardwareApi_JN5169.a(AHI_Interrupt.o)
                0x000000000009dea8                vAHI_InterruptSetPriority
                0x000000000009dec6                vAHI_InterruptSetActivePriorityLevel
 .text.vMicroSyscall
                0x000000000009decf       0x17 c:/NXP/bstudio_nxp/workspace/sdk/JN-SW-4168/Components/Library\libMicroSpecific_JN516x.a(MicroSyscall_ba.o)
                0x000000000009decf                vMicroSyscall
 .text          0x000000000009dee6        0x0 c:/NXP/bstudio_nxp/workspace/sdk/JN-SW-4168/Components/Library\libOS_JN516x.a(os_version_lc.o)
                0x000000000009dee6                OS_Version_1v2
 .text          0x000000000009dee6        0x0 c:/NXP/bstudio_nxp/workspace/sdk/JN-SW-4168/Components/Library\libZPSAPL_JN516x.a(zps_apl_version_lc.o)
                0x000000000009dee6                ZPS_APL_Version_2v0
 .text          0x000000000009dee6        0x0 c:/NXP/bstudio_nxp/workspace/sdk/JN-SW-4168/Components/Library\libZPSNWK_ZED_JN516x.a(zps_nwk_version_lc.o)
                0x000000000009dee6                ZPS_NWK_Version_2v0
                0x000000000009dee6                _flash_end = ABSOLUTE (.)

.rela.dyn       0x000000000009dee8        0x0
 .rela.text     0x0000000000000000        0x0 c:/NXP/bstudio_nxp/workspace/JN-AN-1201-YCL/JN-AN-1201-ZigBee-Intruder-Alarm-System/ZONE/Build/os_irq.o
 .rela.data     0x0000000000000000        0x0 c:/NXP/bstudio_nxp/workspace/JN-AN-1201-YCL/JN-AN-1201-ZigBee-Intruder-Alarm-System/ZONE/Build/os_irq.o
 .rela.rodata   0x0000000000000000        0x0 c:/NXP/bstudio_nxp/workspace/JN-AN-1201-YCL/JN-AN-1201-ZigBee-Intruder-Alarm-System/ZONE/Build/os_irq.o
                0x000000000400004c                . = ORIGIN (ram)

.data           0x000000000400004c      0x9b8 load address 0x000000000009dee8
                0x000000000400004c                _ram_data_start = ABSOLUTE (.)
 *(.data*)
 .data          0x000000000400004c       0x64 C:\Users\1\AppData\Local\Temp\cctYT8Us.ltrans0.ltrans.o
                0x000000000400004c                u8MiniMacConfig_MaxConcurrentAssocResponses
                0x0000000004000050                psShadowRxBuffer
                0x0000000004000054                u32DefaultChannelMask.8425
 .data          0x00000000040000b0        0x4 C:\Users\1\AppData\Local\Temp\cctYT8Us.ltrans2.ltrans.o
                0x00000000040000b0                u32HeapStart
 .data          0x00000000040000b4        0x1 C:\Users\1\AppData\Local\Temp\cctYT8Us.ltrans5.ltrans.o
 *fill*         0x00000000040000b5        0x1 00
 .data          0x00000000040000b6        0x6 C:\Users\1\AppData\Local\Temp\cctYT8Us.ltrans7.ltrans.o
 .data          0x00000000040000bc        0x4 C:\Users\1\AppData\Local\Temp\cctYT8Us.ltrans9.ltrans.o
                0x00000000040000bc                bCanLoopback.57275
 .data          0x00000000040000c0        0x1 C:\Users\1\AppData\Local\Temp\cctYT8Us.ltrans14.ltrans.o
 .data          0x00000000040000c1        0x1 C:\Users\1\AppData\Local\Temp\cctYT8Us.ltrans16.ltrans.o
 *fill*         0x00000000040000c2        0x2 00
 .data          0x00000000040000c4      0x1f4 C:\Users\1\AppData\Local\Temp\cctYT8Us.ltrans18.ltrans.o
                0x00000000040000c4                s_asapduMyDataInstances
                0x000000000400013c                s_asapduZCLInstances
                0x00000000040001f0                s_asapduZDPInstances
 .data          0x00000000040002b8       0x24 C:\Users\1\AppData\Local\Temp\cctYT8Us.ltrans21.ltrans.o
                0x00000000040002b8                back_off_time.8422
                0x00000000040002bc                bPingRespRcvd
                0x00000000040002c0                app_busy_status.6100
                0x00000000040002c4                sLinkKey
                0x00000000040002d4                start_join_flag.3301
 *fill*         0x00000000040002dc        0x4 00
 .data          0x00000000040002e0      0x700 C:\Users\1\AppData\Local\Temp\cctYT8Us.ltrans31.ltrans.o
                0x00000000040002e0                os_Mutex_mutexMAC
                0x00000000040002e8                os_Mutex_mutexZPS
                0x00000000040002f0                s_sApl.2918
                0x0000000004000440                os_SWTimer_APP_cntrTickTimer_APP_IndicatorTimer
                0x000000000400045c                os_SWTimer_APP_cntrTickTimer_APP_ButtonsScanTimer
                0x0000000004000478                os_Message_APP_msgZpsEvents_ZCL
                0x000000000400049c                os_SWTimer_APP_cntrTickTimer_APP_TickTimer
                0x00000000040004b8                os_Message_APP_msgZpsEvents
                0x00000000040004dc                os_Message_APP_msgEvents
                0x0000000004000500                os_SWTimer_APP_cntrTickTimer_APP_JoinTimer
                0x000000000400051c                os_SWTimer_APP_cntrTickTimer_APP_BackOffTimer
                0x0000000004000538                os_Message_APP_msgUartEvents
                0x000000000400055c                os_Message_zps_msgMlmeDcfmInd
                0x0000000004000580                os_Message_zps_msgTimeEvents
                0x00000000040005a4                os_Message_zps_msgMcpsDcfmInd
                0x00000000040005c8                os_Message_zps_msgMcpsDcfm
                0x00000000040005ec                os_SWTimer_APP_cntrTickTimer_APP_PollTimer
                0x0000000004000608                os_Task_vDeviceStateIndicatorTask
                0x0000000004000614                os_Task_APP_ButtonsScanTask
                0x0000000004000620                os_Task_APP_PIRTask
                0x000000000400062c                os_Task_ZCL_Task
                0x0000000004000638                os_Task_APP_ZHA_Switch_Task
                0x0000000004000644                os_Task_APP_taskuart
                0x0000000004000650                os_Task_zps_taskZPS
                0x000000000400065c                os_Task_APP_PollTask
                0x0000000004000668                sEP_Dev_Inf
                0x00000000040006bc                os_SWTimer_APP_cntrTickTimer_APP_uart_timeout
                0x00000000040006d8                os_SWTimer_APP_cntrTickTimer_APP_ActiveTime
                0x00000000040006f4                u8AhiBaudRate.111800
                0x00000000040006f8                s_prbMemberCheck.51330
                0x00000000040006fc                s_prvErrorHook.51328
 .data.s_asAPduPool
                0x00000000040009e0       0x24 c:/NXP/bstudio_nxp/workspace/JN-AN-1201-YCL/JN-AN-1201-ZigBee-Intruder-Alarm-System/ZONE/Build/pdum_apdu.o
                0x00000000040009e0                pdum_apduZDP
                0x00000000040009e0                s_asAPduPool
                0x00000000040009ec                pdum_apduZCL
                0x00000000040009f8                pdum_apduMyData
 *(.data.*)
                0x0000000004000a04                . = ALIGN (0x4)
                0x0000000004000a04                _ram_data_end = ABSOLUTE (.)

.bss            0x0000000004000a04     0x3f7c load address 0x000000000009e8a0
                0x0000000004000a04                _bss_start = ABSOLUTE (.)
 *(.bss*)
 *fill*         0x0000000004000a04        0x4 00
 .bss           0x0000000004000a08     0x1260 C:\Users\1\AppData\Local\Temp\cctYT8Us.ltrans0.ltrans.o
                0x0000000004000a08                psNextWake.51401
                0x0000000004000a0c                s_bWakeTimerActive.51402
                0x0000000004000a10                u32CalibrationValue.51400
                0x0000000004000a14                s_ePowerMode.51403
                0x0000000004000a16                gu16NumberOfSegments.132418
                0x0000000004000a18                u8MaxNpdu.51611
                0x0000000004000a19                u8Count.51610
                0x0000000004000a1c                s_psNPduPoolEnd.51613
                0x0000000004000a20                s_psNPduPoolStart.51612
                0x0000000004000a24                s_psFreeListHead.51609
                0x0000000004000a28                s_hMutex.51608
                0x0000000004000a2c                s_hMutex.51728
                0x0000000004000a30                s_asAPduPool.51727
                0x0000000004000a34                pfExtendedStatusCallBack.114066
                0x0000000004000a38                s_u32x.109454
                0x0000000004000a3c                s_prExpireFn.133412
                0x0000000004000a40                s_hMutex.133411
                0x0000000004000a44                pvRxStore
                0x0000000004000a48                pvTxStore
                0x0000000004000a4c                g_pvAplHandle
                0x0000000004000a50                s_hMacMutex
                0x0000000004000a54                s_sDcfmIndMgr.133176
                0x0000000004000a5c                prAppMlmeGetBuffer
                0x0000000004000a60                prAppMlmeCallback
                0x0000000004000a64                psFreeMsgListHead
                0x0000000004000a68                psActiveMsgListHead
                0x0000000004000a6c                u8MiniMac_RunTimeOptions
                0x0000000004000a70                sBeaconFilter.8420
                0x0000000004000a78                eIASDeviceState.4808
                0x0000000004000a80                sIASZoneDesc
                0x0000000004000aa0                u16GroupId
                0x0000000004000aa4                joinsleepCB.8430
 .bss           0x0000000004001c68       0x18 C:\Users\1\AppData\Local\Temp\cctYT8Us.ltrans1.ltrans.o
                0x0000000004001c68                zps_psNwk
 .bss           0x0000000004001c80        0xc C:\Users\1\AppData\Local\Temp\cctYT8Us.ltrans2.ltrans.o
 .bss           0x0000000004001c8c       0x40 C:\Users\1\AppData\Local\Temp\cctYT8Us.ltrans3.ltrans.o
 .bss           0x0000000004001ccc      0x214 C:\Users\1\AppData\Local\Temp\cctYT8Us.ltrans5.ltrans.o
                0x0000000004001ccc                prIntHandler.131112
                0x0000000004001cd0                psTimerServerList
 .bss.initinboot
                0x0000000004001ee0        0x1 C:\Users\1\AppData\Local\Temp\cctYT8Us.ltrans5.ltrans.o
 *fill*         0x0000000004001ee1        0x3 00
 .bss           0x0000000004001ee4        0x8 C:\Users\1\AppData\Local\Temp\cctYT8Us.ltrans6.ltrans.o
                0x0000000004001ee4                s_psCurrentTask.51324
 .bss           0x0000000004001eec        0x8 C:\Users\1\AppData\Local\Temp\cctYT8Us.ltrans7.ltrans.o
 .bss           0x0000000004001ef4       0x3c C:\Users\1\AppData\Local\Temp\cctYT8Us.ltrans8.ltrans.o
 .bss           0x0000000004001f30       0x38 C:\Users\1\AppData\Local\Temp\cctYT8Us.ltrans9.ltrans.o
 .bss           0x0000000004001f68        0x4 C:\Users\1\AppData\Local\Temp\cctYT8Us.ltrans10.ltrans.o
 .bss           0x0000000004001f6c        0x1 C:\Users\1\AppData\Local\Temp\cctYT8Us.ltrans11.ltrans.o
 *fill*         0x0000000004001f6d        0x3 00
 .bss           0x0000000004001f70       0x40 C:\Users\1\AppData\Local\Temp\cctYT8Us.ltrans12.ltrans.o
 .bss           0x0000000004001fb0       0x98 C:\Users\1\AppData\Local\Temp\cctYT8Us.ltrans13.ltrans.o
                0x0000000004001fb0                bRejoin.8423
                0x0000000004001fb8                sEZModeData.8418
 .bss           0x0000000004002048       0x28 C:\Users\1\AppData\Local\Temp\cctYT8Us.ltrans14.ltrans.o
                0x0000000004002048                vFlushFn.111744
                0x000000000400204c                vPutchFn.111739
                0x0000000004002050                sWake
                0x0000000004002060                sStoredMacData.128636
 .bss           0x0000000004002070       0x94 C:\Users\1\AppData\Local\Temp\cctYT8Us.ltrans15.ltrans.o
                0x0000000004002070                sMiniMacPhyPib
                0x0000000004002074                aprTimerCallback
                0x0000000004002094                au32TimerCounter
                0x00000000040020b4                sMiniMacInternal
 .bss           0x0000000004002104        0x8 C:\Users\1\AppData\Local\Temp\cctYT8Us.ltrans16.ltrans.o
                0x0000000004002104                u32DataQueueCount
 .bss           0x000000000400210c       0x9c C:\Users\1\AppData\Local\Temp\cctYT8Us.ltrans17.ltrans.o
                0x000000000400210c                sMiniMacPib
 .bss           0x00000000040021a8     0x100c C:\Users\1\AppData\Local\Temp\cctYT8Us.ltrans18.ltrans.o
 .bss           0x00000000040031b4        0xc C:\Users\1\AppData\Local\Temp\cctYT8Us.ltrans20.ltrans.o
                0x00000000040031b4                s_psVsMcpsDcfmInd.72794
                0x00000000040031b8                s_psMacDcfmInd.72793
 .bss           0x00000000040031c0       0x6c C:\Users\1\AppData\Local\Temp\cctYT8Us.ltrans21.ltrans.o
                0x00000000040031c0                psZCL_Common
                0x00000000040031c4                u16PingNwkAddr.8927
                0x00000000040031c6                bPingSent
                0x00000000040031c8                u32BackOffTime
                0x00000000040031cc                psPDM_Common
                0x00000000040031d0                sDeviceDesc
                0x00000000040031d4                sCluster_Basic_Attr
 .bss           0x000000000400322c        0xc C:\Users\1\AppData\Local\Temp\cctYT8Us.ltrans22.ltrans.o
                0x000000000400322c                u8ScanBeaconsSeen.133215
                0x0000000004003230                sThisDeviceMacAddr
 .bss           0x0000000004003238        0xc C:\Users\1\AppData\Local\Temp\cctYT8Us.ltrans23.ltrans.o
                0x0000000004003238                a16NwkPdmRecordSizes
 .bss           0x0000000004003244        0xc C:\Users\1\AppData\Local\Temp\cctYT8Us.ltrans25.ltrans.o
                0x0000000004003244                bDefaultServerIgnoreHandleMgmtUpdate
                0x0000000004003248                bBindLookup
                0x000000000400324c                psBindUnbindServerContext
 .bss           0x0000000004003250        0x2 C:\Users\1\AppData\Local\Temp\cctYT8Us.ltrans26.ltrans.o
 .bss           0x0000000004003252        0x1 C:\Users\1\AppData\Local\Temp\cctYT8Us.ltrans27.ltrans.o
                0x0000000004003252                bIgnoreBroadcast
 *fill*         0x0000000004003253        0x5 00
 .bss           0x0000000004003258       0x10 C:\Users\1\AppData\Local\Temp\cctYT8Us.ltrans28.ltrans.o
                0x0000000004003258                psBeaconFilter
 .bss           0x0000000004003268       0x24 C:\Users\1\AppData\Local\Temp\cctYT8Us.ltrans29.ltrans.o
                0x0000000004003268                apvAplPdmRecordsAddress
                0x0000000004003280                au16AplPdmRecordsSize
 .bss           0x000000000400328c        0x2 C:\Users\1\AppData\Local\Temp\cctYT8Us.ltrans30.ltrans.o
                0x000000000400328c                s_u16ActivityCounter
 *fill*         0x000000000400328e        0x2 00
 .bss           0x0000000004003290     0x16b0 C:\Users\1\AppData\Local\Temp\cctYT8Us.ltrans31.ltrans.o
                0x0000000004003290                s_sDefaultServerContext.2975
                0x0000000004003294                s_sMgmtBindServerContext.2913
                0x0000000004003298                s_sBindRequestServerContext.2914