Archive member included because of file (symbol)

c:/NXP/bstudio_nxp/workspace/sdk/JN-SW-4168/Components/Library\libOS_JN516x.a(os.o)
                              c:/NXP/bstudio_nxp/workspace/JN-AN-1201-YCL/JN-AN-1201-ZigBee-Intruder-Alarm-System/ZONE/Build/os_gen.o (symbol from plugin) (os_vStart)
c:/NXP/bstudio_nxp/workspace/sdk/JN-SW-4168/Components/Library\libOS_JN516x.a(os_contirq_JN516x.o)
                              c:/NXP/bstudio_nxp/workspace/JN-AN-1201-YCL/JN-AN-1201-ZigBee-Intruder-Alarm-System/ZONE/Build/os_irq.o (os_UnclaimedException_W)
c:/NXP/bstudio_nxp/workspace/sdk/JN-SW-4168/Components/Library\libPWRM_JN516x.a(pwrm.o)
                              c:/NXP/bstudio_nxp/workspace/JN-AN-1201-YCL/JN-AN-1201-ZigBee-Intruder-Alarm-System/ZONE/Build/app_start_ZONE.o (symbol from plugin) (PWRM_vInit)
c:/NXP/bstudio_nxp/workspace/sdk/JN-SW-4168/Components/Library\libPWRM_JN516x.a(pwrm_setjmp_JN516x.o)
                              pwrm.o (symbol from plugin) (setjmp)
c:/NXP/bstudio_nxp/workspace/sdk/JN-SW-4168/Components/Library\libPWRM_JN516x.a(pwrm_cold_start.o)
                              (AppColdStart)
c:/NXP/bstudio_nxp/workspace/sdk/JN-SW-4168/Components/Library\libPWRM_JN516x.a(pwrm_warm_start.o)
                              (AppWarmStart)
c:/NXP/bstudio_nxp/workspace/sdk/JN-SW-4168/Components/Library\libPDUM_JN516x.a(pdum_nwk.o)
                              c:/NXP/bstudio_nxp/workspace/JN-AN-1201-YCL/JN-AN-1201-ZigBee-Intruder-Alarm-System/ZONE/Build/pdum_gen.o (symbol from plugin) (pdum_vNPduInit)
c:/NXP/bstudio_nxp/workspace/sdk/JN-SW-4168/Components/Library\libPDUM_JN516x.a(pdum_apl.o)
                              c:/NXP/bstudio_nxp/workspace/JN-AN-1201-YCL/JN-AN-1201-ZigBee-Intruder-Alarm-System/ZONE/Build/appZdpExtraction.o (symbol from plugin) (PDUM_u16APduInstanceReadNBO)
c:/NXP/bstudio_nxp/workspace/sdk/JN-SW-4168/Components/Library\libPDUM_JN516x.a(pdum.o)
                              pdum_nwk.o (symbol from plugin) (PDUM_u16SizeNBO)
c:/NXP/bstudio_nxp/workspace/sdk/JN-SW-4168/Components/Library\libZPSAPL_JN516x.a(zps_apl_af.o)
                              c:/NXP/bstudio_nxp/workspace/JN-AN-1201-YCL/JN-AN-1201-ZigBee-Intruder-Alarm-System/ZONE/Build/zha_ZONE_node.o (symbol from plugin) (ZPS_eAplAfInit)
c:/NXP/bstudio_nxp/workspace/sdk/JN-SW-4168/Components/Library\libZPSAPL_JN516x.a(zps_apl_af_apsde.o)
                              c:/NXP/bstudio_nxp/workspace/JN-AN-1201-YCL/JN-AN-1201-ZigBee-Intruder-Alarm-System/ZONE/Build/zps_gen.o (symbol from plugin) (zps_vHandleApsdeDataFragInd)
c:/NXP/bstudio_nxp/workspace/sdk/JN-SW-4168/Components/Library\libZPSAPL_JN516x.a(zps_apl_task.o)
                              zps_apl_af_apsde.o (symbol from plugin) (zps_vAplAfPostEvent)
c:/NXP/bstudio_nxp/workspace/sdk/JN-SW-4168/Components/Library\libZPSAPL_JN516x.a(zps_apl_apsde.o)
                              zps_apl_task.o (symbol from plugin) (ZPS_vAplRegisterApsdeDcfmIndCallbacks)
c:/NXP/bstudio_nxp/workspace/sdk/JN-SW-4168/Components/Library\libZPSAPL_JN516x.a(zps_apl_apsme.o)
                              zps_apl_task.o (symbol from plugin) (ZPS_vAplRegisterApsmeDcfmIndCallbacks)
c:/NXP/bstudio_nxp/workspace/sdk/JN-SW-4168/Components/Library\libZPSAPL_JN516x.a(zps_apl_aps_nlde.o)
                              c:/NXP/bstudio_nxp/workspace/JN-AN-1201-YCL/JN-AN-1201-ZigBee-Intruder-Alarm-System/ZONE/Build/zps_gen.o (symbol from plugin) (zps_vHandleExtendedDataAckFrame)
c:/NXP/bstudio_nxp/workspace/sdk/JN-SW-4168/Components/Library\libZPSAPL_JN516x.a(zps_apl_sec.o)
                              zps_apl_task.o (symbol from plugin) (zps_psFindKeyDescr)
c:/NXP/bstudio_nxp/workspace/sdk/JN-SW-4168/Components/Library\libZPSAPL_JN516x.a(zps_apl_aib.o)
                              c:/NXP/bstudio_nxp/workspace/JN-AN-1201-YCL/JN-AN-1201-ZigBee-Intruder-Alarm-System/ZONE/Build/app_zbp_utilities.o (symbol from plugin) (zps_psAplAibGetAib)
c:/NXP/bstudio_nxp/workspace/sdk/JN-SW-4168/Components/Library\libZPSAPL_JN516x.a(zps_apl_zdo_nwkmanager.o)
                              zps_apl_apsme.o (symbol from plugin) (zps_vAplSaveRecord)
c:/NXP/bstudio_nxp/workspace/sdk/JN-SW-4168/Components/Library\libZPSAPL_JN516x.a(zps_apl_zdo_handle_zdp_event.o)
                              zps_apl_task.o (symbol from plugin) (zps_bAplZdoHandleZdpEvent)
c:/NXP/bstudio_nxp/workspace/sdk/JN-SW-4168/Components/Library\libZPSAPL_JN516x.a(zps_apl_zdo_trust_center.o)
                              zps_apl_sec.o (symbol from plugin) (zps_eAplTrustCenterFindDevice)
c:/NXP/bstudio_nxp/workspace/sdk/JN-SW-4168/Components/Library\libZPSAPL_JN516x.a(zps_apl_zdo_common.o)
                              zps_apl_zdo_nwkmanager.o (symbol from plugin) (zps_eAplZdoNlmeleaveWrapper)
c:/NXP/bstudio_nxp/workspace/sdk/JN-SW-4168/Components/Library\libZPSAPL_JN516x.a(zps_apl_zdo_group.o)
[...]
Memory Configuration

Name             Origin             Length             Attributes
flash            0x0000000000080000 0x0000000000080000
ram              0x000000000400004c 0x0000000000007fb4
*default*        0x0000000000000000 0xffffffffffffffff

Linker script and memory map

                0x0000000000001388                __stack_size = 0x1388
                0x00000000000007d0                __minimum_heap_size = 0x7d0
START GROUP
LOAD c:/NXP/bstudio_nxp/workspace/JN-AN-1201-YCL/JN-AN-1201-ZigBee-Intruder-Alarm-System/ZONE/Build/os_gen.o
LOAD C:\Users\1\AppData\Local\Temp\ccHuZcsM.ltrans0.ltrans.o
LOAD C:\Users\1\AppData\Local\Temp\ccHuZcsM.ltrans1.ltrans.o
LOAD C:\Users\1\AppData\Local\Temp\ccHuZcsM.ltrans2.ltrans.o
LOAD C:\Users\1\AppData\Local\Temp\ccHuZcsM.ltrans3.ltrans.o
LOAD C:\Users\1\AppData\Local\Temp\ccHuZcsM.ltrans4.ltrans.o
LOAD C:\Users\1\AppData\Local\Temp\ccHuZcsM.ltrans5.ltrans.o
LOAD C:\Users\1\AppData\Local\Temp\ccHuZcsM.ltrans6.ltrans.o
LOAD C:\Users\1\AppData\Local\Temp\ccHuZcsM.ltrans7.ltrans.o
LOAD C:\Users\1\AppData\Local\Temp\ccHuZcsM.ltrans8.ltrans.o
LOAD C:\Users\1\AppData\Local\Temp\ccHuZcsM.ltrans9.ltrans.o
LOAD C:\Users\1\AppData\Local\Temp\ccHuZcsM.ltrans10.ltrans.o
LOAD C:\Users\1\AppData\Local\Temp\ccHuZcsM.ltrans11.ltrans.o
LOAD C:\Users\1\AppData\Local\Temp\ccHuZcsM.ltrans12.ltrans.o
LOAD C:\Users\1\AppData\Local\Temp\ccHuZcsM.ltrans13.ltrans.o
LOAD C:\Users\1\AppData\Local\Temp\ccHuZcsM.ltrans14.ltrans.o
LOAD C:\Users\1\AppData\Local\Temp\ccHuZcsM.ltrans15.ltrans.o
LOAD C:\Users\1\AppData\Local\Temp\ccHuZcsM.ltrans16.ltrans.o
LOAD C:\Users\1\AppData\Local\Temp\ccHuZcsM.ltrans17.ltrans.o
LOAD C:\Users\1\AppData\Local\Temp\ccHuZcsM.ltrans18.ltrans.o
LOAD C:\Users\1\AppData\Local\Temp\ccHuZcsM.ltrans19.ltrans.o
LOAD C:\Users\1\AppData\Local\Temp\ccHuZcsM.ltrans20.ltrans.o
LOAD C:\Users\1\AppData\Local\Temp\ccHuZcsM.ltrans21.ltrans.o
LOAD C:\Users\1\AppData\Local\Temp\ccHuZcsM.ltrans22.ltrans.o
LOAD C:\Users\1\AppData\Local\Temp\ccHuZcsM.ltrans23.ltrans.o
LOAD C:\Users\1\AppData\Local\Temp\ccHuZcsM.ltrans24.ltrans.o
LOAD C:\Users\1\AppData\Local\Temp\ccHuZcsM.ltrans25.ltrans.o
LOAD C:\Users\1\AppData\Local\Temp\ccHuZcsM.ltrans26.ltrans.o
LOAD C:\Users\1\AppData\Local\Temp\ccHuZcsM.ltrans27.ltrans.o
LOAD C:\Users\1\AppData\Local\Temp\ccHuZcsM.ltrans28.ltrans.o
LOAD C:\Users\1\AppData\Local\Temp\ccHuZcsM.ltrans29.ltrans.o
LOAD C:\Users\1\AppData\Local\Temp\ccHuZcsM.ltrans30.ltrans.o
LOAD C:\Users\1\AppData\Local\Temp\ccHuZcsM.ltrans31.ltrans.o
LOAD c:/nxp/bstudio_nxp/workspace/sdk/tools/ba-elf-ba2-r36379/bin/../lib/gcc/ba-elf/4.7.4/../../../../ba-elf/lib/mcpu_jn51xx_sizeopt\libc.a
LOAD c:/nxp/bstudio_nxp/workspace/sdk/tools/ba-elf-ba2-r36379/bin/../lib/gcc/ba-elf/4.7.4/mcpu_jn51xx_sizeopt\libgcc.a
LOAD c:/nxp/bstudio_nxp/workspace/sdk/tools/ba-elf-ba2-r36379/bin/../lib/gcc/ba-elf/4.7.4/../../../../ba-elf/lib/mcpu_jn51xx_sizeopt\libc.a
LOAD c:/NXP/bstudio_nxp/workspace/JN-AN-1201-YCL/JN-AN-1201-ZigBee-Intruder-Alarm-System/ZONE/Build/os_irq.o
LOAD c:/NXP/bstudio_nxp/workspace/JN-AN-1201-YCL/JN-AN-1201-ZigBee-Intruder-Alarm-System/ZONE/Build/os_irq_alignment.o
LOAD c:/NXP/bstudio_nxp/workspace/JN-AN-1201-YCL/JN-AN-1201-ZigBee-Intruder-Alarm-System/ZONE/Build/os_irq_buserror.o
LOAD c:/NXP/bstudio_nxp/workspace/JN-AN-1201-YCL/JN-AN-1201-ZigBee-Intruder-Alarm-System/ZONE/Build/os_irq_illegalinstruction.o
LOAD c:/NXP/bstudio_nxp/workspace/JN-AN-1201-YCL/JN-AN-1201-ZigBee-Intruder-Alarm-System/ZONE/Build/os_irq_stackoverflowexception.o
LOAD c:/NXP/bstudio_nxp/workspace/JN-AN-1201-YCL/JN-AN-1201-ZigBee-Intruder-Alarm-System/ZONE/Build/os_irq_unimplementedmodule.o
LOAD c:/NXP/bstudio_nxp/workspace/JN-AN-1201-YCL/JN-AN-1201-ZigBee-Intruder-Alarm-System/ZONE/Build/pdum_gen.o
LOAD c:/NXP/bstudio_nxp/workspace/JN-AN-1201-YCL/JN-AN-1201-ZigBee-Intruder-Alarm-System/ZONE/Build/pdum_apdu.o
LOAD c:/NXP/bstudio_nxp/workspace/JN-AN-1201-YCL/JN-AN-1201-ZigBee-Intruder-Alarm-System/ZONE/Build/zps_gen.o
LOAD c:/NXP/bstudio_nxp/workspace/JN-AN-1201-YCL/JN-AN-1201-ZigBee-Intruder-Alarm-System/ZONE/Build/app_uart.o
LOAD c:/NXP/bstudio_nxp/workspace/JN-AN-1201-YCL/JN-AN-1201-ZigBee-Intruder-Alarm-System/ZONE/Build/app_timer_driver.o
LOAD c:/NXP/bstudio_nxp/workspace/JN-AN-1201-YCL/JN-AN-1201-ZigBee-Intruder-Alarm-System/ZONE/Build/app_start_ZONE.o
LOAD c:/NXP/bstudio_nxp/workspace/JN-AN-1201-YCL/JN-AN-1201-ZigBee-Intruder-Alarm-System/ZONE/Build/app_zbp_utilities.o
LOAD c:/NXP/bstudio_nxp/workspace/JN-AN-1201-YCL/JN-AN-1201-ZigBee-Intruder-Alarm-System/ZONE/Build/app_exceptions.o
LOAD c:/NXP/bstudio_nxp/workspace/JN-AN-1201-YCL/JN-AN-1201-ZigBee-Intruder-Alarm-System/ZONE/Build/app_pdm.o
LOAD c:/NXP/bstudio_nxp/workspace/JN-AN-1201-YCL/JN-AN-1201-ZigBee-Intruder-Alarm-System/ZONE/Build/app_ias_enroll_req.o
LOAD c:/NXP/bstudio_nxp/workspace/JN-AN-1201-YCL/JN-AN-1201-ZigBee-Intruder-Alarm-System/ZONE/Build/app_ias_unenroll_req.o
LOAD c:/NXP/bstudio_nxp/workspace/JN-AN-1201-YCL/JN-AN-1201-ZigBee-Intruder-Alarm-System/ZONE/Build/app_ias_indicator.o
LOAD c:/NXP/bstudio_nxp/workspace/JN-AN-1201-YCL/JN-AN-1201-ZigBee-Intruder-Alarm-System/ZONE/Build/app_ias_save.o
LOAD c:/NXP/bstudio_nxp/workspace/JN-AN-1201-YCL/JN-AN-1201-ZigBee-Intruder-Alarm-System/ZONE/Build/zha_ZONE_node.o
LOAD c:/NXP/bstudio_nxp/workspace/JN-AN-1201-YCL/JN-AN-1201-ZigBee-Intruder-Alarm-System/ZONE/Build/app_sleep_functions.o
LOAD c:/NXP/bstudio_nxp/workspace/JN-AN-1201-YCL/JN-AN-1201-ZigBee-Intruder-Alarm-System/ZONE/Build/appZdpExtraction.o
LOAD c:/NXP/bstudio_nxp/workspace/JN-AN-1201-YCL/JN-AN-1201-ZigBee-Intruder-Alarm-System/ZONE/Build/appZpsBeaconHandler.o
LOAD c:/NXP/bstudio_nxp/workspace/JN-AN-1201-YCL/JN-AN-1201-ZigBee-Intruder-Alarm-System/ZONE/Build/app_zcl_ZONE_task.o
LOAD c:/NXP/bstudio_nxp/workspace/JN-AN-1201-YCL/JN-AN-1201-ZigBee-Intruder-Alarm-System/ZONE/Build/app_buttons.o
LOAD c:/NXP/bstudio_nxp/workspace/JN-AN-1201-YCL/JN-AN-1201-ZigBee-Intruder-Alarm-System/ZONE/Build/haEzJoin.o
LOAD c:/NXP/bstudio_nxp/workspace/JN-AN-1201-YCL/JN-AN-1201-ZigBee-Intruder-Alarm-System/ZONE/Build/PingParent.o
LOAD c:/NXP/bstudio_nxp/workspace/JN-AN-1201-YCL/JN-AN-1201-ZigBee-Intruder-Alarm-System/ZONE/Build/Alarms.o
LOAD c:/NXP/bstudio_nxp/workspace/JN-AN-1201-YCL/JN-AN-1201-ZigBee-Intruder-Alarm-System/ZONE/Build/AlarmsClientCommands.o
LOAD c:/NXP/bstudio_nxp/workspace/JN-AN-1201-YCL/JN-AN-1201-ZigBee-Intruder-Alarm-System/ZONE/Build/AlarmsCommandHandler.o
LOAD c:/NXP/bstudio_nxp/workspace/JN-AN-1201-YCL/JN-AN-1201-ZigBee-Intruder-Alarm-System/ZONE/Build/AlarmsServerCommands.o
LOAD c:/NXP/bstudio_nxp/workspace/JN-AN-1201-YCL/JN-AN-1201-ZigBee-Intruder-Alarm-System/ZONE/Build/AlarmsTableManager.o
LOAD c:/NXP/bstudio_nxp/workspace/JN-AN-1201-YCL/JN-AN-1201-ZigBee-Intruder-Alarm-System/ZONE/Build/AnalogInputBasic.o
LOAD c:/NXP/bstudio_nxp/workspace/JN-AN-1201-YCL/JN-AN-1201-ZigBee-Intruder-Alarm-System/ZONE/Build/AnalogOutputBasic.o
LOAD c:/NXP/bstudio_nxp/workspace/JN-AN-1201-YCL/JN-AN-1201-ZigBee-Intruder-Alarm-System/ZONE/Build/Basic.o
LOAD c:/NXP/bstudio_nxp/workspace/JN-AN-1201-YCL/JN-AN-1201-ZigBee-Intruder-Alarm-System/ZONE/Build/BasicClientCommands.o
LOAD c:/NXP/bstudio_nxp/workspace/JN-AN-1201-YCL/JN-AN-1201-ZigBee-Intruder-Alarm-System/ZONE/Build/BasicCommandHandler.o
LOAD c:/NXP/bstudio_nxp/workspace/JN-AN-1201-YCL/JN-AN-1201-ZigBee-Intruder-Alarm-System/ZONE/Build/BinaryInputBasic.o
LOAD c:/NXP/bstudio_nxp/workspace/JN-AN-1201-YCL/JN-AN-1201-ZigBee-Intruder-Alarm-System/ZONE/Build/BinaryOutputBasic.o
LOAD c:/NXP/bstudio_nxp/workspace/JN-AN-1201-YCL/JN-AN-1201-ZigBee-Intruder-Alarm-System/ZONE/Build/Commissioning.o
LOAD c:/NXP/bstudio_nxp/workspace/JN-AN-1201-YCL/JN-AN-1201-ZigBee-Intruder-Alarm-System/ZONE/Build/DeviceTemperatureConfiguration.o
LOAD c:/NXP/bstudio_nxp/workspace/JN-AN-1201-YCL/JN-AN-1201-ZigBee-Intruder-Alarm-System/ZONE/Build/Diagnostics.o
LOAD c:/NXP/bstudio_nxp/workspace/JN-AN-1201-YCL/JN-AN-1201-ZigBee-Intruder-Alarm-System/ZONE/Build/DoorLock.o
LOAD c:/NXP/bstudio_nxp/workspace/JN-AN-1201-YCL/JN-AN-1201-ZigBee-Intruder-Alarm-System/ZONE/Build/DoorLockCommandHandler.o
LOAD c:/NXP/bstudio_nxp/workspace/JN-AN-1201-YCL/JN-AN-1201-ZigBee-Intruder-Alarm-System/ZONE/Build/DoorLockCommands.o
LOAD c:/NXP/bstudio_nxp/workspace/JN-AN-1201-YCL/JN-AN-1201-ZigBee-Intruder-Alarm-System/ZONE/Build/ElectricalMeasurement.o
LOAD c:/NXP/bstudio_nxp/workspace/JN-AN-1201-YCL/JN-AN-1201-ZigBee-Intruder-Alarm-System/ZONE/Build/Groups.o
LOAD c:/NXP/bstudio_nxp/workspace/JN-AN-1201-YCL/JN-AN-1201-ZigBee-Intruder-Alarm-System/ZONE/Build/GroupsClientCommands.o
LOAD c:/NXP/bstudio_nxp/workspace/JN-AN-1201-YCL/JN-AN-1201-ZigBee-Intruder-Alarm-System/ZONE/Build/GroupsCommandHandler.o
LOAD c:/NXP/bstudio_nxp/workspace/JN-AN-1201-YCL/JN-AN-1201-ZigBee-Intruder-Alarm-System/ZONE/Build/GroupsServerCommands.o
LOAD c:/NXP/bstudio_nxp/workspace/JN-AN-1201-YCL/JN-AN-1201-ZigBee-Intruder-Alarm-System/ZONE/Build/GroupsTableManager.o
LOAD c:/NXP/bstudio_nxp/workspace/JN-AN-1201-YCL/JN-AN-1201-ZigBee-Intruder-Alarm-System/ZONE/Build/Identify.o
LOAD c:/NXP/bstudio_nxp/workspace/JN-AN-1201-YCL/JN-AN-1201-ZigBee-Intruder-Alarm-System/ZONE/Build/IdentifyClientCommands.o
LOAD c:/NXP/bstudio_nxp/workspace/JN-AN-1201-YCL/JN-AN-1201-ZigBee-Intruder-Alarm-System/ZONE/Build/IdentifyCommandHandler.o
LOAD c:/NXP/bstudio_nxp/workspace/JN-AN-1201-YCL/JN-AN-1201-ZigBee-Intruder-Alarm-System/ZONE/Build/IdentifyServerCommands.o
LOAD c:/NXP/bstudio_nxp/workspace/JN-AN-1201-YCL/JN-AN-1201-ZigBee-Intruder-Alarm-System/ZONE/Build/LevelControl.o
LOAD c:/NXP/bstudio_nxp/workspace/JN-AN-1201-YCL/JN-AN-1201-ZigBee-Intruder-Alarm-System/ZONE/Build/LevelControlClientCommands.o
LOAD c:/NXP/bstudio_nxp/workspace/JN-AN-1201-YCL/JN-AN-1201-ZigBee-Intruder-Alarm-System/ZONE/Build/LevelControlCommandHandler.o
LOAD c:/NXP/bstudio_nxp/workspace/JN-AN-1201-YCL/JN-AN-1201-ZigBee-Intruder-Alarm-System/ZONE/Build/MultistateInputBasic.o
LOAD c:/NXP/bstudio_nxp/workspace/JN-AN-1201-YCL/JN-AN-1201-ZigBee-Intruder-Alarm-System/ZONE/Build/MultistateOutputBasic.o
LOAD c:/NXP/bstudio_nxp/workspace/JN-AN-1201-YCL/JN-AN-1201-ZigBee-Intruder-Alarm-System/ZONE/Build/OOSC.o
LOAD c:/NXP/bstudio_nxp/workspace/JN-AN-1201-YCL/JN-AN-1201-ZigBee-Intruder-Alarm-System/ZONE/Build/OnOff.o
LOAD c:/NXP/bstudio_nxp/workspace/JN-AN-1201-YCL/JN-AN-1201-ZigBee-Intruder-Alarm-System/ZONE/Build/OnOffCommandHandler.o
LOAD c:/NXP/bstudio_nxp/workspace/JN-AN-1201-YCL/JN-AN-1201-ZigBee-Intruder-Alarm-System/ZONE/Build/OnOffCommands.o
LOAD c:/NXP/bstudio_nxp/workspace/JN-AN-1201-YCL/JN-AN-1201-ZigBee-Intruder-Alarm-System/ZONE/Build/PollControl.o
LOAD c:/NXP/bstudio_nxp/workspace/JN-AN-1201-YCL/JN-AN-1201-ZigBee-Intruder-Alarm-System/ZONE/Build/PollControlClientCommands.o
LOAD c:/NXP/bstudio_nxp/workspace/JN-AN-1201-YCL/JN-AN-1201-ZigBee-Intruder-Alarm-System/ZONE/Build/PollControlCommandHandler.o
LOAD c:/NXP/bstudio_nxp/workspace/JN-AN-1201-YCL/JN-AN-1201-ZigBee-Intruder-Alarm-System/ZONE/Build/PollControlServerCommands.o
LOAD c:/NXP/bstudio_nxp/workspace/JN-AN-1201-YCL/JN-AN-1201-ZigBee-Intruder-Alarm-System/ZONE/Build/PowerConfiguration.o
LOAD c:/NXP/bstudio_nxp/workspace/JN-AN-1201-YCL/JN-AN-1201-ZigBee-Intruder-Alarm-System/ZONE/Build/Scenes.o
LOAD c:/NXP/bstudio_nxp/workspace/JN-AN-1201-YCL/JN-AN-1201-ZigBee-Intruder-Alarm-System/ZONE/Build/ScenesClientCommands.o
LOAD c:/NXP/bstudio_nxp/workspace/JN-AN-1201-YCL/JN-AN-1201-ZigBee-Intruder-Alarm-System/ZONE/Build/ScenesClusterManagement.o
LOAD c:/NXP/bstudio_nxp/workspace/JN-AN-1201-YCL/JN-AN-1201-ZigBee-Intruder-Alarm-System/ZONE/Build/ScenesCommandHandler.o
LOAD c:/NXP/bstudio_nxp/workspace/JN-AN-1201-YCL/JN-AN-1201-ZigBee-Intruder-Alarm-System/ZONE/Build/ScenesServerCommands.o
LOAD c:/NXP/bstudio_nxp/workspace/JN-AN-1201-YCL/JN-AN-1201-ZigBee-Intruder-Alarm-System/ZONE/Build/ScenesTableManager.o
LOAD c:/NXP/bstudio_nxp/workspace/JN-AN-1201-YCL/JN-AN-1201-ZigBee-Intruder-Alarm-System/ZONE/Build/TC.o
LOAD c:/NXP/bstudio_nxp/workspace/JN-AN-1201-YCL/JN-AN-1201-ZigBee-Intruder-Alarm-System/ZONE/Build/Time.o
LOAD c:/NXP/bstudio_nxp/workspace/JN-AN-1201-YCL/JN-AN-1201-ZigBee-Intruder-Alarm-System/ZONE/Build/ha.o
LOAD c:/NXP/bstudio_nxp/workspace/JN-AN-1201-YCL/JN-AN-1201-ZigBee-Intruder-Alarm-System/ZONE/Build/door_lock.o
LOAD c:/NXP/bstudio_nxp/workspace/JN-AN-1201-YCL/JN-AN-1201-ZigBee-Intruder-Alarm-System/ZONE/Build/door_lock_controller.o
LOAD c:/NXP/bstudio_nxp/workspace/JN-AN-1201-YCL/JN-AN-1201-ZigBee-Intruder-Alarm-System/ZONE/Build/mains_power_outlet.o
LOAD c:/NXP/bstudio_nxp/workspace/JN-AN-1201-YCL/JN-AN-1201-ZigBee-Intruder-Alarm-System/ZONE/Build/on_off_output.o
LOAD c:/NXP/bstudio_nxp/workspace/JN-AN-1201-YCL/JN-AN-1201-ZigBee-Intruder-Alarm-System/ZONE/Build/on_off_switch.o
LOAD c:/NXP/bstudio_nxp/workspace/JN-AN-1201-YCL/JN-AN-1201-ZigBee-Intruder-Alarm-System/ZONE/Build/plug_control.o
LOAD c:/NXP/bstudio_nxp/workspace/JN-AN-1201-YCL/JN-AN-1201-ZigBee-Intruder-Alarm-System/ZONE/Build/remote_control.o
LOAD c:/NXP/bstudio_nxp/workspace/JN-AN-1201-YCL/JN-AN-1201-ZigBee-Intruder-Alarm-System/ZONE/Build/simple_sensor.o
LOAD c:/NXP/bstudio_nxp/workspace/JN-AN-1201-YCL/JN-AN-1201-ZigBee-Intruder-Alarm-System/ZONE/Build/smart_plug.o
LOAD c:/NXP/bstudio_nxp/workspace/JN-AN-1201-YCL/JN-AN-1201-ZigBee-Intruder-Alarm-System/ZONE/Build/IASACE.o
LOAD c:/NXP/bstudio_nxp/workspace/JN-AN-1201-YCL/JN-AN-1201-ZigBee-Intruder-Alarm-System/ZONE/Build/IASACEClientCommands.o
LOAD c:/NXP/bstudio_nxp/workspace/JN-AN-1201-YCL/JN-AN-1201-ZigBee-Intruder-Alarm-System/ZONE/Build/IASACECommandHandler.o
LOAD c:/NXP/bstudio_nxp/workspace/JN-AN-1201-YCL/JN-AN-1201-ZigBee-Intruder-Alarm-System/ZONE/Build/IASACEServerCommands.o
LOAD c:/NXP/bstudio_nxp/workspace/JN-AN-1201-YCL/JN-AN-1201-ZigBee-Intruder-Alarm-System/ZONE/Build/IASWD.o
LOAD c:/NXP/bstudio_nxp/workspace/JN-AN-1201-YCL/JN-AN-1201-ZigBee-Intruder-Alarm-System/ZONE/Build/IASWDCommandHandler.o
LOAD c:/NXP/bstudio_nxp/workspace/JN-AN-1201-YCL/JN-AN-1201-ZigBee-Intruder-Alarm-System/ZONE/Build/IASWDCommands.o
LOAD c:/NXP/bstudio_nxp/workspace/JN-AN-1201-YCL/JN-AN-1201-ZigBee-Intruder-Alarm-System/ZONE/Build/IASZone.o
LOAD c:/NXP/bstudio_nxp/workspace/JN-AN-1201-YCL/JN-AN-1201-ZigBee-Intruder-Alarm-System/ZONE/Build/IASZoneCommandHandler.o
LOAD c:/NXP/bstudio_nxp/workspace/JN-AN-1201-YCL/JN-AN-1201-ZigBee-Intruder-Alarm-System/ZONE/Build/IASZoneCommands.o
LOAD c:/NXP/bstudio_nxp/workspace/JN-AN-1201-YCL/JN-AN-1201-ZigBee-Intruder-Alarm-System/ZONE/Build/ancillary_control_equipment.o
LOAD c:/NXP/bstudio_nxp/workspace/JN-AN-1201-YCL/JN-AN-1201-ZigBee-Intruder-Alarm-System/ZONE/Build/control_and_indicating_equipment.o
LOAD c:/NXP/bstudio_nxp/workspace/JN-AN-1201-YCL/JN-AN-1201-ZigBee-Intruder-Alarm-System/ZONE/Build/warning_device.o
LOAD c:/NXP/bstudio_nxp/workspace/JN-AN-1201-YCL/JN-AN-1201-ZigBee-Intruder-Alarm-System/ZONE/Build/zone.o
LOAD c:/NXP/bstudio_nxp/workspace/JN-AN-1201-YCL/JN-AN-1201-ZigBee-Intruder-Alarm-System/ZONE/Build/dlist.o
LOAD c:/NXP/bstudio_nxp/workspace/JN-AN-1201-YCL/JN-AN-1201-ZigBee-Intruder-Alarm-System/ZONE/Build/zcl.o
LOAD c:/NXP/bstudio_nxp/workspace/JN-AN-1201-YCL/JN-AN-1201-ZigBee-Intruder-Alarm-System/ZONE/Build/zcl_CustomCommandReceive.o
LOAD c:/NXP/bstudio_nxp/workspace/JN-AN-1201-YCL/JN-AN-1201-ZigBee-Intruder-Alarm-System/ZONE/Build/zcl_CustomCommandSend.o
LOAD c:/NXP/bstudio_nxp/workspace/JN-AN-1201-YCL/JN-AN-1201-ZigBee-Intruder-Alarm-System/ZONE/Build/zcl_PDUbufferReadWrite.o
LOAD c:/NXP/bstudio_nxp/workspace/JN-AN-1201-YCL/JN-AN-1201-ZigBee-Intruder-Alarm-System/ZONE/Build/zcl_PDUbufferReadWriteString.o
LOAD c:/NXP/bstudio_nxp/workspace/JN-AN-1201-YCL/JN-AN-1201-ZigBee-Intruder-Alarm-System/ZONE/Build/zcl_WriteAttributesRequestHandle.o
LOAD c:/NXP/bstudio_nxp/workspace/JN-AN-1201-YCL/JN-AN-1201-ZigBee-Intruder-Alarm-System/ZONE/Build/zcl_WriteAttributesRequestSend.o
LOAD c:/NXP/bstudio_nxp/workspace/JN-AN-1201-YCL/JN-AN-1201-ZigBee-Intruder-Alarm-System/ZONE/Build/zcl_WriteAttributesResponseHandle.o
LOAD c:/NXP/bstudio_nxp/workspace/JN-AN-1201-YCL/JN-AN-1201-ZigBee-Intruder-Alarm-System/ZONE/Build/zcl_attribute.o
LOAD c:/NXP/bstudio_nxp/workspace/JN-AN-1201-YCL/JN-AN-1201-ZigBee-Intruder-Alarm-System/ZONE/Build/zcl_buffer.o
LOAD c:/NXP/bstudio_nxp/workspace/JN-AN-1201-YCL/JN-AN-1201-ZigBee-Intruder-Alarm-System/ZONE/Build/zcl_clusterCommand.o
LOAD c:/NXP/bstudio_nxp/workspace/JN-AN-1201-YCL/JN-AN-1201-ZigBee-Intruder-Alarm-System/ZONE/Build/zcl_command.o
LOAD c:/NXP/bstudio_nxp/workspace/JN-AN-1201-YCL/JN-AN-1201-ZigBee-Intruder-Alarm-System/ZONE/Build/zcl_configureReportingCommandHandle.o
LOAD c:/NXP/bstudio_nxp/workspace/JN-AN-1201-YCL/JN-AN-1201-ZigBee-Intruder-Alarm-System/ZONE/Build/zcl_configureReportingCommandSend.o
LOAD c:/NXP/bstudio_nxp/workspace/JN-AN-1201-YCL/JN-AN-1201-ZigBee-Intruder-Alarm-System/ZONE/Build/zcl_configureReportingResponseHandle.o
LOAD c:/NXP/bstudio_nxp/workspace/JN-AN-1201-YCL/JN-AN-1201-ZigBee-Intruder-Alarm-System/ZONE/Build/zcl_defaultResponse.o
LOAD c:/NXP/bstudio_nxp/workspace/JN-AN-1201-YCL/JN-AN-1201-ZigBee-Intruder-Alarm-System/ZONE/Build/zcl_discoverAttributesExtendedRequestHandle.o
LOAD c:/NXP/bstudio_nxp/workspace/JN-AN-1201-YCL/JN-AN-1201-ZigBee-Intruder-Alarm-System/ZONE/Build/zcl_discoverAttributesExtendedRequestSend.o
LOAD c:/NXP/bstudio_nxp/workspace/JN-AN-1201-YCL/JN-AN-1201-ZigBee-Intruder-Alarm-System/ZONE/Build/zcl_discoverAttributesExtendedResponseHandle.o
LOAD c:/NXP/bstudio_nxp/workspace/JN-AN-1201-YCL/JN-AN-1201-ZigBee-Intruder-Alarm-System/ZONE/Build/zcl_discoverAttributesRequestHandle.o
LOAD c:/NXP/bstudio_nxp/workspace/JN-AN-1201-YCL/JN-AN-1201-ZigBee-Intruder-Alarm-System/ZONE/Build/zcl_discoverAttributesRequestSend.o
LOAD c:/NXP/bstudio_nxp/workspace/JN-AN-1201-YCL/JN-AN-1201-ZigBee-Intruder-Alarm-System/ZONE/Build/zcl_discoverAttributesResponseHandle.o
LOAD c:/NXP/bstudio_nxp/workspace/JN-AN-1201-YCL/JN-AN-1201-ZigBee-Intruder-Alarm-System/ZONE/Build/zcl_discoverCommandsRequestHandle.o
LOAD c:/NXP/bstudio_nxp/workspace/JN-AN-1201-YCL/JN-AN-1201-ZigBee-Intruder-Alarm-System/ZONE/Build/zcl_discoverCommandsRequestSend.o
LOAD c:/NXP/bstudio_nxp/workspace/JN-AN-1201-YCL/JN-AN-1201-ZigBee-Intruder-Alarm-System/ZONE/Build/zcl_discoverCommandsResponseHandle.o
LOAD c:/NXP/bstudio_nxp/workspace/JN-AN-1201-YCL/JN-AN-1201-ZigBee-Intruder-Alarm-System/ZONE/Build/zcl_event.o
LOAD c:/NXP/bstudio_nxp/workspace/JN-AN-1201-YCL/JN-AN-1201-ZigBee-Intruder-Alarm-System/ZONE/Build/zcl_heap.o
LOAD c:/NXP/bstudio_nxp/workspace/JN-AN-1201-YCL/JN-AN-1201-ZigBee-Intruder-Alarm-System/ZONE/Build/zcl_library_options.o
LOAD c:/NXP/bstudio_nxp/workspace/JN-AN-1201-YCL/JN-AN-1201-ZigBee-Intruder-Alarm-System/ZONE/Build/zcl_readAttributesRequestHandle.o
LOAD c:/NXP/bstudio_nxp/workspace/JN-AN-1201-YCL/JN-AN-1201-ZigBee-Intruder-Alarm-System/ZONE/Build/zcl_readAttributesRequestSend.o
LOAD c:/NXP/bstudio_nxp/workspace/JN-AN-1201-YCL/JN-AN-1201-ZigBee-Intruder-Alarm-System/ZONE/Build/zcl_readAttributesResponseHandle.o
LOAD c:/NXP/bstudio_nxp/workspace/JN-AN-1201-YCL/JN-AN-1201-ZigBee-Intruder-Alarm-System/ZONE/Build/zcl_readReportingConfigurationCommandHandle.o
LOAD c:/NXP/bstudio_nxp/workspace/JN-AN-1201-YCL/JN-AN-1201-ZigBee-Intruder-Alarm-System/ZONE/Build/zcl_readReportingConfigurationCommandSend.o
LOAD c:/NXP/bstudio_nxp/workspace/JN-AN-1201-YCL/JN-AN-1201-ZigBee-Intruder-Alarm-System/ZONE/Build/zcl_readReportingConfigurationResponseHandle.o
LOAD c:/NXP/bstudio_nxp/workspace/JN-AN-1201-YCL/JN-AN-1201-ZigBee-Intruder-Alarm-System/ZONE/Build/zcl_reportManager.o
LOAD c:/NXP/bstudio_nxp/workspace/JN-AN-1201-YCL/JN-AN-1201-ZigBee-Intruder-Alarm-System/ZONE/Build/zcl_reportMaths.o
LOAD c:/NXP/bstudio_nxp/workspace/JN-AN-1201-YCL/JN-AN-1201-ZigBee-Intruder-Alarm-System/ZONE/Build/zcl_reportScheduler.o
LOAD c:/NXP/bstudio_nxp/workspace/JN-AN-1201-YCL/JN-AN-1201-ZigBee-Intruder-Alarm-System/ZONE/Build/zcl_reportStringHandling.o
LOAD c:/NXP/bstudio_nxp/workspace/JN-AN-1201-YCL/JN-AN-1201-ZigBee-Intruder-Alarm-System/ZONE/Build/zcl_reportStructure.o
LOAD c:/NXP/bstudio_nxp/workspace/JN-AN-1201-YCL/JN-AN-1201-ZigBee-Intruder-Alarm-System/ZONE/Build/zcl_search.o
LOAD c:/NXP/bstudio_nxp/workspace/JN-AN-1201-YCL/JN-AN-1201-ZigBee-Intruder-Alarm-System/ZONE/Build/zcl_timer.o
LOAD c:/NXP/bstudio_nxp/workspace/JN-AN-1201-YCL/JN-AN-1201-ZigBee-Intruder-Alarm-System/ZONE/Build/zcl_transmit.o
LOAD c:/NXP/bstudio_nxp/workspace/sdk/JN-SW-4168/Components/Library\libZPSMAC_Mini_JN516x.a
LOAD c:/NXP/bstudio_nxp/workspace/sdk/JN-SW-4168/Components/Library\libOS_JN516x.a
LOAD c:/NXP/bstudio_nxp/workspace/sdk/JN-SW-4168/Components/Library\libPWRM_JN516x.a
LOAD c:/NXP/bstudio_nxp/workspace/sdk/JN-SW-4168/Components/Library\libZPSTSV_JN516x.a
LOAD c:/NXP/bstudio_nxp/workspace/sdk/JN-SW-4168/Components/Library\libAES_SW_JN516x.a
LOAD c:/NXP/bstudio_nxp/workspace/sdk/JN-SW-4168/Components/Library\libPDUM_JN516x.a
LOAD c:/NXP/bstudio_nxp/workspace/sdk/JN-SW-4168/Components/Library\libZPSAPL_JN516x.a
LOAD c:/NXP/bstudio_nxp/workspace/sdk/JN-SW-4168/Components/Library\libRandom_JN516x.a
LOAD c:/NXP/bstudio_nxp/workspace/sdk/JN-SW-4168/Components/Library\libPDM_EEPROM_JN516x.a
LOAD c:/NXP/bstudio_nxp/workspace/sdk/JN-SW-4168/Components/Library\libDBG_JN516x.a
LOAD c:/NXP/bstudio_nxp/workspace/sdk/JN-SW-4168/Components/Library\libZPSNWK_ZED_JN516x.a
LOAD c:/NXP/bstudio_nxp/workspace/sdk/JN-SW-4168/Components/Library\libMiniMac_JN5169.a
LOAD c:/NXP/bstudio_nxp/workspace/sdk/JN-SW-4168/Components/Library\libMiniMacShim_JN516x.a
LOAD c:/NXP/bstudio_nxp/workspace/sdk/JN-SW-4168/Components/Library\libMMAC_JN5169.a
LOAD c:/NXP/bstudio_nxp/workspace/sdk/JN-SW-4168/Components/Library\libJPT_JN5169.a
LOAD c:/NXP/bstudio_nxp/workspace/sdk/JN-SW-4168/Components/Library\libAes_JN516x.a
LOAD c:/NXP/bstudio_nxp/workspace/sdk/JN-SW-4168/Components/Library\libHardwareApi_JN5169.a
LOAD c:/NXP/bstudio_nxp/workspace/sdk/JN-SW-4168/Components/Library\libMicroSpecific_JN516x.a
LOAD c:/NXP/bstudio_nxp/workspace/sdk/JN-SW-4168/Components/Library\libBoot_JN516x.a
LOAD c:/NXP/bstudio_nxp/workspace/sdk/JN-SW-4168/Platform/DK4/Library\libBoardLib_JN516x.a
LOAD c:/nxp/bstudio_nxp/workspace/sdk/tools/ba-elf-ba2-r36379/bin/../lib/gcc/ba-elf/4.7.4/../../../../ba-elf/lib/mcpu_jn51xx_sizeopt\libm.a
END GROUP
LOAD c:/nxp/bstudio_nxp/workspace/sdk/tools/ba-elf-ba2-r36379/bin/../lib/gcc/ba-elf/4.7.4/../../../../ba-elf/lib/mcpu_jn51xx_sizeopt\libc.a
LOAD c:/nxp/bstudio_nxp/workspace/sdk/tools/ba-elf-ba2-r36379/bin/../lib/gcc/ba-elf/4.7.4/mcpu_jn51xx_sizeopt\libgcc.a
LOAD c:/nxp/bstudio_nxp/workspace/sdk/tools/ba-elf-ba2-r36379/bin/../lib/gcc/ba-elf/4.7.4/../../../../ba-elf/lib/mcpu_jn51xx_sizeopt\libc.a
                0x0000000000080038                exception_vsr_table = 0x80038
                0x0000000004000000                pSPIflashFncTable = 0x4000000
                0x0000000000000044                restore_state = 0x44
                0x000000000000004a                bZSPIWaitWIPClear = 0x4a
                0x0000000000000050                u16ZSPIflashRDID = 0x50
                0x0000000000000056                u8SelectFlashChipType = 0x56
                0x000000000000005c                memcpy = 0x5c
                0x0000000000000066                vBootFlashProg = 0x66
                [0x00000000000007d0]                __minimum_heap_size = DEFINED (__minimum_heap_size)?__minimum_heap_size:0xd16
                [0x0000000000001388]                __stack_size = DEFINED (__stack_size)?__stack_size:0x800
                0x0000000000000000                _SwConfig = (DEFINED (g_bSWConf_Debug) | (DEFINED (g_bSWConf_AltDebugPort) << 0x1))

.version        0x000000000007fffc        0x4
                0x000000000007fffc        0x4 LONG 0xf03000b

.bir            0x0000000000080000       0x10
                0x0000000000080000                _flash_start = ABSOLUTE (.)
                0x0000000000080000                _flash_beg = ABSOLUTE (.)
                0x0000000000080000        0x4 LONG 0x12345678
                0x0000000000080004        0x4 LONG 0x11223344
                0x0000000000080008        0x4 LONG 0x55667788
                0x000000000008000c        0x1 BYTE 0x8
                0x000000000008000d        0x1 BYTE 0x1
                0x000000000008000e        0x2 SHORT 0x0

.flashheader    0x0000000000080010       0x28
                0x0000000000080010        0x4 LONG 0x0
                0x0000000000080014        0x4 LONG 0x0
                0x0000000000080018        0x4 LONG 0x0
                0x000000000008001c        0x2 SHORT 0x0
                0x000000000008001e        0x2 SHORT 0x0 ABSOLUTE (_SwConfig)
                0x0000000000080020                _enc_start = ABSOLUTE (.)
                0x0000000000080020        0x4 LONG 0x1f148 ABSOLUTE (_image_len)
                0x0000000000080024        0x4 LONG 0x9e7e0 ABSOLUTE (_flash_data_start)
                0x0000000000080028        0x2 SHORT 0x13 ((ABSOLUTE (_ram_data_start) / 0x4) & 0xffff)
                0x000000000008002a        0x2 SHORT 0x25a ((ABSOLUTE (_ram_data_len) / 0x4) & 0xffff)
                0x000000000008002c        0x2 SHORT 0x26d ((ABSOLUTE (_bss_start) / 0x4) & 0xffff)
                0x000000000008002e        0x2 SHORT 0xfd7 ((ABSOLUTE (_bss_len) / 0x4) & 0xffff)
                0x0000000000080030        0x4 LONG 0x9d034 ABSOLUTE (AppWarmStart)
                0x0000000000080034        0x4 LONG 0x9d04e ABSOLUTE (AppColdStart)
                0x0000000000000000                _enc_offset = (_enc_start & 0xf)

.ro_mac_address
                0x0000000000080040        0x0
                0x0000000000080040                _FlsMACAddress = ABSOLUTE (.)
 *(.ro_mac_address)
                0x0000000000080040                . = ALIGN (0x10)

.ro_ota_header  0x0000000000080040        0x0
                0x0000000000080040                _FlsOtaHeader = ABSOLUTE (.)
 *(.ro_ota_header)
                0x0000000000080040                . = ALIGN (0x10)

.ro_se_lnkKey   0x0000000000080040        0x0
                0x0000000000080040                _FlsLinkKey = ABSOLUTE (.)
 *(.ro_se_lnkKey)
                0x0000000000080040                . = ALIGN (0x10)

.rodata         0x0000000000080038     0x15e3
 *(.rodata*)
 .rodata.str1.1
                0x0000000000080038       0xbb C:\Users\1\AppData\Local\Temp\ccHuZcsM.ltrans0.ltrans.o
 *fill*         0x00000000000800f3        0x1 00
 .rodata        0x00000000000800f4       0xb0 C:\Users\1\AppData\Local\Temp\ccHuZcsM.ltrans0.ltrans.o
                0x00000000000800f4                psAplDefaultZLLAPSLinkKey
                0x00000000000800f8                gMAC_u8MaxBuffers
                0x00000000000800fc                g_u32ApsFcSaveCountBitShift
                0x0000000000080100                u8MaxZpsConfigEp
                0x0000000000080101                au8EpMapPresent
                0x0000000000080104                s_groupPdmTable
 .rodata.str1.1
                0x00000000000801a4       0x3e C:\Users\1\AppData\Local\Temp\ccHuZcsM.ltrans1.ltrans.o
 *fill*         0x00000000000801e2        0x2 00
 .rodata        0x00000000000801e4       0x40 C:\Users\1\AppData\Local\Temp\ccHuZcsM.ltrans2.ltrans.o
 .rodata        0x0000000000080224       0x18 C:\Users\1\AppData\Local\Temp\ccHuZcsM.ltrans5.ltrans.o
 .rodata.str1.1
                0x000000000008023c        0x3 C:\Users\1\AppData\Local\Temp\ccHuZcsM.ltrans5.ltrans.o
 .rodata.str1.1
                0x000000000008023f        0x5 C:\Users\1\AppData\Local\Temp\ccHuZcsM.ltrans6.ltrans.o
                                          0x8 (size before relaxing)
 .rodata        0x0000000000080244       0x6b C:\Users\1\AppData\Local\Temp\ccHuZcsM.ltrans6.ltrans.o
 .rodata.str1.1
                0x00000000000802af      0x265 C:\Users\1\AppData\Local\Temp\ccHuZcsM.ltrans7.ltrans.o
 .rodata        0x0000000000080514        0x8 C:\Users\1\AppData\Local\Temp\ccHuZcsM.ltrans7.ltrans.o
                0x0000000000080514                au32UartAddrOffset
 .rodata.str1.1
                0x0000000000000000      0x265 C:\Users\1\AppData\Local\Temp\ccHuZcsM.ltrans8.ltrans.o
                                         0x10 (size before relaxing)
 .rodata        0x000000000008051c        0x6 C:\Users\1\AppData\Local\Temp\ccHuZcsM.ltrans8.ltrans.o
 .rodata.str1.1
                0x0000000000000000      0x265 C:\Users\1\AppData\Local\Temp\ccHuZcsM.ltrans9.ltrans.o
                                          0x3 (size before relaxing)
 .rodata.str1.1
                0x0000000000080522      0x160 C:\Users\1\AppData\Local\Temp\ccHuZcsM.ltrans10.ltrans.o
                                        0x178 (size before relaxing)
 .rodata.str1.1
                0x0000000000080682       0x15 C:\Users\1\AppData\Local\Temp\ccHuZcsM.ltrans11.ltrans.o
 .rodata.str1.1
                0x0000000000080697        0x4 C:\Users\1\AppData\Local\Temp\ccHuZcsM.ltrans12.ltrans.o
                                         0x13 (size before relaxing)
 .rodata.str1.1
                0x000000000008069b       0xf7 C:\Users\1\AppData\Local\Temp\ccHuZcsM.ltrans13.ltrans.o
                                        0x10c (size before relaxing)
 .rodata.str1.1
                0x0000000000080792       0x3d C:\Users\1\AppData\Local\Temp\ccHuZcsM.ltrans14.ltrans.o
                                         0x56 (size before relaxing)
 *fill*         0x00000000000807cf        0x1 00
 .rodata        0x00000000000807d0       0x18 C:\Users\1\AppData\Local\Temp\ccHuZcsM.ltrans15.ltrans.o
                0x00000000000807d0                au32NwkPdmRecordOffsets
 .rodata.str1.1
                0x00000000000807e8      0x38c C:\Users\1\AppData\Local\Temp\ccHuZcsM.ltrans16.ltrans.o
                                        0x396 (size before relaxing)
 .rodata        0x0000000000080b74       0x14 C:\Users\1\AppData\Local\Temp\ccHuZcsM.ltrans16.ltrans.o
                0x0000000000080b84                pu64NewMacOverrideMyAddressLocation
 .rodata.str1.1
                0x0000000000000000      0x38c C:\Users\1\AppData\Local\Temp\ccHuZcsM.ltrans17.ltrans.o
                                          0x4 (size before relaxing)
 .rodata.str1.1
                0x0000000000080b88        0x5 C:\Users\1\AppData\Local\Temp\ccHuZcsM.ltrans18.ltrans.o
                                         0x17 (size before relaxing)
 *fill*         0x0000000000080b8d        0x3 00
 .rodata        0x0000000000080b90       0x7c C:\Users\1\AppData\Local\Temp\ccHuZcsM.ltrans18.ltrans.o
                0x0000000000080b90                bDisableSourceRouting
                0x0000000000080b94                zps_pacNwkFrmStdByteFmt
                0x0000000000080b98                zps_pacNwkFrmStdLongFmt
                0x0000000000080b9c                zps_pacNwkFrmStdHalfFmt
                0x0000000000080ba0                bRxOnOptimisationTurnedOff
 .rodata        0x0000000000080c0c      0x110 C:\Users\1\AppData\Local\Temp\ccHuZcsM.ltrans19.ltrans.o
                0x0000000000080c0c                s_aprIdleStHandleCme.123670
                0x0000000000080c1c                s_aprActvStHandleCme.120556
 .rodata.str1.1
                0x0000000000080d1c        0x3 C:\Users\1\AppData\Local\Temp\ccHuZcsM.ltrans20.ltrans.o
                                         0x1f (size before relaxing)
 *fill*         0x0000000000080d1f        0x1 00
 .rodata        0x0000000000080d20      0x118 C:\Users\1\AppData\Local\Temp\ccHuZcsM.ltrans23.ltrans.o
                0x0000000000080d20                gu32ZCLVersion
                0x0000000000080d24                OS_g_u32Version
                0x0000000000080d28                PDUM_g_u32Version
                0x0000000000080d2c                ZPS_g_u32MacVersion
                0x0000000000080d30                ZPS_g_u32TsvVersion
 .rodata.str1.1
                0x0000000000000000        0x3 C:\Users\1\AppData\Local\Temp\ccHuZcsM.ltrans24.ltrans.o
 .rodata        0x0000000000080e38       0x4c C:\Users\1\AppData\Local\Temp\ccHuZcsM.ltrans24.ltrans.o
                0x0000000000080e38                g_u32NwkFcSaveCountBitShift
 .rodata.str1.1
                0x0000000000080e84       0x21 C:\Users\1\AppData\Local\Temp\ccHuZcsM.ltrans26.ltrans.o
                                         0x4c (size before relaxing)
 .rodata.str1.1
                0x0000000000080ea5       0xf4 C:\Users\1\AppData\Local\Temp\ccHuZcsM.ltrans27.ltrans.o
 .rodata.str1.1
                0x0000000000080f99      0x196 C:\Users\1\AppData\Local\Temp\ccHuZcsM.ltrans28.ltrans.o
                                        0x1b8 (size before relaxing)
 .rodata        0x000000000008112f        0xc C:\Users\1\AppData\Local\Temp\ccHuZcsM.ltrans28.ltrans.o
 .rodata.str1.1
                0x000000000008113b       0xeb C:\Users\1\AppData\Local\Temp\ccHuZcsM.ltrans30.ltrans.o
 *fill*         0x0000000000081226        0x2 00
 .rodata        0x0000000000081228      0x3e0 C:\Users\1\AppData\Local\Temp\ccHuZcsM.ltrans30.ltrans.o
                0x0000000000081228                zps_g_pvApl
 .rodata.str1.1
                0x0000000000081608       0x13 C:\Users\1\AppData\Local\Temp\ccHuZcsM.ltrans31.ltrans.o

.text           0x0000000000081620    0x1d1be
 *(.text*)
 .text          0x0000000000081620     0x1adc C:\Users\1\AppData\Local\Temp\ccHuZcsM.ltrans0.ltrans.o
                0x0000000000081620                APP_TIMER_Version_1v0
                0x0000000000081620                vInitialiseApp.3477
 .text          0x00000000000830fc     0x1784 C:\Users\1\AppData\Local\Temp\ccHuZcsM.ltrans1.ltrans.o
                0x00000000000830fc                vZCL_EventHandler
 .text          0x0000000000084880     0x11ec C:\Users\1\AppData\Local\Temp\ccHuZcsM.ltrans2.ltrans.o
                0x0000000000084880                DBG_iUartGetChar
                0x00000000000848dd                vMMAC_IntHandlerBbc
                0x00000000000848f7                eBasicTxCompleteHandler
                0x00000000000848fc                vTxRxTimeout.129108
                0x0000000000084959                zps_eNwkHandleSmeOrphanInd
                0x0000000000084960                eSmeASFlBeaconInd.122320
                0x0000000000084982                eSmeUDNTScanDcfm.121775
                0x000000000008499e                vNwkMcpsTimerCallback
                0x0000000000084a23                zps_eNwkHandleSmePollDcfm
                0x0000000000084a4d                eSmeGenlScanDcfm.122312
                0x0000000000084aab                eNldeDataDcfm.117546
                0x0000000000084adb                eSmeEdScScanDcfm.122308
                0x0000000000084c82                eSmeAcScBeaconInd.122328
                0x0000000000084d8a                eSmeUDNTBeaconInd.122304
                0x0000000000084dad                vAHI_WakeTimerStart.part.1.132075.constprop.110
                0x0000000000084dee                vMiniMac_MLME_SetReq_PanId
                0x0000000000084e2b                vMiniMac_MLME_SetReq_ShortAddr
                0x0000000000084e39                u16AHI_UartBlockReadData.part.14.131863.constprop.83
                0x0000000000084e69                vZCL_InitializeClusterInstance.constprop.64
                0x0000000000084e7a                pvZCL_HeapAlloc.part.0.42774.constprop.57
                0x0000000000084eb3                vMiniMac_ReturnTxBufferCallback
                0x0000000000084ec5                vEnableReceive.129112
                0x0000000000084eff                pvHeap_Alloc
                0x0000000000084f02                vMicroIntRestoreState
                0x0000000000084f0e                bAHI_WriteEEPROMfixSegmentData
                0x0000000000084f6c                bAHI_InitialiseEEPROM
                0x0000000000084fb4                vAHI_ReadDataFromEEPROMregister
                0x0000000000084fe1                vAHI_WriteDataIntoEEPROMregister
                0x0000000000085011                iPDM_WriteSegmentHeaderDataIntoEEPROMsegment
                0x0000000000085040                u8AHI_WakeTimerFiredStatus
                0x0000000000085054                vAHI_WakeTimerStop.part.3.132087
                0x0000000000085074                vAHI_UartReset.part.4.131841
                0x00000000000850ac                vAHI_UartDisable.part.8.131974
                0x0000000000085118                vAHI_UartSetBaudDivisor.part.1.131821
                0x0000000000085157                vAHI_OptimiseWaitStates
                0x00000000000851a3                bAHI_GetClkSource
                0x00000000000851b0                vAHI_SwReset
                0x00000000000851e0                vAHI_DioSetOutput
                0x00000000000851f4                vAHI_DioSetDirection
                0x0000000000085208                vEcbEncodeStripe.131296
                0x000000000008525f                bIssueACIcommand
                0x00000000000852f5                AESSW_vMMOBlockUpdate
                0x0000000000085367                MAC_u64GetExtAddr
                0x0000000000085382                psSearchForFrameToSend
                0x00000000000853d9                eMiniMac_FrameInProgress
                0x0000000000085404                vRemoveFromTxQueue
                0x0000000000085440                vAddToTxQueue
                0x0000000000085476                u8GetHeaderSize
                0x000000000008549e                vMiniMac_PLME_SetReq_CcaMode
                0x00000000000854b2                vMiniMac_MLME_SetReq_MaxCsmaBackoffs
                0x00000000000854d2                vMiniMac_MLME_SetReq_MaxBe
                0x00000000000854f5                vMiniMac_MLME_SetReq_MinBe
                0x0000000000085518                zps_vSendJoinInd
                0x0000000000085589                zps_psNwkSlistRemoveFromHead
                0x00000000000855a0                zps_psNwkSlistRemove
                0x00000000000855d8                zps_bNwkMcpsMgrRemoveDescrFromLists
                0x0000000000085616                zps_vNwkSlistAddToTail
                0x0000000000085630                ZPS_bNwkSecHaveNetworkKey
                0x0000000000085664                ZPS_bNwkSecFindMatSet
                0x00000000000856a0                ZPS_u8NwkNibNtDiscMatch
                0x0000000000085784                zps_vNwkFreeMcpsHandle
                0x00000000000857ae                ZPS_u64NwkNibGetMappedIeeeAddr
                0x00000000000857d0                ZPS_vNwkSecResetDevice
                0x0000000000085815                ZPS_bNwkNibNtActvMatch
                0x00000000000858cd                ZPS_u64NwkNibFindExtAddr
                0x0000000000085978                ZPS_u16NwkNibFindNwkAddr
                0x0000000000085a1e                bCheckNwkAddr
 .text.unlikely
                0x0000000000085a6c       0xc8 C:\Users\1\AppData\Local\Temp\ccHuZcsM.ltrans2.ltrans.o
                0x0000000000085a81                vAHI_MemoryHold.131519
 .text          0x0000000000085b34     0x12c2 C:\Users\1\AppData\Local\Temp\ccHuZcsM.ltrans3.ltrans.o
                0x0000000000085b34                zps_eSceGenlIllegal
                0x0000000000085b3b                zps_eSmeGenlIllegal
                0x0000000000085b42                DBG_vUartFailedAssert
                0x0000000000085b46                zps_bAplZdoBindRequestServer
                0x0000000000085c81                psGetVsMcpsBuf.71524
                0x0000000000085c8a                psGetMlmeBuf.71517
                0x0000000000085cd1                psGetNlmeBuf.54467
                0x0000000000085cdb                psGetNldeBuf.54488
                0x0000000000085ce5                psGetApsmeBuf.54474
                0x0000000000085cee                psGetApsdeBuf.54481
                0x0000000000085e07                vLoopbackTimerCallback
                0x0000000000085e36                ZPS_vSetExtendedStatus
                0x0000000000085e48                zps_psApsApsAllocateDcfmRecord
                0x0000000000085eb6                zps_u8CalcLinkCost
                0x0000000000085ef2                zps_u64NwkLibFromPayload
                0x0000000000085f31                zps_vNwkLibU64ToPayload
                0x0000000000085f5e                zps_vInitBeaconPayload
                0x0000000000085fda                zps_eNwkDcfmIndPost
                0x0000000000085ffc                zps_psNwkDcfmIndGetBuf
                0x000000000008601e                zps_vSendNwkStatusInd
                0x000000000008604e                DBG_vInit
                0x0000000000086090                vPDM_ReadBitmapHeader.111331
                0x00000000000860af                psSLISTsearch
                0x00000000000860ef                psSLISTremove
                0x000000000008616d                vSLISTaddToTail
                0x000000000008618c                psSLISTgetNext
                0x00000000000861b0                u8PDM_CalculateLargestDataRecordStored
                0x00000000000861e1                bPDM_ImageBitmapRepairCheck
                0x0000000000086209                u8PDM_ReadSequenceNumber
                0x000000000008622c                boSegmentNumberDeleteSearchMatch.110901
                0x0000000000086247                u8PDM_ReadSegmentDataSize
                0x000000000008625b                u32PDM_ReadFileSystemHeaderWearCount
                0x0000000000086271                boSearchForWearCountSubstitute.111217
                0x0000000000086297                boSearchForWearCountInsertPoint.110470
                0x00000000000862b5                vPDM_WriteFileSystemHeaderWearCount
                0x00000000000862c7                RND_u32GetRand256
                0x00000000000862e4                RND_u32GetRand
                0x000000000008630b                u16CalculateFailedTxCount.87225
                0x0000000000086335                vZdoIeeeAddrServerSendExtendResponse.part.0.75345
                0x0000000000086396                vZdoNwkAddrServerSendExtendResponse.part.0.74165
                0x00000000000863f7                zps_bAplZdoServerHandleConfirmAcks
                0x0000000000086441                zps_bPerformLeaveActionDecider
                0x0000000000086446                vHandleUpdateDeviceIndication.63533
                0x0000000000086470                u32GetScanChannels.63520
                0x000000000008649b                bDuplicateCheck.59900
                0x00000000000865a8                bIsBindTableMatch.58468
                0x00000000000865f9                eRemoveEntryInBindingTable.58496
                0x0000000000086678                zps_vAplApsFillAndPostApsAck
                0x00000000000866e2                zps_u8AplApsFreeMsgHandle
                0x000000000008674c                u8BlocksToSendInWindow.55964
                0x000000000008679e                vFillDataIndStruct.54334
                0x00000000000867fc                vFillApduErrorEvent.54327
                0x000000000008683f                bCheckProfile.54322
                0x000000000008687d                ZPS_bIsGroupPresent
                0x00000000000868b5                pdum_u16ReadNBO
                0x0000000000086a16                PDUM_u16SizeNBO
                0x0000000000086a74                PDUM_u16APduInstanceWriteStrNBO
                0x0000000000086bf3                PDUM_eNPduReadHeaderNBO
                0x0000000000086c46                PDUM_u16APduInstanceReadNBO
                0x0000000000086c91                PDUM_eNPduPrependHeaderNBO
                0x0000000000086cec                PDUM_eNPduAppendDataNBO
                0x0000000000086d49                PDUM_u16APduInstanceWriteNBO
                0x0000000000086db3                PDUM_thAPduInstanceGetApdu
                0x0000000000086dce                PDUM_eAPduInstanceSetPayloadSize
 .text          0x0000000000086df6     0x105d C:\Users\1\AppData\Local\Temp\ccHuZcsM.ltrans4.ltrans.o
                0x0000000000086df6                DBG_vUartPutch
                0x0000000000086e3c                DBG_vUartFlush
                0x0000000000086e69                os_u32APP_cbGetTickTimer
                0x0000000000086e72                os_bAPP_cbSetTickTimerCompare
                0x0000000000086f71                boIdValueSearchMatch.110474
                0x0000000000086fcb                vRadioToOff
                0x0000000000086fe8                vStartReceive
                0x0000000000087004                vMiniMac_NextTransaction
                0x000000000008706e                vPostTxActions.129156
                0x00000000000871fe                vTimerFired
                0x00000000000872b6                vDispatch.51236
                0x0000000000087388                OS_eStartSWTimer.constprop.140
                0x00000000000874a7                OS_eStopSWTimer
                0x00000000000875ca                vStartStopTimer
                0x00000000000875f5                vStopAllTimers
                0x0000000000087627                vStopSWTimers.6050
                0x00000000000876d8                OS_ePostMessage
                0x000000000008783e                OS_eExitCriticalSection
                0x0000000000087923                OS_eActivateTask
                0x00000000000879be                vPostMlmeDcfmInd.71520
                0x0000000000087a61                iPDM_ReadUserDataFromEEPROMsegment
                0x0000000000087adb                iPDM_ReCalculateWearCountAndChecksumAndWriteFileSystemHeader
                0x0000000000087b25                vPDM_SetEEPROMandFileSystemValidState
                0x0000000000087b4c                iPDM_ReadUserDataFromFileSystemRecord
                0x0000000000087b6c                vPDM_WriteFileSystemRecordAndSegmentDataIntoEEPROMsegment
                0x0000000000087ba7                iPDM_ReadSegmentHeaderDataFromEEPROMsegment
                0x0000000000087c00                PWRM_vWakeInterruptCallback
                0x0000000000087c4c                PWRM_eScheduleActivity.constprop.105
                0x0000000000087d69                u16ZCL_WriteAttributeValueIntoBuffer
                0x0000000000087ddb                u16ZCL_WriteCommandHeader
 .text          0x0000000000087e53      0xe45 C:\Users\1\AppData\Local\Temp\ccHuZcsM.ltrans5.ltrans.o
                0x0000000000087e53                os_vAPP_cbDisableTickTimer
                0x0000000000087e97                os_vAPP_cbEnableTickTimer
                0x0000000000087f17                eOrphanNotificationSent.129880
                0x0000000000087fd0                DBG_vUartInitHardware
                0x00000000000880a2                eZCL_SearchForClusterEntry
                0x0000000000088117                eZCL_FindCluster
                0x0000000000088168                vCLD_IdentifyTimerClickCallback.15382
                0x00000000000881e3                User_Uart_Init
                0x0000000000088269                ZPS_bSecDecrypt
                0x000000000008837b                boPDM_IsBitmapSaturated.111366
                0x00000000000883c4                vDLISTaddToHead
                0x00000000000883ed                vDLISTaddToTail
                0x0000000000088410                psDLISTremove
                0x0000000000088472                eZCL_SearchForAttributeEntry
                0x000000000008850b                iPDM_SearchForBufferIdInList
                0x0000000000088540                iPDM_SearchForBufferIdInFileSystem
                0x0000000000088553                iPDM_ReadUserDataFromSegmentWithId
                0x0000000000088588                iPDM_SearchForSpecificSegmentInList
                0x00000000000885ba                psGetTxFrameBuffer
                0x00000000000885f9                psGetAndBuildCoordRealignment
                0x0000000000088651                vMiniMac_Init
                0x0000000000088a0b                eTransmit
                0x0000000000088ae8                vRetryCcaFailure
                0x0000000000088b3c                eBuildAndSend.129888
                0x0000000000088bb1                vMiniMac_TxComplete
 .text          0x0000000000088c98      0xea5 C:\Users\1\AppData\Local\Temp\ccHuZcsM.ltrans6.ltrans.o
                0x0000000000088c98                vZdoServersInit.2866
                0x0000000000088f29                u16ZCL_APduInstanceWriteNBO
                0x0000000000088fd3                u16ZCL_APduInstanceReadNBO
                0x00000000000890b8                u16ZCL_ReadCommandHeader.part.0.34822
                0x000000000008912f                eCLD_BasicCommandHandler
                0x0000000000089152                u16ZCL_APduInstanceWriteStringNBO
                0x0000000000089219                u16ZCL_APduInstanceReadStringNBO.part.3.32036
                0x00000000000892f2                eZCL_GetAttributeTypeSizeFromBuffer
                0x0000000000089369                u16ZCL_GetTxPayloadSize
                0x00000000000893a9                u8ZdoBindUnbindServerUnpackApdu
                0x00000000000893f8                ZPS_eTsvOpen
                0x0000000000089412                iPDM_FilterDuplicateAppendedSegmentsOnList.111646
                0x0000000000089456                sEZ_GetDiscEntry.7858
                0x0000000000089497                ZPS_bIsMacAddressUsedInApsTable
                0x000000000008954d                zps_vNwkBttMgrInit
                0x000000000008957b                ZPS_vNwkNibClearTables
                0x000000000008969c                vMicroIntEnableOnly.constprop.135
                0x00000000000896c8                vSetChannelAndPower
                0x0000000000089868                vMiniMac_PLME_SetReq_Power
                0x000000000008987c                vMiniMac_PLME_SetReq_Channel
                0x0000000000089884                TSV_eStart
                0x00000000000898d4                iAHI_WriteDataIntoEEPROMsegment.constprop.130
                0x0000000000089922                vACI_OptimisedCcmStar.constprop.128
                0x0000000000089b0d                vTransformKey.isra.0.60019
 *fill*         0x0000000000089b3d        0x3 00
 .text          0x0000000000089b40      0xee0 C:\Users\1\AppData\Local\Temp\ccHuZcsM.ltrans7.ltrans.o
                0x0000000000089b76                OS_eEnterCriticalSection
                0x0000000000089c3e                zps_vSendJoinDcfm
                0x0000000000089c84                vGiveUp.124891
                0x0000000000089cbc                bHasTimerFired.48543
                0x0000000000089d26                eZCL_SetReceiveEventAddressStructure.part.0.42564
                0x0000000000089d93                dbg_vPrintfImplNoneVerbose
                0x000000000008a21a                pwrm_Wakeup.3481
                0x000000000008a3c0                app_UartSendMesg
                0x000000000008a3e2                vExtendedStatusCallBack.3474
                0x000000000008a3ed                pwrm_PreSleep.3485
                0x000000000008a44e                vOSError
                0x000000000008a4a5                os_vvDeviceStateIndicatorTask
                0x000000000008a53d                vScheduleSleep
                0x000000000008a5e7                os_vvISR_SystemController
                0x000000000008a64d                os_vAPP_ButtonsScanTask
                0x000000000008a69b                DBG_vDumpStack
                0x000000000008a6dd                vUnclaimedInterrupt
                0x000000000008a6f2                Uart_TxCMDData.3168
                0x000000000008a7fe                eZCL_BuildTransmitAddressStructure
                0x000000000008a86b                eZCL_WriteLocalAttributeValue.constprop.112
                0x000000000008a935                eCLD_IASZoneUpdateZoneID
                0x000000000008a947                eCLD_IASZoneUpdateZoneState
                0x000000000008a958                eZCL_ReadLocalAttributeValue.constprop.23
 .text          0x000000000008aa20     0x1006 C:\Users\1\AppData\Local\Temp\ccHuZcsM.ltrans8.ltrans.o
                0x000000000008acdc                zps_bAplZdoMatchDescServer
                0x000000000008acf0                zps_bAplZdoNodeDescServer
                0x000000000008ae5c                zps_bAplZdoIeeeAddrServer
                0x000000000008afb2                vAHI_Sleep
                0x000000000008b063                ZPS_bSecEncrypt
                0x000000000008b219                PDUM_eNPduAllocate
                0x000000000008b288                zps_u8AplApsConstructAndPostLoopBackDataInd.57078
                0x000000000008b3c1                u8PostUnicastMsgToNHLE.57086
                0x000000000008b3fa                PDUM_eNPduClone
                0x000000000008b446                PDUM_eNPduFree
                0x000000000008b4b3                zps_vHandleExtendedDataAckFrame
                0x000000000008b597                vPostVsMcpsDcfmInd.71527
                0x000000000008b680                zps_vNwkMcpsMgrFreeReqDescr
                0x000000000008b6b2                zps_psAllocateAndFormatMacHdr
                0x000000000008b805                zps_psNwkInitCmdFrame
                0x000000000008b8d2                zps_vNwkRemoveConflictedBroadcast
                0x000000000008b924                zps_vNwkMcpsMgrTidyBtrReqDescr
                0x000000000008b968                vNwkBttTimerExpiry.120604
                0x000000000008b9ea                hZCL_AllocateAPduInstance
 .text          0x000000000008ba26     0x1238 C:\Users\1\AppData\Local\Temp\ccHuZcsM.ltrans9.ltrans.o
                0x000000000008ba26                PDUM_hAPduAllocateAPduInstance
                0x000000000008ba9a                zps_eAplZdoSendZdpResponse
                0x000000000008bae3                bSendResponse.86036
                0x000000000008bb26                PDUM_eAPduFreeAPduInstance
                0x000000000008bba9                zps_bAplZdoSimpleDescServer
                0x000000000008be0a                zps_bAplZdoPowerDescServer
                0x000000000008bf27                zps_bAplZdoActiveEpServer
                0x000000000008c010                zps_bAplZdoSystemServerDiscoveryServer
                0x000000000008c099                zps_bAplZdoMgmtLqiServer
                0x000000000008c2c5                PDM_eReadDataFromRecord.part.0.109713
                0x000000000008c348                vLoadAplRecord.63560
                0x000000000008c3ba                ZPS_pvNwkCtor.part.0.113612
                0x000000000008c6a3                ZPS_eTsvStart
                0x000000000008c6fe                zps_vAplApsCheckAndStartPollTimer
                0x000000000008c75d                zps_eAplZdoBdrmRequestSend
                0x000000000008c7d8                zps_eNwkHandleSceNwkUpdate
                0x000000000008c7fc                vProcessTimedList.115434
                0x000000000008c842                zps_vAplAfPostTimerEvent
                0x000000000008c891                zps_vNwkJoinStStartResponseTimer
                0x000000000008c8cb                ZPS_eTsvStop
                0x000000000008c91f                eCopyFragmentToApdu.isra.0.54363
                0x000000000008ca41                zps_eNwkBtrMatch
                0x000000000008cace                zps_vAplApsStopPollTimer
                0x000000000008cb5d                zps_vFragmentWindowTimeout.54318
                0x000000000008cbc3                zps_vAplApsFragTransmitNotifyApp.57034
 *fill*         0x000000000008cc5e        0x2 00
 .text          0x000000000008cc60     0x1060 C:\Users\1\AppData\Local\Temp\ccHuZcsM.ltrans10.ltrans.o
                0x000000000008ce8c                zps_vFragmentTimerHandler.55956
                0x000000000008cf18                vHandleTransportKeyFrame.59855
                0x000000000008d10b                iPDM_VerifyDataSequenceWithBufferId
                0x000000000008d1ad                Uart_Task_Init
                0x000000000008d42e                vSaveIASZoneAttributes
                0x000000000008d46d                APP_ZCL_cbEndpointCallback.7583
                0x000000000008d87e                bAplZdoBindUnbindServerProcessApdu
                0x000000000008da40                zps_eAplApsmeUpdateDeviceReqRsp.part.4.58625
                0x000000000008dbac                zps_vSendExtendedAckDataFrame.54357
 .text          0x000000000008dcc0      0xfe7 C:\Users\1\AppData\Local\Temp\ccHuZcsM.ltrans11.ltrans.o
                0x000000000008dcc0                eSmeOrphScanDcfm.125333
                0x000000000008dd38                vContinueRejoin.124137
                0x000000000008dddf                zps_psFindKeyDescr
                0x000000000008df0b                zps_eAplSecEncryptPacket
                0x000000000008dffd                zps_vSendNextFragment.57047
                0x000000000008e1d8                zps_eStartFragmentedTransmission
                0x000000000008e2ed                eUnfragmentedUnicastTransmission.57061
                0x000000000008e5e5                zps_eAplSendApsmeCmdFrame
                0x000000000008e756                vApsmeResendTimeOutHandler
                0x000000000008e785                vHandleJoinedNwk.8105
                0x000000000008e7e0                ZPS_bNwkNibAddrMapAddEntry
                0x000000000008e9a7                zps_sNwkNibNtCheckJoin
                0x000000000008ec2d                zps_vNwkHandleCmeDirectJoinReq
 .text          0x000000000008eca7      0xeed C:\Users\1\AppData\Local\Temp\ccHuZcsM.ltrans12.ltrans.o
                0x000000000008eca7                vProcessListsForSubmission.115520
                0x000000000008f063                zps_vNwkMcpsMgrPost
                0x000000000008f087                zps_psSendFrm.constprop.126
                0x000000000008f28c                ZPS_vNwkHandleNldeReqRsp
                0x000000000008f47e                zps_psNwkSendRejoinReqCmd.constprop.6
                0x000000000008f55c                zps_vNwkHandleCmeLeaveReq
                0x000000000008f5c4                zps_eNwkHandleSceLeave
                0x000000000008f74a                zps_psSendNetworkStatusCmd
                0x000000000008f7c2                zps_eDefaultDataDcfm
                0x000000000008f964                vSendNetworkReport.114566
                0x000000000008fa3e                zps_eNwkHandleSdeActvDcfmData
                0x000000000008fb25                vMcpsMgrTimeoutExpiry
 *fill*         0x000000000008fb94        0x0 00
 .text          0x000000000008fb94      0xcf0 C:\Users\1\AppData\Local\Temp\ccHuZcsM.ltrans13.ltrans.o
                0x000000000008fc00                vAplSecAuthPollTimerExpiry.63510
                0x000000000008fc58                vAplSecAuthTimerExpiry.63514
                0x000000000008fd28                os_vAPP_PollTask
                0x000000000008fd77                APP_ZCL_cbGeneralCallback.7586
                0x000000000008ffd7                vPostApsdeDcfmInd.54484
                0x00000000000901df                eJoinNetwork.63573
                0x0000000000090290                eDiscoverNetworks.63580
                0x00000000000902ec                eStartNetworkDiscovery.63587
                0x0000000000090356                eStartRouter.63597
                0x0000000000090425                vPostApsmeDcfmInd.54477
 .text          0x0000000000090884      0xdc7 C:\Users\1\AppData\Local\Temp\ccHuZcsM.ltrans14.ltrans.o
                0x0000000000090884                zps_bAplZdoBindUnbindServer
                0x0000000000090990                zps_bAplZdoDefaultServer
                0x0000000000090bf1                zps_eZdpNodeDescResponse
                0x0000000000090c99                zps_eZdpSimpleDescResponse
                0x0000000000090da6                zps_bAplZdoMgmtNWKUpdateServer
                0x0000000000091116                zps_eZdpNwkAddrResponse
                0x00000000000911f9                zps_eZdpIeeeAddrResponse
                0x00000000000912dc                zps_eZdpPowerDescResponse
                0x0000000000091379                zps_eZdpActiveEpResponse
                0x000000000009140f                zps_eZdpMatchDescResponse
                0x00000000000914a5                zps_eZdpSystemServerDiscoveryResponse
                0x0000000000091514                zps_eAplAfBoundDataReqNonBlocking
 .text          0x000000000009164b      0xb20 C:\Users\1\AppData\Local\Temp\ccHuZcsM.ltrans15.ltrans.o
                0x000000000009164b                vMcpsMgrExpiry.115422
                0x0000000000091673                vPDM_MoveAllDataFromListToList
                0x00000000000916b1                vPDM_MoveAllDataWithBufferIdAndStateFromListToList
                0x000000000009173c                vPDM_MoveAllDataToDeAllocList
                0x0000000000091764                iPDM_ReconstructReplacedDataTable
                0x00000000000919e3                vPDM_ImageBitmapRepair.110389
                0x0000000000091a44                vPDM_MoveAllDataWithBufferIdFromListToList
                0x0000000000091ac9                vPDM_DeleteAppendedSequence
                0x0000000000091b6e                PDM_eSaveRecordData
                0x0000000000091fa3                ZPS_vNwkSaveRecord
                0x0000000000092011                ZPS_vNwkResetOutgoingFrameCounter
                0x0000000000092065                zps_eAplApsmeCmdMgrSendCommand
                0x0000000000092142                zps_vAplApsmeCmdMgrRetryTimeout.58460
 *fill*         0x000000000009216b        0x1 00
 .text          0x000000000009216c      0xe7c C:\Users\1\AppData\Local\Temp\ccHuZcsM.ltrans16.ltrans.o
                0x000000000009216c                vStartScanTimerExpiry.87221
                0x00000000000921a8                zps_vAplApsPollTimer
                0x0000000000092250                zps_eNwkSendJoinResponse
                0x00000000000924a5                zps_eProcessAddrConflict
                0x0000000000092652                zps_eNwkHandleSceNwkStatus
                0x000000000009276b                eEZ_UpdateEZState
                0x0000000000092922                vAppWakeCallBack
                0x0000000000092a2d                vHandleAppEvent.isra.0.5375
                0x0000000000092a52                app_vStartNodeFactoryNew
                0x0000000000092a9e                vHandleJoinAndRejoinNWK.5384
 .text          0x0000000000092fe8      0xbaa C:\Users\1\AppData\Local\Temp\ccHuZcsM.ltrans17.ltrans.o
                0x0000000000092fe8                zps_bAplZdoNwkAddrServer
                0x0000000000093169                eBeaconReqSent.129884
                0x0000000000093190                vPDM_AddFileSystemElementToListInAscendingWearCountOrder
                0x000000000009329e                vPDM_MoveFileRecordFromListToList
                0x00000000000932c0                vPDM_MoveRecordToDeAllocList
                0x00000000000932e0                iPDM_WriteSegmentHeaderAndData
                0x00000000000934dc                vIncrementFrameCounterInPdm.isra.0.116770
                0x00000000000936bb                iPDM_SegmentCopyAndAppendData.constprop.123
                0x0000000000093718                eMakeEntryInBindingTable.58514
                0x00000000000937c2                vMiniMac_McpsCallback
                0x00000000000939ee                eMcpsTxCompleteHandler.128737
                0x0000000000093a1c                PWRM_vManagePower
 .text          0x0000000000093b92      0xdde C:\Users\1\AppData\Local\Temp\ccHuZcsM.ltrans18.ltrans.o
                0x0000000000093b92                zps_eNwkHandleSmeAssocInd
                0x0000000000093cf8                eTryNextParent
                0x0000000000093f10                vCheckSleepingSendPoll.part.1.125435
                0x0000000000093f7a                vSdeHandleMcpsDataInd.115500
                0x000000000009466a                ZPS_vNwkNibCheckAndUpdateAddresses
                0x0000000000094706                zps_bAplZdoDeviceAnnceServer
 *fill*         0x0000000000094970        0x0 00
 .text          0x0000000000094970      0xc24 C:\Users\1\AppData\Local\Temp\ccHuZcsM.ltrans19.ltrans.o
                0x0000000000094970                os_vzps_taskZPS
                0x0000000000094b99                vBbcIntHandler.128536
                0x0000000000094e62                os_vzps_isrMAC
                0x0000000000094ea1                eAssocRespSent.129445
                0x0000000000094ec0                zps_vNwkHandleCmeSyncReq
                0x0000000000094f42                zps_vNwkHandleCmeNwkDiscReq
                0x0000000000094fbc                zps_vNwkHandleCmeEdScanReq
                0x0000000000095153                zps_vNwkHandleCmeNwkJoinReq
                0x0000000000095411                zps_vNwkHandleCmeNwkActvJoinReq
                0x000000000009541d                vHandleRejoinExpiry.124887
                0x000000000009547c                zps_eRejoinDataDcfm
 .text          0x0000000000095594      0xdb0 C:\Users\1\AppData\Local\Temp\ccHuZcsM.ltrans20.ltrans.o
                0x0000000000095594                vPostNldeDcfmInd.54491
                0x0000000000096040                vMiniMac_MlmeCallback
                0x000000000009632b                vPollConfirm.130083
 .text          0x0000000000096344      0xe88 C:\Users\1\AppData\Local\Temp\ccHuZcsM.ltrans21.ltrans.o
                0x00000000000966ee                vSendMlmeCommStatusFromTxFrame
                0x0000000000096744                MAC_vHandleMlmeVsReqRsp.constprop.94
                0x0000000000096c7b                vScanBeaconReceived
                0x0000000000096cbb                vRunningRxCallback
                0x0000000000096fbb                vPostDcfm.129899
                0x0000000000097024                vScanNextChannel.129905
 .text          0x00000000000971cc      0xc18 C:\Users\1\AppData\Local\Temp\ccHuZcsM.ltrans22.ltrans.o
                0x00000000000971cc                vZdoBdrmSendNextTimedRequest
                0x0000000000097455                eAplAfCommonDataReq.52957
                0x000000000009751c                eZCL_TransmitDataRequest
                0x00000000000978dc                eZCL_SendDefaultResponse
                0x00000000000979db                vReportTimerClickCallback
 .text          0x0000000000097de4      0xdbc C:\Users\1\AppData\Local\Temp\ccHuZcsM.ltrans23.ltrans.o
                0x0000000000097de4                os_bDummyMemberCheck.51246
                0x0000000000097de9                os_vDefaultErrorHook.51242
                0x0000000000097dec                os_vAPP_PIRTask
                0x0000000000097def                os_bStrictCheck.1358
                0x000000000009811a                PDUM_eNPduWriteDataFromBuffer
                0x0000000000098174                PDUM_eNPduWriteDataToBuffer
                0x00000000000981d2                PDUM_eNPduWriteFromBuffer
                0x00000000000981fb                PDUM_eNPduDescend
                0x0000000000098221                PDUM_eNPduAscend
                0x0000000000098247                PDUM_eNPduClaimData
                0x00000000000982b4                PDUM_eNPduClaimHeader
                0x00000000000982d7                PDUM_eNPduInitDescending
                0x00000000000982f2                eExpireSWTimer.51255
                0x000000000009835d                vEnterErrorHook.51238
                0x0000000000098384                OS_eCollectMessage
                0x0000000000098449                OS_eGetSWTimerStatus
                0x000000000009848b                eZCL_SearchForEPentry
                0x00000000000984d3                eZCL_SearchForEPentryAndCheckManufacturerId
                0x0000000000098511                vZCL_PassEventToUser
                0x000000000009853e                eZCL_DoesAttributeHaveReportableChange
                0x000000000009855b                eZCL_GetAttributeReportableEntry
                0x0000000000098613                vZCL_AlignNumericAttributeValueTo64.48006
                0x0000000000098722                u8GetTransactionSequenceNumber
                0x0000000000098734                eZCL_GetAttributeTypeSize
                0x0000000000098753                vZCL_MarkAttributeInvalid
                0x0000000000098822                u8ZCL_GetAttributeAllignToFourBytesBoundary
                0x0000000000098837                pvZCL_GetAttributePointer
                0x00000000000988ad                eZCL_StoreChangeAttributeValue
                0x000000000009894c                u16ZCL_GetStringStructureSize
                0x0000000000098989                u16ZCL_GetStringAttributeTypeSizeFromBuffer
                0x00000000000989fa                u16ZCL_GetStringSizeAndBufferFromStructure
                0x0000000000098a89                eZCL_GetAttributeTypeSizeFromStructure
                0x0000000000098b02                Linkkey_Calculate.3149
 .text          0x0000000000098ba0      0xbcc C:\Users\1\AppData\Local\Temp\ccHuZcsM.ltrans24.ltrans.o
                0x0000000000098d91                ZPS_vNwkHandleNlmeReqRsp
                0x0000000000098e0b                zps_vAplAfPostEvent
                0x0000000000098f7a                zps_vHandleApsdeDataFragInd
                0x000000000009941a                zps_eAplZdoNlmeleaveWrapper
                0x0000000000099498                zps_bAplZdoMgmtLeaveServer
                0x0000000000099618                vChangeChannelTimerExpiry.87217
                0x0000000000099687                eLeaveReset.126310
                0x00000000000996f2                eLeaveDataDcfmLocalLeave.126315
 .text          0x000000000009976c      0xd37 C:\Users\1\AppData\Local\Temp\ccHuZcsM.ltrans25.ltrans.o
                0x000000000009976c                zps_eNwkHandleSceRejnResponse
                0x00000000000997d5                zps_vAplSaveRecord
                0x00000000000998fe                zps_bNwkFindAddIeeeAddr
                0x0000000000099a7c                eCheckAddrConflict.isra.3.114776
                0x0000000000099b12                vAplSecRemoveLinkKey.63626
                0x0000000000099b8f                ZPS_vRemoveEntryFromAddressMap
                0x0000000000099bd8                ZPS_vNwkSaveAllRecords
                0x0000000000099bef                zps_vSaveAllZpsRecords
                0x0000000000099c0e                ZPS_vNwkNibSetExtPanId
                0x0000000000099c33                vFinish.125323
                0x0000000000099c7b                ZPS_vNwkNibSetKeySeqNum
                0x0000000000099c8f                ZPS_vNwkNibSetDepth
                0x0000000000099cb8                ZPS_vNwkNibSetPanId
                0x0000000000099cd6                vHandleNwkRemoteUpdateAfterBcast.114570
                0x0000000000099d52                ZPS_vNwkNibSetCapabilityInfo
                0x0000000000099d7f                ZPS_vNwkNibSetChannel
                0x0000000000099d97                zps_u8NwkHandleRejoinReq
                0x0000000000099e6b                zps_vProcessLocalAddrConflict.part.0.114579
                0x0000000000099ea5                ZPS_vNwkSaveNt
                0x0000000000099fbf                ZPS_vNtSetUsedStatus
                0x000000000009a066                zps_vJoinInitNtParent
                0x000000000009a1bc                zps_vCheckActvNtForDuplicate
                0x000000000009a254                zps_eNwkHandleSmeCommStatusInd
                0x000000000009a394                eUnsolicitedRejoinRspDataDcfm.114574
                0x000000000009a3bf                eRejoinRspDataDcfm.124141
                0x000000000009a48e                ZPS_vNwkSaveSecMat
 .text          0x000000000009a4a3      0xaee C:\Users\1\AppData\Local\Temp\ccHuZcsM.ltrans26.ltrans.o
                0x000000000009a4a3                ZPS_vAplHandleApsdeReqRsp
                0x000000000009a8cc                zps_eAplZdpApsdeReqInternal
                0x000000000009a93b                zps_eAplZdpMgmtLqiResponse
                0x000000000009aa23                zps_eZdpMgmtNwkUpdateNotifyResponse
                0x000000000009abdd                zps_bAplZdoZdoClient
                0x000000000009aced                zps_bAplZdoMgmtBindServer
                0x000000000009af2e                zps_eAplZdpBindResponse
                0x000000000009af4f                zps_eZdpUnbindResponse
                0x000000000009af70                zps_eZdpMgmtLeaveResponse
 *fill*         0x000000000009af91        0x3 00
 .text          0x000000000009af94      0xa04 C:\Users\1\AppData\Local\Temp\ccHuZcsM.ltrans27.ltrans.o
                0x000000000009af94                eRejoinNetwork.63547
                0x000000000009b038                zps_eAplZdoRejoinNetwork
                0x000000000009b0b3                vAttemptDiscovery.8135
                0x000000000009b1c2                vPostNlmeDcfmInd.54470
                0x000000000009b8b5                vEZ_JoinSavedNetwork.7888
                0x000000000009b972                vHandleJoinFailed.8111
 .text          0x000000000009b998      0xddc C:\Users\1\AppData\Local\Temp\ccHuZcsM.ltrans28.ltrans.o
                0x000000000009bf5f                os_vAPP_taskuart
                0x000000000009c432                os_vAPP_ZHA_Switch_Task
 .text          0x000000000009c774      0x8c0 C:\Users\1\AppData\Local\Temp\ccHuZcsM.ltrans29.ltrans.o
                0x000000000009c774                vZCL_HandleAttributesWriteRequest
                0x000000000009cc04                eZCL_CustomCommandReceive.part.0.30898
                0x000000000009cd7a                eCLD_IASZoneCommandHandler
                0x000000000009ce85                vZCL_HandleAttributesReadResponse
 *fill*         0x000000000009d034        0x0 00
 .text          0x000000000009d034      0x8a8 C:\Users\1\AppData\Local\Temp\ccHuZcsM.ltrans30.ltrans.o
                0x000000000009d034                AppWarmStart
                0x000000000009d04e                AppColdStart
                0x000000000009d2f8                os_vUnclaimedInterrupt
                0x000000000009d30a                os_vControlledIntCheck
                0x000000000009d34f                os_vControlledInterrupt
                0x000000000009d388                os_vAPP_isrIllegalInstructionException
                0x000000000009d39e                os_vAPP_isrAlignmentException
                0x000000000009d3b4                os_vAPP_isrBusErrorException
                0x000000000009d3ca                os_vAPP_isrUnimplementedModuleException
                0x000000000009d3e0                os_vAPP_isrStackOverflowException
                0x000000000009d3f6                os_vAPP_isrTickTimer
                0x000000000009d4e6                os_vvISR_Uart1
 .text          0x000000000009d8dc      0x352 C:\Users\1\AppData\Local\Temp\ccHuZcsM.ltrans31.ltrans.o
                0x000000000009d8dc                eCLD_IdentifyCommandHandler
                0x000000000009da89                os_vZCL_Task
                0x000000000009dbdb                zps_eAplAfApsdeDataReq
 .text          0x000000000009dc2e       0x25 c:/nxp/bstudio_nxp/workspace/sdk/tools/ba-elf-ba2-r36379/bin/../lib/gcc/ba-elf/4.7.4/../../../../ba-elf/lib/mcpu_jn51xx_sizeopt\libc.a(lib_a-memcmp.o)
                0x000000000009dc2e                memcmp
 .text          0x000000000009dc53       0x19 c:/nxp/bstudio_nxp/workspace/sdk/tools/ba-elf-ba2-r36379/bin/../lib/gcc/ba-elf/4.7.4/../../../../ba-elf/lib/mcpu_jn51xx_sizeopt\libc.a(lib_a-memcpy.o)
 .text          0x000000000009dc6c       0x12 c:/nxp/bstudio_nxp/workspace/sdk/tools/ba-elf-ba2-r36379/bin/../lib/gcc/ba-elf/4.7.4/../../../../ba-elf/lib/mcpu_jn51xx_sizeopt\libc.a(lib_a-memset.o)
                0x000000000009dc6c                memset
 *fill*         0x000000000009dc7e        0x2 00
 .text          0x000000000009dc80      0x204 c:/nxp/bstudio_nxp/workspace/sdk/tools/ba-elf-ba2-r36379/bin/../lib/gcc/ba-elf/4.7.4/mcpu_jn51xx_sizeopt\libgcc.a(__udivsi3.o)
                0x000000000009dc80                __udivsi3
 .text          0x000000000009de84       0x30 c:/nxp/bstudio_nxp/workspace/sdk/tools/ba-elf-ba2-r36379/bin/../lib/gcc/ba-elf/4.7.4/mcpu_jn51xx_sizeopt\libgcc.a(__divsi3.o)
                0x000000000009de84                __divsi3
 .text          0x000000000009deb4      0x1b0 c:/nxp/bstudio_nxp/workspace/sdk/tools/ba-elf-ba2-r36379/bin/../lib/gcc/ba-elf/4.7.4/mcpu_jn51xx_sizeopt\libgcc.a(__umodsi3.o)
                0x000000000009deb4                __umodsi3
 .text          0x000000000009e064       0x24 c:/nxp/bstudio_nxp/workspace/sdk/tools/ba-elf-ba2-r36379/bin/../lib/gcc/ba-elf/4.7.4/mcpu_jn51xx_sizeopt\libgcc.a(__modsi3.o)
                0x000000000009e064                __modsi3
 .text          0x000000000009e088       0x52 c:/nxp/bstudio_nxp/workspace/sdk/tools/ba-elf-ba2-r36379/bin/../lib/gcc/ba-elf/4.7.4/mcpu_jn51xx_sizeopt\libgcc.a(_muldi3.o)
                0x000000000009e088                __muldi3
 .text          0x000000000009e0da      0x350 c:/nxp/bstudio_nxp/workspace/sdk/tools/ba-elf-ba2-r36379/bin/../lib/gcc/ba-elf/4.7.4/mcpu_jn51xx_sizeopt\libgcc.a(_udivdi3.o)
                0x000000000009e0da                __udivdi3
 *fill*         0x000000000009e42a        0x6 00
 .text          0x000000000009e430      0x198 c:/NXP/bstudio_nxp/workspace/JN-AN-1201-YCL/JN-AN-1201-ZigBee-Intruder-Alarm-System/ZONE/Build/os_irq.o
                0x000000000009e430                os_ExternalException_W
                0x000000000009e474                os_PIC_ChannelPriorities
                0x000000000009e484                os_OSMIUM_HwVectTable
                0x000000000009e4c0                os_PIC_SwVectTable
 .text          0x000000000009e5c8       0x29 c:/NXP/bstudio_nxp/workspace/JN-AN-1201-YCL/JN-AN-1201-ZigBee-Intruder-Alarm-System/ZONE/Build/os_irq_alignment.o
                0x000000000009e5c8                IRQ_Alignment
 .text          0x000000000009e5f1       0x29 c:/NXP/bstudio_nxp/workspace/JN-AN-1201-YCL/JN-AN-1201-ZigBee-Intruder-Alarm-System/ZONE/Build/os_irq_buserror.o
                0x000000000009e5f1                IRQ_BusError
 .text          0x000000000009e61a       0x29 c:/NXP/bstudio_nxp/workspace/JN-AN-1201-YCL/JN-AN-1201-ZigBee-Intruder-Alarm-System/ZONE/Build/os_irq_illegalinstruction.o
                0x000000000009e61a                IRQ_IllegalInstruction
 .text          0x000000000009e643       0x29 c:/NXP/bstudio_nxp/workspace/JN-AN-1201-YCL/JN-AN-1201-ZigBee-Intruder-Alarm-System/ZONE/Build/os_irq_stackoverflowexception.o
                0x000000000009e643                IRQ_StackOverflowException
 .text          0x000000000009e66c       0x29 c:/NXP/bstudio_nxp/workspace/JN-AN-1201-YCL/JN-AN-1201-ZigBee-Intruder-Alarm-System/ZONE/Build/os_irq_unimplementedmodule.o
                0x000000000009e66c                IRQ_UnimplementedModule
 *fill*         0x000000000009e695        0x3 00
 .text          0x000000000009e698       0xc0 c:/NXP/bstudio_nxp/workspace/sdk/JN-SW-4168/Components/Library\libOS_JN516x.a(os_contirq_JN516x.o)
                0x000000000009e698                os_ExternalException_R
                0x000000000009e6c8                os_CFunc_W
                0x000000000009e718                os_UnclaimedException_W
                0x000000000009e738                os_UnclaimedInterrupt_W
 .text          0x000000000009e758       0x48 c:/NXP/bstudio_nxp/workspace/sdk/JN-SW-4168/Components/Library\libPWRM_JN516x.a(pwrm_setjmp_JN516x.o)
                0x000000000009e758                setjmp
                0x000000000009e77c                PWRM_longjmp
 .text          0x000000000009e7a0       0x27 c:/NXP/bstudio_nxp/workspace/sdk/JN-SW-4168/Components/Library\libHardwareApi_JN5169.a(AHI_Interrupt.o)
                0x000000000009e7a0                vAHI_InterruptSetPriority
                0x000000000009e7be                vAHI_InterruptSetActivePriorityLevel
 .text.vMicroSyscall
                0x000000000009e7c7       0x17 c:/NXP/bstudio_nxp/workspace/sdk/JN-SW-4168/Components/Library\libMicroSpecific_JN516x.a(MicroSyscall_ba.o)
                0x000000000009e7c7                vMicroSyscall
 .text          0x000000000009e7de        0x0 c:/NXP/bstudio_nxp/workspace/sdk/JN-SW-4168/Components/Library\libOS_JN516x.a(os_version_lc.o)
                0x000000000009e7de                OS_Version_1v2
 .text          0x000000000009e7de        0x0 c:/NXP/bstudio_nxp/workspace/sdk/JN-SW-4168/Components/Library\libZPSAPL_JN516x.a(zps_apl_version_lc.o)
                0x000000000009e7de                ZPS_APL_Version_2v0
 .text          0x000000000009e7de        0x0 c:/NXP/bstudio_nxp/workspace/sdk/JN-SW-4168/Components/Library\libZPSNWK_ZED_JN516x.a(zps_nwk_version_lc.o)
                0x000000000009e7de                ZPS_NWK_Version_2v0
                0x000000000009e7de                _flash_end = ABSOLUTE (.)

.rela.dyn       0x000000000009e7e0        0x0
 .rela.text     0x0000000000000000        0x0 c:/NXP/bstudio_nxp/workspace/JN-AN-1201-YCL/JN-AN-1201-ZigBee-Intruder-Alarm-System/ZONE/Build/os_irq.o
 .rela.data     0x0000000000000000        0x0 c:/NXP/bstudio_nxp/workspace/JN-AN-1201-YCL/JN-AN-1201-ZigBee-Intruder-Alarm-System/ZONE/Build/os_irq.o
 .rela.rodata   0x0000000000000000        0x0 c:/NXP/bstudio_nxp/workspace/JN-AN-1201-YCL/JN-AN-1201-ZigBee-Intruder-Alarm-System/ZONE/Build/os_irq.o
                0x000000000400004c                . = ORIGIN (ram)

.data           0x000000000400004c      0x968 load address 0x000000000009e7e0
                0x000000000400004c                _ram_data_start = ABSOLUTE (.)
 *(.data*)
 .data          0x000000000400004c       0x64 C:\Users\1\AppData\Local\Temp\ccHuZcsM.ltrans0.ltrans.o
                0x000000000400004c                u8MiniMacConfig_MaxConcurrentAssocResponses
                0x0000000004000050                psShadowRxBuffer
                0x0000000004000054                u32DefaultChannelMask.8450
 .data          0x00000000040000b0        0x4 C:\Users\1\AppData\Local\Temp\ccHuZcsM.ltrans2.ltrans.o
                0x00000000040000b0                u32HeapStart
 .data          0x00000000040000b4        0x1 C:\Users\1\AppData\Local\Temp\ccHuZcsM.ltrans5.ltrans.o
 .data          0x00000000040000b5        0x1 C:\Users\1\AppData\Local\Temp\ccHuZcsM.ltrans7.ltrans.o
 *fill*         0x00000000040000b6        0x2 00
 .data          0x00000000040000b8        0x4 C:\Users\1\AppData\Local\Temp\ccHuZcsM.ltrans8.ltrans.o
                0x00000000040000b8                bCanLoopback.57307
 .data          0x00000000040000bc        0x6 C:\Users\1\AppData\Local\Temp\ccHuZcsM.ltrans17.ltrans.o
 .data          0x00000000040000c2        0x1 C:\Users\1\AppData\Local\Temp\ccHuZcsM.ltrans19.ltrans.o
 *fill*         0x00000000040000c3        0x1 00
 .data          0x00000000040000c4      0x1f4 C:\Users\1\AppData\Local\Temp\ccHuZcsM.ltrans23.ltrans.o
                0x00000000040000c4                s_asapduMyDataInstances
                0x000000000400013c                s_asapduZCLInstances
                0x00000000040001f0                s_asapduZDPInstances
 .data          0x00000000040002b8       0x24 C:\Users\1\AppData\Local\Temp\ccHuZcsM.ltrans28.ltrans.o
                0x00000000040002b8                back_off_time.8447
                0x00000000040002bc                bPingRespRcvd
                0x00000000040002c0                app_busy_status.6143
                0x00000000040002c4                sLinkKey
                0x00000000040002d4                start_join_flag.3284
 *fill*         0x00000000040002dc        0x4 00
 .data          0x00000000040002e0      0x6b0 C:\Users\1\AppData\Local\Temp\ccHuZcsM.ltrans30.ltrans.o
                0x00000000040002e0                os_Mutex_mutexMAC
                0x00000000040002e8                os_Mutex_mutexZPS
                0x00000000040002f0                s_sApl.2918
                0x0000000004000440                os_SWTimer_APP_cntrTickTimer_APP_IndicatorTimer
                0x000000000400045c                os_SWTimer_APP_cntrTickTimer_APP_ButtonsScanTimer
                0x0000000004000478                os_Message_APP_msgZpsEvents_ZCL
                0x000000000400049c                os_SWTimer_APP_cntrTickTimer_APP_TickTimer
                0x00000000040004b8                os_Message_APP_msgZpsEvents
                0x00000000040004dc                os_Message_APP_msgEvents
                0x0000000004000500                os_SWTimer_APP_cntrTickTimer_APP_JoinTimer
                0x000000000400051c                os_SWTimer_APP_cntrTickTimer_APP_BackOffTimer
                0x0000000004000538                os_Message_APP_msgUartEvents
                0x000000000400055c                os_Message_zps_msgMlmeDcfmInd
                0x0000000004000580                os_Message_zps_msgTimeEvents
                0x00000000040005a4                os_Message_zps_msgMcpsDcfmInd
                0x00000000040005c8                os_Message_zps_msgMcpsDcfm
                0x00000000040005ec                os_SWTimer_APP_cntrTickTimer_APP_PollTimer
                0x0000000004000608                os_Task_vDeviceStateIndicatorTask
                0x0000000004000614                os_Task_APP_ButtonsScanTask
                0x0000000004000620                os_Task_APP_PIRTask
                0x000000000400062c                os_Task_ZCL_Task
                0x0000000004000638                os_Task_APP_ZHA_Switch_Task
                0x0000000004000644                os_Task_APP_taskuart
                0x0000000004000650                os_Task_zps_taskZPS
                0x000000000400065c                os_Task_APP_PollTask
                0x0000000004000668                os_SWTimer_APP_cntrTickTimer_APP_uart_timeout
                0x0000000004000684                os_SWTimer_APP_cntrTickTimer_APP_ActiveTime
                0x00000000040006a0                u8AhiBaudRate.111832
                0x00000000040006a4                s_prbMemberCheck.51362
                0x00000000040006a8                s_prvErrorHook.51360
 .data.s_asAPduPool
                0x0000000004000990       0x24 c:/NXP/bstudio_nxp/workspace/JN-AN-1201-YCL/JN-AN-1201-ZigBee-Intruder-Alarm-System/ZONE/Build/pdum_apdu.o
                0x0000000004000990                pdum_apduZDP
                0x0000000004000990                s_asAPduPool
                0x000000000400099c                pdum_apduZCL
                0x00000000040009a8                pdum_apduMyData
 *(.data.*)
                0x00000000040009b4                . = ALIGN (0x4)
                0x00000000040009b4                _ram_data_end = ABSOLUTE (.)

.bss            0x00000000040009b4     0x3f5c load address 0x000000000009f148
                0x00000000040009b4                _bss_start = ABSOLUTE (.)
 *(.bss*)
 *fill*         0x00000000040009b4        0x4 00
 .bss           0x00000000040009b8     0x1260 C:\Users\1\AppData\Local\Temp\ccHuZcsM.ltrans0.ltrans.o
                0x00000000040009b8                psNextWake.51433
                0x00000000040009bc                s_bWakeTimerActive.51434
                0x00000000040009c0                u32CalibrationValue.51432
                0x00000000040009c4                s_ePowerMode.51435
                0x00000000040009c6                gu16NumberOfSegments.132450
                0x00000000040009c8                u8MaxNpdu.51643
                0x00000000040009c9                u8Count.51642
                0x00000000040009cc                s_psNPduPoolEnd.51645
                0x00000000040009d0                s_psNPduPoolStart.51644
                0x00000000040009d4                s_psFreeListHead.51641
                0x00000000040009d8                s_hMutex.51640
                0x00000000040009dc                s_hMutex.51760
                0x00000000040009e0                s_asAPduPool.51759
                0x00000000040009e4                pfExtendedStatusCallBack.114098
                0x00000000040009e8                s_u32x.109486
                0x00000000040009ec                s_prExpireFn.133444
                0x00000000040009f0                s_hMutex.133443
                0x00000000040009f4                pvRxStore
                0x00000000040009f8                pvTxStore
                0x00000000040009fc                g_pvAplHandle
                0x0000000004000a00                s_hMacMutex
                0x0000000004000a04                s_sDcfmIndMgr.133208
                0x0000000004000a0c                prAppMlmeGetBuffer
                0x0000000004000a10                prAppMlmeCallback
                0x0000000004000a14                psFreeMsgListHead
                0x0000000004000a18                psActiveMsgListHead
                0x0000000004000a1c                u8MiniMac_RunTimeOptions
                0x0000000004000a20                sBeaconFilter.8445
                0x0000000004000a28                eIASDeviceState.4779
                0x0000000004000a30                sIASZoneDesc
                0x0000000004000a50                u16GroupId
                0x0000000004000a54                joinsleepCB.8455
 .bss           0x0000000004001c18        0x4 C:\Users\1\AppData\Local\Temp\ccHuZcsM.ltrans1.ltrans.o
                0x0000000004001c18                zps_psNwk
 .bss           0x0000000004001c1c        0xc C:\Users\1\AppData\Local\Temp\ccHuZcsM.ltrans2.ltrans.o
 .bss           0x0000000004001c28       0x40 C:\Users\1\AppData\Local\Temp\ccHuZcsM.ltrans3.ltrans.o
 .bss           0x0000000004001c68      0x214 C:\Users\1\AppData\Local\Temp\ccHuZcsM.ltrans5.ltrans.o
                0x0000000004001c68                prIntHandler.131144
                0x0000000004001c6c                psTimerServerList
 .bss.initinboot
                0x0000000004001e7c        0x1 C:\Users\1\AppData\Local\Temp\ccHuZcsM.ltrans5.ltrans.o
 *fill*         0x0000000004001e7d        0x3 00
 .bss           0x0000000004001e80       0x3c C:\Users\1\AppData\Local\Temp\ccHuZcsM.ltrans6.ltrans.o
 .bss           0x0000000004001ebc       0x2c C:\Users\1\AppData\Local\Temp\ccHuZcsM.ltrans7.ltrans.o
                0x0000000004001ebc                vFlushFn.111776
                0x0000000004001ec0                vPutchFn.111771
                0x0000000004001ec4                sWake
                0x0000000004001ed4                sStoredMacData.128668
                0x0000000004001ed8                s_psCurrentTask.51356
 .bss           0x0000000004001ee8       0x34 C:\Users\1\AppData\Local\Temp\ccHuZcsM.ltrans8.ltrans.o
 .bss           0x0000000004001f1c        0x2 C:\Users\1\AppData\Local\Temp\ccHuZcsM.ltrans9.ltrans.o
 *fill*         0x0000000004001f1e        0x2 00
 .bss           0x0000000004001f20       0x40 C:\Users\1\AppData\Local\Temp\ccHuZcsM.ltrans10.ltrans.o
 .bss           0x0000000004001f60        0x8 C:\Users\1\AppData\Local\Temp\ccHuZcsM.ltrans11.ltrans.o
 .bss           0x0000000004001f68        0x1 C:\Users\1\AppData\Local\Temp\ccHuZcsM.ltrans12.ltrans.o
                0x0000000004001f68                bIgnoreBroadcast
 *fill*         0x0000000004001f69        0x1 00
 .bss           0x0000000004001f6a        0x2 C:\Users\1\AppData\Local\Temp\ccHuZcsM.ltrans13.ltrans.o
 .bss           0x0000000004001f6c       0xa8 C:\Users\1\AppData\Local\Temp\ccHuZcsM.ltrans14.ltrans.o
                0x0000000004001f6c                sMiniMacPib
                0x0000000004002008                bDefaultServerIgnoreHandleMgmtUpdate
                0x000000000400200c                bBindLookup
                0x0000000004002010                psBindUnbindServerContext
 .bss           0x0000000004002014        0xc C:\Users\1\AppData\Local\Temp\ccHuZcsM.ltrans15.ltrans.o
                0x0000000004002014                a16NwkPdmRecordSizes
 .bss           0x0000000004002020       0x98 C:\Users\1\AppData\Local\Temp\ccHuZcsM.ltrans16.ltrans.o
                0x0000000004002020                bRejoin.8448
                0x0000000004002028                sEZModeData.8443
 .bss           0x00000000040020b8        0xc C:\Users\1\AppData\Local\Temp\ccHuZcsM.ltrans17.ltrans.o
 .bss           0x00000000040020c4        0x4 C:\Users\1\AppData\Local\Temp\ccHuZcsM.ltrans18.ltrans.o
 .bss           0x00000000040020c8       0xa0 C:\Users\1\AppData\Local\Temp\ccHuZcsM.ltrans19.ltrans.o
                0x00000000040020c8                sMiniMacPhyPib
                0x00000000040020cc                aprTimerCallback
                0x00000000040020ec                au32TimerCounter
                0x000000000400210c                sMiniMacInternal
                0x0000000004002138                s_psVsMcpsDcfmInd.72826
                0x000000000400213c                s_psMacDcfmInd.72825
                0x0000000004002140                u32DataQueueCount
 .bss           0x0000000004002168        0x1 C:\Users\1\AppData\Local\Temp\ccHuZcsM.ltrans20.ltrans.o
 .bss           0x0000000004002169        0x1 C:\Users\1\AppData\Local\Temp\ccHuZcsM.ltrans21.ltrans.o
                0x0000000004002169                u8ScanBeaconsSeen.133247
 *fill*         0x000000000400216a        0x2 00
 .bss           0x000000000400216c     0x100c C:\Users\1\AppData\Local\Temp\ccHuZcsM.ltrans23.ltrans.o
 .bss           0x0000000004003178        0x8 C:\Users\1\AppData\Local\Temp\ccHuZcsM.ltrans24.ltrans.o
                0x0000000004003178                sThisDeviceMacAddr
 .bss           0x0000000004003180       0x24 C:\Users\1\AppData\Local\Temp\ccHuZcsM.ltrans25.ltrans.o
                0x0000000004003180                apvAplPdmRecordsAddress
                0x0000000004003198                au16AplPdmRecordsSize
 .bss           0x00000000040031a4        0x2 C:\Users\1\AppData\Local\Temp\ccHuZcsM.ltrans26.ltrans.o
                0x00000000040031a4                s_u16ActivityCounter
 *fill*         0x00000000040031a6        0x2 00
 .bss           0x00000000040031a8       0x10 C:\Users\1\AppData\Local\Temp\ccHuZcsM.ltrans27.ltrans.o
                0x00000000040031a8                psBeaconFilter
 .bss           0x00000000040031b8       0x50 C:\Users\1\AppData\Local\Temp\ccHuZcsM.ltrans28.ltrans.o
                0x00000000040031b8                psZCL_Common
                0x00000000040031bc                u16PingNwkAddr.8952