Archive member included because of file (symbol)

c:/NXP/bstudio_nxp/workspace/sdk/JN-SW-4168/Components/Library\libOS_JN516x.a(os.o)
                              c:/NXP/bstudio_nxp/workspace/JN-AN-1201/JN-AN-1201-ZigBee-Intruder-Alarm-System/WD/Build/os_gen.o (symbol from plugin) (os_vStart)
c:/NXP/bstudio_nxp/workspace/sdk/JN-SW-4168/Components/Library\libOS_JN516x.a(os_contirq_JN516x.o)
                              c:/NXP/bstudio_nxp/workspace/JN-AN-1201/JN-AN-1201-ZigBee-Intruder-Alarm-System/WD/Build/os_irq.o (os_UnclaimedException_W)
c:/NXP/bstudio_nxp/workspace/sdk/JN-SW-4168/Components/Library\libPWRM_JN516x.a(pwrm.o)
                              c:/NXP/bstudio_nxp/workspace/JN-AN-1201/JN-AN-1201-ZigBee-Intruder-Alarm-System/WD/Build/app_start_WD.o (symbol from plugin) (PWRM_vInit)
c:/NXP/bstudio_nxp/workspace/sdk/JN-SW-4168/Components/Library\libPWRM_JN516x.a(pwrm_setjmp_JN516x.o)
                              pwrm.o (symbol from plugin) (setjmp)
c:/NXP/bstudio_nxp/workspace/sdk/JN-SW-4168/Components/Library\libPWRM_JN516x.a(pwrm_cold_start.o)
                              (AppColdStart)
c:/NXP/bstudio_nxp/workspace/sdk/JN-SW-4168/Components/Library\libPWRM_JN516x.a(pwrm_warm_start.o)
                              (AppWarmStart)
c:/NXP/bstudio_nxp/workspace/sdk/JN-SW-4168/Components/Library\libPDUM_JN516x.a(pdum_nwk.o)
                              c:/NXP/bstudio_nxp/workspace/JN-AN-1201/JN-AN-1201-ZigBee-Intruder-Alarm-System/WD/Build/pdum_gen.o (symbol from plugin) (pdum_vNPduInit)
c:/NXP/bstudio_nxp/workspace/sdk/JN-SW-4168/Components/Library\libPDUM_JN516x.a(pdum_apl.o)
                              c:/NXP/bstudio_nxp/workspace/JN-AN-1201/JN-AN-1201-ZigBee-Intruder-Alarm-System/WD/Build/appZdpExtraction.o (symbol from plugin) (PDUM_u16APduInstanceReadNBO)
c:/NXP/bstudio_nxp/workspace/sdk/JN-SW-4168/Components/Library\libPDUM_JN516x.a(pdum.o)
                              pdum_nwk.o (symbol from plugin) (PDUM_u16SizeNBO)
c:/NXP/bstudio_nxp/workspace/sdk/JN-SW-4168/Components/Library\libZPSAPL_JN516x.a(zps_apl_af.o)
                              c:/NXP/bstudio_nxp/workspace/JN-AN-1201/JN-AN-1201-ZigBee-Intruder-Alarm-System/WD/Build/zha_WD_node.o (symbol from plugin) (ZPS_eAplAfInit)
c:/NXP/bstudio_nxp/workspace/sdk/JN-SW-4168/Components/Library\libZPSAPL_JN516x.a(zps_apl_af_apsde.o)
                              c:/NXP/bstudio_nxp/workspace/JN-AN-1201/JN-AN-1201-ZigBee-Intruder-Alarm-System/WD/Build/zps_gen.o (symbol from plugin) (zps_vHandleApsdeDataFragIndNotSupported)
c:/NXP/bstudio_nxp/workspace/sdk/JN-SW-4168/Components/Library\libZPSAPL_JN516x.a(zps_apl_task.o)
                              zps_apl_af_apsde.o (symbol from plugin) (zps_vAplAfPostEvent)
c:/NXP/bstudio_nxp/workspace/sdk/JN-SW-4168/Components/Library\libZPSAPL_JN516x.a(zps_apl_apsde.o)
                              zps_apl_task.o (symbol from plugin) (ZPS_vAplRegisterApsdeDcfmIndCallbacks)
c:/NXP/bstudio_nxp/workspace/sdk/JN-SW-4168/Components/Library\libZPSAPL_JN516x.a(zps_apl_apsme.o)
                              zps_apl_task.o (symbol from plugin) (ZPS_vAplRegisterApsmeDcfmIndCallbacks)
c:/NXP/bstudio_nxp/workspace/sdk/JN-SW-4168/Components/Library\libZPSAPL_JN516x.a(zps_apl_aps_nlde.o)
                              zps_apl_task.o (symbol from plugin) (zps_vAplApsHandleNldeDcfmInd)
c:/NXP/bstudio_nxp/workspace/sdk/JN-SW-4168/Components/Library\libZPSAPL_JN516x.a(zps_apl_sec.o)
                              zps_apl_task.o (symbol from plugin) (zps_psFindKeyDescr)
c:/NXP/bstudio_nxp/workspace/sdk/JN-SW-4168/Components/Library\libZPSAPL_JN516x.a(zps_apl_aib.o)
                              c:/NXP/bstudio_nxp/workspace/JN-AN-1201/JN-AN-1201-ZigBee-Intruder-Alarm-System/WD/Build/app_zbp_utilities.o (symbol from plugin) (zps_psAplAibGetAib)
c:/NXP/bstudio_nxp/workspace/sdk/JN-SW-4168/Components/Library\libZPSAPL_JN516x.a(zps_apl_zdo_nwkmanager.o)
                              zps_apl_apsme.o (symbol from plugin) (zps_vAplSaveRecord)
c:/NXP/bstudio_nxp/workspace/sdk/JN-SW-4168/Components/Library\libZPSAPL_JN516x.a(zps_apl_zdo_handle_zdp_event.o)
                              zps_apl_task.o (symbol from plugin) (zps_bAplZdoHandleZdpEvent)
c:/NXP/bstudio_nxp/workspace/sdk/JN-SW-4168/Components/Library\libZPSAPL_JN516x.a(zps_apl_zdo_trust_center.o)
                              zps_apl_sec.o (symbol from plugin) (zps_eAplTrustCenterFindDevice)
c:/NXP/bstudio_nxp/workspace/sdk/JN-SW-4168/Components/Library\libZPSAPL_JN516x.a(zps_apl_zdo_common.o)
                              zps_apl_zdo_nwkmanager.o (symbol from plugin) (zps_eAplZdoNlmeleaveWrapper)
c:/NXP/bstudio_nxp/workspace/sdk/JN-SW-4168/Components/Library\libZPSAPL_JN516x.a(zps_apl_zdo_group.o)
                              c:/NXP/bstudio_nxp/workspace/JN-AN-1201/JN-AN-1201-ZigBee-Intruder-Alarm-System/WD/Build/GroupsTableManager.o (symbol from plugin) (zps_eAplZdoGroupEndpointAdd)
[...]
Memory Configuration

Name             Origin             Length             Attributes
flash            0x0000000000080000 0x0000000000040000
ram              0x000000000400004c 0x0000000000007fb4
*default*        0x0000000000000000 0xffffffffffffffff

Linker script and memory map

                0x0000000000001388                __stack_size = 0x1388
                0x00000000000007d0                __minimum_heap_size = 0x7d0
START GROUP
LOAD c:/NXP/bstudio_nxp/workspace/JN-AN-1201/JN-AN-1201-ZigBee-Intruder-Alarm-System/WD/Build/os_gen.o
LOAD C:\Users\1\AppData\Local\Temp\ccJNmFAP.ltrans0.ltrans.o
LOAD C:\Users\1\AppData\Local\Temp\ccJNmFAP.ltrans1.ltrans.o
LOAD C:\Users\1\AppData\Local\Temp\ccJNmFAP.ltrans2.ltrans.o
LOAD C:\Users\1\AppData\Local\Temp\ccJNmFAP.ltrans3.ltrans.o
LOAD C:\Users\1\AppData\Local\Temp\ccJNmFAP.ltrans4.ltrans.o
LOAD C:\Users\1\AppData\Local\Temp\ccJNmFAP.ltrans5.ltrans.o
LOAD C:\Users\1\AppData\Local\Temp\ccJNmFAP.ltrans6.ltrans.o
LOAD C:\Users\1\AppData\Local\Temp\ccJNmFAP.ltrans7.ltrans.o
LOAD C:\Users\1\AppData\Local\Temp\ccJNmFAP.ltrans8.ltrans.o
LOAD C:\Users\1\AppData\Local\Temp\ccJNmFAP.ltrans9.ltrans.o
LOAD C:\Users\1\AppData\Local\Temp\ccJNmFAP.ltrans10.ltrans.o
LOAD C:\Users\1\AppData\Local\Temp\ccJNmFAP.ltrans11.ltrans.o
LOAD C:\Users\1\AppData\Local\Temp\ccJNmFAP.ltrans12.ltrans.o
LOAD C:\Users\1\AppData\Local\Temp\ccJNmFAP.ltrans13.ltrans.o
LOAD C:\Users\1\AppData\Local\Temp\ccJNmFAP.ltrans14.ltrans.o
LOAD C:\Users\1\AppData\Local\Temp\ccJNmFAP.ltrans15.ltrans.o
LOAD C:\Users\1\AppData\Local\Temp\ccJNmFAP.ltrans16.ltrans.o
LOAD C:\Users\1\AppData\Local\Temp\ccJNmFAP.ltrans17.ltrans.o
LOAD C:\Users\1\AppData\Local\Temp\ccJNmFAP.ltrans18.ltrans.o
LOAD C:\Users\1\AppData\Local\Temp\ccJNmFAP.ltrans19.ltrans.o
LOAD C:\Users\1\AppData\Local\Temp\ccJNmFAP.ltrans20.ltrans.o
LOAD C:\Users\1\AppData\Local\Temp\ccJNmFAP.ltrans21.ltrans.o
LOAD C:\Users\1\AppData\Local\Temp\ccJNmFAP.ltrans22.ltrans.o
LOAD C:\Users\1\AppData\Local\Temp\ccJNmFAP.ltrans23.ltrans.o
LOAD C:\Users\1\AppData\Local\Temp\ccJNmFAP.ltrans24.ltrans.o
LOAD C:\Users\1\AppData\Local\Temp\ccJNmFAP.ltrans25.ltrans.o
LOAD C:\Users\1\AppData\Local\Temp\ccJNmFAP.ltrans26.ltrans.o
LOAD C:\Users\1\AppData\Local\Temp\ccJNmFAP.ltrans27.ltrans.o
LOAD C:\Users\1\AppData\Local\Temp\ccJNmFAP.ltrans28.ltrans.o
LOAD C:\Users\1\AppData\Local\Temp\ccJNmFAP.ltrans29.ltrans.o
LOAD C:\Users\1\AppData\Local\Temp\ccJNmFAP.ltrans30.ltrans.o
LOAD C:\Users\1\AppData\Local\Temp\ccJNmFAP.ltrans31.ltrans.o
LOAD c:/nxp/bstudio_nxp/workspace/sdk/tools/ba-elf-ba2-r36379/bin/../lib/gcc/ba-elf/4.7.4/../../../../ba-elf/lib/mcpu_jn51xx_sizeopt\libc.a
LOAD c:/nxp/bstudio_nxp/workspace/sdk/tools/ba-elf-ba2-r36379/bin/../lib/gcc/ba-elf/4.7.4/mcpu_jn51xx_sizeopt\libgcc.a
LOAD c:/nxp/bstudio_nxp/workspace/sdk/tools/ba-elf-ba2-r36379/bin/../lib/gcc/ba-elf/4.7.4/../../../../ba-elf/lib/mcpu_jn51xx_sizeopt\libc.a
LOAD c:/NXP/bstudio_nxp/workspace/JN-AN-1201/JN-AN-1201-ZigBee-Intruder-Alarm-System/WD/Build/os_irq.o
LOAD c:/NXP/bstudio_nxp/workspace/JN-AN-1201/JN-AN-1201-ZigBee-Intruder-Alarm-System/WD/Build/os_irq_alignment.o
LOAD c:/NXP/bstudio_nxp/workspace/JN-AN-1201/JN-AN-1201-ZigBee-Intruder-Alarm-System/WD/Build/os_irq_buserror.o
LOAD c:/NXP/bstudio_nxp/workspace/JN-AN-1201/JN-AN-1201-ZigBee-Intruder-Alarm-System/WD/Build/os_irq_illegalinstruction.o
LOAD c:/NXP/bstudio_nxp/workspace/JN-AN-1201/JN-AN-1201-ZigBee-Intruder-Alarm-System/WD/Build/os_irq_stackoverflowexception.o
LOAD c:/NXP/bstudio_nxp/workspace/JN-AN-1201/JN-AN-1201-ZigBee-Intruder-Alarm-System/WD/Build/os_irq_unimplementedmodule.o
LOAD c:/NXP/bstudio_nxp/workspace/JN-AN-1201/JN-AN-1201-ZigBee-Intruder-Alarm-System/WD/Build/os_irq_visr_systemcontroller.o
LOAD c:/NXP/bstudio_nxp/workspace/JN-AN-1201/JN-AN-1201-ZigBee-Intruder-Alarm-System/WD/Build/app_buttons.o
LOAD c:/NXP/bstudio_nxp/workspace/JN-AN-1201/JN-AN-1201-ZigBee-Intruder-Alarm-System/WD/Build/pdum_gen.o
LOAD c:/NXP/bstudio_nxp/workspace/JN-AN-1201/JN-AN-1201-ZigBee-Intruder-Alarm-System/WD/Build/pdum_apdu.o
LOAD c:/NXP/bstudio_nxp/workspace/JN-AN-1201/JN-AN-1201-ZigBee-Intruder-Alarm-System/WD/Build/zps_gen.o
LOAD c:/NXP/bstudio_nxp/workspace/JN-AN-1201/JN-AN-1201-ZigBee-Intruder-Alarm-System/WD/Build/app_timer_driver.o
LOAD c:/NXP/bstudio_nxp/workspace/JN-AN-1201/JN-AN-1201-ZigBee-Intruder-Alarm-System/WD/Build/app_start_WD.o
LOAD c:/NXP/bstudio_nxp/workspace/JN-AN-1201/JN-AN-1201-ZigBee-Intruder-Alarm-System/WD/Build/app_ias_indicator.o
LOAD c:/NXP/bstudio_nxp/workspace/JN-AN-1201/JN-AN-1201-ZigBee-Intruder-Alarm-System/WD/Build/app_zbp_utilities.o
LOAD c:/NXP/bstudio_nxp/workspace/JN-AN-1201/JN-AN-1201-ZigBee-Intruder-Alarm-System/WD/Build/app_exceptions.o
LOAD c:/NXP/bstudio_nxp/workspace/JN-AN-1201/JN-AN-1201-ZigBee-Intruder-Alarm-System/WD/Build/app_pdm.o
LOAD c:/NXP/bstudio_nxp/workspace/JN-AN-1201/JN-AN-1201-ZigBee-Intruder-Alarm-System/WD/Build/app_ias_enroll_req.o
LOAD c:/NXP/bstudio_nxp/workspace/JN-AN-1201/JN-AN-1201-ZigBee-Intruder-Alarm-System/WD/Build/app_ias_unenroll_req.o
LOAD c:/NXP/bstudio_nxp/workspace/JN-AN-1201/JN-AN-1201-ZigBee-Intruder-Alarm-System/WD/Build/app_ias_save.o
LOAD c:/NXP/bstudio_nxp/workspace/JN-AN-1201/JN-AN-1201-ZigBee-Intruder-Alarm-System/WD/Build/zha_WD_node.o
LOAD c:/NXP/bstudio_nxp/workspace/JN-AN-1201/JN-AN-1201-ZigBee-Intruder-Alarm-System/WD/Build/app_scenes.o
LOAD c:/NXP/bstudio_nxp/workspace/JN-AN-1201/JN-AN-1201-ZigBee-Intruder-Alarm-System/WD/Build/app_zcl_WD_task.o
LOAD c:/NXP/bstudio_nxp/workspace/JN-AN-1201/JN-AN-1201-ZigBee-Intruder-Alarm-System/WD/Build/appZdpExtraction.o
LOAD c:/NXP/bstudio_nxp/workspace/JN-AN-1201/JN-AN-1201-ZigBee-Intruder-Alarm-System/WD/Build/appZpsBeaconHandler.o
LOAD c:/NXP/bstudio_nxp/workspace/JN-AN-1201/JN-AN-1201-ZigBee-Intruder-Alarm-System/WD/Build/zha_WD_generation.o
LOAD c:/NXP/bstudio_nxp/workspace/JN-AN-1201/JN-AN-1201-ZigBee-Intruder-Alarm-System/WD/Build/DriverPiezo.o
LOAD c:/NXP/bstudio_nxp/workspace/JN-AN-1201/JN-AN-1201-ZigBee-Intruder-Alarm-System/WD/Build/haEzJoin.o
LOAD c:/NXP/bstudio_nxp/workspace/JN-AN-1201/JN-AN-1201-ZigBee-Intruder-Alarm-System/WD/Build/Alarms.o
LOAD c:/NXP/bstudio_nxp/workspace/JN-AN-1201/JN-AN-1201-ZigBee-Intruder-Alarm-System/WD/Build/AlarmsClientCommands.o
LOAD c:/NXP/bstudio_nxp/workspace/JN-AN-1201/JN-AN-1201-ZigBee-Intruder-Alarm-System/WD/Build/AlarmsCommandHandler.o
LOAD c:/NXP/bstudio_nxp/workspace/JN-AN-1201/JN-AN-1201-ZigBee-Intruder-Alarm-System/WD/Build/AlarmsServerCommands.o
LOAD c:/NXP/bstudio_nxp/workspace/JN-AN-1201/JN-AN-1201-ZigBee-Intruder-Alarm-System/WD/Build/AlarmsTableManager.o
LOAD c:/NXP/bstudio_nxp/workspace/JN-AN-1201/JN-AN-1201-ZigBee-Intruder-Alarm-System/WD/Build/AnalogInputBasic.o
LOAD c:/NXP/bstudio_nxp/workspace/JN-AN-1201/JN-AN-1201-ZigBee-Intruder-Alarm-System/WD/Build/AnalogOutputBasic.o
LOAD c:/NXP/bstudio_nxp/workspace/JN-AN-1201/JN-AN-1201-ZigBee-Intruder-Alarm-System/WD/Build/Basic.o
LOAD c:/NXP/bstudio_nxp/workspace/JN-AN-1201/JN-AN-1201-ZigBee-Intruder-Alarm-System/WD/Build/BasicClientCommands.o
LOAD c:/NXP/bstudio_nxp/workspace/JN-AN-1201/JN-AN-1201-ZigBee-Intruder-Alarm-System/WD/Build/BasicCommandHandler.o
LOAD c:/NXP/bstudio_nxp/workspace/JN-AN-1201/JN-AN-1201-ZigBee-Intruder-Alarm-System/WD/Build/BinaryInputBasic.o
LOAD c:/NXP/bstudio_nxp/workspace/JN-AN-1201/JN-AN-1201-ZigBee-Intruder-Alarm-System/WD/Build/BinaryOutputBasic.o
LOAD c:/NXP/bstudio_nxp/workspace/JN-AN-1201/JN-AN-1201-ZigBee-Intruder-Alarm-System/WD/Build/Commissioning.o
LOAD c:/NXP/bstudio_nxp/workspace/JN-AN-1201/JN-AN-1201-ZigBee-Intruder-Alarm-System/WD/Build/DeviceTemperatureConfiguration.o
LOAD c:/NXP/bstudio_nxp/workspace/JN-AN-1201/JN-AN-1201-ZigBee-Intruder-Alarm-System/WD/Build/Diagnostics.o
LOAD c:/NXP/bstudio_nxp/workspace/JN-AN-1201/JN-AN-1201-ZigBee-Intruder-Alarm-System/WD/Build/DoorLock.o
LOAD c:/NXP/bstudio_nxp/workspace/JN-AN-1201/JN-AN-1201-ZigBee-Intruder-Alarm-System/WD/Build/DoorLockCommandHandler.o
LOAD c:/NXP/bstudio_nxp/workspace/JN-AN-1201/JN-AN-1201-ZigBee-Intruder-Alarm-System/WD/Build/DoorLockCommands.o
LOAD c:/NXP/bstudio_nxp/workspace/JN-AN-1201/JN-AN-1201-ZigBee-Intruder-Alarm-System/WD/Build/ElectricalMeasurement.o
LOAD c:/NXP/bstudio_nxp/workspace/JN-AN-1201/JN-AN-1201-ZigBee-Intruder-Alarm-System/WD/Build/Groups.o
LOAD c:/NXP/bstudio_nxp/workspace/JN-AN-1201/JN-AN-1201-ZigBee-Intruder-Alarm-System/WD/Build/GroupsClientCommands.o
LOAD c:/NXP/bstudio_nxp/workspace/JN-AN-1201/JN-AN-1201-ZigBee-Intruder-Alarm-System/WD/Build/GroupsCommandHandler.o
LOAD c:/NXP/bstudio_nxp/workspace/JN-AN-1201/JN-AN-1201-ZigBee-Intruder-Alarm-System/WD/Build/GroupsServerCommands.o
LOAD c:/NXP/bstudio_nxp/workspace/JN-AN-1201/JN-AN-1201-ZigBee-Intruder-Alarm-System/WD/Build/GroupsTableManager.o
LOAD c:/NXP/bstudio_nxp/workspace/JN-AN-1201/JN-AN-1201-ZigBee-Intruder-Alarm-System/WD/Build/Identify.o
LOAD c:/NXP/bstudio_nxp/workspace/JN-AN-1201/JN-AN-1201-ZigBee-Intruder-Alarm-System/WD/Build/IdentifyClientCommands.o
LOAD c:/NXP/bstudio_nxp/workspace/JN-AN-1201/JN-AN-1201-ZigBee-Intruder-Alarm-System/WD/Build/IdentifyCommandHandler.o
LOAD c:/NXP/bstudio_nxp/workspace/JN-AN-1201/JN-AN-1201-ZigBee-Intruder-Alarm-System/WD/Build/IdentifyServerCommands.o
LOAD c:/NXP/bstudio_nxp/workspace/JN-AN-1201/JN-AN-1201-ZigBee-Intruder-Alarm-System/WD/Build/LevelControl.o
LOAD c:/NXP/bstudio_nxp/workspace/JN-AN-1201/JN-AN-1201-ZigBee-Intruder-Alarm-System/WD/Build/LevelControlClientCommands.o
LOAD c:/NXP/bstudio_nxp/workspace/JN-AN-1201/JN-AN-1201-ZigBee-Intruder-Alarm-System/WD/Build/LevelControlCommandHandler.o
LOAD c:/NXP/bstudio_nxp/workspace/JN-AN-1201/JN-AN-1201-ZigBee-Intruder-Alarm-System/WD/Build/MultistateInputBasic.o
LOAD c:/NXP/bstudio_nxp/workspace/JN-AN-1201/JN-AN-1201-ZigBee-Intruder-Alarm-System/WD/Build/MultistateOutputBasic.o
LOAD c:/NXP/bstudio_nxp/workspace/JN-AN-1201/JN-AN-1201-ZigBee-Intruder-Alarm-System/WD/Build/OOSC.o
LOAD c:/NXP/bstudio_nxp/workspace/JN-AN-1201/JN-AN-1201-ZigBee-Intruder-Alarm-System/WD/Build/OnOff.o
LOAD c:/NXP/bstudio_nxp/workspace/JN-AN-1201/JN-AN-1201-ZigBee-Intruder-Alarm-System/WD/Build/OnOffCommandHandler.o
LOAD c:/NXP/bstudio_nxp/workspace/JN-AN-1201/JN-AN-1201-ZigBee-Intruder-Alarm-System/WD/Build/OnOffCommands.o
LOAD c:/NXP/bstudio_nxp/workspace/JN-AN-1201/JN-AN-1201-ZigBee-Intruder-Alarm-System/WD/Build/PollControl.o
LOAD c:/NXP/bstudio_nxp/workspace/JN-AN-1201/JN-AN-1201-ZigBee-Intruder-Alarm-System/WD/Build/PollControlClientCommands.o
LOAD c:/NXP/bstudio_nxp/workspace/JN-AN-1201/JN-AN-1201-ZigBee-Intruder-Alarm-System/WD/Build/PollControlCommandHandler.o
LOAD c:/NXP/bstudio_nxp/workspace/JN-AN-1201/JN-AN-1201-ZigBee-Intruder-Alarm-System/WD/Build/PollControlServerCommands.o
LOAD c:/NXP/bstudio_nxp/workspace/JN-AN-1201/JN-AN-1201-ZigBee-Intruder-Alarm-System/WD/Build/PowerConfiguration.o
LOAD c:/NXP/bstudio_nxp/workspace/JN-AN-1201/JN-AN-1201-ZigBee-Intruder-Alarm-System/WD/Build/Scenes.o
LOAD c:/NXP/bstudio_nxp/workspace/JN-AN-1201/JN-AN-1201-ZigBee-Intruder-Alarm-System/WD/Build/ScenesClientCommands.o
LOAD c:/NXP/bstudio_nxp/workspace/JN-AN-1201/JN-AN-1201-ZigBee-Intruder-Alarm-System/WD/Build/ScenesClusterManagement.o
LOAD c:/NXP/bstudio_nxp/workspace/JN-AN-1201/JN-AN-1201-ZigBee-Intruder-Alarm-System/WD/Build/ScenesCommandHandler.o
LOAD c:/NXP/bstudio_nxp/workspace/JN-AN-1201/JN-AN-1201-ZigBee-Intruder-Alarm-System/WD/Build/ScenesServerCommands.o
LOAD c:/NXP/bstudio_nxp/workspace/JN-AN-1201/JN-AN-1201-ZigBee-Intruder-Alarm-System/WD/Build/ScenesTableManager.o
LOAD c:/NXP/bstudio_nxp/workspace/JN-AN-1201/JN-AN-1201-ZigBee-Intruder-Alarm-System/WD/Build/TC.o
LOAD c:/NXP/bstudio_nxp/workspace/JN-AN-1201/JN-AN-1201-ZigBee-Intruder-Alarm-System/WD/Build/Time.o
LOAD c:/NXP/bstudio_nxp/workspace/JN-AN-1201/JN-AN-1201-ZigBee-Intruder-Alarm-System/WD/Build/ha.o
LOAD c:/NXP/bstudio_nxp/workspace/JN-AN-1201/JN-AN-1201-ZigBee-Intruder-Alarm-System/WD/Build/door_lock.o
LOAD c:/NXP/bstudio_nxp/workspace/JN-AN-1201/JN-AN-1201-ZigBee-Intruder-Alarm-System/WD/Build/door_lock_controller.o
LOAD c:/NXP/bstudio_nxp/workspace/JN-AN-1201/JN-AN-1201-ZigBee-Intruder-Alarm-System/WD/Build/mains_power_outlet.o
LOAD c:/NXP/bstudio_nxp/workspace/JN-AN-1201/JN-AN-1201-ZigBee-Intruder-Alarm-System/WD/Build/on_off_output.o
LOAD c:/NXP/bstudio_nxp/workspace/JN-AN-1201/JN-AN-1201-ZigBee-Intruder-Alarm-System/WD/Build/on_off_switch.o
LOAD c:/NXP/bstudio_nxp/workspace/JN-AN-1201/JN-AN-1201-ZigBee-Intruder-Alarm-System/WD/Build/plug_control.o
LOAD c:/NXP/bstudio_nxp/workspace/JN-AN-1201/JN-AN-1201-ZigBee-Intruder-Alarm-System/WD/Build/remote_control.o
LOAD c:/NXP/bstudio_nxp/workspace/JN-AN-1201/JN-AN-1201-ZigBee-Intruder-Alarm-System/WD/Build/simple_sensor.o
LOAD c:/NXP/bstudio_nxp/workspace/JN-AN-1201/JN-AN-1201-ZigBee-Intruder-Alarm-System/WD/Build/smart_plug.o
LOAD c:/NXP/bstudio_nxp/workspace/JN-AN-1201/JN-AN-1201-ZigBee-Intruder-Alarm-System/WD/Build/IASACE.o
LOAD c:/NXP/bstudio_nxp/workspace/JN-AN-1201/JN-AN-1201-ZigBee-Intruder-Alarm-System/WD/Build/IASACEClientCommands.o
LOAD c:/NXP/bstudio_nxp/workspace/JN-AN-1201/JN-AN-1201-ZigBee-Intruder-Alarm-System/WD/Build/IASACECommandHandler.o
LOAD c:/NXP/bstudio_nxp/workspace/JN-AN-1201/JN-AN-1201-ZigBee-Intruder-Alarm-System/WD/Build/IASACEServerCommands.o
LOAD c:/NXP/bstudio_nxp/workspace/JN-AN-1201/JN-AN-1201-ZigBee-Intruder-Alarm-System/WD/Build/IASWD.o
LOAD c:/NXP/bstudio_nxp/workspace/JN-AN-1201/JN-AN-1201-ZigBee-Intruder-Alarm-System/WD/Build/IASWDCommandHandler.o
LOAD c:/NXP/bstudio_nxp/workspace/JN-AN-1201/JN-AN-1201-ZigBee-Intruder-Alarm-System/WD/Build/IASWDCommands.o
LOAD c:/NXP/bstudio_nxp/workspace/JN-AN-1201/JN-AN-1201-ZigBee-Intruder-Alarm-System/WD/Build/IASZone.o
LOAD c:/NXP/bstudio_nxp/workspace/JN-AN-1201/JN-AN-1201-ZigBee-Intruder-Alarm-System/WD/Build/IASZoneCommandHandler.o
LOAD c:/NXP/bstudio_nxp/workspace/JN-AN-1201/JN-AN-1201-ZigBee-Intruder-Alarm-System/WD/Build/IASZoneCommands.o
LOAD c:/NXP/bstudio_nxp/workspace/JN-AN-1201/JN-AN-1201-ZigBee-Intruder-Alarm-System/WD/Build/ancillary_control_equipment.o
LOAD c:/NXP/bstudio_nxp/workspace/JN-AN-1201/JN-AN-1201-ZigBee-Intruder-Alarm-System/WD/Build/control_and_indicating_equipment.o
LOAD c:/NXP/bstudio_nxp/workspace/JN-AN-1201/JN-AN-1201-ZigBee-Intruder-Alarm-System/WD/Build/warning_device.o
LOAD c:/NXP/bstudio_nxp/workspace/JN-AN-1201/JN-AN-1201-ZigBee-Intruder-Alarm-System/WD/Build/zone.o
LOAD c:/NXP/bstudio_nxp/workspace/JN-AN-1201/JN-AN-1201-ZigBee-Intruder-Alarm-System/WD/Build/dlist.o
LOAD c:/NXP/bstudio_nxp/workspace/JN-AN-1201/JN-AN-1201-ZigBee-Intruder-Alarm-System/WD/Build/zcl.o
LOAD c:/NXP/bstudio_nxp/workspace/JN-AN-1201/JN-AN-1201-ZigBee-Intruder-Alarm-System/WD/Build/zcl_CustomCommandReceive.o
LOAD c:/NXP/bstudio_nxp/workspace/JN-AN-1201/JN-AN-1201-ZigBee-Intruder-Alarm-System/WD/Build/zcl_CustomCommandSend.o
LOAD c:/NXP/bstudio_nxp/workspace/JN-AN-1201/JN-AN-1201-ZigBee-Intruder-Alarm-System/WD/Build/zcl_PDUbufferReadWrite.o
LOAD c:/NXP/bstudio_nxp/workspace/JN-AN-1201/JN-AN-1201-ZigBee-Intruder-Alarm-System/WD/Build/zcl_PDUbufferReadWriteString.o
LOAD c:/NXP/bstudio_nxp/workspace/JN-AN-1201/JN-AN-1201-ZigBee-Intruder-Alarm-System/WD/Build/zcl_WriteAttributesRequestHandle.o
LOAD c:/NXP/bstudio_nxp/workspace/JN-AN-1201/JN-AN-1201-ZigBee-Intruder-Alarm-System/WD/Build/zcl_WriteAttributesRequestSend.o
LOAD c:/NXP/bstudio_nxp/workspace/JN-AN-1201/JN-AN-1201-ZigBee-Intruder-Alarm-System/WD/Build/zcl_WriteAttributesResponseHandle.o
LOAD c:/NXP/bstudio_nxp/workspace/JN-AN-1201/JN-AN-1201-ZigBee-Intruder-Alarm-System/WD/Build/zcl_attribute.o
LOAD c:/NXP/bstudio_nxp/workspace/JN-AN-1201/JN-AN-1201-ZigBee-Intruder-Alarm-System/WD/Build/zcl_buffer.o
LOAD c:/NXP/bstudio_nxp/workspace/JN-AN-1201/JN-AN-1201-ZigBee-Intruder-Alarm-System/WD/Build/zcl_clusterCommand.o
LOAD c:/NXP/bstudio_nxp/workspace/JN-AN-1201/JN-AN-1201-ZigBee-Intruder-Alarm-System/WD/Build/zcl_command.o
LOAD c:/NXP/bstudio_nxp/workspace/JN-AN-1201/JN-AN-1201-ZigBee-Intruder-Alarm-System/WD/Build/zcl_configureReportingCommandHandle.o
LOAD c:/NXP/bstudio_nxp/workspace/JN-AN-1201/JN-AN-1201-ZigBee-Intruder-Alarm-System/WD/Build/zcl_configureReportingCommandSend.o
LOAD c:/NXP/bstudio_nxp/workspace/JN-AN-1201/JN-AN-1201-ZigBee-Intruder-Alarm-System/WD/Build/zcl_configureReportingResponseHandle.o
LOAD c:/NXP/bstudio_nxp/workspace/JN-AN-1201/JN-AN-1201-ZigBee-Intruder-Alarm-System/WD/Build/zcl_defaultResponse.o
LOAD c:/NXP/bstudio_nxp/workspace/JN-AN-1201/JN-AN-1201-ZigBee-Intruder-Alarm-System/WD/Build/zcl_discoverAttributesExtendedRequestHandle.o
LOAD c:/NXP/bstudio_nxp/workspace/JN-AN-1201/JN-AN-1201-ZigBee-Intruder-Alarm-System/WD/Build/zcl_discoverAttributesExtendedRequestSend.o
LOAD c:/NXP/bstudio_nxp/workspace/JN-AN-1201/JN-AN-1201-ZigBee-Intruder-Alarm-System/WD/Build/zcl_discoverAttributesExtendedResponseHandle.o
LOAD c:/NXP/bstudio_nxp/workspace/JN-AN-1201/JN-AN-1201-ZigBee-Intruder-Alarm-System/WD/Build/zcl_discoverAttributesRequestHandle.o
LOAD c:/NXP/bstudio_nxp/workspace/JN-AN-1201/JN-AN-1201-ZigBee-Intruder-Alarm-System/WD/Build/zcl_discoverAttributesRequestSend.o
LOAD c:/NXP/bstudio_nxp/workspace/JN-AN-1201/JN-AN-1201-ZigBee-Intruder-Alarm-System/WD/Build/zcl_discoverAttributesResponseHandle.o
LOAD c:/NXP/bstudio_nxp/workspace/JN-AN-1201/JN-AN-1201-ZigBee-Intruder-Alarm-System/WD/Build/zcl_discoverCommandsRequestHandle.o
LOAD c:/NXP/bstudio_nxp/workspace/JN-AN-1201/JN-AN-1201-ZigBee-Intruder-Alarm-System/WD/Build/zcl_discoverCommandsRequestSend.o
LOAD c:/NXP/bstudio_nxp/workspace/JN-AN-1201/JN-AN-1201-ZigBee-Intruder-Alarm-System/WD/Build/zcl_discoverCommandsResponseHandle.o
LOAD c:/NXP/bstudio_nxp/workspace/JN-AN-1201/JN-AN-1201-ZigBee-Intruder-Alarm-System/WD/Build/zcl_event.o
LOAD c:/NXP/bstudio_nxp/workspace/JN-AN-1201/JN-AN-1201-ZigBee-Intruder-Alarm-System/WD/Build/zcl_heap.o
LOAD c:/NXP/bstudio_nxp/workspace/JN-AN-1201/JN-AN-1201-ZigBee-Intruder-Alarm-System/WD/Build/zcl_library_options.o
LOAD c:/NXP/bstudio_nxp/workspace/JN-AN-1201/JN-AN-1201-ZigBee-Intruder-Alarm-System/WD/Build/zcl_readAttributesRequestHandle.o
LOAD c:/NXP/bstudio_nxp/workspace/JN-AN-1201/JN-AN-1201-ZigBee-Intruder-Alarm-System/WD/Build/zcl_readAttributesRequestSend.o
LOAD c:/NXP/bstudio_nxp/workspace/JN-AN-1201/JN-AN-1201-ZigBee-Intruder-Alarm-System/WD/Build/zcl_readAttributesResponseHandle.o
LOAD c:/NXP/bstudio_nxp/workspace/JN-AN-1201/JN-AN-1201-ZigBee-Intruder-Alarm-System/WD/Build/zcl_readReportingConfigurationCommandHandle.o
LOAD c:/NXP/bstudio_nxp/workspace/JN-AN-1201/JN-AN-1201-ZigBee-Intruder-Alarm-System/WD/Build/zcl_readReportingConfigurationCommandSend.o
LOAD c:/NXP/bstudio_nxp/workspace/JN-AN-1201/JN-AN-1201-ZigBee-Intruder-Alarm-System/WD/Build/zcl_readReportingConfigurationResponseHandle.o
LOAD c:/NXP/bstudio_nxp/workspace/JN-AN-1201/JN-AN-1201-ZigBee-Intruder-Alarm-System/WD/Build/zcl_reportManager.o
LOAD c:/NXP/bstudio_nxp/workspace/JN-AN-1201/JN-AN-1201-ZigBee-Intruder-Alarm-System/WD/Build/zcl_reportMaths.o
LOAD c:/NXP/bstudio_nxp/workspace/JN-AN-1201/JN-AN-1201-ZigBee-Intruder-Alarm-System/WD/Build/zcl_reportScheduler.o
LOAD c:/NXP/bstudio_nxp/workspace/JN-AN-1201/JN-AN-1201-ZigBee-Intruder-Alarm-System/WD/Build/zcl_reportStringHandling.o
LOAD c:/NXP/bstudio_nxp/workspace/JN-AN-1201/JN-AN-1201-ZigBee-Intruder-Alarm-System/WD/Build/zcl_reportStructure.o
LOAD c:/NXP/bstudio_nxp/workspace/JN-AN-1201/JN-AN-1201-ZigBee-Intruder-Alarm-System/WD/Build/zcl_search.o
LOAD c:/NXP/bstudio_nxp/workspace/JN-AN-1201/JN-AN-1201-ZigBee-Intruder-Alarm-System/WD/Build/zcl_timer.o
LOAD c:/NXP/bstudio_nxp/workspace/JN-AN-1201/JN-AN-1201-ZigBee-Intruder-Alarm-System/WD/Build/zcl_transmit.o
LOAD c:/NXP/bstudio_nxp/workspace/sdk/JN-SW-4168/Components/Library\libZPSMAC_Mini_JN516x.a
LOAD c:/NXP/bstudio_nxp/workspace/sdk/JN-SW-4168/Components/Library\libOS_JN516x.a
LOAD c:/NXP/bstudio_nxp/workspace/sdk/JN-SW-4168/Components/Library\libPWRM_JN516x.a
LOAD c:/NXP/bstudio_nxp/workspace/sdk/JN-SW-4168/Components/Library\libZPSTSV_JN516x.a
LOAD c:/NXP/bstudio_nxp/workspace/sdk/JN-SW-4168/Components/Library\libAES_SW_JN516x.a
LOAD c:/NXP/bstudio_nxp/workspace/sdk/JN-SW-4168/Components/Library\libPDUM_JN516x.a
LOAD c:/NXP/bstudio_nxp/workspace/sdk/JN-SW-4168/Components/Library\libZPSAPL_JN516x.a
LOAD c:/NXP/bstudio_nxp/workspace/sdk/JN-SW-4168/Components/Library\libRandom_JN516x.a
LOAD c:/NXP/bstudio_nxp/workspace/sdk/JN-SW-4168/Components/Library\libPDM_EEPROM_JN516x.a
LOAD c:/NXP/bstudio_nxp/workspace/sdk/JN-SW-4168/Components/Library\libDBG_JN516x.a
LOAD c:/NXP/bstudio_nxp/workspace/sdk/JN-SW-4168/Components/Library\libZPSNWK_JN516x.a
LOAD c:/NXP/bstudio_nxp/workspace/sdk/JN-SW-4168/Components/Library\libRecal_JN516x.a
LOAD c:/NXP/bstudio_nxp/workspace/sdk/JN-SW-4168/Components/Library\libMiniMac_JN516x.a
LOAD c:/NXP/bstudio_nxp/workspace/sdk/JN-SW-4168/Components/Library\libMiniMacShim_JN516x.a
LOAD c:/NXP/bstudio_nxp/workspace/sdk/JN-SW-4168/Components/Library\libMMAC_JN516x.a
LOAD c:/NXP/bstudio_nxp/workspace/sdk/JN-SW-4168/Components/Library\libAes_JN516x.a
LOAD c:/NXP/bstudio_nxp/workspace/sdk/JN-SW-4168/Components/Library\libHardwareApi_JN516x.a
LOAD c:/NXP/bstudio_nxp/workspace/sdk/JN-SW-4168/Components/Library\libMicroSpecific_JN516x.a
LOAD c:/NXP/bstudio_nxp/workspace/sdk/JN-SW-4168/Components/Library\libBoot_JN516x.a
LOAD c:/NXP/bstudio_nxp/workspace/sdk/JN-SW-4168/Platform/DK4/Library\libBoardLib_JN516x.a
LOAD c:/nxp/bstudio_nxp/workspace/sdk/tools/ba-elf-ba2-r36379/bin/../lib/gcc/ba-elf/4.7.4/../../../../ba-elf/lib/mcpu_jn51xx_sizeopt\libm.a
END GROUP
LOAD c:/nxp/bstudio_nxp/workspace/sdk/tools/ba-elf-ba2-r36379/bin/../lib/gcc/ba-elf/4.7.4/../../../../ba-elf/lib/mcpu_jn51xx_sizeopt\libc.a
LOAD c:/nxp/bstudio_nxp/workspace/sdk/tools/ba-elf-ba2-r36379/bin/../lib/gcc/ba-elf/4.7.4/mcpu_jn51xx_sizeopt\libgcc.a
LOAD c:/nxp/bstudio_nxp/workspace/sdk/tools/ba-elf-ba2-r36379/bin/../lib/gcc/ba-elf/4.7.4/../../../../ba-elf/lib/mcpu_jn51xx_sizeopt\libc.a
                0x0000000000080038                _exception_vsr_table = 0x80038
                0x0000000004000000                pSPIflashFncTable = 0x4000000
                0x0000000000000044                restore_state = 0x44
                0x000000000000004a                bZSPIWaitWIPClear = 0x4a
                0x0000000000000050                u16ZSPIflashRDID = 0x50
                0x0000000000000056                u8SelectFlashChipType = 0x56
                0x000000000000005c                memcpy = 0x5c
                0x0000000000000066                vBootFlashProg = 0x66
                [0x00000000000007d0]                __minimum_heap_size = DEFINED (__minimum_heap_size)?__minimum_heap_size:0xd16
                [0x0000000000001388]                __stack_size = DEFINED (__stack_size)?__stack_size:0x800
                0x0000000000000000                _SwConfig = (DEFINED (g_bSWConf_Debug) | (DEFINED (g_bSWConf_AltDebugPort) << 0x1))

.version        0x000000000007fffc        0x4
                0x000000000007fffc        0x4 LONG 0x7030008

.bir            0x0000000000080000       0x10
                0x0000000000080000                _flash_start = ABSOLUTE (.)
                0x0000000000080000                _flash_beg = ABSOLUTE (.)
                0x0000000000080000        0x4 LONG 0x12345678
                0x0000000000080004        0x4 LONG 0x11223344
                0x0000000000080008        0x4 LONG 0x55667788
                0x000000000008000c        0x1 BYTE 0x8
                0x000000000008000d        0x1 BYTE 0x1
                0x000000000008000e        0x2 SHORT 0x0

.flashheader    0x0000000000080010       0x28
                0x0000000000080010        0x4 LONG 0x0
                0x0000000000080014        0x4 LONG 0x0
                0x0000000000080018        0x4 LONG 0x0
                0x000000000008001c        0x2 SHORT 0x0
                0x000000000008001e        0x2 SHORT 0x0 ABSOLUTE (_SwConfig)
                0x0000000000080020                _enc_start = ABSOLUTE (.)
                0x0000000000080020        0x4 LONG 0x20efc ABSOLUTE (_image_len)
                0x0000000000080024        0x4 LONG 0xa07c8 ABSOLUTE (_flash_data_start)
                0x0000000000080028        0x2 SHORT 0x13 ((ABSOLUTE (_ram_data_start) / 0x4) & 0xffff)
                0x000000000008002a        0x2 SHORT 0x1cd ((ABSOLUTE (_ram_data_len) / 0x4) & 0xffff)
                0x000000000008002c        0x2 SHORT 0x1e0 ((ABSOLUTE (_bss_start) / 0x4) & 0xffff)
                0x000000000008002e        0x2 SHORT 0xe00 ((ABSOLUTE (_bss_len) / 0x4) & 0xffff)
                0x0000000000080030        0x4 LONG 0x9ecdc ABSOLUTE (AppWarmStart)
                0x0000000000080034        0x4 LONG 0x9ecf6 ABSOLUTE (AppColdStart)
                0x0000000000000000                _enc_offset = (_enc_start & 0xf)

.ro_mac_address
                0x0000000000080040        0x0
                0x0000000000080040                _FlsMACAddress = ABSOLUTE (.)
 *(.ro_mac_address)
                0x0000000000080040                . = ALIGN (0x10)

.ro_ota_header  0x0000000000080040        0x0
                0x0000000000080040                _FlsOtaHeader = ABSOLUTE (.)
 *(.ro_ota_header)
                0x0000000000080040                . = ALIGN (0x10)

.ro_se_lnkKey   0x0000000000080040        0x0
                0x0000000000080040                _FlsLinkKey = ABSOLUTE (.)
 *(.ro_se_lnkKey)
                0x0000000000080040                . = ALIGN (0x10)

.rodata         0x0000000000080038      0xa68
 *(.rodata*)
 .rodata        0x0000000000080038       0xec C:\Users\1\AppData\Local\Temp\ccJNmFAP.ltrans0.ltrans.o
                0x0000000000080038                psAplDefaultZLLAPSLinkKey
                0x000000000008003c                gMAC_u8MaxBuffers
                0x0000000000080040                g_u32ApsFcSaveCountBitShift
                0x0000000000080044                u8MaxZpsConfigEp
                0x0000000000080045                au8EpMapPresent
                0x0000000000080048                s_groupPdmTable
 .rodata        0x0000000000080124       0x30 C:\Users\1\AppData\Local\Temp\ccJNmFAP.ltrans2.ltrans.o
 .rodata.str1.1
                0x0000000000000000        0x0 C:\Users\1\AppData\Local\Temp\ccJNmFAP.ltrans2.ltrans.o
                                          0x8 (size before relaxing)
 .rodata.str1.1
                0x0000000000080154        0x5 C:\Users\1\AppData\Local\Temp\ccJNmFAP.ltrans3.ltrans.o
                                          0x8 (size before relaxing)
 *fill*         0x0000000000080159        0x3 00
 .rodata        0x000000000008015c       0x24 C:\Users\1\AppData\Local\Temp\ccJNmFAP.ltrans3.ltrans.o
                0x000000000008015c                au8FlashWaitStatesHSRCO.144060
                0x0000000000080164                au8FlashWaitStates32MXO.144059
 .rodata        0x0000000000080180       0x10 C:\Users\1\AppData\Local\Temp\ccJNmFAP.ltrans4.ltrans.o
 .rodata.str1.1
                0x0000000000000000        0x5 C:\Users\1\AppData\Local\Temp\ccJNmFAP.ltrans5.ltrans.o
                                          0x7 (size before relaxing)
 .rodata        0x0000000000080190        0x6 C:\Users\1\AppData\Local\Temp\ccJNmFAP.ltrans5.ltrans.o
 .rodata.str1.1
                0x0000000000080196        0x6 C:\Users\1\AppData\Local\Temp\ccJNmFAP.ltrans8.ltrans.o
                                         0x15 (size before relaxing)
 .rodata.str1.1
                0x0000000000000000        0x6 C:\Users\1\AppData\Local\Temp\ccJNmFAP.ltrans9.ltrans.o
                                          0x4 (size before relaxing)
 .rodata        0x000000000008019c       0x10 C:\Users\1\AppData\Local\Temp\ccJNmFAP.ltrans10.ltrans.o
                0x00000000000801a4                au32UartAddrOffset
 .rodata.str1.1
                0x00000000000801ac        0x3 C:\Users\1\AppData\Local\Temp\ccJNmFAP.ltrans10.ltrans.o
 .rodata.str1.1
                0x00000000000801af       0x31 C:\Users\1\AppData\Local\Temp\ccJNmFAP.ltrans12.ltrans.o
 .rodata.str1.1
                0x0000000000000000       0x31 C:\Users\1\AppData\Local\Temp\ccJNmFAP.ltrans13.ltrans.o
                                          0xa (size before relaxing)
 .rodata        0x00000000000801e0       0x88 C:\Users\1\AppData\Local\Temp\ccJNmFAP.ltrans13.ltrans.o
                0x00000000000801e0                g_u32NwkFcSaveCountBitShift
 .rodata.str1.1
                0x0000000000080268        0xb C:\Users\1\AppData\Local\Temp\ccJNmFAP.ltrans14.ltrans.o
                                         0x10 (size before relaxing)
 .rodata.str1.1
                0x0000000000080273        0x5 C:\Users\1\AppData\Local\Temp\ccJNmFAP.ltrans15.ltrans.o
                                         0x13 (size before relaxing)
 .rodata.str1.1
                0x0000000000000000        0x5 C:\Users\1\AppData\Local\Temp\ccJNmFAP.ltrans16.ltrans.o
                                          0x4 (size before relaxing)
 .rodata        0x0000000000080278       0x10 C:\Users\1\AppData\Local\Temp\ccJNmFAP.ltrans16.ltrans.o
 .rodata.str1.1
                0x0000000000080288       0x35 C:\Users\1\AppData\Local\Temp\ccJNmFAP.ltrans17.ltrans.o
                                         0x56 (size before relaxing)
 *fill*         0x00000000000802bd        0x3 00
 .rodata        0x00000000000802c0       0x8c C:\Users\1\AppData\Local\Temp\ccJNmFAP.ltrans19.ltrans.o
                0x00000000000802c0                s_apsStSceTbl.125540
                0x00000000000802d4                bRxOnOptimisationTurnedOff
                0x00000000000802d8                zps_sJoinSceTbl
                0x00000000000802e4                zps_sActvSceTbl
 .rodata.str1.1
                0x0000000000000000       0x35 C:\Users\1\AppData\Local\Temp\ccJNmFAP.ltrans20.ltrans.o
                                          0x8 (size before relaxing)
 .rodata.str1.1
                0x000000000008034c        0x6 C:\Users\1\AppData\Local\Temp\ccJNmFAP.ltrans21.ltrans.o
 *fill*         0x0000000000080352        0x2 00
 .rodata        0x0000000000080354       0x18 C:\Users\1\AppData\Local\Temp\ccJNmFAP.ltrans21.ltrans.o
                0x0000000000080354                au32NwkPdmRecordOffsets
 .rodata        0x000000000008036c      0x118 C:\Users\1\AppData\Local\Temp\ccJNmFAP.ltrans22.ltrans.o
                0x000000000008036c                gu32ZCLVersion
                0x0000000000080370                OS_g_u32Version
                0x0000000000080374                PDUM_g_u32Version
                0x0000000000080378                ZPS_g_u32MacVersion
                0x000000000008037c                ZPS_g_u32TsvVersion
 .rodata.str1.1
                0x0000000000080484       0x11 C:\Users\1\AppData\Local\Temp\ccJNmFAP.ltrans23.ltrans.o
                                         0x14 (size before relaxing)
 .rodata.str1.1
                0x0000000000080495       0x23 C:\Users\1\AppData\Local\Temp\ccJNmFAP.ltrans26.ltrans.o
                                         0x52 (size before relaxing)
 .rodata.str1.1
                0x00000000000804b8       0x10 C:\Users\1\AppData\Local\Temp\ccJNmFAP.ltrans28.ltrans.o
                                         0x2f (size before relaxing)
 .rodata.str1.1
                0x00000000000804c8        0x7 C:\Users\1\AppData\Local\Temp\ccJNmFAP.ltrans29.ltrans.o
                                         0x11 (size before relaxing)
 *fill*         0x00000000000804cf        0x1 00
 .rodata        0x00000000000804d0      0x124 C:\Users\1\AppData\Local\Temp\ccJNmFAP.ltrans29.ltrans.o
                0x00000000000804d0                g_bStopZdpAcks
 .rodata        0x00000000000805f4      0x4a4 C:\Users\1\AppData\Local\Temp\ccJNmFAP.ltrans30.ltrans.o
                0x00000000000805f4                zps_g_pvApl
                0x00000000000805f8                au32TimerBaseAddress
                0x000000000008060c                au16PiezoPeriod.7918
                0x00000000000806b4                pwrm_psWakeupCallbacks
 .rodata        0x0000000000080a98        0x8 C:\Users\1\AppData\Local\Temp\ccJNmFAP.ltrans31.ltrans.o

.text           0x0000000000080aa0    0x1fd26
 *(.text*)
 .text          0x0000000000080aa0     0x1e14 C:\Users\1\AppData\Local\Temp\ccJNmFAP.ltrans0.ltrans.o
                0x0000000000080aa0                APP_TIMER_Version_1v0
                0x0000000000080aa0                vInitialiseApp.3152
 .text          0x00000000000828b4     0x15f0 C:\Users\1\AppData\Local\Temp\ccJNmFAP.ltrans1.ltrans.o
                0x00000000000828b4                vZCL_EventHandler
 .text          0x0000000000083ea4     0x1514 C:\Users\1\AppData\Local\Temp\ccJNmFAP.ltrans2.ltrans.o
                0x0000000000083ea4                DBG_iUartGetChar
                0x0000000000083f01                vMMAC_IntHandlerBbc
                0x0000000000083f1b                eBasicTxCompleteHandler
                0x0000000000083f20                vTxRxTimeout.141668
                0x0000000000083f7d                eSmeAcScBeaconInd.133616
                0x0000000000083fd9                eSmeASFlBeaconInd.133451
                0x0000000000083ffb                eSmeUDNTScanDcfm.132901
                0x0000000000084017                vPermitJoinHandleExpiry.128452
                0x000000000008408b                zps_eNwkHandleSmePollDcfm
                0x00000000000840b5                eLeaveDataDcfmRemoteLeave.138198
                0x00000000000840fe                eSmeGenlScanDcfm.133443
                0x000000000008415c                eRouteRequestDataDcfm.129624
                0x00000000000841b0                eNldeDataDcfm.127459
                0x00000000000841e0                eSmeEdScScanDcfm.133439
                0x0000000000084387                eSmeAcScBeaconInd.133459
                0x000000000008448f                eSmeUDNTBeaconInd.133435
                0x00000000000844b2                psDLISTsearchFromHead
                0x00000000000844db                vMiniMac_ReturnTxBufferCallback
                0x00000000000844ed                vEnableReceive.141672
                0x0000000000084527                pvHeap_Alloc
                0x000000000008452a                vMicroIntRestoreState
                0x0000000000084536                bAHI_WriteEEPROMfixSegmentData
                0x0000000000084594                bAHI_InitialiseEEPROM
                0x00000000000845dc                vAHI_ReadDataFromEEPROMregister
                0x0000000000084609                vAHI_WriteDataIntoEEPROMregister
                0x0000000000084639                iPDM_WriteSegmentHeaderDataIntoEEPROMsegment
                0x0000000000084668                u8AHI_WakeTimerFiredStatus
                0x000000000008467c                vAHI_WakeTimerStop.part.3.144554
                0x000000000008469c                vAHI_UartReset.part.4.144308
                0x00000000000846d4                vStartTimer.part.0.144077
                0x00000000000846fb                vAHI_OptimiseWaitStates
                0x0000000000084747                bAHI_GetClkSource
                0x0000000000084754                vAHI_CpuDoze
                0x0000000000084767                vAHI_SwReset
                0x0000000000084797                vAHI_DioSetDirection
                0x00000000000847ab                vEcbEncodeStripe.143768
                0x0000000000084802                bIssueACIcommand
                0x00000000000849cc                AESSW_vHMAC_MMO.constprop.41
                0x0000000000084a64                vRadioToOff
                0x0000000000084a81                vStartReceive
                0x0000000000084a9d                MAC_u64GetExtAddr
                0x0000000000084ab8                ZPS_u64NwkNibFindExtAddr
                0x0000000000084b63                ZPS_u16NwkNibFindNwkAddr
                0x0000000000084c09                psSearchForFrameToSend
                0x0000000000084c60                eMiniMac_FrameInProgress
                0x0000000000084c8b                vRemoveFromTxQueue
                0x0000000000084cc7                vAddToTxQueue
                0x0000000000084cfd                u8GetHeaderSize
                0x0000000000084d25                vMiniMac_MLME_SetReq_MaxCsmaBackoffs
                0x0000000000084d45                vMiniMac_MLME_SetReq_MaxBe
                0x0000000000084d68                vMiniMac_MLME_SetReq_MinBe
                0x0000000000084d8b                zps_vSendJoinInd
                0x0000000000084dfc                zps_psFormatCmdFrameGeneral
                0x0000000000084e88                zps_eNwkFormStInit
                0x0000000000084e9d                vSendDcfm.134137
                0x0000000000084ec2                bCheckMatchingEntry.133611
                0x0000000000084ee8                zps_psNwkSlistRemoveFromHead
                0x0000000000084eff                zps_psNwkSlistRemove
                0x0000000000084f37                zps_bNwkMcpsMgrRemoveDescrFromLists
                0x0000000000084f75                zps_vNwkSlistAddToTail
                0x0000000000084f8f                ZPS_vNwkSecResetDevice
                0x0000000000084fd4                ZPS_bNwkSecHaveNetworkKey
                0x0000000000085008                ZPS_bNwkSecFindMatSet
                0x0000000000085044                zps_eNwkRtMatch
                0x0000000000085151                zps_eNwkRctMatchNwkAddr
                0x00000000000851bb                ZPS_u8NwkCalcNldeReqOverhead
                0x00000000000851f6                zps_vRemoveNextHop
                0x00000000000852ab                zps_vRemoveRoute
                0x0000000000085342                zps_psNwkRtMatchNwkAddr
 .text          0x00000000000853b8      0xfa4 C:\Users\1\AppData\Local\Temp\ccJNmFAP.ltrans3.ltrans.o
                0x00000000000853b8                os_u32APP_cbGetTickTimer
                0x00000000000853c1                os_bAPP_cbSetTickTimerCompare
                0x000000000008541d                vZdoServersInit.2879
                0x000000000008555f                boIdValueSearchMatch.120164
                0x00000000000855b9                u16PDM_CalculateRecordChecksum
                0x000000000008565c                vPDM_WriteFileSystemRecordAndSegmentDataIntoEEPROMsegment
                0x0000000000085697                u16ZCL_APduInstanceWriteNBO
                0x00000000000856eb                u16ZCL_WriteCommandHeader
                0x0000000000085763                u16ZCL_APduInstanceWriteStringNBO
                0x000000000008582a                u16ZCL_WriteAttributeValueIntoBuffer
                0x000000000008589c                u16ZCL_APduInstanceReadStringNBO.part.3.37126
                0x0000000000085975                eZCL_GetAttributeTypeSizeFromBuffer
                0x00000000000859ec                u16ZCL_GetTxPayloadSize
                0x0000000000085a24                PWRM_vWakeInterruptCallback
                0x0000000000085aab                u8ZdoBindUnbindServerUnpackApdu
                0x0000000000085afa                eCLD_ScenesSetLastConfiguredBy.isra.1.21892
                0x0000000000085b31                ZPS_eTsvOpen
                0x0000000000085b4b                ZPS_bIsMacAddressUsedInApsTable
                0x0000000000085c01                sEZ_GetDiscEntry.8008
                0x0000000000085c42                eCLD_GroupsCheckGroupExists
                0x0000000000085caf                eCLD_ScenesFindScene
                0x0000000000085cfd                iPDM_FilterDuplicateAppendedSegmentsOnList.121336
                0x0000000000085d41                zps_vNwkBttMgrInit
                0x0000000000085d6f                ZPS_vNwkNibClearTables
                0x0000000000085e90                vAHI_TimerEnable.part.1.144089.constprop.141
                0x0000000000085ef1                vMicroIntEnableOnly.constprop.123
                0x0000000000085f1d                vSetChannelAndPower
                0x0000000000085fbb                TSV_eStart
                0x000000000008600b                vMiniMac_MLME_SetReq_PanId
                0x0000000000086048                vMiniMac_MLME_SetReq_ShortAddr
                0x0000000000086056                iAHI_WriteDataIntoEEPROMsegment.constprop.106
                0x00000000000860a4                vZCL_InitializeClusterInstance.constprop.97
                0x00000000000860b5                pvZCL_HeapAlloc.part.0.47862.constprop.86
                0x00000000000860ee                vACI_OptimisedCcmStar.constprop.49
                0x00000000000862d9                zps_eNwkRtDiscMatch.constprop.46
                0x000000000008632c                vTransformKey.isra.0.65102
 .text.unlikely
                0x000000000008635c       0xc8 C:\Users\1\AppData\Local\Temp\ccJNmFAP.ltrans3.ltrans.o
                0x0000000000086371                vAHI_MemoryHold.143988
 .text          0x0000000000086424     0x1390 C:\Users\1\AppData\Local\Temp\ccJNmFAP.ltrans4.ltrans.o
                0x0000000000086424                DBG_vUartFlush
                0x0000000000086451                DBG_vUartPutch
                0x00000000000865ea                vMiniMac_NextTransaction
                0x0000000000086691                eTransmit
                0x000000000008676e                vMiniMac_TxComplete
                0x0000000000086854                vTimerFired
                0x000000000008690c                vMiniMac_Init
                0x0000000000086c65                vDispatch.56319
                0x0000000000086d37                OS_eStartSWTimer.constprop.165
                0x0000000000086e56                OS_eContinueSWTimer.constprop.164
                0x0000000000086f37                OS_eStopSWTimer
                0x000000000008705a                vStartStopTimer
                0x0000000000087085                OS_ePostMessage
                0x00000000000871eb                os_vAPP_ButtonsScanTask
                0x0000000000087297                OS_eExitCriticalSection
                0x000000000008737c                OS_eActivateTask
                0x0000000000087417                vPostMlmeDcfmInd.76603
                0x00000000000874ba                u16ZCL_ReadTypeNBO
                0x000000000008756f                u16ZCL_APduInstanceReadNBO
                0x00000000000875c0                u16ZCL_ReadCommandHeader.part.0.39912
                0x0000000000087637                bWhite_LED_Off
                0x0000000000087650                iPDM_ReadSegmentHeaderDataFromEEPROMsegment
                0x00000000000876a9                iPDM_ReadUserDataFromEEPROMsegment
                0x0000000000087723                iPDM_ReCalculateWearCountAndChecksumAndWriteFileSystemHeader
                0x000000000008776d                vPDM_SetEEPROMandFileSystemValidState
                0x0000000000087794                iPDM_ReadUserDataFromFileSystemRecord
 .text          0x00000000000877b4     0x14b9 C:\Users\1\AppData\Local\Temp\ccJNmFAP.ltrans5.ltrans.o
                0x00000000000877b4                PDUM_eNPduAllocate
                0x0000000000087823                PDUM_eNPduClone
                0x000000000008786f                PDUM_eNPduFree
                0x00000000000878dc                vPostVsMcpsDcfmInd.76610
                0x00000000000879c5                zps_vNwkMcpsMgrFreeReqDescr
                0x00000000000879f7                zps_psAllocateAndFormatMacHdr
                0x0000000000087ce0                zps_vNwkRemoveConflictedBroadcast
                0x0000000000087d32                zps_vNwkMcpsMgrTidyBtrReqDescr
                0x0000000000087d76                vNwkBttTimerExpiry.131701
                0x0000000000087e93                PDUM_hAPduAllocateAPduInstance
                0x0000000000087f07                hZCL_AllocateAPduInstance
                0x0000000000087f43                zps_eAplZdoSendZdpResponse
                0x0000000000088248                zps_bAplZdoMatchDescServer
                0x000000000008825c                zps_bAplZdoNodeDescServer
                0x00000000000883c8                zps_bAplZdoSimpleDescServer
                0x0000000000088629                zps_bAplZdoPowerDescServer
                0x0000000000088746                zps_bAplZdoActiveEpServer
                0x000000000008882f                zps_bAplZdoSystemServerDiscoveryServer
                0x00000000000888b8                zps_bAplZdoMgmtLqiServer
                0x0000000000088ae4                zps_bAplZdoMgmtRtgServer
                0x0000000000088c2a                bSendResponse.93442
 .text          0x0000000000088c6d     0x130a C:\Users\1\AppData\Local\Temp\ccJNmFAP.ltrans6.ltrans.o
                0x0000000000088cb6                zps_vAplSaveRecord
                0x0000000000088dd8                zps_bNwkFindAddIeeeAddr
                0x0000000000088f56                ZPS_bNwkNibAddrMapAddEntry
                0x000000000008911d                zps_eNwkHandleSceRouteRequest
                0x000000000008954c                zps_sNwkNibNtCheckJoin
                0x00000000000897f5                zps_vNwkHandleCmeDirectJoinReq
                0x0000000000089874                zps_vJoinInitNtParent
                0x00000000000899ca                zps_vCheckActvNtForDuplicate
                0x0000000000089a68                eCheckAddrConflict.isra.4.124602
                0x0000000000089afe                vAplSecRemoveLinkKey.68709
                0x0000000000089b7b                ZPS_vNwkSaveAllRecords
                0x0000000000089b92                zps_vSaveAllZpsRecords
                0x0000000000089bb1                ZPS_vNwkNibSetNwkAddr
                0x0000000000089bd0                zps_u8NwkHandleRejoinReq
                0x0000000000089c99                zps_vProcessLocalAddrConflict
                0x0000000000089d44                zps_eNwkHandleSceRejnResponse
                0x0000000000089da1                ZPS_vNwkNibSetExtPanId
                0x0000000000089dc5                vFinish.137200
                0x0000000000089e1a                eSmeOrphScanDcfm.137210
                0x0000000000089e92                ZPS_vNwkNibSetKeySeqNum
                0x0000000000089ea7                ZPS_vNwkNibSetDepth
                0x0000000000089ed0                vContinueRejoin.135993
 .text          0x0000000000089f77     0x13b4 C:\Users\1\AppData\Local\Temp\ccJNmFAP.ltrans7.ltrans.o
                0x0000000000089f77                vNwkMcpsTimerCallback
                0x0000000000089f91                zps_eSceGenlIllegal
                0x0000000000089f98                zps_eSmeGenlIllegal
                0x0000000000089f9f                DBG_vUartFailedAssert
                0x0000000000089fa3                zps_bAplZdoBindRequestServer
                0x000000000008a0de                psGetVsMcpsBuf.76607
                0x000000000008a0e7                psGetMlmeBuf.76600
                0x000000000008a12e                psGetNlmeBuf.59550
                0x000000000008a138                psGetNldeBuf.59571
                0x000000000008a142                psGetApsmeBuf.59557
                0x000000000008a14b                psGetApsdeBuf.59564
                0x000000000008a151                vLoopbackTimerCallback
                0x000000000008a180                zps_vNwkFreeMcpsHandle
                0x000000000008a1aa                zps_psNwkMcpsMgrFindPendingByNwkDstAddr
                0x000000000008a1c0                ZPS_u64NwkNibGetMappedIeeeAddr
                0x000000000008a1e2                ZPS_bNwkNibNtActvMatch
                0x000000000008a29a                bCheckNwkAddr
                0x000000000008a2e8                ZPS_vSetExtendedStatus
                0x000000000008a2fa                zps_psApsApsAllocateDcfmRecord
                0x000000000008a368                zps_u8CalcLinkCost
                0x000000000008a3a4                ZPS_u8NwkNibNtDiscMatch
                0x000000000008a488                zps_u64NwkLibFromPayload
                0x000000000008a4c7                zps_vNwkLibU64ToPayload
                0x000000000008a4f4                zps_vInitBeaconPayload
                0x000000000008a570                zps_eNwkDcfmIndPost
                0x000000000008a593                zps_psNwkDcfmIndGetBuf
                0x000000000008a5b5                zps_vSendNwkStatusInd
                0x000000000008a5e5                vPDM_ReadBitmapHeader.121021
                0x000000000008a604                psSLISTsearch
                0x000000000008a644                psSLISTremove
                0x000000000008a6c2                vSLISTaddToTail
                0x000000000008a6e1                psSLISTgetNext
                0x000000000008a705                u8PDM_CalculateLargestDataRecordStored
                0x000000000008a736                bPDM_ImageBitmapRepairCheck
                0x000000000008a75e                u8PDM_ReadSequenceNumber
                0x000000000008a781                boSegmentNumberDeleteSearchMatch.120591
                0x000000000008a79c                u8PDM_ReadSegmentDataSize
                0x000000000008a7b0                u32PDM_ReadFileSystemHeaderWearCount
                0x000000000008a7c6                boSearchForWearCountSubstitute.120907
                0x000000000008a7ec                boSearchForWearCountInsertPoint.120160
                0x000000000008a80a                vPDM_WriteFileSystemHeaderWearCount
                0x000000000008a81c                RND_u32GetRand256
                0x000000000008a839                RND_u32GetRand
                0x000000000008a860                u16CalculateFailedTxCount.94631
                0x000000000008a88a                vZdoIeeeAddrServerSendExtendResponse.part.0.80428
                0x000000000008a8eb                vZdoNwkAddrServerSendExtendResponse.part.0.79248
                0x000000000008a94c                zps_bAplZdoServerHandleConfirmAcks
                0x000000000008a996                zps_bPerformLeaveActionDecider
                0x000000000008a99b                vHandleUpdateDeviceIndication.68616
                0x000000000008a9c5                u32GetScanChannels.68603
                0x000000000008a9f0                bDuplicateCheck.64983
                0x000000000008aafd                eHandleRemoveNonBroadcastEndpointsFromGroup.63611
                0x000000000008ab75                eHandleAddEntryToGroupTable.63574
                0x000000000008abd1                bIsBindTableMatch.63551
                0x000000000008ac22                eRemoveEntryInBindingTable.63579
                0x000000000008aca1                zps_vAplApsFillAndPostApsAck
                0x000000000008ad0b                zps_u8AplApsFreeMsgHandle
                0x000000000008ad75                vFillDataIndStruct.59417
                0x000000000008add3                vFillApduErrorEvent.59410
                0x000000000008ae16                bCheckProfile.59405
                0x000000000008ae54                ZPS_bIsGroupPresent
                0x000000000008ae8c                PDUM_u16APduInstanceWriteStrNBO
                0x000000000008b00b                pdum_u16ReadNBO
                0x000000000008b16c                PDUM_eNPduReadHeaderNBO
                0x000000000008b1bf                PDUM_u16APduInstanceReadNBO
                0x000000000008b209                PDUM_eNPduPrependHeaderNBO
                0x000000000008b264                PDUM_eNPduAppendDataNBO
                0x000000000008b2c1                PDUM_u16APduInstanceWriteNBO
 .text          0x000000000008b32b     0x103f C:\Users\1\AppData\Local\Temp\ccJNmFAP.ltrans8.ltrans.o
                0x000000000008b51b                zps_vNwkHandleCmeRouteDiscoveryReq
                0x000000000008b6e9                zps_eNwkHandleSceRouteRecord
                0x000000000008b7bd                vPDM_MoveAllDataFromListToList
                0x000000000008b7fb                vPDM_MoveAllDataToDeAllocList
                0x000000000008b823                iPDM_ReconstructReplacedDataTable
                0x000000000008b9b0                iPDM_ReplaceChangedSegmentInSequence
                0x000000000008baa2                vPDM_MoveAllDataWithBufferIdFromListToList
                0x000000000008bb27                vPDM_DeleteAppendedSequence
                0x000000000008bc0e                ZPS_vNwkResetOutgoingFrameCounter
                0x000000000008bc62                zps_psSendFrm
                0x000000000008bf7e                zps_psSendBroadcastFrm
                0x000000000008c014                ZPS_vNwkHandleNldeReqRsp
                0x000000000008c1f4                zps_eAplApsmeCmdMgrSendCommand
                0x000000000008c2d1                zps_vAplApsmeCmdMgrRetryTimeout.63543
                0x000000000008c2fa                zps_psNwkSendRejoinReqCmd.constprop.10
 *fill*         0x000000000008c36a        0x2 00
 .text          0x000000000008c36c     0x13c4 C:\Users\1\AppData\Local\Temp\ccJNmFAP.ltrans9.ltrans.o
                0x000000000008c521                vSendMlmeCommStatusFromTxFrame
                0x000000000008c577                MAC_vHandleMlmeVsReqRsp.constprop.116
                0x000000000008caad                zps_eNwkSendJoinResponse
                0x000000000008cc64                zps_eNwkProcessJoinInd
                0x000000000008ceb8                zps_eNwkHandleSmeOrphanInd
                0x000000000008cec8                zps_sNwkStart
                0x000000000008cf67                vHandleNwkLocalUpdateAfterBcast.124382
                0x000000000008cfba                vHandleNwkRemoteUpdateAfterBcast.124373
                0x000000000008d00d                eSmeAcScScanDcfm.134141
                0x000000000008d343                zps_vNwkHandleCmeActvStartRouterReq
                0x000000000008d3ed                vScanBeaconReceived
                0x000000000008d42d                vRunningRxCallback
 .text          0x000000000008d730      0xcb1 C:\Users\1\AppData\Local\Temp\ccJNmFAP.ltrans10.ltrans.o
                0x000000000008d730                os_vAPP_cbDisableTickTimer
                0x000000000008d774                os_vAPP_cbEnableTickTimer
                0x000000000008d82e                vRetryCcaFailure
                0x000000000008d883                eOrphanNotificationSent.142440
                0x000000000008d8e8                DBG_vUartInitHardware
                0x000000000008da25                eCLD_BasicCommandHandler
                0x000000000008da48                eZCL_SearchForClusterEntry
                0x000000000008dabd                eZCL_FindCluster
                0x000000000008db0e                eCLD_ScenesCountScenes
                0x000000000008db28                ZPS_bSecDecrypt
                0x000000000008dc3a                boPDM_IsBitmapSaturated.121056
                0x000000000008dc83                bWhite_LED_SetLevel
                0x000000000008dcaa                vStartWarn
                0x000000000008de60                os_vAPP_RunWarning
                0x000000000008def8                bPCA9634_WriteRegister
                0x000000000008df76                bRGB_LED_SetLevel
                0x000000000008dfd7                bRGB_LED_Off
                0x000000000008e00c                os_vvDeviceStateIndicatorTask
                0x000000000008e07c                psDLISTremove
                0x000000000008e0de                vDLISTaddToHead
                0x000000000008e107                vDLISTaddToTail
                0x000000000008e12a                eZCL_SearchForAttributeEntry
                0x000000000008e1c3                vCLD_ScenesGenerateIndividualAttributeCallback
                0x000000000008e21d                iPDM_SearchForBufferIdInList
                0x000000000008e252                iPDM_SearchForBufferIdInFileSystem
                0x000000000008e265                iPDM_ReadUserDataFromSegmentWithId
                0x000000000008e29a                iPDM_SearchForSpecificSegmentInList
                0x000000000008e2cc                psGetTxFrameBuffer
                0x000000000008e30b                psGetAndBuildCoordRealignment
                0x000000000008e363                eBuildAndSend.142448
                0x000000000008e3d8                MAC_vPibSetRxOnWhenIdle.constprop.112
 *fill*         0x000000000008e3e1        0x3 00
 .text          0x000000000008e3e4     0x10f8 C:\Users\1\AppData\Local\Temp\ccJNmFAP.ltrans11.ltrans.o
                0x000000000008e610                vMiniMac_MlmeCallback
                0x000000000008e8fb                bBeaconNotify.142452
                0x000000000008ea38                vPostDcfm.142459
                0x000000000008eaa7                vScanNextChannel.142465
                0x000000000008ec5e                vMiniMacPoll_CheckPollResponse
                0x000000000008ecc8                ePollReqSent.142652
                0x000000000008ed13                PDM_vDeleteAllDataRecords
                0x000000000008ed90                iPDM_VerifyDataSequenceWithBufferId
                0x000000000008ee32                vSaveIASZoneAttributes
                0x000000000008ee71                APP_ZCL_cbEndpointCallback.6981
                0x000000000008f269                vSaveScenesNVM
                0x000000000008f319                bAplZdoBindUnbindServerProcessApdu
 .text          0x000000000008f4dc     0x10f8 C:\Users\1\AppData\Local\Temp\ccJNmFAP.ltrans12.ltrans.o
                0x000000000008f999                OS_eEnterCriticalSection
                0x000000000008fa61                PDUM_eAPduFreeAPduInstance
                0x000000000008fae4                PDM_eReadDataFromRecord.part.0.119403
                0x000000000008fb67                vLoadNwkRecord.126237
                0x000000000008fba5                vLoadAplRecord.68643
                0x000000000008fbd9                ZPS_eTsvStart
                0x000000000008fc34                zps_eAplZdoBdrmRequestSend
                0x000000000008fcaf                zps_eNwkHandleSceNwkUpdate
                0x000000000008fcd3                vProcessTimedList.125293
                0x000000000008fd19                zps_vNwkMcpsMgrPostTimed
                0x000000000008fd2c                vNwkMcpsSendTimedDfcm
                0x000000000008fd70                zps_vAplAfPostTimerEvent
                0x000000000008fded                zps_vExpireOldRoutes
                0x000000000008fe76                zps_vNwkJoinStStartResponseTimer
                0x000000000008feb0                ZPS_eTsvStop
                0x000000000008ff04                zps_vNwkHandleCmePermitJoinReq
                0x000000000008ff6c                zps_eNwkBtrMatch
                0x0000000000090069                zps_vAplApsStopPollTimer.part.2.62050
                0x00000000000900f0                bHasTimerFired.53626
                0x000000000009015a                eHandleRemoveBroadcastEndpointsFromGroup.63570
                0x00000000000901b4                eZCL_SetReceiveEventAddressStructure
                0x0000000000090233                DBG_vDumpStack
                0x0000000000090275                vUnclaimedInterrupt
                0x0000000000090282                eZCL_BuildTransmitAddressStructure
                0x00000000000902ef                eZCL_ReadLocalAttributeValue.constprop.30
                0x00000000000903b5                eZCL_WriteLocalAttributeValue.constprop.26
                0x000000000009047f                eCLD_IASZoneUpdateZoneID
                0x0000000000090491                eCLD_IASZoneUpdateZoneState
                0x00000000000904a2                eCLD_GroupsSetIdentifying
                0x00000000000904c7                vCLD_IdentifyTimerClickCallback.15848
                0x000000000009053b                eCLD_ScenesRemoveAllScenes
 .text          0x00000000000905d4      0xe65 C:\Users\1\AppData\Local\Temp\ccJNmFAP.ltrans13.ltrans.o
                0x00000000000905d4                os_vzps_isrMAC
                0x0000000000090613                ZPS_pvNwkCtor.constprop.110
                0x0000000000090bb9                ZPS_vNwkHandleNlmeReqRsp
                0x0000000000090c36                zps_vAplAfPostEvent
                0x0000000000090e23                zps_bAplZdoMgmtLeaveServer
                0x0000000000090fa3                zps_eAplZdoNlmePermitJoiningWrapper
                0x0000000000090fcb                zps_bAplZdoPermitJoiningServer
                0x0000000000091065                zps_bAplZdoDeviceAnnceServer
                0x00000000000912f1                vChangeChannelTimerExpiry.94623
                0x0000000000091354                eLeaveReset.138193
                0x00000000000913bf                eLeaveDataDcfmLocalLeave.138203
 .text          0x0000000000091439      0xfc7 C:\Users\1\AppData\Local\Temp\ccJNmFAP.ltrans14.ltrans.o
                0x0000000000091439                vPDM_AddFileSystemElementToListInAscendingWearCountOrder
                0x0000000000091547                vPDM_MoveFileRecordFromListToList
                0x0000000000091569                vPDM_MoveRecordToDeAllocList
                0x0000000000091589                iPDM_WriteSegmentHeaderAndData
                0x0000000000091785                vIncrementFrameCounterInPdm.isra.0.126671
                0x0000000000091964                vProcessListsForSubmission.125381
                0x0000000000091cf1                zps_vNwkMcpsMgrPost
                0x0000000000091d15                zps_psSendNetworkStatusCmd
                0x0000000000091d82                vSendNetworkReport.124365
                0x0000000000091e5c                psSendRouteReplyCmd.129606
                0x0000000000091f6e                zps_eNwkHandleSceRouteReply
                0x00000000000922ad                zps_psNwkPropagateLocalLeave
                0x00000000000922d5                zps_vNwkHandleCmeLeaveReq
                0x00000000000923a3                iPDM_SegmentCopyAndAppendData.constprop.115
 *fill*         0x0000000000092400        0x0 00
 .text          0x0000000000092400     0x11cc C:\Users\1\AppData\Local\Temp\ccJNmFAP.ltrans15.ltrans.o
                0x0000000000092670                zps_eNwkHandleSceNwkStatus
                0x000000000009282f                zps_eNwkHandleSmeAssocInd
                0x0000000000092852                zps_eNwkHandleSceRejnRequest
                0x00000000000928d2                vSdeHandleMcpsDataInd.125361
                0x0000000000093535                ZPS_vNwkNibCheckAndUpdateAddresses
 .text          0x00000000000935cc      0xcb0 C:\Users\1\AppData\Local\Temp\ccJNmFAP.ltrans16.ltrans.o
                0x000000000009386e                eCLD_GroupsCommandHandler
                0x0000000000093d84                os_vAPP_ZPR_WD_Task
 .text          0x000000000009427c      0xee4 C:\Users\1\AppData\Local\Temp\ccJNmFAP.ltrans17.ltrans.o
                0x000000000009446e                vZdoBdrmSendNextTimedRequest
                0x00000000000946f7                zps_bAplZdoBindUnbindServer
                0x0000000000094803                zps_bAplZdoDefaultServer
                0x0000000000094a64                zps_eZdpMatchDescResponse
                0x0000000000094afa                zps_eZdpSystemServerDiscoveryResponse
                0x0000000000094b69                zps_eAplZdpMgmtLqiResponse
                0x0000000000094c51                zps_eAplZdpMgmtRtgResponse
                0x0000000000094d18                zps_eZdpMgmtNwkUpdateNotifyResponse
                0x0000000000094dca                eZCL_TransmitDataRequest
 .text          0x0000000000095160      0xd7c C:\Users\1\AppData\Local\Temp\ccJNmFAP.ltrans18.ltrans.o
                0x0000000000095160                eCLD_ScenesCommandHandler
                0x0000000000095dd0                eCLD_IdentifyCommandHandler
 .text          0x0000000000095edc      0xdb4 C:\Users\1\AppData\Local\Temp\ccJNmFAP.ltrans19.ltrans.o
                0x0000000000095edc                vBbcIntHandler.141095
                0x0000000000096194                eAssocRespSent.142005
                0x00000000000961b3                zps_vNwkHandleCmeSyncReq
                0x0000000000096235                zps_vNwkHandleCmeIdleNwkFormReq
                0x00000000000962dd                zps_vNwkHandleCmeNwkDiscReq
                0x0000000000096357                zps_vNwkHandleCmeEdScanReq
                0x00000000000964f4                zps_eNwkHandleSmeBeaconNotifyInd
                0x00000000000965d4                zps_vNwkHandleCmeNwkJoinReq
                0x0000000000096891                zps_vNwkHandleCmeNwkActvJoinReq
                0x000000000009689d                eSmeEdScScanDcfm.134146
                0x0000000000096a69                vHandleRejoinExpiry.136759
                0x0000000000096ac6                zps_eRejoinDataDcfm
                0x0000000000096b0a                eSmeAsocAssocDcfm.137370
                0x0000000000096b8e                eSmeRjPCPollDcfm.137366
 .text          0x0000000000096c90      0xe1e C:\Users\1\AppData\Local\Temp\ccJNmFAP.ltrans20.ltrans.o
                0x0000000000096d4e                eBeaconReqSent.142444
                0x0000000000096d75                zps_bAplZdoNwkAddrServer
                0x0000000000096ef6                zps_bAplZdoIeeeAddrServer
                0x000000000009704c                eMakeEntryInBindingTable.63597
                0x00000000000970f6                vMiniMac_McpsCallback
                0x0000000000097322                eMcpsTxCompleteHandler.141297
                0x0000000000097350                PWRM_vManagePower
                0x000000000009748d                vFreePendingReqDescr
                0x00000000000974f8                vHandleRouteDiscoveryExpiry.129184
                0x0000000000097556                ZPS_bSecEncrypt
                0x000000000009770c                zps_vSendJoinDcfm
                0x0000000000097753                vGiveUp.136763
                0x000000000009778b                zps_u8AplApsConstructAndPostLoopBackDataInd.62161
                0x00000000000978c4                u8PostUnicastMsgToNHLE.62169
                0x00000000000978fd                zps_psNwkInitCmdFrame
                0x000000000009797c                eSendLinkStatusDataDcfm.part.1.123330
 .text          0x0000000000097aae      0xdf5 C:\Users\1\AppData\Local\Temp\ccJNmFAP.ltrans21.ltrans.o
                0x0000000000097aae                PDM_eSaveRecordData
                0x0000000000097ee3                ZPS_vNwkSaveRecord
                0x0000000000097f0f                ZPS_vNwkNibSetUpdateId
                0x0000000000097f1d                vSendNetworkUpdate.124369
                0x000000000009804d                ZPS_vNwkNibSetPanId
                0x000000000009806a                ZPS_vNwkNibSetCapabilityInfo
                0x0000000000098096                ZPS_vNwkNibSetChannel
                0x00000000000980b3                ZPS_vNwkSaveNt
                0x00000000000980c6                ZPS_vNwkPurgeMacAddressAndRelatedEntries
                0x00000000000981cc                ZPS_vNtSetUsedStatus
                0x0000000000098273                zps_vBuildSortedActvNTList
                0x0000000000098331                zps_eNwkHandleSceLeave
                0x00000000000984f3                zps_vCleanUnAuthenHandleExpiry
                0x00000000000985f5                eUnsolicitedRejoinRspDataDcfm.124377
                0x0000000000098620                eRejoinRspDataDcfm.135997
                0x00000000000986ef                zps_eNwkHandleSmeCommStatusInd
                0x00000000000987a3                ZPS_vNwkSaveSecMat
                0x00000000000987b7                vPDM_MoveAllDataWithBufferIdAndStateFromListToList
                0x0000000000098842                vPDM_ImageBitmapRepair.120079
 .text          0x00000000000988a3      0xf2d C:\Users\1\AppData\Local\Temp\ccJNmFAP.ltrans22.ltrans.o
                0x00000000000988a3                os_bDummyMemberCheck.56329
                0x00000000000988a8                os_vDefaultErrorHook.56325
                0x00000000000988d2                vOSError
                0x00000000000988d5                bCLD_ScenesSearchForScene.22411
                0x0000000000098908                APP_ZCL_cbGeneralCallback.6984
                0x000000000009890b                vExtendedStatusCallBack.3149
                0x000000000009890e                os_bStrictCheck.1358
                0x0000000000098b64                bCLD_GroupsSearchForGroup.14773
                0x0000000000098b89                pdum_u16WriteNBO
                0x0000000000098c9c                PDUM_u16SizeNBO
                0x0000000000098cfa                PDUM_thAPduInstanceGetApdu
                0x0000000000098d15                PDUM_eAPduInstanceSetPayloadSize
                0x0000000000098d3d                PDUM_eNPduWriteDataFromBuffer
                0x0000000000098d97                PDUM_eNPduWriteDataToBuffer
                0x0000000000098df5                PDUM_eNPduWriteFromBuffer
                0x0000000000098e1e                PDUM_eNPduDescend
                0x0000000000098e44                PDUM_eNPduAscend
                0x0000000000098e6a                PDUM_eNPduClaimData
                0x0000000000098ed7                PDUM_eNPduClaimHeader
                0x0000000000098efa                PDUM_eNPduInitDescending
                0x0000000000098f15                OS_eCollectMessage
                0x0000000000098fda                OS_eGetSWTimerStatus
                0x000000000009901c                eExpireSWTimer.56338
                0x0000000000099087                eZCL_SearchForEPentry
                0x00000000000990cf                eZCL_SearchForEPentryAndCheckManufacturerId
                0x000000000009910d                vZCL_PassEventToUser
                0x000000000009913a                eZCL_DoesAttributeHaveReportableChange
                0x0000000000099157                eZCL_GetAttributeReportableEntry
                0x000000000009920f                vZCL_AlignNumericAttributeValueTo64.53089
                0x000000000009931e                eZCL_BuildClientTransmitAddressStructure
                0x000000000009934f                eZCL_GetAttributeTypeSize
                0x000000000009936e                vZCL_MarkAttributeInvalid
                0x000000000009943d                u8ZCL_GetAttributeAllignToFourBytesBoundary
                0x0000000000099452                pvZCL_GetAttributePointer
                0x00000000000994c8                eZCL_StoreChangeAttributeValue
                0x0000000000099567                u16ZCL_WriteTypeNBO.part.0.36993
                0x00000000000995dc                u16ZCL_GetStringStructureSize
                0x0000000000099619                u16ZCL_GetStringAttributeTypeSizeFromBuffer
                0x000000000009968a                u16ZCL_GetStringSizeAndBufferFromStructure
                0x0000000000099719                eZCL_GetAttributeTypeSizeFromStructure
                0x0000000000099792                bZCL_SendCommandResponse
                0x00000000000997ae                u8ZCL_GetEPIdFromIndex
 .text          0x00000000000997d0      0xf5a C:\Users\1\AppData\Local\Temp\ccJNmFAP.ltrans23.ltrans.o
                0x00000000000997d0                zps_eNwkHandleSceLinkStatus
                0x0000000000099904                zps_eAplZdoGroupEndpointRemove
                0x000000000009999c                zps_psFindKeyDescr
                0x0000000000099ac8                zps_eAplSecEncryptPacket
                0x0000000000099bba                eUnfragmentedUnicastTransmission.62144
                0x0000000000099f16                zps_eAplSendApsmeCmdFrame
                0x000000000009a087                zps_eAplApsmeUpdateDeviceReqRsp.part.4.63708
                0x000000000009a222                vHandleJoinedNwk.8038
                0x000000000009a27d                zps_vAgeRouter
                0x000000000009a2bb                zps_eNwkHandleSdeActvDcfmData
                0x000000000009a445                vMcpsMgrTimeoutExpiry
                0x000000000009a4b4                zps_eDefaultDataDcfm
                0x000000000009a689                zps_vLinkStatusHandleExpiry
 .text.unlikely
                0x000000000009a72a       0x5f C:\Users\1\AppData\Local\Temp\ccJNmFAP.ltrans23.ltrans.o
                0x000000000009a72a                vInitUnknownNeighbor.125277
 .text          0x000000000009a789      0xd43 C:\Users\1\AppData\Local\Temp\ccJNmFAP.ltrans24.ltrans.o
                0x000000000009a789                vReportTimerClickCallback
                0x000000000009ab8d                eZCL_SendDefaultResponse
                0x000000000009ac8c                vZCL_HandleAttributesWriteRequest
                0x000000000009b11c                eZCL_CustomCommandReceive
                0x000000000009b2aa                eCLD_IASWDCommandHandler
                0x000000000009b3d1                eCLD_IASZoneCommandHandler
 *fill*         0x000000000009b4cc        0x0 00
 .text          0x000000000009b4cc      0xbbc C:\Users\1\AppData\Local\Temp\ccJNmFAP.ltrans25.ltrans.o
                0x000000000009b4cc                vAplSecAuthPollTimerExpiry.68593
                0x000000000009b524                vAplSecAuthTimerExpiry.68597
                0x000000000009b771                vPostApsdeDcfmInd.59567
                0x000000000009b97a                zps_vHandleApsdeDataFragIndNotSupported
                0x000000000009b9e3                eJoinNetwork.68656
                0x000000000009ba94                eDiscoverNetworks.68663
                0x000000000009baf0                eStartNetworkDiscovery.68670
                0x000000000009bb5a                eStartRouter.68680
                0x000000000009bc29                vPostApsmeDcfmInd.59560
 .text          0x000000000009c088      0xca0 C:\Users\1\AppData\Local\Temp\ccJNmFAP.ltrans26.ltrans.o
                0x000000000009c088                zps_eZdpNodeDescResponse
                0x000000000009c130                zps_eZdpSimpleDescResponse
                0x000000000009c23d                zps_bAplZdoMgmtNWKUpdateServer
                0x000000000009c5ad                zps_eZdpNwkAddrResponse
                0x000000000009c690                zps_eZdpIeeeAddrResponse
                0x000000000009c773                zps_eZdpPowerDescResponse
                0x000000000009c810                zps_eZdpActiveEpResponse
                0x000000000009c8a6                zps_bAplZdoMgmtBindServer
                0x000000000009cb94                zps_bAplZdoZdoClient
                0x000000000009cca4                zps_eAplZdpBindResponse
                0x000000000009ccc5                zps_eZdpUnbindResponse
                0x000000000009cce6                zps_eZdpMgmtLeaveResponse
                0x000000000009cd07                zps_eZdpMgmtPermitJoiningResponse
 *fill*         0x000000000009cd28        0x0 00
 .text          0x000000000009cd28      0xb60 C:\Users\1\AppData\Local\Temp\ccJNmFAP.ltrans27.ltrans.o
                0x000000000009cd28                zps_vAplApsPollTimer
                0x000000000009ce26                vPostNlmeDcfmInd.59553
                0x000000000009d515                zps_eAplZdoStartStack
                0x000000000009d64f                vAttemptDiscovery.8279
                0x000000000009d7ad                vReDiscover.8283
                0x000000000009d7d0                vEZ_JoinSavedNetwork.8044
                0x000000000009d862                vHandleJoinFailed.8262
 .text          0x000000000009d888      0xce0 C:\Users\1\AppData\Local\Temp\ccJNmFAP.ltrans28.ltrans.o
                0x000000000009da7b                vPostNldeDcfmInd.59574
                0x000000000009e52c                vStartScanTimerExpiry.94627
 .text          0x000000000009e568      0x773 C:\Users\1\AppData\Local\Temp\ccJNmFAP.ltrans29.ltrans.o
                0x000000000009e568                os_vzps_taskZPS
                0x000000000009e791                vMcpsMgrExpiry.125265
                0x000000000009e7f1                ZPS_vAplHandleApsdeReqRsp
                0x000000000009ec11                zps_eAplZdpApsdeReqInternal
                0x000000000009ec80                zps_eAplZdpGenStatusOnlyResponse
 *fill*         0x000000000009ecdb        0x1 00
 .text          0x000000000009ecdc      0x5d0 C:\Users\1\AppData\Local\Temp\ccJNmFAP.ltrans30.ltrans.o
                0x000000000009ecdc                AppWarmStart
                0x000000000009ecf6                AppColdStart
                0x000000000009ef19                os_vUnclaimedInterrupt
                0x000000000009ef2b                os_vControlledIntCheck
                0x000000000009ef70                os_vControlledInterrupt
                0x000000000009efa9                os_vDriverPiezo_vTimerIsr
                0x000000000009f12e                os_vAPP_isrIllegalInstructionException
                0x000000000009f13b                os_vAPP_isrAlignmentException
                0x000000000009f148                os_vAPP_isrBusErrorException
                0x000000000009f155                os_vAPP_isrUnimplementedModuleException
                0x000000000009f162                os_vAPP_isrStackOverflowException
                0x000000000009f16f                os_vAPP_isrTickTimer
                0x000000000009f25f                os_vvISR_SystemController
 .text          0x000000000009f2ac      0x5c4 C:\Users\1\AppData\Local\Temp\ccJNmFAP.ltrans31.ltrans.o
                0x000000000009f2ac                os_vTick_Task
                0x000000000009f5ee                os_vZCL_Task
                0x000000000009f614                eZCL_CustomCommandSend.constprop.33
 .text          0x000000000009f870       0x25 c:/nxp/bstudio_nxp/workspace/sdk/tools/ba-elf-ba2-r36379/bin/../lib/gcc/ba-elf/4.7.4/../../../../ba-elf/lib/mcpu_jn51xx_sizeopt\libc.a(lib_a-memcmp.o)
                0x000000000009f870                memcmp
 .text          0x000000000009f895       0x19 c:/nxp/bstudio_nxp/workspace/sdk/tools/ba-elf-ba2-r36379/bin/../lib/gcc/ba-elf/4.7.4/../../../../ba-elf/lib/mcpu_jn51xx_sizeopt\libc.a(lib_a-memcpy.o)
 .text          0x000000000009f8ae       0x12 c:/nxp/bstudio_nxp/workspace/sdk/tools/ba-elf-ba2-r36379/bin/../lib/gcc/ba-elf/4.7.4/../../../../ba-elf/lib/mcpu_jn51xx_sizeopt\libc.a(lib_a-memset.o)
                0x000000000009f8ae                memset
 .text          0x000000000009f8c0       0x12 c:/nxp/bstudio_nxp/workspace/sdk/tools/ba-elf-ba2-r36379/bin/../lib/gcc/ba-elf/4.7.4/../../../../ba-elf/lib/mcpu_jn51xx_sizeopt\libc.a(lib_a-strlen.o)
                0x000000000009f8c0                strlen
 .text          0x000000000009f8d2       0x2b c:/nxp/bstudio_nxp/workspace/sdk/tools/ba-elf-ba2-r36379/bin/../lib/gcc/ba-elf/4.7.4/../../../../ba-elf/lib/mcpu_jn51xx_sizeopt\libc.a(lib_a-strncpy.o)
                0x000000000009f8d2                strncpy
 *fill*         0x000000000009f8fd        0x3 00
 .text          0x000000000009f900      0x204 c:/nxp/bstudio_nxp/workspace/sdk/tools/ba-elf-ba2-r36379/bin/../lib/gcc/ba-elf/4.7.4/mcpu_jn51xx_sizeopt\libgcc.a(__udivsi3.o)
                0x000000000009f900                __udivsi3
 .text          0x000000000009fb04       0x30 c:/nxp/bstudio_nxp/workspace/sdk/tools/ba-elf-ba2-r36379/bin/../lib/gcc/ba-elf/4.7.4/mcpu_jn51xx_sizeopt\libgcc.a(__divsi3.o)
                0x000000000009fb04                __divsi3
 .text          0x000000000009fb34      0x1b0 c:/nxp/bstudio_nxp/workspace/sdk/tools/ba-elf-ba2-r36379/bin/../lib/gcc/ba-elf/4.7.4/mcpu_jn51xx_sizeopt\libgcc.a(__umodsi3.o)
                0x000000000009fb34                __umodsi3
 .text          0x000000000009fce4       0x24 c:/nxp/bstudio_nxp/workspace/sdk/tools/ba-elf-ba2-r36379/bin/../lib/gcc/ba-elf/4.7.4/mcpu_jn51xx_sizeopt\libgcc.a(__modsi3.o)
                0x000000000009fce4                __modsi3
 .text          0x000000000009fd08      0x3bd c:/nxp/bstudio_nxp/workspace/sdk/tools/ba-elf-ba2-r36379/bin/../lib/gcc/ba-elf/4.7.4/mcpu_jn51xx_sizeopt\libgcc.a(_divdi3.o)
                0x000000000009fd08                __divdi3
 .text          0x00000000000a00c5      0x350 c:/nxp/bstudio_nxp/workspace/sdk/tools/ba-elf-ba2-r36379/bin/../lib/gcc/ba-elf/4.7.4/mcpu_jn51xx_sizeopt\libgcc.a(_udivdi3.o)
                0x00000000000a00c5                __udivdi3
 *fill*         0x00000000000a0415        0x3 00
 .text          0x00000000000a0418      0x178 c:/NXP/bstudio_nxp/workspace/JN-AN-1201/JN-AN-1201-ZigBee-Intruder-Alarm-System/WD/Build/os_irq.o
                0x00000000000a0418                os_ExternalException_W
                0x00000000000a045c                os_PIC_ChannelPriorities
                0x00000000000a046c                os_OSMIUM_HwVectTable
                0x00000000000a04a8                os_PIC_SwVectTable
 .text          0x00000000000a0590       0x29 c:/NXP/bstudio_nxp/workspace/JN-AN-1201/JN-AN-1201-ZigBee-Intruder-Alarm-System/WD/Build/os_irq_alignment.o
                0x00000000000a0590                IRQ_Alignment
 .text          0x00000000000a05b9       0x29 c:/NXP/bstudio_nxp/workspace/JN-AN-1201/JN-AN-1201-ZigBee-Intruder-Alarm-System/WD/Build/os_irq_buserror.o
                0x00000000000a05b9                IRQ_BusError
 .text          0x00000000000a05e2       0x29 c:/NXP/bstudio_nxp/workspace/JN-AN-1201/JN-AN-1201-ZigBee-Intruder-Alarm-System/WD/Build/os_irq_illegalinstruction.o
                0x00000000000a05e2                IRQ_IllegalInstruction
 .text          0x00000000000a060b       0x29 c:/NXP/bstudio_nxp/workspace/JN-AN-1201/JN-AN-1201-ZigBee-Intruder-Alarm-System/WD/Build/os_irq_stackoverflowexception.o
                0x00000000000a060b                IRQ_StackOverflowException
 .text          0x00000000000a0634       0x29 c:/NXP/bstudio_nxp/workspace/JN-AN-1201/JN-AN-1201-ZigBee-Intruder-Alarm-System/WD/Build/os_irq_unimplementedmodule.o
                0x00000000000a0634                IRQ_UnimplementedModule
 .text          0x00000000000a065d       0x20 c:/NXP/bstudio_nxp/workspace/JN-AN-1201/JN-AN-1201-ZigBee-Intruder-Alarm-System/WD/Build/os_irq_visr_systemcontroller.o
                0x00000000000a065d                IRQ_vISR_SystemController
 *fill*         0x00000000000a067d        0x3 00
 .text          0x00000000000a0680       0xc0 c:/NXP/bstudio_nxp/workspace/sdk/JN-SW-4168/Components/Library\libOS_JN516x.a(os_contirq_JN516x.o)
                0x00000000000a0680                os_ExternalException_R
                0x00000000000a06b0                os_CFunc_W
                0x00000000000a0700                os_UnclaimedException_W
                0x00000000000a0720                os_UnclaimedInterrupt_W
 .text          0x00000000000a0740       0x48 c:/NXP/bstudio_nxp/workspace/sdk/JN-SW-4168/Components/Library\libPWRM_JN516x.a(pwrm_setjmp_JN516x.o)
                0x00000000000a0740                setjmp
                0x00000000000a0764                PWRM_longjmp
 .text          0x00000000000a0788       0x27 c:/NXP/bstudio_nxp/workspace/sdk/JN-SW-4168/Components/Library\libHardwareApi_JN516x.a(AHI_Interrupt.o)
                0x00000000000a0788                vAHI_InterruptSetPriority
                0x00000000000a07a6                vAHI_InterruptSetActivePriorityLevel
 .text.vMicroSyscall
                0x00000000000a07af       0x17 c:/NXP/bstudio_nxp/workspace/sdk/JN-SW-4168/Components/Library\libMicroSpecific_JN516x.a(MicroSyscall_ba.o)
                0x00000000000a07af                vMicroSyscall
 .text          0x00000000000a07c6        0x0 c:/NXP/bstudio_nxp/workspace/sdk/JN-SW-4168/Components/Library\libOS_JN516x.a(os_version_lc.o)
                0x00000000000a07c6                OS_Version_1v2
 .text          0x00000000000a07c6        0x0 c:/NXP/bstudio_nxp/workspace/sdk/JN-SW-4168/Components/Library\libZPSAPL_JN516x.a(zps_apl_version_lc.o)
                0x00000000000a07c6                ZPS_APL_Version_2v0
 .text          0x00000000000a07c6        0x0 c:/NXP/bstudio_nxp/workspace/sdk/JN-SW-4168/Components/Library\libZPSNWK_JN516x.a(zps_nwk_version_lc.o)
                0x00000000000a07c6                ZPS_NWK_Version_2v0
                0x00000000000a07c6                _flash_end = ABSOLUTE (.)

.rela.dyn       0x00000000000a07c8        0x0
 .rela.text     0x0000000000000000        0x0 c:/NXP/bstudio_nxp/workspace/JN-AN-1201/JN-AN-1201-ZigBee-Intruder-Alarm-System/WD/Build/os_irq.o
 .rela.data     0x0000000000000000        0x0 c:/NXP/bstudio_nxp/workspace/JN-AN-1201/JN-AN-1201-ZigBee-Intruder-Alarm-System/WD/Build/os_irq.o
 .rela.rodata   0x0000000000000000        0x0 c:/NXP/bstudio_nxp/workspace/JN-AN-1201/JN-AN-1201-ZigBee-Intruder-Alarm-System/WD/Build/os_irq.o
                0x000000000400004c                . = ORIGIN (ram)

.data           0x000000000400004c      0x734 load address 0x00000000000a07c8
                0x000000000400004c                _ram_data_start = ABSOLUTE (.)
 *(.data*)
 .data          0x000000000400004c       0xdc C:\Users\1\AppData\Local\Temp\ccJNmFAP.ltrans0.ltrans.o
                0x000000000400004c                u32DefaultChannelMask.8592
                0x0000000004000050                u8MiniMacConfig_MaxConcurrentAssocResponses
                0x0000000004000054                psShadowRxBuffer
 .data          0x0000000004000128        0x4 C:\Users\1\AppData\Local\Temp\ccJNmFAP.ltrans2.ltrans.o
                0x0000000004000128                u32HeapStart
 .data          0x000000000400012c        0x1 C:\Users\1\AppData\Local\Temp\ccJNmFAP.ltrans4.ltrans.o
 .data          0x000000000400012d        0x1 C:\Users\1\AppData\Local\Temp\ccJNmFAP.ltrans12.ltrans.o
 *fill*         0x000000000400012e        0x2 00
 .data          0x0000000004000130        0xc C:\Users\1\AppData\Local\Temp\ccJNmFAP.ltrans20.ltrans.o
                0x0000000004000130                bCanLoopback.62390
 .data          0x000000000400013c       0xa4 C:\Users\1\AppData\Local\Temp\ccJNmFAP.ltrans22.ltrans.o
                0x000000000400013c                s_asapduZCLInstances
                0x00000000040001b4                s_asapduZDPInstances
 .data          0x00000000040001e0        0x1 C:\Users\1\AppData\Local\Temp\ccJNmFAP.ltrans29.ltrans.o
 *fill*         0x00000000040001e1        0x7 00
 .data          0x00000000040001e8      0x578 C:\Users\1\AppData\Local\Temp\ccJNmFAP.ltrans30.ltrans.o
                0x00000000040001e8                os_SWTimer_APP_cntrTickTimer_APP_WD_GenTimer
                0x0000000004000204                os_Mutex_mutexMAC
                0x000000000400020c                os_Mutex_mutexZPS
                0x0000000004000214                s_sApl.2935
                0x0000000004000364                os_SWTimer_APP_cntrTickTimer_APP_IndicatorTimer
                0x0000000004000380                os_SWTimer_APP_cntrTickTimer_APP_TickTimer
                0x000000000400039c                os_Message_APP_msgZpsEvents
                0x00000000040003c0                os_Message_APP_msgEvents
                0x00000000040003e4                os_SWTimer_APP_cntrTickTimer_APP_JoinTimer
                0x0000000004000400                os_SWTimer_APP_cntrTickTimer_APP_BackOffTimer
                0x000000000400041c                os_SWTimer_APP_cntrTickTimer_APP_StartUPTimer
                0x0000000004000438                os_Message_APP_msgZpsEvents_ZCL
                0x000000000400045c                os_Message_zps_msgMlmeDcfmInd
                0x0000000004000480                os_Message_zps_msgTimeEvents
                0x00000000040004a4                os_Message_zps_msgMcpsDcfmInd
                0x00000000040004c8                os_Message_zps_msgMcpsDcfm
                0x00000000040004ec                os_Task_vDeviceStateIndicatorTask
                0x00000000040004f8                os_Task_Tick_Task
                0x0000000004000504                os_Task_APP_ZPR_WD_Task
                0x0000000004000510                os_Task_ZCL_Task
                0x000000000400051c                os_Task_zps_taskZPS
                0x0000000004000528                os_Task_APP_ButtonsScanTask
                0x0000000004000534                os_SWTimer_APP_cntrTickTimer_APP_ButtonsScanTimer
                0x0000000004000550                u8PiezoTimer.7915
                0x0000000004000551                u8AhiBaudRate.121436
                0x0000000004000554                s_prbMemberCheck.56445
                0x0000000004000558                s_prvErrorHook.56443
 .data          0x0000000004000760        0x8 C:\Users\1\AppData\Local\Temp\ccJNmFAP.ltrans31.ltrans.o
 .data.s_asAPduPool
                0x0000000004000768       0x18 c:/NXP/bstudio_nxp/workspace/JN-AN-1201/JN-AN-1201-ZigBee-Intruder-Alarm-System/WD/Build/pdum_apdu.o
                0x0000000004000768                pdum_apduZDP
                0x0000000004000768                s_asAPduPool
                0x0000000004000774                pdum_apduZCL
 *(.data.*)
                0x0000000004000780                . = ALIGN (0x4)
                0x0000000004000780                _ram_data_end = ABSOLUTE (.)

.bss            0x0000000004000780     0x3800 load address 0x00000000000a0efc
                0x0000000004000780                _bss_start = ABSOLUTE (.)
 *(.bss*)
 .bss           0x0000000004000780     0x1418 C:\Users\1\AppData\Local\Temp\ccJNmFAP.ltrans0.ltrans.o
                0x0000000004000780                psNextWake.56516
                0x0000000004000784                s_bWakeTimerActive.56517
                0x0000000004000785                s_ePowerMode.56518
                0x0000000004000786                gu16NumberOfSegments.144914
                0x0000000004000788                psPDM_Common
                0x000000000400078c                u8MaxNpdu.56726
                0x000000000400078d                u8Count.56725
                0x0000000004000790                s_psNPduPoolEnd.56728
                0x0000000004000794                s_psNPduPoolStart.56727
                0x0000000004000798                s_psFreeListHead.56724
                0x000000000400079c                s_hMutex.56723
                0x00000000040007a0                s_hMutex.56843
                0x00000000040007a4                s_asAPduPool.56842
                0x00000000040007a8                pfExtendedStatusCallBack.123892
                0x00000000040007ac                s_u32x.119176
                0x00000000040007b0                s_prExpireFn.146034
                0x00000000040007b4                s_hMutex.146033
                0x00000000040007b8                pvRxStore
                0x00000000040007bc                pvTxStore
                0x00000000040007c0                g_pvAplHandle
                0x00000000040007c4                s_hMacMutex
                0x00000000040007c8                s_sDcfmIndMgr.145798
                0x00000000040007d0                prAppMlmeGetBuffer
                0x00000000040007d4                prAppMlmeCallback
                0x00000000040007d8                psFreeMsgListHead
                0x00000000040007dc                psActiveMsgListHead
                0x00000000040007e0                u8MiniMac_RunTimeOptions
                0x00000000040007e4                sMiniMacPib
                0x0000000004000880                sBeaconFilter.8588
                0x0000000004000888                psZCL_Common
                0x0000000004000890                sDevice
                0x0000000004000ef8                eIASDeviceState.3220
                0x0000000004000f00                sIASZoneDesc
                0x0000000004000f18                sEZModeData.8586
                0x0000000004000fa0                u8SetGreenLEDLevel
                0x0000000004000fa1                u8SetBlueLEDLevel
                0x0000000004000fa2                u8SetRedLEDLevel
                0x0000000004000fa4                sDeviceDesc
                0x0000000004000fa8                s_groupTablePdmStorage.3082
 .bss           0x0000000004001b98       0x10 C:\Users\1\AppData\Local\Temp\ccJNmFAP.ltrans1.ltrans.o
 .bss           0x0000000004001ba8        0xc C:\Users\1\AppData\Local\Temp\ccJNmFAP.ltrans2.ltrans.o
 .bss           0x0000000004001bb4        0xc C:\Users\1\AppData\Local\Temp\ccJNmFAP.ltrans3.ltrans.o
 .bss           0x0000000004001bc0       0x14 C:\Users\1\AppData\Local\Temp\ccJNmFAP.ltrans4.ltrans.o
                0x0000000004001bc0                eMMacModuleType
                0x0000000004001bc4                prIntHandler.143698
                0x0000000004001bc8                psTimerServerList
 .bss.initinboot
                0x0000000004001bd4        0x1 C:\Users\1\AppData\Local\Temp\ccJNmFAP.ltrans4.ltrans.o
 *fill*         0x0000000004001bd5        0x3 00
 .bss           0x0000000004001bd8        0xc C:\Users\1\AppData\Local\Temp\ccJNmFAP.ltrans5.ltrans.o
                0x0000000004001bd8                u8ApduCount.56844
 .bss           0x0000000004001be4       0x28 C:\Users\1\AppData\Local\Temp\ccJNmFAP.ltrans6.ltrans.o
                0x0000000004001be4                apvAplPdmRecordsAddress
                0x0000000004001bfc                au16AplPdmRecordsSize
 .bss           0x0000000004001c0c       0x34 C:\Users\1\AppData\Local\Temp\ccJNmFAP.ltrans7.ltrans.o
 .bss           0x0000000004001c40        0x1 C:\Users\1\AppData\Local\Temp\ccJNmFAP.ltrans9.ltrans.o
                0x0000000004001c40                u8ScanBeaconsSeen.145837
 *fill*         0x0000000004001c41        0x3 00
 .bss           0x0000000004001c44       0x1c C:\Users\1\AppData\Local\Temp\ccJNmFAP.ltrans10.ltrans.o
 .bss           0x0000000004001c60      0x1d0 C:\Users\1\AppData\Local\Temp\ccJNmFAP.ltrans11.ltrans.o
 .bss           0x0000000004001e30        0x4 C:\Users\1\AppData\Local\Temp\ccJNmFAP.ltrans12.ltrans.o
                0x0000000004001e30                s_psCurrentTask.56439
 .bss           0x0000000004001e34       0x18 C:\Users\1\AppData\Local\Temp\ccJNmFAP.ltrans13.ltrans.o
                0x0000000004001e34                s_psVsMcpsDcfmInd.77909
                0x0000000004001e38                s_psMacDcfmInd.77908
                0x0000000004001e3c                sMiniMacPhyPib