Archive member included because of file (symbol)

c:/NXP/bstudio_nxp/workspace/sdk/JN-SW-4168/Components/Library\libOS_JN516x.a(os.o)
                              os_gen.o (symbol from plugin) (os_vStart)
c:/NXP/bstudio_nxp/workspace/sdk/JN-SW-4168/Components/Library\libOS_JN516x.a(os_contirq_JN516x.o)
                              os_irq.o (os_UnclaimedException_W)
c:/NXP/bstudio_nxp/workspace/sdk/JN-SW-4168/Components/Library\libPWRM_JN516x.a(pwrm.o)
                              app_start_CIE.o (symbol from plugin) (PWRM_vInit)
c:/NXP/bstudio_nxp/workspace/sdk/JN-SW-4168/Components/Library\libPWRM_JN516x.a(pwrm_setjmp_JN516x.o)
                              pwrm.o (symbol from plugin) (setjmp)
c:/NXP/bstudio_nxp/workspace/sdk/JN-SW-4168/Components/Library\libPWRM_JN516x.a(pwrm_cold_start.o)
                              (AppColdStart)
c:/NXP/bstudio_nxp/workspace/sdk/JN-SW-4168/Components/Library\libPWRM_JN516x.a(pwrm_warm_start.o)
                              (AppWarmStart)
c:/NXP/bstudio_nxp/workspace/sdk/JN-SW-4168/Components/Library\libPDUM_JN516x.a(pdum_nwk.o)
                              pdum_gen.o (symbol from plugin) (pdum_vNPduInit)
c:/NXP/bstudio_nxp/workspace/sdk/JN-SW-4168/Components/Library\libPDUM_JN516x.a(pdum_apl.o)
                              appZdpExtraction.o (symbol from plugin) (PDUM_u16APduInstanceReadNBO)
c:/NXP/bstudio_nxp/workspace/sdk/JN-SW-4168/Components/Library\libPDUM_JN516x.a(pdum.o)
                              pdum_nwk.o (symbol from plugin) (PDUM_u16SizeNBO)
c:/NXP/bstudio_nxp/workspace/sdk/JN-SW-4168/Components/Library\libZPSAPL_JN516x.a(zps_apl_af.o)
                              zha_CIE_node.o (symbol from plugin) (ZPS_eAplAfInit)
c:/NXP/bstudio_nxp/workspace/sdk/JN-SW-4168/Components/Library\libZPSAPL_JN516x.a(zps_apl_af_apsde.o)
                              zps_gen.o (symbol from plugin) (zps_vHandleApsdeDataFragInd)
c:/NXP/bstudio_nxp/workspace/sdk/JN-SW-4168/Components/Library\libZPSAPL_JN516x.a(zps_apl_task.o)
                              zps_apl_af_apsde.o (symbol from plugin) (zps_vAplAfPostEvent)
c:/NXP/bstudio_nxp/workspace/sdk/JN-SW-4168/Components/Library\libZPSAPL_JN516x.a(zps_apl_apsde.o)
                              zps_apl_task.o (symbol from plugin) (ZPS_vAplRegisterApsdeDcfmIndCallbacks)
c:/NXP/bstudio_nxp/workspace/sdk/JN-SW-4168/Components/Library\libZPSAPL_JN516x.a(zps_apl_apsme.o)
                              zps_apl_task.o (symbol from plugin) (ZPS_vAplRegisterApsmeDcfmIndCallbacks)
c:/NXP/bstudio_nxp/workspace/sdk/JN-SW-4168/Components/Library\libZPSAPL_JN516x.a(zps_apl_aps_nlde.o)
                              zps_gen.o (symbol from plugin) (zps_vHandleExtendedDataAckFrame)
c:/NXP/bstudio_nxp/workspace/sdk/JN-SW-4168/Components/Library\libZPSAPL_JN516x.a(zps_apl_sec.o)
                              zps_apl_task.o (symbol from plugin) (zps_psFindKeyDescr)
c:/NXP/bstudio_nxp/workspace/sdk/JN-SW-4168/Components/Library\libZPSAPL_JN516x.a(zps_apl_aib.o)
                              haEzJoin.o (symbol from plugin) (zps_psAplAibGetAib)
c:/NXP/bstudio_nxp/workspace/sdk/JN-SW-4168/Components/Library\libZPSAPL_JN516x.a(zps_apl_zdo_nwkmanager.o)
                              zps_apl_apsme.o (symbol from plugin) (zps_vAplSaveRecord)
c:/NXP/bstudio_nxp/workspace/sdk/JN-SW-4168/Components/Library\libZPSAPL_JN516x.a(zps_apl_zdo_handle_zdp_event.o)
                              zps_apl_task.o (symbol from plugin) (zps_bAplZdoHandleZdpEvent)
c:/NXP/bstudio_nxp/workspace/sdk/JN-SW-4168/Components/Library\libZPSAPL_JN516x.a(zps_apl_zdo_trust_center.o)
                              zps_gen.o (symbol from plugin) (zps_vAplTrustCenterInit)
c:/NXP/bstudio_nxp/workspace/sdk/JN-SW-4168/Components/Library\libZPSAPL_JN516x.a(zps_apl_zdo_common.o)
                              zps_apl_zdo_nwkmanager.o (symbol from plugin) (zps_eAplZdoNlmeleaveWrapper)
c:/NXP/bstudio_nxp/workspace/sdk/JN-SW-4168/Components/Library\libZPSAPL_JN516x.a(zps_apl_zdo_group.o)
                              GroupsTableManager.o (symbol from plugin) (zps_eAplZdoGroupEndpointAdd)
c:/NXP/bstudio_nxp/workspace/sdk/JN-SW-4168/Components/Library\libZPSAPL_JN516x.a(zps_apl_zdo_default_server.o)
                              zps_gen.o (symbol from plugin) (zps_vAplZdoDefaultServerInit)
c:/NXP/bstudio_nxp/workspace/sdk/JN-SW-4168/Components/Library\libZPSAPL_JN516x.a(zps_apl_zdo_bind_manager.o)
                              app_zone_client.o (symbol from plugin) (zps_eAplZdoBind)
c:/NXP/bstudio_nxp/workspace/sdk/JN-SW-4168/Components/Library\libZPSAPL_JN516x.a(zps_apl_mac_isr.o)
                              zps_apl_task.o (symbol from plugin) (u32DataQueueCount)
c:/NXP/bstudio_nxp/workspace/sdk/JN-SW-4168/Components/Library\libZPSAPL_JN516x.a(zps_apl_zdo_end_device_bind_server.o)
                              zps_gen.o (symbol from plugin) (zps_vAplZdoEndDeviceBindServerInit)
c:/NXP/bstudio_nxp/workspace/sdk/JN-SW-4168/Components/Library\libZPSAPL_JN516x.a(zps_apl_zdo_nwk_addr_server.o)
[...]
Memory Configuration

Name             Origin             Length             Attributes
flash            0x0000000000080000 0x0000000000080000
ram              0x000000000400004c 0x0000000000007fb4
*default*        0x0000000000000000 0xffffffffffffffff

Linker script and memory map

                0x0000000000001388                __stack_size = 0x1388
                0x00000000000007d0                __minimum_heap_size = 0x7d0
START GROUP
LOAD os_gen.o
LOAD C:\Users\1\AppData\Local\Temp\cc64Kubn.ltrans0.ltrans.o
LOAD C:\Users\1\AppData\Local\Temp\cc64Kubn.ltrans1.ltrans.o
LOAD C:\Users\1\AppData\Local\Temp\cc64Kubn.ltrans2.ltrans.o
LOAD C:\Users\1\AppData\Local\Temp\cc64Kubn.ltrans3.ltrans.o
LOAD C:\Users\1\AppData\Local\Temp\cc64Kubn.ltrans4.ltrans.o
LOAD C:\Users\1\AppData\Local\Temp\cc64Kubn.ltrans5.ltrans.o
LOAD C:\Users\1\AppData\Local\Temp\cc64Kubn.ltrans6.ltrans.o
LOAD C:\Users\1\AppData\Local\Temp\cc64Kubn.ltrans7.ltrans.o
LOAD C:\Users\1\AppData\Local\Temp\cc64Kubn.ltrans8.ltrans.o
LOAD C:\Users\1\AppData\Local\Temp\cc64Kubn.ltrans9.ltrans.o
LOAD C:\Users\1\AppData\Local\Temp\cc64Kubn.ltrans10.ltrans.o
LOAD C:\Users\1\AppData\Local\Temp\cc64Kubn.ltrans11.ltrans.o
LOAD C:\Users\1\AppData\Local\Temp\cc64Kubn.ltrans12.ltrans.o
LOAD C:\Users\1\AppData\Local\Temp\cc64Kubn.ltrans13.ltrans.o
LOAD C:\Users\1\AppData\Local\Temp\cc64Kubn.ltrans14.ltrans.o
LOAD C:\Users\1\AppData\Local\Temp\cc64Kubn.ltrans15.ltrans.o
LOAD C:\Users\1\AppData\Local\Temp\cc64Kubn.ltrans16.ltrans.o
LOAD C:\Users\1\AppData\Local\Temp\cc64Kubn.ltrans17.ltrans.o
LOAD C:\Users\1\AppData\Local\Temp\cc64Kubn.ltrans18.ltrans.o
LOAD C:\Users\1\AppData\Local\Temp\cc64Kubn.ltrans19.ltrans.o
LOAD C:\Users\1\AppData\Local\Temp\cc64Kubn.ltrans20.ltrans.o
LOAD C:\Users\1\AppData\Local\Temp\cc64Kubn.ltrans21.ltrans.o
LOAD C:\Users\1\AppData\Local\Temp\cc64Kubn.ltrans22.ltrans.o
LOAD C:\Users\1\AppData\Local\Temp\cc64Kubn.ltrans23.ltrans.o
LOAD C:\Users\1\AppData\Local\Temp\cc64Kubn.ltrans24.ltrans.o
LOAD C:\Users\1\AppData\Local\Temp\cc64Kubn.ltrans25.ltrans.o
LOAD C:\Users\1\AppData\Local\Temp\cc64Kubn.ltrans26.ltrans.o
LOAD C:\Users\1\AppData\Local\Temp\cc64Kubn.ltrans27.ltrans.o
LOAD C:\Users\1\AppData\Local\Temp\cc64Kubn.ltrans28.ltrans.o
LOAD C:\Users\1\AppData\Local\Temp\cc64Kubn.ltrans29.ltrans.o
LOAD C:\Users\1\AppData\Local\Temp\cc64Kubn.ltrans30.ltrans.o
LOAD C:\Users\1\AppData\Local\Temp\cc64Kubn.ltrans31.ltrans.o
LOAD c:/nxp/bstudio_nxp/workspace/sdk/tools/ba-elf-ba2-r36379/bin/../lib/gcc/ba-elf/4.7.4/../../../../ba-elf/lib/mcpu_jn51xx_sizeopt\libc.a
LOAD c:/nxp/bstudio_nxp/workspace/sdk/tools/ba-elf-ba2-r36379/bin/../lib/gcc/ba-elf/4.7.4/mcpu_jn51xx_sizeopt\libgcc.a
LOAD c:/nxp/bstudio_nxp/workspace/sdk/tools/ba-elf-ba2-r36379/bin/../lib/gcc/ba-elf/4.7.4/../../../../ba-elf/lib/mcpu_jn51xx_sizeopt\libc.a
LOAD os_irq.o
LOAD os_irq_alignment.o
LOAD os_irq_buserror.o
LOAD os_irq_illegalinstruction.o
LOAD os_irq_stackoverflowexception.o
LOAD os_irq_unimplementedmodule.o
LOAD os_irq_visr_systemcontroller.o
LOAD pdum_gen.o
LOAD pdum_apdu.o
LOAD zps_gen.o
LOAD app_timer_driver.o
LOAD app_exceptions.o
LOAD app_pdm.o
LOAD haEzJoin.o
LOAD app_zbp_utilities.o
LOAD app_buttons.o
LOAD app_zone_client.o
LOAD appZdpExtraction.o
LOAD appZpsBeaconHandler.o
LOAD app_CIE_save.o
LOAD app_start_CIE.o
LOAD zha_CIE_node.o
LOAD app_CIE_uart.o
LOAD ZQueue.o
LOAD app_zcl_CIE_task.o
LOAD app_data_handle.o
LOAD app_cmd_handle.o
LOAD app_data_save_handle.o
LOAD Array_list.o
LOAD Alarms.o
LOAD AlarmsClientCommands.o
LOAD AlarmsCommandHandler.o
LOAD AlarmsServerCommands.o
LOAD AlarmsTableManager.o
LOAD AnalogInputBasic.o
LOAD AnalogOutputBasic.o
LOAD Basic.o
LOAD BasicClientCommands.o
LOAD BasicCommandHandler.o
LOAD BinaryInputBasic.o
LOAD BinaryOutputBasic.o
LOAD Commissioning.o
LOAD DeviceTemperatureConfiguration.o
LOAD Diagnostics.o
LOAD DoorLock.o
LOAD DoorLockCommandHandler.o
LOAD DoorLockCommands.o
LOAD ElectricalMeasurement.o
LOAD Groups.o
LOAD GroupsClientCommands.o
LOAD GroupsCommandHandler.o
LOAD GroupsServerCommands.o
LOAD GroupsTableManager.o
LOAD Identify.o
LOAD IdentifyClientCommands.o
LOAD IdentifyCommandHandler.o
LOAD IdentifyServerCommands.o
LOAD LevelControl.o
LOAD LevelControlClientCommands.o
LOAD LevelControlCommandHandler.o
LOAD MultistateInputBasic.o
LOAD MultistateOutputBasic.o
LOAD OOSC.o
LOAD OnOff.o
LOAD OnOffCommandHandler.o
LOAD OnOffCommands.o
LOAD PollControl.o
LOAD PollControlClientCommands.o
LOAD PollControlCommandHandler.o
LOAD PollControlServerCommands.o
LOAD PowerConfiguration.o
LOAD Scenes.o
LOAD ScenesClientCommands.o
LOAD ScenesClusterManagement.o
LOAD ScenesCommandHandler.o
LOAD ScenesServerCommands.o
LOAD ScenesTableManager.o
LOAD TC.o
LOAD Time.o
LOAD ha.o
LOAD door_lock.o
LOAD door_lock_controller.o
LOAD mains_power_outlet.o
LOAD on_off_output.o
LOAD on_off_switch.o
LOAD plug_control.o
LOAD remote_control.o
LOAD simple_sensor.o
LOAD smart_plug.o
LOAD IASACE.o
LOAD IASACEClientCommands.o
LOAD IASACECommandHandler.o
LOAD IASACEServerCommands.o
LOAD IASWD.o
LOAD IASWDCommandHandler.o
LOAD IASWDCommands.o
LOAD IASZone.o
LOAD IASZoneCommandHandler.o
LOAD IASZoneCommands.o
LOAD ancillary_control_equipment.o
LOAD control_and_indicating_equipment.o
LOAD warning_device.o
LOAD zone.o
LOAD dlist.o
LOAD zcl.o
LOAD zcl_CustomCommandReceive.o
LOAD zcl_CustomCommandSend.o
LOAD zcl_PDUbufferReadWrite.o
LOAD zcl_PDUbufferReadWriteString.o
LOAD zcl_WriteAttributesRequestHandle.o
LOAD zcl_WriteAttributesRequestSend.o
LOAD zcl_WriteAttributesResponseHandle.o
LOAD zcl_attribute.o
LOAD zcl_buffer.o
LOAD zcl_clusterCommand.o
LOAD zcl_command.o
LOAD zcl_configureReportingCommandHandle.o
LOAD zcl_configureReportingCommandSend.o
LOAD zcl_configureReportingResponseHandle.o
LOAD zcl_defaultResponse.o
LOAD zcl_discoverAttributesExtendedRequestHandle.o
LOAD zcl_discoverAttributesExtendedRequestSend.o
LOAD zcl_discoverAttributesExtendedResponseHandle.o
LOAD zcl_discoverAttributesRequestHandle.o
LOAD zcl_discoverAttributesRequestSend.o
LOAD zcl_discoverAttributesResponseHandle.o
LOAD zcl_discoverCommandsRequestHandle.o
LOAD zcl_discoverCommandsRequestSend.o
LOAD zcl_discoverCommandsResponseHandle.o
LOAD zcl_event.o
LOAD zcl_heap.o
LOAD zcl_library_options.o
LOAD zcl_readAttributesRequestHandle.o
LOAD zcl_readAttributesRequestSend.o
LOAD zcl_readAttributesResponseHandle.o
LOAD zcl_readReportingConfigurationCommandHandle.o
LOAD zcl_readReportingConfigurationCommandSend.o
LOAD zcl_readReportingConfigurationResponseHandle.o
LOAD zcl_reportManager.o
LOAD zcl_reportMaths.o
LOAD zcl_reportScheduler.o
LOAD zcl_reportStringHandling.o
LOAD zcl_reportStructure.o
LOAD zcl_search.o
LOAD zcl_timer.o
LOAD zcl_transmit.o
LOAD c:/NXP/bstudio_nxp/workspace/sdk/JN-SW-4168/Components/Library\libZPSMAC_Mini_JN516x.a
LOAD c:/NXP/bstudio_nxp/workspace/sdk/JN-SW-4168/Components/Library\libOS_JN516x.a
LOAD c:/NXP/bstudio_nxp/workspace/sdk/JN-SW-4168/Components/Library\libPWRM_JN516x.a
LOAD c:/NXP/bstudio_nxp/workspace/sdk/JN-SW-4168/Components/Library\libZPSTSV_JN516x.a
LOAD c:/NXP/bstudio_nxp/workspace/sdk/JN-SW-4168/Components/Library\libAES_SW_JN516x.a
LOAD c:/NXP/bstudio_nxp/workspace/sdk/JN-SW-4168/Components/Library\libPDUM_JN516x.a
LOAD c:/NXP/bstudio_nxp/workspace/sdk/JN-SW-4168/Components/Library\libZPSAPL_JN516x.a
LOAD c:/NXP/bstudio_nxp/workspace/sdk/JN-SW-4168/Components/Library\libRandom_JN516x.a
LOAD c:/NXP/bstudio_nxp/workspace/sdk/JN-SW-4168/Components/Library\libPDM_EEPROM_JN516x.a
LOAD c:/NXP/bstudio_nxp/workspace/sdk/JN-SW-4168/Components/Library\libDBG_JN516x.a
LOAD c:/NXP/bstudio_nxp/workspace/sdk/JN-SW-4168/Components/Library\libZPSGP_JN516x.a
LOAD c:/NXP/bstudio_nxp/workspace/sdk/JN-SW-4168/Components/Library\libZPSZLL_JN516x.a
LOAD c:/NXP/bstudio_nxp/workspace/sdk/JN-SW-4168/Components/Library\libZPSNWK_JN516x.a
LOAD c:/NXP/bstudio_nxp/workspace/sdk/JN-SW-4168/Components/Library\libMiniMac_JN5169.a
LOAD c:/NXP/bstudio_nxp/workspace/sdk/JN-SW-4168/Components/Library\libMiniMacShim_JN516x.a
LOAD c:/NXP/bstudio_nxp/workspace/sdk/JN-SW-4168/Components/Library\libMMAC_JN5169.a
LOAD c:/NXP/bstudio_nxp/workspace/sdk/JN-SW-4168/Components/Library\libJPT_JN5169.a
LOAD c:/NXP/bstudio_nxp/workspace/sdk/JN-SW-4168/Components/Library\libAes_JN516x.a
LOAD c:/NXP/bstudio_nxp/workspace/sdk/JN-SW-4168/Components/Library\libHardwareApi_JN5169.a
LOAD c:/NXP/bstudio_nxp/workspace/sdk/JN-SW-4168/Components/Library\libMicroSpecific_JN516x.a
LOAD c:/NXP/bstudio_nxp/workspace/sdk/JN-SW-4168/Components/Library\libBoot_JN516x.a
LOAD c:/NXP/bstudio_nxp/workspace/sdk/JN-SW-4168/Platform/DK4/Library\libBoardLib_JN516x.a
LOAD c:/nxp/bstudio_nxp/workspace/sdk/tools/ba-elf-ba2-r36379/bin/../lib/gcc/ba-elf/4.7.4/../../../../ba-elf/lib/mcpu_jn51xx_sizeopt\libm.a
END GROUP
LOAD c:/nxp/bstudio_nxp/workspace/sdk/tools/ba-elf-ba2-r36379/bin/../lib/gcc/ba-elf/4.7.4/../../../../ba-elf/lib/mcpu_jn51xx_sizeopt\libc.a
LOAD c:/nxp/bstudio_nxp/workspace/sdk/tools/ba-elf-ba2-r36379/bin/../lib/gcc/ba-elf/4.7.4/mcpu_jn51xx_sizeopt\libgcc.a
LOAD c:/nxp/bstudio_nxp/workspace/sdk/tools/ba-elf-ba2-r36379/bin/../lib/gcc/ba-elf/4.7.4/../../../../ba-elf/lib/mcpu_jn51xx_sizeopt\libc.a
                0x0000000000080038                exception_vsr_table = 0x80038
                0x0000000004000000                pSPIflashFncTable = 0x4000000
                0x0000000000000044                restore_state = 0x44
                0x000000000000004a                bZSPIWaitWIPClear = 0x4a
                0x0000000000000050                u16ZSPIflashRDID = 0x50
                0x0000000000000056                u8SelectFlashChipType = 0x56
                0x000000000000005c                memcpy = 0x5c
                0x0000000000000066                vBootFlashProg = 0x66
                [0x00000000000007d0]                __minimum_heap_size = DEFINED (__minimum_heap_size)?__minimum_heap_size:0xd16
                [0x0000000000001388]                __stack_size = DEFINED (__stack_size)?__stack_size:0x800
                0x0000000000000000                _SwConfig = (DEFINED (g_bSWConf_Debug) | (DEFINED (g_bSWConf_AltDebugPort) << 0x1))

.version        0x000000000007fffc        0x4
                0x000000000007fffc        0x4 LONG 0xf03000b

.bir            0x0000000000080000       0x10
                0x0000000000080000                _flash_start = ABSOLUTE (.)
                0x0000000000080000                _flash_beg = ABSOLUTE (.)
                0x0000000000080000        0x4 LONG 0x12345678
                0x0000000000080004        0x4 LONG 0x11223344
                0x0000000000080008        0x4 LONG 0x55667788
                0x000000000008000c        0x1 BYTE 0x8
                0x000000000008000d        0x1 BYTE 0x1
                0x000000000008000e        0x2 SHORT 0x0

.flashheader    0x0000000000080010       0x28
                0x0000000000080010        0x4 LONG 0x0
                0x0000000000080014        0x4 LONG 0x0
                0x0000000000080018        0x4 LONG 0x0
                0x000000000008001c        0x2 SHORT 0x0
                0x000000000008001e        0x2 SHORT 0x0 ABSOLUTE (_SwConfig)
                0x0000000000080020                _enc_start = ABSOLUTE (.)
                0x0000000000080020        0x4 LONG 0x2573c ABSOLUTE (_image_len)
                0x0000000000080024        0x4 LONG 0xa4f10 ABSOLUTE (_flash_data_start)
                0x0000000000080028        0x2 SHORT 0x13 ((ABSOLUTE (_ram_data_start) / 0x4) & 0xffff)
                0x000000000008002a        0x2 SHORT 0x20b ((ABSOLUTE (_ram_data_len) / 0x4) & 0xffff)
                0x000000000008002c        0x2 SHORT 0x21e ((ABSOLUTE (_bss_start) / 0x4) & 0xffff)
                0x000000000008002e        0x2 SHORT 0x1191 ((ABSOLUTE (_bss_len) / 0x4) & 0xffff)
                0x0000000000080030        0x4 LONG 0xa3adc ABSOLUTE (AppWarmStart)
                0x0000000000080034        0x4 LONG 0xa3af6 ABSOLUTE (AppColdStart)
                0x0000000000000000                _enc_offset = (_enc_start & 0xf)

.ro_mac_address
                0x0000000000080040        0x0
                0x0000000000080040                _FlsMACAddress = ABSOLUTE (.)
 *(.ro_mac_address)
                0x0000000000080040                . = ALIGN (0x10)

.ro_ota_header  0x0000000000080040        0x0
                0x0000000000080040                _FlsOtaHeader = ABSOLUTE (.)
 *(.ro_ota_header)
                0x0000000000080040                . = ALIGN (0x10)

.ro_se_lnkKey   0x0000000000080040        0x0
                0x0000000000080040                _FlsLinkKey = ABSOLUTE (.)
 *(.ro_se_lnkKey)
                0x0000000000080040                . = ALIGN (0x10)

.rodata         0x0000000000080038     0x153f
 *(.rodata*)
 .rodata.str1.1
                0x0000000000080038       0x8f C:\Users\1\AppData\Local\Temp\cc64Kubn.ltrans0.ltrans.o
 *fill*         0x00000000000800c7        0x1 00
 .rodata        0x00000000000800c8       0x58 C:\Users\1\AppData\Local\Temp\cc64Kubn.ltrans0.ltrans.o
                0x00000000000800c8                g_psGreenPowerContext
                0x00000000000800cc                gMAC_u8MaxBuffers
                0x00000000000800d0                g_u32ApsFcSaveCountBitShift
                0x00000000000800d4                u8MaxZpsConfigEp
                0x00000000000800d5                au8EpMapPresent
                0x00000000000800d8                s_groupPdmTable
 .rodata.str1.1
                0x0000000000080120      0x351 C:\Users\1\AppData\Local\Temp\cc64Kubn.ltrans2.ltrans.o
                                        0x370 (size before relaxing)
 .rodata        0x0000000000080471       0x10 C:\Users\1\AppData\Local\Temp\cc64Kubn.ltrans2.ltrans.o
 *fill*         0x0000000000080481        0x3 00
 .rodata        0x0000000000080484       0x10 C:\Users\1\AppData\Local\Temp\cc64Kubn.ltrans3.ltrans.o
 .rodata.str1.1
                0x0000000000080494      0x181 C:\Users\1\AppData\Local\Temp\cc64Kubn.ltrans4.ltrans.o
 .rodata        0x0000000000080615        0x6 C:\Users\1\AppData\Local\Temp\cc64Kubn.ltrans4.ltrans.o
 *fill*         0x000000000008061b        0x1 00
 .rodata        0x000000000008061c       0x40 C:\Users\1\AppData\Local\Temp\cc64Kubn.ltrans5.ltrans.o
 .rodata.str1.1
                0x0000000000000000      0x181 C:\Users\1\AppData\Local\Temp\cc64Kubn.ltrans5.ltrans.o
                                          0x8 (size before relaxing)
 .rodata.str1.1
                0x000000000008065c       0x22 C:\Users\1\AppData\Local\Temp\cc64Kubn.ltrans6.ltrans.o
                                         0x37 (size before relaxing)
 .rodata.str1.1
                0x000000000008067e        0xa C:\Users\1\AppData\Local\Temp\cc64Kubn.ltrans7.ltrans.o
 .rodata.str1.1
                0x0000000000000000        0xa C:\Users\1\AppData\Local\Temp\cc64Kubn.ltrans8.ltrans.o
                                          0x3 (size before relaxing)
 .rodata.str1.1
                0x0000000000080688        0x6 C:\Users\1\AppData\Local\Temp\cc64Kubn.ltrans9.ltrans.o
                                          0xe (size before relaxing)
 .rodata        0x000000000008068e       0x6b C:\Users\1\AppData\Local\Temp\cc64Kubn.ltrans9.ltrans.o
 .rodata.str1.1
                0x00000000000806f9        0x5 C:\Users\1\AppData\Local\Temp\cc64Kubn.ltrans10.ltrans.o
                                         0x17 (size before relaxing)
 .rodata.str1.1
                0x00000000000806fe        0xb C:\Users\1\AppData\Local\Temp\cc64Kubn.ltrans11.ltrans.o
                                         0x10 (size before relaxing)
 .rodata.str1.1
                0x0000000000080709       0x10 C:\Users\1\AppData\Local\Temp\cc64Kubn.ltrans12.ltrans.o
                                         0x32 (size before relaxing)
 .rodata.str1.1
                0x0000000000000000       0x10 C:\Users\1\AppData\Local\Temp\cc64Kubn.ltrans13.ltrans.o
                                          0x8 (size before relaxing)
 .rodata.str1.1
                0x0000000000000000       0x10 C:\Users\1\AppData\Local\Temp\cc64Kubn.ltrans14.ltrans.o
                                          0x4 (size before relaxing)
 .rodata        0x0000000000080719        0x6 C:\Users\1\AppData\Local\Temp\cc64Kubn.ltrans14.ltrans.o
 .rodata.str1.1
                0x000000000008071f       0x3a C:\Users\1\AppData\Local\Temp\cc64Kubn.ltrans16.ltrans.o
                                         0x6a (size before relaxing)
 .rodata.str1.1
                0x0000000000000000        0x3 C:\Users\1\AppData\Local\Temp\cc64Kubn.ltrans17.ltrans.o
 .rodata.str1.1
                0x0000000000000000        0x4 C:\Users\1\AppData\Local\Temp\cc64Kubn.ltrans18.ltrans.o
 .rodata.str1.1
                0x0000000000080759      0x258 C:\Users\1\AppData\Local\Temp\cc64Kubn.ltrans19.ltrans.o
 *fill*         0x00000000000809b1        0x3 00
 .rodata        0x00000000000809b4       0x1c C:\Users\1\AppData\Local\Temp\cc64Kubn.ltrans19.ltrans.o
                0x00000000000809c8                psAplDefaultZLLAPSLinkKey
                0x00000000000809cc                Frame_Seq
 .rodata.str1.1
                0x0000000000000000        0x6 C:\Users\1\AppData\Local\Temp\cc64Kubn.ltrans20.ltrans.o
 .rodata.str1.1
                0x0000000000000000        0x6 C:\Users\1\AppData\Local\Temp\cc64Kubn.ltrans21.ltrans.o
 .rodata        0x00000000000809d0       0x4c C:\Users\1\AppData\Local\Temp\cc64Kubn.ltrans21.ltrans.o
                0x00000000000809d0                g_u32NwkFcSaveCountBitShift
 .rodata.str1.1
                0x0000000000080a1c       0x14 C:\Users\1\AppData\Local\Temp\cc64Kubn.ltrans22.ltrans.o
                                         0x2c (size before relaxing)
 .rodata        0x0000000000080a30      0x164 C:\Users\1\AppData\Local\Temp\cc64Kubn.ltrans22.ltrans.o
                0x0000000000080a30                s_aprIdleStHandleCme.144443
                0x0000000000080a44                s_aprActvStHandleCme.140575
                0x0000000000080a68                bResolvedConflictAllowed
                0x0000000000080a6c                u32ScanAttemptDelayTime
                0x0000000000080a70                g_bStopZdpAcks
 .rodata.str1.1
                0x0000000000080b94        0x6 C:\Users\1\AppData\Local\Temp\cc64Kubn.ltrans24.ltrans.o
 *fill*         0x0000000000080b9a        0x2 00
 .rodata        0x0000000000080b9c       0x18 C:\Users\1\AppData\Local\Temp\cc64Kubn.ltrans24.ltrans.o
                0x0000000000080b9c                au32NwkPdmRecordOffsets
 .rodata.str1.1
                0x0000000000080bb4      0x132 C:\Users\1\AppData\Local\Temp\cc64Kubn.ltrans25.ltrans.o
                                        0x136 (size before relaxing)
 *fill*         0x0000000000080ce6        0x2 00
 .rodata        0x0000000000080ce8      0x318 C:\Users\1\AppData\Local\Temp\cc64Kubn.ltrans26.ltrans.o
                0x0000000000080ce8                gu32ZCLVersion
                0x0000000000080cec                OS_g_u32Version
                0x0000000000080cf0                PDUM_g_u32Version
                0x0000000000080cf4                ZPS_g_u32MacVersion
                0x0000000000080cf8                ZPS_g_u32TsvVersion
 .rodata.str1.1
                0x0000000000081000        0x5 C:\Users\1\AppData\Local\Temp\cc64Kubn.ltrans27.ltrans.o
                                         0x2a (size before relaxing)
 .rodata.str1.1
                0x0000000000000000        0x5 C:\Users\1\AppData\Local\Temp\cc64Kubn.ltrans28.ltrans.o
                                          0x4 (size before relaxing)
 *fill*         0x0000000000081005        0x3 00
 .rodata        0x0000000000081008       0x8c C:\Users\1\AppData\Local\Temp\cc64Kubn.ltrans29.ltrans.o
                0x0000000000081008                s_apsStSceTbl.134462
                0x000000000008101c                bRxOnOptimisationTurnedOff
                0x0000000000081020                zps_sJoinSceTbl
                0x000000000008102c                zps_sActvSceTbl
 .rodata.str1.1
                0x0000000000081094       0xb2 C:\Users\1\AppData\Local\Temp\cc64Kubn.ltrans30.ltrans.o
 *fill*         0x0000000000081146        0x2 00
 .rodata        0x0000000000081148      0x41c C:\Users\1\AppData\Local\Temp\cc64Kubn.ltrans30.ltrans.o
                0x0000000000081148                zps_g_pvApl
                0x000000000008114c                au32UartAddrOffset
                0x0000000000081154                pwrm_psWakeupCallbacks
 .rodata.str1.1
                0x0000000000081564       0x13 C:\Users\1\AppData\Local\Temp\cc64Kubn.ltrans31.ltrans.o

.text           0x0000000000081578    0x23996
 *(.text*)
 .text          0x0000000000081578     0x1fa4 C:\Users\1\AppData\Local\Temp\cc64Kubn.ltrans0.ltrans.o
                0x0000000000081578                vInitialiseApp.6601
                0x0000000000081578                APP_TIMER_Version_1v0
 .text          0x000000000008351c     0x1790 C:\Users\1\AppData\Local\Temp\cc64Kubn.ltrans1.ltrans.o
                0x000000000008351c                vZCL_EventHandler
 .text          0x0000000000084cac     0x15e0 C:\Users\1\AppData\Local\Temp\cc64Kubn.ltrans2.ltrans.o
                0x0000000000084cac                os_vAPP_taskCIE
 .text          0x000000000008628c     0x154a C:\Users\1\AppData\Local\Temp\cc64Kubn.ltrans3.ltrans.o
                0x000000000008628c                DBG_vUartFlush
                0x00000000000862b9                os_u32APP_cbGetTickTimer
                0x00000000000862c2                os_bAPP_cbSetTickTimerCompare
                0x000000000008631e                eCLD_BasicCommandHandler
                0x0000000000086494                vMiniMac_NextTransaction
                0x000000000008653b                DBG_vUartPutch
                0x000000000008656d                iPDM_SearchForBufferIdInList
                0x00000000000865a2                iPDM_SearchForSpecificSegmentInList
                0x00000000000865d4                psGetTxFrameBuffer
                0x0000000000086613                psGetAndBuildCoordRealignment
                0x000000000008666b                MAC_vPibSetRxOnWhenIdle.constprop.132
                0x0000000000086673                eTransmit
                0x0000000000086750                eBuildAndSend.151369
                0x00000000000867c5                vMiniMac_TxComplete
                0x00000000000868ac                vTimerFired
                0x0000000000086964                vMiniMac_Init
                0x0000000000086d16                vDispatch.56673
                0x0000000000086de8                OS_eStartSWTimer.constprop.146
                0x0000000000086f07                OS_eContinueSWTimer.constprop.15
                0x0000000000086fe8                OS_eStopSWTimer
                0x000000000008710b                HalUARTRead.isra.1.part.2.7543
                0x00000000000871c5                vStartStopTimer
                0x00000000000871f0                OS_ePostMessage
                0x0000000000087356                OS_eExitCriticalSection
                0x000000000008743b                OS_eActivateTask
                0x00000000000874d6                vPostMlmeDcfmInd.76957
                0x0000000000087579                PWRM_vWakeInterruptCallback
                0x0000000000087600                iPDM_ReadUserDataFromEEPROMsegment
                0x000000000008767a                iPDM_ReCalculateWearCountAndChecksumAndWriteFileSystemHeader
                0x00000000000876c4                vPDM_SetEEPROMandFileSystemValidState
                0x00000000000876eb                iPDM_ReadUserDataFromFileSystemRecord
                0x000000000008770b                iPDM_ReadSegmentHeaderDataFromEEPROMsegment
                0x0000000000087764                u16ZCL_WriteAttributeValueIntoBuffer
 *fill*         0x00000000000877d6        0x2 00
 .text          0x00000000000877d8     0x12b4 C:\Users\1\AppData\Local\Temp\cc64Kubn.ltrans4.ltrans.o
                0x000000000008780e                os_vAPP_cbDisableTickTimer
                0x0000000000087852                DBG_iUartGetChar
                0x00000000000878a2                os_vAPP_cbEnableTickTimer
                0x0000000000087922                vRetryCcaFailure
                0x0000000000087976                eOrphanNotificationSent.151361
                0x00000000000879bf                bHasTimerFired.53954
                0x0000000000087a29                eZCL_SetReceiveEventAddressStructure
                0x0000000000087aa8                eCLD_IASWDCommandHandler
                0x0000000000087af5                dbg_vPrintfImplNoneVerbose
                0x0000000000087f7c                vOSError
                0x0000000000087fd3                os_vAPP_ButtonsScanTask
                0x0000000000088021                APP_ZCL_cbGeneralCallback.8661
                0x00000000000880b4                DBG_vDumpStack
                0x00000000000880f6                vUnclaimedInterrupt
                0x000000000008810b                ZPS_bSecEncrypt
                0x00000000000882b7                eZCL_SearchForClusterEntry
                0x000000000008832c                eZCL_FindCluster.constprop.101
                0x0000000000088375                eCLD_IASACEGetZoneTableEntry
                0x00000000000883cd                eCLD_IASACEGetZoneParameter.constprop.87
                0x00000000000884e4                eCLD_IASACEGetEnrolledZones.part.1.29268
                0x0000000000088545                eCLD_IASACEGetPanelParameter.part.2.29273.constprop.90
                0x000000000008859b                eZCL_BuildTransmitAddressStructure
                0x0000000000088608                vAHI_UartConfigureFIFOs.part.5.153421
                0x0000000000088678                DBG_vUartInitHardware
                0x000000000008874a                ZPS_bSecDecrypt
                0x0000000000088837                fCJP_Tx_Coor
                0x00000000000888fb                vDLISTaddToHead
                0x0000000000088924                vDLISTaddToTail
                0x0000000000088947                psDLISTremove
                0x00000000000889a9                eZCL_SearchForAttributeEntry
                0x0000000000088a42                iPDM_SearchForBufferIdInFileSystem
                0x0000000000088a56                iPDM_ReadUserDataFromSegmentWithId
 .text          0x0000000000088a8c     0x1568 C:\Users\1\AppData\Local\Temp\cc64Kubn.ltrans5.ltrans.o
                0x0000000000088b2f                vMMAC_IntHandlerBbc
                0x0000000000088b49                eBasicTxCompleteHandler
                0x0000000000088b4e                vTxRxTimeout.150589
                0x0000000000088bab                eSmeAcScBeaconInd.142538
                0x0000000000088c07                eSmeASFlBeaconInd.142373
                0x0000000000088c29                eSmeUDNTScanDcfm.141823
                0x0000000000088c45                vPermitJoinHandleExpiry.137374
                0x0000000000088cb9                zps_eNwkHandleSmePollDcfm
                0x0000000000088ce3                eLeaveDataDcfmRemoteLeave.147120
                0x0000000000088d2c                eSmeGenlScanDcfm.142365
                0x0000000000088d8a                eRouteRequestDataDcfm.138546
                0x0000000000088dde                eNldeDataDcfm.136381
                0x0000000000088e0e                eSmeEdScScanDcfm.142361
                0x0000000000088fb5                eSmeAcScBeaconInd.142381
                0x00000000000890bd                eSmeUDNTBeaconInd.142357
                0x00000000000890e0                pvZCL_HeapAlloc.part.0.48228.constprop.59
                0x0000000000089119                u16AHI_UartBlockWriteData.part.13.153339.constprop.26
                0x0000000000089156                vMiniMac_ReturnTxBufferCallback
                0x0000000000089168                vEnableReceive.150593
                0x00000000000891a2                pvHeap_Alloc
                0x00000000000891a5                vMicroIntRestoreState
                0x00000000000891b1                bAHI_WriteEEPROMfixSegmentData
                0x000000000008920f                bAHI_InitialiseEEPROM
                0x0000000000089257                vAHI_ReadDataFromEEPROMregister
                0x0000000000089284                vAHI_WriteDataIntoEEPROMregister
                0x00000000000892b4                iPDM_WriteSegmentHeaderDataIntoEEPROMsegment
                0x00000000000892e3                u8AHI_WakeTimerFiredStatus
                0x00000000000892f7                vAHI_WakeTimerStop.part.3.153568
                0x0000000000089317                vAHI_UartWriteData
                0x0000000000089333                vAHI_UartReset.part.4.153322
                0x000000000008936b                vAHI_UartSetBaudDivisor.part.1.153302
                0x00000000000893aa                vAHI_OptimiseWaitStates
                0x00000000000893f6                bAHI_GetClkSource
                0x0000000000089403                vAHI_SwReset
                0x0000000000089433                vAHI_DioSetOutput
                0x0000000000089447                vEcbEncodeStripe.152777
                0x000000000008949e                bACI_WriteKey
                0x00000000000895dd                AESSW_vHMAC_MMO.constprop.107
                0x0000000000089675                vRadioToOff
                0x0000000000089692                vStartReceive
                0x00000000000896ae                MAC_u64GetExtAddr
                0x00000000000896c9                ZPS_u64NwkNibFindExtAddr
                0x0000000000089774                ZPS_u16NwkNibFindNwkAddr
                0x000000000008981a                psSearchForFrameToSend
                0x0000000000089871                eMiniMac_FrameInProgress
                0x000000000008989c                vRemoveFromTxQueue
                0x00000000000898d8                vAddToTxQueue
                0x000000000008990e                u8GetHeaderSize
                0x0000000000089936                vMiniMac_PLME_SetReq_CcaMode
                0x000000000008994a                vMiniMac_MLME_SetReq_MaxCsmaBackoffs
                0x000000000008996a                vMiniMac_MLME_SetReq_MaxBe
                0x000000000008998d                vMiniMac_MLME_SetReq_MinBe
                0x00000000000899b0                zps_vSendJoinInd
                0x0000000000089a22                zps_psFormatCmdFrameGeneral
                0x0000000000089aaf                zps_eNwkFormStInit
                0x0000000000089ac4                vSendDcfm.143059
                0x0000000000089aea                bCheckMatchingEntry.142533
                0x0000000000089b10                zps_psNwkSlistRemoveFromHead
                0x0000000000089b27                zps_psNwkSlistRemove
                0x0000000000089b5f                zps_bNwkMcpsMgrRemoveDescrFromLists
                0x0000000000089b9d                zps_vNwkSlistAddToTail
                0x0000000000089bb7                ZPS_vNwkSecResetDevice
                0x0000000000089bfc                ZPS_bNwkSecHaveNetworkKey
                0x0000000000089c30                ZPS_bNwkSecFindMatSet
                0x0000000000089c6c                zps_eNwkRtMatch
                0x0000000000089d79                zps_eNwkRctMatchNwkAddr
                0x0000000000089de3                ZPS_u8NwkCalcNldeReqOverhead
                0x0000000000089e1e                zps_vRemoveNextHop
                0x0000000000089ed3                zps_vRemoveRoute
                0x0000000000089f6a                zps_psNwkRtMatchNwkAddr
                0x0000000000089fe0                ZPS_vNwkNibClearDiscoveryNT
 .text.unlikely
                0x0000000000089ff4       0xc8 C:\Users\1\AppData\Local\Temp\cc64Kubn.ltrans5.ltrans.o
                0x000000000008a009                vAHI_MemoryHold.153000
 *fill*         0x000000000008a0bc        0x0 00
 .text          0x000000000008a0bc     0x1418 C:\Users\1\AppData\Local\Temp\cc64Kubn.ltrans6.ltrans.o
                0x000000000008a323                zps_eStartFragmentedTransmission
                0x000000000008a438                vPostNldeDcfmInd.59928
                0x000000000008ae88                eUnfragmentedUnicastTransmission.62498
                0x000000000008b180                zps_eAplApsmeTransportKeyReqRsp.constprop.7
                0x000000000008b303                vHandleZllDeviceJoin
                0x000000000008b362                zps_vAplTrustCenterRequestKey
 .text          0x000000000008b4d4     0x1444 C:\Users\1\AppData\Local\Temp\cc64Kubn.ltrans7.ltrans.o
                0x000000000008b4d4                zps_vNwkHandleCmeRouteDiscoveryReq
                0x000000000008b55a                vMiniMac_MlmeCallback
                0x000000000008b847                vSendMlmeCommStatusFromTxFrame
                0x000000000008b89d                MAC_vHandleMlmeVsReqRsp.constprop.135
                0x000000000008c0c9                vScanBeaconReceived
                0x000000000008c108                vPostDcfm.151380
                0x000000000008c171                vScanNextChannel.151386
                0x000000000008c387                vRunningRxCallback
                0x000000000008c6e0                ZPS_vNwkResetOutgoingFrameCounter
                0x000000000008c734                zps_vAplTrustCenterInit
                0x000000000008c803                zps_vSendExtendedAckDataFrame.59794
 .text          0x000000000008c918     0x1732 C:\Users\1\AppData\Local\Temp\cc64Kubn.ltrans8.ltrans.o
                0x000000000008c918                OS_eEnterCriticalSection
                0x000000000008c9e0                PDUM_hAPduAllocateAPduInstance
                0x000000000008ca54                zps_eAplZdoSendZdpResponse
                0x000000000008ca9d                bSendResponse.95072
                0x000000000008cae0                PDUM_eAPduFreeAPduInstance
                0x000000000008cb63                zps_bAplZdoNodeDescServer
                0x000000000008cccf                zps_bAplZdoSimpleDescServer
                0x000000000008cf30                zps_bAplZdoPowerDescServer
                0x000000000008d04d                zps_bAplZdoActiveEpServer
                0x000000000008d136                zps_bAplZdoSystemServerDiscoveryServer
                0x000000000008d1bf                zps_bAplZdoMgmtLqiServer
                0x000000000008d3eb                zps_bAplZdoMgmtRtgServer
                0x000000000008d531                vReset_StateMachine.79649
                0x000000000008d575                vZdoServersInit.2827
                0x000000000008d6e9                zps_bAplZdoEndDeviceBindServer
                0x000000000008d7a1                PDM_eReadDataFromRecord.part.0.124458
                0x000000000008d824                PDM_eReadDataFromRecord
                0x000000000008d844                vLoadAplRecord.68997
                0x000000000008d872                vLoadNwkRecord.135159
                0x000000000008d8aa                ZPS_eTsvStart
                0x000000000008d905                zps_vAplApsCheckAndStartPollTimer
                0x000000000008d964                zps_eAplZdoBdrmRequestSend
                0x000000000008d9df                zps_eNwkHandleSceNwkUpdate
                0x000000000008da03                vProcessTimedList.134215
                0x000000000008da49                zps_vNwkMcpsMgrPostTimed
                0x000000000008da5c                vNwkMcpsSendTimedDfcm
                0x000000000008daa0                zps_vAplAfPostTimerEvent
                0x000000000008db1c                zps_vExpireOldRoutes
                0x000000000008dba5                zps_vNwkJoinStStartResponseTimer
                0x000000000008dbdf                ZPS_eTsvStop
                0x000000000008dc33                eCopyFragmentToApdu.isra.0.59800
                0x000000000008dd55                zps_vNwkHandleCmePermitJoinReq
                0x000000000008ddbd                zps_eNwkBtrMatch
                0x000000000008deba                zps_vAplApsStopPollTimer
                0x000000000008df49                zps_vFragmentWindowTimeout.59755
                0x000000000008dfaf                zps_vAplApsFragTransmitNotifyApp.62471
 .text          0x000000000008e04a     0x1195 C:\Users\1\AppData\Local\Temp\cc64Kubn.ltrans9.ltrans.o
                0x000000000008e04a                boIdValueSearchMatch.125219
                0x000000000008e0a4                u16ZCL_APduInstanceWriteNBO
                0x000000000008e14e                u16ZCL_WriteCommandHeader
                0x000000000008e1c6                u16ZCL_APduInstanceReadNBO
                0x000000000008e2ab                u16ZCL_ReadCommandHeader.part.0.40834
                0x000000000008e322                u16ZCL_APduInstanceWriteStringNBO
                0x000000000008e3e9                u16ZCL_APduInstanceReadStringNBO
                0x000000000008e4be                eZCL_GetAttributeTypeSizeFromBuffer
                0x000000000008e535                u16ZCL_GetTxPayloadSize
                0x000000000008e56d                u16PDM_CalculateRecordChecksum
                0x000000000008e610                vPDM_WriteFileSystemRecordAndSegmentDataIntoEEPROMsegment
                0x000000000008e64b                u8ZdoBindUnbindServerUnpackApdu
                0x000000000008e69a                u8ZdoEndDeviceBindServerUnpackApdu
                0x000000000008e72a                sEZ_GetDiscEntry.3244
                0x000000000008e76b                ZPS_bIsMacAddressUsedInApsTable
                0x000000000008e821                iPDM_FilterDuplicateAppendedSegmentsOnList.126391
                0x000000000008e865                ZPS_eTsvOpen
                0x000000000008e87f                zps_vNwkBttMgrInit
                0x000000000008e8ad                ZPS_vNwkNibClearTables
                0x000000000008e9ce                vMicroIntEnableOnly.constprop.144
                0x000000000008e9fa                vSetChannelAndPower
                0x000000000008eb9a                vMiniMac_PLME_SetReq_Power
                0x000000000008ebae                vMiniMac_PLME_SetReq_Channel
                0x000000000008ebb6                TSV_eStart
                0x000000000008ec06                vZGPParseMacMcpsData
                0x000000000008ed34                vMiniMac_MLME_SetReq_PanId
                0x000000000008ed71                vMiniMac_MLME_SetReq_ShortAddr
                0x000000000008ed7f                iAHI_WriteDataIntoEEPROMsegment.constprop.126
                0x000000000008edcd                vACI_OptimisedCcmStar.constprop.115
                0x000000000008efb8                u8ZgpCCMStarDecrypt
                0x000000000008f15c                zps_eNwkRtDiscMatch.constprop.112
                0x000000000008f1af                vTransformKey.isra.0.65456
 *fill*         0x000000000008f1df        0x1 00
 .text          0x000000000008f1e0     0x147c C:\Users\1\AppData\Local\Temp\cc64Kubn.ltrans10.ltrans.o
                0x000000000008f450                zps_eNwkHandleSceNwkStatus
                0x000000000008f60f                zps_eNwkHandleSmeAssocInd
                0x000000000008f633                zps_eNwkHandleSceRejnRequest
                0x000000000008f6b4                vSdeHandleMcpsDataInd.134283
                0x0000000000090337                ZPS_vNwkNibCheckAndUpdateAddresses
                0x00000000000903ce                zps_bAplZdoDeviceAnnceServer
 .text          0x000000000009065c     0x14aa C:\Users\1\AppData\Local\Temp\cc64Kubn.ltrans11.ltrans.o
                0x000000000009065c                vIncrementFrameCounterInPdm.isra.0.135593
                0x000000000009083b                vProcessListsForSubmission.134303
                0x0000000000090bc8                zps_vNwkMcpsMgrPost
                0x0000000000090bec                zps_psSendNetworkStatusCmd
                0x0000000000090c59                vSendNetworkReport.133287
                0x0000000000090e45                zps_eNwkHandleSceRouteRequest
                0x0000000000091274                zps_eNwkHandleSceRouteReply
                0x00000000000915db                zps_vNwkHandleCmeLeaveReq
                0x00000000000916a9                zps_eNwkHandleSceLeave
                0x000000000009186b                zps_eNwkHandleSdeActvDcfmData
                0x00000000000919f5                vMcpsMgrTimeoutExpiry
                0x0000000000091a64                iPDM_VerifyDataSequenceWithBufferId
 .text          0x0000000000091b06     0x1434 C:\Users\1\AppData\Local\Temp\cc64Kubn.ltrans12.ltrans.o
                0x0000000000091b06                zps_eDefaultDataDcfm
                0x0000000000091cdb                zps_psNwkInitiateRouteDiscovery
                0x0000000000092013                zps_psSendFrm
                0x000000000009232f                zps_psSendBroadcastFrm
                0x00000000000923c5                ZPS_vNwkHandleNldeReqRsp
                0x0000000000092682                zps_eAplSendApsmeCmdFrame
                0x00000000000927f3                vHandleTransportKeyFrame.65292
                0x0000000000092a01                zps_eAplApsmeUpdateDeviceReqRsp.part.4.64062
                0x0000000000092b44                zps_eAplApsmeRemoveDeviceReqRsp
                0x0000000000092bb2                zps_vAplApsmeCmdMgrRetryTimeout.63897
                0x0000000000092bdb                zps_eNwkHandleSceRouteRecord
                0x0000000000092caf                zps_psNwkSendRejoinReqCmd.constprop.11
                0x0000000000092d1f                zps_u8NwkHandleRejoinReq
                0x0000000000092de8                zps_vProcessLocalAddrConflict
                0x0000000000092e93                vContinueRejoin.144915
 .text          0x0000000000092f3a      0xf47 C:\Users\1\AppData\Local\Temp\cc64Kubn.ltrans13.ltrans.o
                0x0000000000092f3a                zps_bAplZdoIeeeAddrServer
                0x0000000000093090                zps_bAplZdoNwkAddrServer
                0x0000000000093211                eBeaconReqSent.151365
                0x0000000000093238                vPDM_AddFileSystemElementToListInAscendingWearCountOrder
                0x0000000000093346                vPDM_MoveAllDataFromListToList
                0x0000000000093384                vPDM_MoveAllDataToDeAllocList
                0x00000000000933ac                vPDM_MoveAllDataWithBufferIdFromListToList
                0x0000000000093431                vPDM_DeleteAllSegmentsWithIdFromFileSystemList.constprop.49
                0x0000000000093473                vPDM_MoveFileRecordFromListToList
                0x0000000000093496                vPDM_MoveRecordToDeAllocList
                0x00000000000934b6                vPDM_DeleteAppendedSequence
                0x000000000009355b                iPDM_WriteSegmentHeaderAndData
                0x0000000000093757                iPDM_SegmentCopyAndAppendData.constprop.134
                0x00000000000937b4                iPDM_ReconstructReplacedDataTable
                0x0000000000093941                iPDM_ReplaceChangedSegmentInSequence
                0x0000000000093a33                eMakeEntryInBindingTable.63951
                0x0000000000093add                vMiniMac_McpsCallback
                0x0000000000093d09                eMcpsTxCompleteHandler.150218
                0x0000000000093d37                PWRM_vManagePower
 .text          0x0000000000093e81     0x1360 C:\Users\1\AppData\Local\Temp\cc64Kubn.ltrans14.ltrans.o
                0x0000000000094014                vZdoEndDeviceBindStateIdle
                0x00000000000943cc                zps_bAplZdoMatchDescServer
                0x00000000000943e0                vAHI_Sleep
                0x0000000000094498                boPDM_IsBitmapSaturated.126111
                0x00000000000944e1                zps_vSendJoinDcfm
                0x0000000000094527                vGiveUp.145685
                0x000000000009455f                PDUM_eNPduAllocate
                0x00000000000945ce                zps_u8AplApsConstructAndPostLoopBackDataInd.62515
                0x0000000000094707                u8PostUnicastMsgToNHLE.62523
                0x0000000000094740                PDUM_eNPduClone
                0x000000000009478c                PDUM_eNPduFree
                0x00000000000947f9                zps_vHandleExtendedDataAckFrame
                0x00000000000948dd                vPostVsMcpsDcfmInd.76964
                0x00000000000949fc                ZPS_vInterceptMcpsDataCallback
                0x0000000000094a5e                zps_vNwkMcpsMgrFreeReqDescr
                0x0000000000094a90                vFreePendingReqDescr
                0x0000000000094afa                vHandleRouteDiscoveryExpiry.138106
                0x0000000000094b58                zps_psAllocateAndFormatMacHdr
                0x0000000000094e41                zps_psNwkInitCmdFrame
                0x0000000000094ec0                eSendLinkStatusDataDcfm.part.1.132252
                0x0000000000094ff2                zps_vNwkRemoveConflictedBroadcast
                0x0000000000095044                zps_vNwkMcpsMgrTidyBtrReqDescr
                0x0000000000095088                vNwkBttTimerExpiry.140623
                0x00000000000951a5                hZCL_AllocateAPduInstance
 .text          0x00000000000951e1     0x1332 C:\Users\1\AppData\Local\Temp\cc64Kubn.ltrans15.ltrans.o
                0x0000000000095343                iPDM_SelectValidFileRecordInstance.125060
                0x000000000009542f                bAplZdoBindUnbindServerProcessApdu
                0x0000000000095668                vHandleJoinedNwk.3491
                0x00000000000956c3                zps_bNwkFindAddIeeeAddr
                0x0000000000095841                zps_psFindKeyDescr
                0x000000000009596d                zps_eAplSecEncryptPacket
                0x0000000000095a5f                zps_eNwkHandleSceLinkStatus
                0x0000000000095b93                ZPS_bNwkNibAddrMapAddEntry
                0x0000000000095d5a                zps_eAplZdoBind.constprop.85
                0x0000000000095de8                zps_vAgeRouter
                0x0000000000095e27                zps_vLinkStatusHandleExpiry
                0x0000000000095ec8                zps_sNwkNibNtCheckJoin
                0x0000000000096171                zps_vNwkHandleCmeDirectJoinReq
                0x00000000000961f0                zps_vJoinInitNtParent
                0x0000000000096346                zps_vCheckActvNtForDuplicate
                0x00000000000963e4                eSmeOrphScanDcfm.146132
                0x000000000009645c                eCheckAddrConflict.isra.4.133524
                0x00000000000964f2                zps_vSaveAllZpsRecords
 .text.unlikely
                0x0000000000096513       0x5f C:\Users\1\AppData\Local\Temp\cc64Kubn.ltrans15.ltrans.o
                0x0000000000096513                vInitUnknownNeighbor.134199
 *fill*         0x0000000000096572        0x2 00
 .text          0x0000000000096574     0x11e4 C:\Users\1\AppData\Local\Temp\cc64Kubn.ltrans16.ltrans.o
                0x00000000000966ab                vZdoBdrmSendNextTimedRequest
                0x0000000000096934                zps_bAplZdoBindUnbindServer
                0x0000000000096a40                zps_bAplZdoDefaultServer
                0x0000000000096ca1                zps_eZdpNodeDescResponse
                0x0000000000096d49                zps_eAplZdpMgmtLqiResponse
                0x0000000000096e31                zps_eZdpPowerDescResponse
                0x0000000000096ece                zps_eAplZdpMgmtRtgResponse
                0x0000000000096f95                zps_eZdpMgmtNwkUpdateNotifyResponse
                0x0000000000097047                zps_eZdpNwkAddrResponse
                0x000000000009712a                zps_eZdpIeeeAddrResponse
                0x000000000009720d                eAplAfCommonDataReq.58394
                0x00000000000972d4                eZCL_TransmitDataRequest
 .text          0x0000000000097758     0x148a C:\Users\1\AppData\Local\Temp\cc64Kubn.ltrans17.ltrans.o
                0x0000000000097758                vNwkMcpsTimerCallback
                0x0000000000097772                zps_eSceGenlIllegal
                0x0000000000097779                zps_eSmeGenlIllegal
                0x0000000000097780                DBG_vUartFailedAssert
                0x0000000000097784                zps_bAplZdoBindRequestServer
                0x00000000000978bf                vZdoEndDeviceBindTimeoutSecondMessage
                0x00000000000978d3                psGetVsMcpsBuf.76961
                0x00000000000978dc                psGetMlmeBuf.76954
                0x00000000000978e5                zps_vExpireRequestKeyReq.71986
                0x0000000000097930                psGetNlmeBuf.59904
                0x000000000009793a                psGetNldeBuf.59925
                0x0000000000097944                psGetApsmeBuf.59911
                0x000000000009794d                psGetApsdeBuf.59918
                0x0000000000097953                vLoopbackTimerCallback
                0x0000000000097ae3                zps_vNwkFreeMcpsHandle
                0x0000000000097b0d                zps_psNwkMcpsMgrFindPendingByNwkDstAddr
                0x0000000000097b23                ZPS_u64NwkNibGetMappedIeeeAddr
                0x0000000000097b45                ZPS_bNwkNibNtActvMatch
                0x0000000000097bfd                bCheckNwkAddr
                0x0000000000097c4b                zps_eAplTrustCenterFindDevice
                0x0000000000097c8f                ZPS_vSetExtendedStatus
                0x0000000000097ca1                zps_psApsApsAllocateDcfmRecord
                0x0000000000097d0f                zps_u8CalcLinkCost
                0x0000000000097d4b                ZPS_u8NwkNibNtDiscMatch
                0x0000000000097e2f                zps_u64NwkLibFromPayload
                0x0000000000097e6e                zps_vNwkLibU64ToPayload
                0x0000000000097e9b                zps_vInitBeaconPayload
                0x0000000000097f17                zps_eNwkDcfmIndPost
                0x0000000000097f3a                zps_psNwkDcfmIndGetBuf
                0x0000000000097f5c                zps_vSendNwkStatusInd
                0x0000000000097f8c                DBG_vInit
                0x0000000000097fce                vPDM_ReadBitmapHeader.126076
                0x0000000000097fed                psSLISTsearch
                0x000000000009802d                psSLISTremove
                0x00000000000980ab                vSLISTaddToTail
                0x00000000000980ca                psSLISTgetNext
                0x00000000000980ee                iSLISTnumberOfNodes
                0x0000000000098105                u8PDM_CalculateLargestDataRecordStored
                0x0000000000098136                bPDM_ImageBitmapRepairCheck
                0x000000000009815e                u8PDM_ReadSequenceNumber
                0x0000000000098181                boSegmentNumberDeleteSearchMatch.125646
                0x000000000009819c                u8PDM_ReadSegmentDataSize
                0x00000000000981b0                u32PDM_ReadFileSystemHeaderWearCount
                0x00000000000981c6                boSearchForWearCountSubstitute.125962
                0x00000000000981ec                boSearchForWearCountInsertPoint.125215
                0x000000000009820a                vPDM_WriteFileSystemHeaderWearCount
                0x000000000009821c                RND_u32GetRand256
                0x0000000000098239                RND_u32GetRand
                0x0000000000098260                u16CalculateFailedTxCount.96261
                0x000000000009828a                vZdoIeeeAddrServerSendExtendResponse.part.0.82058
                0x00000000000982eb                vZdoNwkAddrServerSendExtendResponse.part.0.80878
                0x000000000009834c                bFindMatch.79606
                0x00000000000983aa                zps_bAplZdoServerHandleConfirmAcks
                0x00000000000983f4                zps_bPerformLeaveActionDecider
                0x00000000000983f9                vHandleUpdateDeviceIndication.68970
                0x0000000000098423                u32GetScanChannels.68957
                0x000000000009844e                bDuplicateCheck.65337
                0x000000000009855b                bIsBindTableMatch.63905
                0x00000000000985ac                eRemoveEntryInBindingTable.63933
                0x000000000009862b                zps_vAplApsFillAndPostApsAck
                0x0000000000098695                zps_u8AplApsFreeMsgHandle
                0x00000000000986ff                u8BlocksToSendInWindow.61401
                0x0000000000098751                vFillDataIndStruct.59771
                0x00000000000987af                vFillApduErrorEvent.59764
                0x00000000000987f2                bCheckProfile.59759
                0x0000000000098830                vWrite32Nbo
                0x0000000000098848                ZPS_bIsGroupPresent
                0x0000000000098880                PDUM_u16APduInstanceWriteStrNBO
                0x00000000000989ff                PDUM_eNPduReadHeaderNBO
                0x0000000000098a52                PDUM_eNPduReadFooterNBO
                0x0000000000098aa8                PDUM_u16APduInstanceReadNBO
                0x0000000000098af3                PDUM_eNPduPrependHeaderNBO
                0x0000000000098b4e                zps_vInitAPSMECmdHdr
                0x0000000000098b85                PDUM_eNPduAppendDataNBO
 *fill*         0x0000000000098be2        0x2 00
 .text          0x0000000000098be4     0x10c0 C:\Users\1\AppData\Local\Temp\cc64Kubn.ltrans18.ltrans.o
                0x0000000000098c8c                eCLD_IASZoneCommandHandler
                0x0000000000098e01                eCLD_IASACECommandHandler
                0x00000000000997af                fEnd_Read_AttrsReq
                0x000000000009988a                fEnd_Write_AttrsReq
                0x0000000000099a55                eCLD_IASACESetPanelParameter.constprop.92
                0x0000000000099ad9                vSetPanelParamter
                0x0000000000099afd                eCLD_IASACE_ZoneStatusChangedSend.constprop.82
                0x0000000000099b6e                vStartSquawk
                0x0000000000099bea                os_vAPP_EntryExitDelay
 .text          0x0000000000099ca4     0x11c8 C:\Users\1\AppData\Local\Temp\cc64Kubn.ltrans19.ltrans.o
                0x0000000000099ca4                APP_ZCL_cbEndpointCallback.8658
                0x000000000009a611                os_vAPP_CIE_taskuart
 .text          0x000000000009ae6c     0x10ef C:\Users\1\AppData\Local\Temp\cc64Kubn.ltrans20.ltrans.o
                0x000000000009ae6c                vZGPcStubMcpsInd.126686
                0x000000000009b27a                vZGPdCfm
                0x000000000009b2df                vHandleApsInterPanDcfmData
                0x000000000009b590                vApsInterPanMcpsDataInd
                0x000000000009b8b4                vPostApsdeDcfmInd.59921
                0x000000000009babc                zps_vHandleApsdeDataFragInd
 .text          0x000000000009bf5b     0x10d5 C:\Users\1\AppData\Local\Temp\cc64Kubn.ltrans21.ltrans.o
                0x000000000009bfc3                zps_vNwkHandleCmeActvStartRouterReq
                0x000000000009c0ff                vHandleNwkLocalUpdateAfterBcast.133304
                0x000000000009c152                vHandleNwkRemoteUpdateAfterBcast.133295
                0x000000000009c1a5                eSmeAcScScanDcfm.143063
                0x000000000009c473                ZPS_pvNwkCtor.constprop.130
                0x000000000009ca13                ZPS_vNwkHandleNlmeReqRsp
                0x000000000009ca90                zps_vAplAfPostEvent
                0x000000000009cbff                zps_eAplZdoNlmeleaveWrapper
                0x000000000009cc7d                zps_bAplZdoMgmtLeaveServer
                0x000000000009ce25                zps_eAplZdoPermitJoining
                0x000000000009ce4e                zps_bAplZdoPermitJoiningServer
                0x000000000009cee8                vChangeChannelTimerExpiry.96253
                0x000000000009cf4b                eLeaveReset.147115
                0x000000000009cfb6                eLeaveDataDcfmLocalLeave.147125
 .text          0x000000000009d030      0xfca C:\Users\1\AppData\Local\Temp\cc64Kubn.ltrans22.ltrans.o
                0x000000000009d030                vMcpsMgrExpiry.134187
                0x000000000009d090                os_vzps_taskZPS
                0x000000000009d2b9                vBbcIntHandler.150017
                0x000000000009d582                os_vzps_isrMAC
                0x000000000009d5c1                eAssocRespSent.150926
                0x000000000009d5e0                zps_vNwkHandleCmeSyncReq
                0x000000000009d629                zps_vNwkHandleCmeIdleNwkFormReq
                0x000000000009d6d1                zps_vNwkHandleCmeNwkDiscReq
                0x000000000009d74b                zps_vReAttemptScanTimerHandleExpiry
                0x000000000009d805                ZPS_vAplHandleApsdeReqRsp
                0x000000000009dc25                zps_eAplZdpApsdeReqInternal
                0x000000000009dc94                zps_eAplZdpRequestApsdeReq
                0x000000000009dd14                zps_bAplZdoMgmtBindServer
                0x000000000009df55                zps_eZdpEndDeviceBindResponse
                0x000000000009df76                zps_eAplZdpBindResponse
                0x000000000009df97                zps_eZdpUnbindResponse
                0x000000000009dfb8                zps_eZdpMgmtLeaveResponse
                0x000000000009dfd9                zps_eZdpMgmtPermitJoiningResponse
 *fill*         0x000000000009dffa        0x2 00
 .text          0x000000000009dffc      0xe68 C:\Users\1\AppData\Local\Temp\cc64Kubn.ltrans23.ltrans.o
                0x000000000009dffc                vReportTimerClickCallback
                0x000000000009e403                eZCL_SendDefaultResponse
                0x000000000009e502                vZCL_HandleAttributesWriteRequest
                0x000000000009e97e                eZCL_CustomCommandReceive
                0x000000000009eaec                eCLD_GroupsCommandHandler
                0x000000000009ec07                eCLD_IdentifyCommandHandler
                0x000000000009ec91                eCLD_ScenesCommandHandler
 .text          0x000000000009ee64      0xebe C:\Users\1\AppData\Local\Temp\cc64Kubn.ltrans24.ltrans.o
                0x000000000009ee64                PDM_eSaveRecordData
                0x000000000009f283                zps_vAplSaveRecord
                0x000000000009f31c                vAplSecRemoveLinkKey.69063
                0x000000000009f398                ZPS_vNwkSaveRecord
                0x000000000009f3c4                ZPS_vRemoveEntryFromAddressMap
                0x000000000009f40d                ZPS_vNwkSaveAllRecords
                0x000000000009f424                ZPS_vNwkNibSetNwkAddr
                0x000000000009f441                zps_eNwkHandleSceRejnResponse
                0x000000000009f49e                ZPS_vNwkNibSetExtPanId
                0x000000000009f4c2                ZPS_vNwkNibSetKeySeqNum
                0x000000000009f4d5                ZPS_vNwkNibSetDepth
                0x000000000009f4fe                ZPS_vNwkNibSetUpdateId
                0x000000000009f50c                vSendNetworkUpdate.133291
                0x000000000009f63c                ZPS_vNwkNibSetPanId
                0x000000000009f65a                ZPS_vNwkNibSetCapabilityInfo
                0x000000000009f687                ZPS_vNwkNibSetChannel
                0x000000000009f69f                ZPS_vNwkSaveNt
                0x000000000009f6b3                ZPS_vNwkPurgeMacAddressAndRelatedEntries
                0x000000000009f7b9                ZPS_vNtSetUsedStatus
                0x000000000009f85f                zps_vBuildSortedActvNTList
                0x000000000009f91d                vFinish.146122
                0x000000000009f973                zps_vCleanUnAuthenHandleExpiry
                0x000000000009fa74                eUnsolicitedRejoinRspDataDcfm.133299
                0x000000000009fa9f                eRejoinRspDataDcfm.144919
                0x000000000009fb6e                zps_eNwkHandleSmeCommStatusInd
                0x000000000009fc22                ZPS_vNwkSaveSecMat
                0x000000000009fc36                vPDM_MoveAllDataWithBufferIdAndStateFromListToList
                0x000000000009fcc1                vPDM_ImageBitmapRepair.125134
 *fill*         0x000000000009fd22        0x2 00
 .text          0x000000000009fd24      0xe5c C:\Users\1\AppData\Local\Temp\cc64Kubn.ltrans25.ltrans.o
                0x000000000009fd24                zps_vAplApsPollTimer
                0x000000000009fd86                vAplSecAuthPollTimerExpiry.68947
                0x000000000009feee                zps_vAplTrustCenterUpdateDevice
                0x00000000000a0055                vAplSecAuthTimerExpiry.68951
                0x00000000000a0125                eRejoinNetwork.68984.constprop.123
                0x00000000000a01c1                eJoinNetwork.69010
                0x00000000000a0272                vEZ_JoinSavedNetwork.3274
                0x00000000000a032f                vHandleJoinFailed.3495
                0x00000000000a0352                eDiscoverNetworks.69017
                0x00000000000a03ae                vAttemptDiscovery.3522
                0x00000000000a0525                vReDiscover.3526
                0x00000000000a0569                eStartNetworkDiscovery.69024
                0x00000000000a05d3                zps_eAplZdoStartStack
                0x00000000000a070d                eEZ_UpdateEZState
                0x00000000000a075d                eStartRouter.69034
                0x00000000000a082c                vPostApsmeDcfmInd.59914
 .text          0x00000000000a0b80      0xfbf C:\Users\1\AppData\Local\Temp\cc64Kubn.ltrans26.ltrans.o
                0x00000000000a0b80                os_bDummyMemberCheck.56683
                0x00000000000a0b85                os_vDefaultErrorHook.56679
                0x00000000000a0b88                vExtendedStatusCallBack.6598
                0x00000000000a0b8b                os_bStrictCheck.1358
                0x00000000000a0e3f                pdum_u16WriteNBO
                0x00000000000a0f52                PDUM_u16SizeNBO
                0x00000000000a0fb0                PDUM_u16APduInstanceWriteNBO
                0x00000000000a101a                PDUM_thAPduInstanceGetApdu
                0x00000000000a1035                PDUM_eAPduInstanceSetPayloadSize
                0x00000000000a105d                PDUM_eNPduWriteDataFromBuffer
                0x00000000000a10b7                PDUM_eNPduWriteDataToBuffer
                0x00000000000a1115                PDUM_eNPduWriteFromBuffer
                0x00000000000a113e                PDUM_eNPduDescend
                0x00000000000a1164                PDUM_eNPduAscend
                0x00000000000a118a                PDUM_eNPduClaimData
                0x00000000000a11f7                PDUM_eNPduClaimHeader
                0x00000000000a121a                PDUM_eNPduInitDescending
                0x00000000000a1235                eExpireSWTimer.56692
                0x00000000000a12a0                vEnterErrorHook.56675
                0x00000000000a12c7                OS_eCollectMessage
                0x00000000000a138c                OS_eGetSWTimerStatus
                0x00000000000a13ce                eZCL_SearchForEPentry
                0x00000000000a1416                eZCL_SearchForEPentryAndCheckManufacturerId
                0x00000000000a1454                vZCL_PassEventToUser
                0x00000000000a1481                eZCL_DoesAttributeHaveReportableChange
                0x00000000000a149e                eZCL_GetAttributeReportableEntry
                0x00000000000a1556                vZCL_AlignNumericAttributeValueTo64.53423
                0x00000000000a1665                eZCL_BuildClientTransmitAddressStructure
                0x00000000000a1696                u8GetTransactionSequenceNumber
                0x00000000000a16a8                eZCL_GetAttributeTypeSize
                0x00000000000a16c7                vZCL_MarkAttributeInvalid
                0x00000000000a1796                u8ZCL_GetAttributeAllignToFourBytesBoundary
                0x00000000000a17ab                pvZCL_GetAttributePointer
                0x00000000000a1821                eZCL_StoreChangeAttributeValue
                0x00000000000a18c0                u16ZCL_GetStringStructureSize
                0x00000000000a18fd                u16ZCL_GetStringAttributeTypeSizeFromBuffer
                0x00000000000a196e                u16ZCL_GetStringSizeAndBufferFromStructure
                0x00000000000a19fd                eZCL_GetAttributeTypeSizeFromStructure
                0x00000000000a1a76                vZCL_InitializeClusterInstance
                0x00000000000a1a8b                CRC_Calculate.7524
                0x00000000000a1ac3                u8GetTableIndex
                0x00000000000a1af5                u16GetShortAddress.4594
 .text          0x00000000000a1b3f      0xb74 C:\Users\1\AppData\Local\Temp\cc64Kubn.ltrans27.ltrans.o
                0x00000000000a1b3f                zps_eZdpSimpleDescResponse
                0x00000000000a1c4c                zps_eZdpActiveEpResponse
                0x00000000000a1ce2                zps_eZdpMatchDescResponse
                0x00000000000a1d78                zps_eZdpSystemServerDiscoveryResponse
                0x00000000000a1de7                zps_bAplZdoMgmtNWKUpdateServer
                0x00000000000a2260                vZdoEndDeviceBindStateWaitSendWithAck
                0x00000000000a25a3                zps_bAplZdoZdoClient
 *fill*         0x00000000000a26b3        0x1 00
 .text          0x00000000000a26b4      0xb6c C:\Users\1\AppData\Local\Temp\cc64Kubn.ltrans28.ltrans.o
                0x00000000000a2763                zps_eNwkHandleSmeOrphanInd
                0x00000000000a2773                vStartScanTimerExpiry.96257
                0x00000000000a27af                vPostNlmeDcfmInd.59907
                0x00000000000a2ec2                zps_eNwkSendJoinResponse
                0x00000000000a3079                zps_eNwkProcessJoinInd
 .text          0x00000000000a3220      0x8bc C:\Users\1\AppData\Local\Temp\cc64Kubn.ltrans29.ltrans.o
                0x00000000000a33c6                vHandleRejoinExpiry.145681
                0x00000000000a3425                zps_eRejoinDataDcfm
                0x00000000000a3469                eSmeAsocAssocDcfm.146292
                0x00000000000a34ed                eSmeRjPCPollDcfm.146288
                0x00000000000a35ef                zps_sNwkLibSubmitScan
                0x00000000000a3628                zps_vNwkDiscUpdateNT
                0x00000000000a3744                zps_vNwkHandleCmeNwkJoinReq
                0x00000000000a3a01                zps_vNwkHandleCmeNwkActvJoinReq
                0x00000000000a3a0d                eSmeEdScScanDcfm.143068
                0x00000000000a3a9d                zps_vNwkHandleCmeEdScanReq
 .text          0x00000000000a3adc      0x54a C:\Users\1\AppData\Local\Temp\cc64Kubn.ltrans30.ltrans.o
                0x00000000000a3adc                AppWarmStart
                0x00000000000a3af6                AppColdStart
                0x00000000000a3d1a                os_vUnclaimedInterrupt
                0x00000000000a3d2c                os_vControlledIntCheck
                0x00000000000a3d71                os_vControlledInterrupt
                0x00000000000a3daa                os_vvISR_CIE_Uart1
                0x00000000000a3e61                os_vvISR_SystemController
                0x00000000000a3ec8                os_vAPP_isrIllegalInstructionException
                0x00000000000a3ede                os_vAPP_isrAlignmentException
                0x00000000000a3ef4                os_vAPP_isrBusErrorException
                0x00000000000a3f0a                os_vAPP_isrUnimplementedModuleException
                0x00000000000a3f20                os_vAPP_isrStackOverflowException
                0x00000000000a3f36                os_vAPP_isrTickTimer
 .text          0x00000000000a4026      0x38e C:\Users\1\AppData\Local\Temp\cc64Kubn.ltrans31.ltrans.o
                0x00000000000a4026                os_vZCL_Task
                0x00000000000a4059                os_vTick_Task
                0x00000000000a408d                eZCL_CustomCommandSend.constprop.93
                0x00000000000a4303                vStartWarning
 .text          0x00000000000a43b4       0x25 c:/nxp/bstudio_nxp/workspace/sdk/tools/ba-elf-ba2-r36379/bin/../lib/gcc/ba-elf/4.7.4/../../../../ba-elf/lib/mcpu_jn51xx_sizeopt\libc.a(lib_a-memcmp.o)
                0x00000000000a43b4                memcmp
 .text          0x00000000000a43d9       0x19 c:/nxp/bstudio_nxp/workspace/sdk/tools/ba-elf-ba2-r36379/bin/../lib/gcc/ba-elf/4.7.4/../../../../ba-elf/lib/mcpu_jn51xx_sizeopt\libc.a(lib_a-memcpy.o)
 .text          0x00000000000a43f2       0x12 c:/nxp/bstudio_nxp/workspace/sdk/tools/ba-elf-ba2-r36379/bin/../lib/gcc/ba-elf/4.7.4/../../../../ba-elf/lib/mcpu_jn51xx_sizeopt\libc.a(lib_a-memset.o)
                0x00000000000a43f2                memset
 *fill*         0x00000000000a4404        0x0 00
 .text          0x00000000000a4404      0x204 c:/nxp/bstudio_nxp/workspace/sdk/tools/ba-elf-ba2-r36379/bin/../lib/gcc/ba-elf/4.7.4/mcpu_jn51xx_sizeopt\libgcc.a(__udivsi3.o)
                0x00000000000a4404                __udivsi3
 .text          0x00000000000a4608       0x30 c:/nxp/bstudio_nxp/workspace/sdk/tools/ba-elf-ba2-r36379/bin/../lib/gcc/ba-elf/4.7.4/mcpu_jn51xx_sizeopt\libgcc.a(__divsi3.o)
                0x00000000000a4608                __divsi3
 .text          0x00000000000a4638      0x1b0 c:/nxp/bstudio_nxp/workspace/sdk/tools/ba-elf-ba2-r36379/bin/../lib/gcc/ba-elf/4.7.4/mcpu_jn51xx_sizeopt\libgcc.a(__umodsi3.o)
                0x00000000000a4638                __umodsi3
 .text          0x00000000000a47e8       0x24 c:/nxp/bstudio_nxp/workspace/sdk/tools/ba-elf-ba2-r36379/bin/../lib/gcc/ba-elf/4.7.4/mcpu_jn51xx_sizeopt\libgcc.a(__modsi3.o)
                0x00000000000a47e8                __modsi3
 .text          0x00000000000a480c      0x350 c:/nxp/bstudio_nxp/workspace/sdk/tools/ba-elf-ba2-r36379/bin/../lib/gcc/ba-elf/4.7.4/mcpu_jn51xx_sizeopt\libgcc.a(_udivdi3.o)
                0x00000000000a480c                __udivdi3
 *fill*         0x00000000000a4b5c        0x4 00
 .text          0x00000000000a4b60      0x178 os_irq.o
                0x00000000000a4b60                os_ExternalException_W
                0x00000000000a4ba4                os_PIC_ChannelPriorities
                0x00000000000a4bb4                os_OSMIUM_HwVectTable
                0x00000000000a4bf0                os_PIC_SwVectTable
 .text          0x00000000000a4cd8       0x29 os_irq_alignment.o
                0x00000000000a4cd8                IRQ_Alignment
 .text          0x00000000000a4d01       0x29 os_irq_buserror.o
                0x00000000000a4d01                IRQ_BusError
 .text          0x00000000000a4d2a       0x29 os_irq_illegalinstruction.o
                0x00000000000a4d2a                IRQ_IllegalInstruction
 .text          0x00000000000a4d53       0x29 os_irq_stackoverflowexception.o
                0x00000000000a4d53                IRQ_StackOverflowException
 .text          0x00000000000a4d7c       0x29 os_irq_unimplementedmodule.o
                0x00000000000a4d7c                IRQ_UnimplementedModule
 .text          0x00000000000a4da5       0x20 os_irq_visr_systemcontroller.o
                0x00000000000a4da5                IRQ_vISR_SystemController
 *fill*         0x00000000000a4dc5        0x3 00
 .text          0x00000000000a4dc8       0xc0 c:/NXP/bstudio_nxp/workspace/sdk/JN-SW-4168/Components/Library\libOS_JN516x.a(os_contirq_JN516x.o)
                0x00000000000a4dc8                os_ExternalException_R
                0x00000000000a4df8                os_CFunc_W
                0x00000000000a4e48                os_UnclaimedException_W
                0x00000000000a4e68                os_UnclaimedInterrupt_W
 .text          0x00000000000a4e88       0x48 c:/NXP/bstudio_nxp/workspace/sdk/JN-SW-4168/Components/Library\libPWRM_JN516x.a(pwrm_setjmp_JN516x.o)
                0x00000000000a4e88                setjmp
                0x00000000000a4eac                PWRM_longjmp
 .text          0x00000000000a4ed0       0x27 c:/NXP/bstudio_nxp/workspace/sdk/JN-SW-4168/Components/Library\libHardwareApi_JN5169.a(AHI_Interrupt.o)
                0x00000000000a4ed0                vAHI_InterruptSetPriority
                0x00000000000a4eee                vAHI_InterruptSetActivePriorityLevel
 .text.vMicroSyscall
                0x00000000000a4ef7       0x17 c:/NXP/bstudio_nxp/workspace/sdk/JN-SW-4168/Components/Library\libMicroSpecific_JN516x.a(MicroSyscall_ba.o)
                0x00000000000a4ef7                vMicroSyscall
 .text          0x00000000000a4f0e        0x0 c:/NXP/bstudio_nxp/workspace/sdk/JN-SW-4168/Components/Library\libOS_JN516x.a(os_version_lc.o)
                0x00000000000a4f0e                OS_Version_1v2
 .text          0x00000000000a4f0e        0x0 c:/NXP/bstudio_nxp/workspace/sdk/JN-SW-4168/Components/Library\libZPSAPL_JN516x.a(zps_apl_version_lc.o)
                0x00000000000a4f0e                ZPS_APL_Version_2v0
 .text          0x00000000000a4f0e        0x0 c:/NXP/bstudio_nxp/workspace/sdk/JN-SW-4168/Components/Library\libZPSNWK_JN516x.a(zps_nwk_version_lc.o)
                0x00000000000a4f0e                ZPS_NWK_Version_2v0
                0x00000000000a4f0e                _flash_end = ABSOLUTE (.)

.rela.dyn       0x00000000000a4f10        0x0
 .rela.text     0x0000000000000000        0x0 os_irq.o
 .rela.data     0x0000000000000000        0x0 os_irq.o
 .rela.rodata   0x0000000000000000        0x0 os_irq.o
                0x000000000400004c                . = ORIGIN (ram)

.data           0x000000000400004c      0x82c load address 0x00000000000a4f10
                0x000000000400004c                _ram_data_start = ABSOLUTE (.)
 *(.data*)
 .data          0x000000000400004c       0x9c C:\Users\1\AppData\Local\Temp\cc64Kubn.ltrans0.ltrans.o
                0x000000000400004c                u8MiniMacConfig_MaxConcurrentAssocResponses
                0x0000000004000050                psShadowRxBuffer
                0x00000000040000d4                gsGreenPowerContext
 .data          0x00000000040000e8        0x8 C:\Users\1\AppData\Local\Temp\cc64Kubn.ltrans2.ltrans.o
                0x00000000040000e8                u32DefaultChannelMask.3847
 .data          0x00000000040000f0        0x1 C:\Users\1\AppData\Local\Temp\cc64Kubn.ltrans3.ltrans.o
 .data          0x00000000040000f1        0x1 C:\Users\1\AppData\Local\Temp\cc64Kubn.ltrans4.ltrans.o
 *fill*         0x00000000040000f2        0x2 00
 .data          0x00000000040000f4        0x4 C:\Users\1\AppData\Local\Temp\cc64Kubn.ltrans5.ltrans.o
                0x00000000040000f4                u32HeapStart
 .data          0x00000000040000f8        0x6 C:\Users\1\AppData\Local\Temp\cc64Kubn.ltrans13.ltrans.o
 *fill*         0x00000000040000fe        0x2 00
 .data          0x0000000004000100        0x4 C:\Users\1\AppData\Local\Temp\cc64Kubn.ltrans14.ltrans.o
                0x0000000004000100                bCanLoopback.62744
 .data          0x0000000004000104        0x2 C:\Users\1\AppData\Local\Temp\cc64Kubn.ltrans18.ltrans.o
 .data          0x0000000004000106        0x1 C:\Users\1\AppData\Local\Temp\cc64Kubn.ltrans22.ltrans.o
 *fill*         0x0000000004000107        0x1 00
 .data          0x0000000004000108       0x5c C:\Users\1\AppData\Local\Temp\cc64Kubn.ltrans26.ltrans.o
                0x0000000004000108                s_asapduZCLInstances
                0x0000000004000138                s_asapduZDPInstances
 *fill*         0x0000000004000164        0x4 00
 .data          0x0000000004000168      0x6f8 C:\Users\1\AppData\Local\Temp\cc64Kubn.ltrans30.ltrans.o
                0x0000000004000168                os_Mutex_mutexMAC
                0x0000000004000170                os_Mutex_mutexZPS
                0x0000000004000178                s_sApl.2893
                0x00000000040002c8                os_SWTimer_APP_cntrTickTimer_APP_EntryExitDelayTmr
                0x00000000040002e4                os_SWTimer_APP_cntrTickTimer_APP_TickTimer
                0x0000000004000300                os_Message_APP_CIE_msgUartEvents
                0x0000000004000324                os_SWTimer_APP_cntrTickTimer_APP_uart_timeout
                0x0000000004000340                os_SWTimer_APP_cntrTickTimer_APP_uart_cycle
                0x000000000400035c                os_Message_APP_msgZpsEvents
                0x0000000004000380                os_Message_APP_msgEvents
                0x00000000040003a4                os_SWTimer_APP_cntrTickTimer_APP_StartUPTimer
                0x00000000040003c0                os_SWTimer_APP_cntrTickTimer_APP_BackOffTimer
                0x00000000040003dc                os_SWTimer_APP_cntrTickTimer_APP_JoinTimer
                0x00000000040003f8                os_Message_APP_msgZpsEvents_ZCL
                0x000000000400041c                os_Message_zps_msgMlmeDcfmInd
                0x0000000004000440                os_Message_zps_msgTimeEvents
                0x0000000004000464                os_Message_zps_msgMcpsDcfmInd
                0x0000000004000488                os_Message_zps_msgMcpsDcfm
                0x00000000040004ac                os_Task_APP_EntryExitDelay
                0x00000000040004b8                os_Task_Tick_Task
                0x00000000040004c4                os_Task_APP_CIE_taskuart
                0x00000000040004d0                os_Task_APP_taskCIE
                0x00000000040004dc                os_Task_ZCL_Task
                0x00000000040004e8                os_Task_APP_ButtonsScanTask
                0x00000000040004f4                os_Task_zps_taskZPS
                0x0000000004000500                u8AhiBaudRate.126577
                0x0000000004000504                s_prbMemberCheck.56799
                0x0000000004000508                s_prvErrorHook.56797
 .data.s_asAPduPool
                0x0000000004000860       0x18 pdum_apdu.o
                0x0000000004000860                pdum_apduZDP
                0x0000000004000860                s_asAPduPool
                0x000000000400086c                pdum_apduZCL
 *(.data.*)
                0x0000000004000878                . = ALIGN (0x4)
                0x0000000004000878                _ram_data_end = ABSOLUTE (.)

.bss            0x0000000004000878     0x4644 load address 0x00000000000a573c
                0x0000000004000878                _bss_start = ABSOLUTE (.)
 *(.bss*)
 .bss           0x0000000004000878     0x1d98 C:\Users\1\AppData\Local\Temp\cc64Kubn.ltrans0.ltrans.o
                0x0000000004000878                psNextWake.56870
                0x000000000400087c                s_bWakeTimerActive.56871
                0x000000000400087d                s_ePowerMode.56872
                0x000000000400087e                gu16NumberOfSegments.153931
                0x0000000004000880                u8MaxNpdu.57080
                0x0000000004000881                u8Count.57079
                0x0000000004000884                s_psNPduPoolEnd.57082
                0x0000000004000888                s_psNPduPoolStart.57081
                0x000000000400088c                s_psFreeListHead.57078
                0x0000000004000890                s_hMutex.57077
                0x0000000004000894                s_hMutex.57197
                0x0000000004000898                s_asAPduPool.57196
                0x000000000400089c                pfExtendedStatusCallBack.132814
                0x00000000040008a0                s_u32x.124231
                0x00000000040008a4                pfZGPSupported
                0x00000000040008a8                s_hMutex.154924
                0x00000000040008ac                pvRxStore
                0x00000000040008b0                pvTxStore
                0x00000000040008b4                g_pvAplHandle
                0x00000000040008b8                s_hMacMutex
                0x00000000040008bc                s_sDcfmIndMgr.154689
                0x00000000040008c4                prAppMlmeGetBuffer
                0x00000000040008c8                prAppMlmeCallback
                0x00000000040008cc                psFreeMsgListHead
                0x00000000040008d0                psActiveMsgListHead
                0x00000000040008d4                u8MiniMac_RunTimeOptions
                0x00000000040008d8                s_groupTablePdmStorage.3046
 .bss           0x0000000004002610       0x18 C:\Users\1\AppData\Local\Temp\cc64Kubn.ltrans1.ltrans.o
                0x0000000004002610                zps_psNwk
 .bss           0x0000000004002628       0xb0 C:\Users\1\AppData\Local\Temp\cc64Kubn.ltrans2.ltrans.o
                0x0000000004002628                sBeaconFilter.3842
                0x0000000004002630                bRejoin.3845
                0x0000000004002638                sEZModeData.3840
                0x00000000040026c8                sDeviceDesc
 .bss           0x00000000040026d8        0xc C:\Users\1\AppData\Local\Temp\cc64Kubn.ltrans3.ltrans.o
                0x00000000040026d8                prIntHandler.152625
                0x00000000040026dc                psTimerServerList
 .bss.initinboot
                0x00000000040026e4        0x1 C:\Users\1\AppData\Local\Temp\cc64Kubn.ltrans3.ltrans.o
 *fill*         0x00000000040026e5        0x3 00
 .bss           0x00000000040026e8       0x10 C:\Users\1\AppData\Local\Temp\cc64Kubn.ltrans4.ltrans.o
                0x00000000040026e8                vFlushFn.126521
                0x00000000040026ec                vPutchFn.126516
 .bss           0x00000000040026f8        0xc C:\Users\1\AppData\Local\Temp\cc64Kubn.ltrans5.ltrans.o
 .bss           0x0000000004002704        0x8 C:\Users\1\AppData\Local\Temp\cc64Kubn.ltrans6.ltrans.o
 .bss           0x000000000400270c        0x1 C:\Users\1\AppData\Local\Temp\cc64Kubn.ltrans7.ltrans.o
 *fill*         0x000000000400270d        0x3 00
 .bss           0x0000000004002710       0x14 C:\Users\1\AppData\Local\Temp\cc64Kubn.ltrans8.ltrans.o
                0x0000000004002710                s_psCurrentTask.56793
 .bss           0x0000000004002724       0x14 C:\Users\1\AppData\Local\Temp\cc64Kubn.ltrans9.ltrans.o
 .bss           0x0000000004002738       0x2c C:\Users\1\AppData\Local\Temp\cc64Kubn.ltrans10.ltrans.o
                0x0000000004002738                pfOptionsFilterCallback
 .bss           0x0000000004002764        0x2 C:\Users\1\AppData\Local\Temp\cc64Kubn.ltrans11.ltrans.o
                0x0000000004002764                bIgnoreBroadcast
 *fill*         0x0000000004002766        0x2 00
 .bss           0x0000000004002768       0x40 C:\Users\1\AppData\Local\Temp\cc64Kubn.ltrans12.ltrans.o
 .bss           0x00000000040027a8        0xc C:\Users\1\AppData\Local\Temp\cc64Kubn.ltrans13.ltrans.o
 .bss           0x00000000040027b4       0x34 C:\Users\1\AppData\Local\Temp\cc64Kubn.ltrans14.ltrans.o
 .bss           0x00000000040027e8        0x1 C:\Users\1\AppData\Local\Temp\cc64Kubn.ltrans15.ltrans.o
 *fill*         0x00000000040027e9        0x3 00
 .bss           0x00000000040027ec        0xc C:\Users\1\AppData\Local\Temp\cc64Kubn.ltrans16.ltrans.o
                0x00000000040027ec                bDefaultServerIgnoreHandleMgmtUpdate
                0x00000000040027f0                bBindLookup
                0x00000000040027f4                psBindUnbindServerContext
 .bss           0x00000000040027f8       0x40 C:\Users\1\AppData\Local\Temp\cc64Kubn.ltrans17.ltrans.o
 .bss           0x0000000004002838      0x2e0 C:\Users\1\AppData\Local\Temp\cc64Kubn.ltrans19.ltrans.o
                0x0000000004002838                CIE_Ycl
                0x0000000004002845                CIE_soft_ver
                0x0000000004002850                psPDM_Common
                0x0000000004002854                Uart_STxBuf
                0x0000000004002920                psZCL_Common
                0x0000000004002924                bIsDiscovery.5633
                0x0000000004002928                u8LastPanelStatus
                0x000000000400292c                bStayInExitDelay
                0x0000000004002930                u8Discovered
                0x0000000004002938                sDiscovedZoneServers
 .bss           0x0000000004002b18        0x8 C:\Users\1\AppData\Local\Temp\cc64Kubn.ltrans21.ltrans.o
                0x0000000004002b18                sThisDeviceMacAddr
 .bss           0x0000000004002b20       0x98 C:\Users\1\AppData\Local\Temp\cc64Kubn.ltrans22.ltrans.o
                0x0000000004002b20                s_prExpireFn.154925
                0x0000000004002b24                sScanAttemptTimer
                0x0000000004002b40                aprTimerCallback
                0x0000000004002b60                au32TimerCounter
                0x0000000004002b80                sMiniMacInternal
                0x0000000004002bac                s_psVsMcpsDcfmInd.78263
                0x0000000004002bb0                s_psMacDcfmInd.78262
                0x0000000004002bb4                u32DataQueueCount
 .bss           0x0000000004002bb8       0x30 C:\Users\1\AppData\Local\Temp\cc64Kubn.ltrans24.ltrans.o
                0x0000000004002bb8                a16NwkPdmRecordSizes
                0x0000000004002bc4                apvAplPdmRecordsAddress
                0x0000000004002bdc                au16AplPdmRecordsSize
 .bss           0x0000000004002be8       0x10 C:\Users\1\AppData\Local\Temp\cc64Kubn.ltrans25.ltrans.o
                0x0000000004002be8                psBeaconFilter
 .bss           0x0000000004002bf8      0x2c4 C:\Users\1\AppData\Local\Temp\cc64Kubn.ltrans26.ltrans.o
 .bss           0x0000000004002ebc        0x4 C:\Users\1\AppData\Local\Temp\cc64Kubn.ltrans28.ltrans.o
                0x0000000004002ebc                pfnHandleZllDeviceJoin
 .bss           0x0000000004002ec0        0xc C:\Users\1\AppData\Local\Temp\cc64Kubn.ltrans29.ltrans.o
                0x0000000004002ec0                sMiniMacPhyPib
 *fill*         0x0000000004002ecc        0x4 00
 .bss           0x0000000004002ed0     0x1f10 C:\Users\1\AppData\Local\Temp\cc64Kubn.ltrans30.ltrans.o
                0x0000000004002ed0                s_sDefaultServerContext.2955
                0x0000000004002ed4                s_sEndDeviceBindServerContext.2885
                0x0000000004002f14                s_sMgmtRtgServerContext.2886
                0x0000000004002f18                s_sPermitJoiningServerContext.2887
                0x0000000004002f1c                s_sMgmtBindServerContext.2888
                0x0000000004002f20                s_sBindRequestServerContext.2889
                0x0000000004002f60                s_sBindUnbindServerContext.2891
                0x0000000004002fa0                s_sMgmtNWKUpdateServerContext.2892
                0x0000000004002fe0                s_sMgmtLeaveServerContext.2954
                0x0000000004003008                s_sMgmtLqiServerContext.2953
                0x000000000400300c                s_sSimpleDescServerContext.2952
                0x0000000004003010                s_sMatchDescServerContext.2951
                0x0000000004003014                s_sPowerDescServerContext.2950
                0x0000000004003018                s_sNodeDescServerContext.2949
                0x000000000400301c                s_sSystemServerDiscoveryServerContext.2948
                0x0000000004003020                s_sIeeeAddrServerContext.2947
                0x0000000004003024                s_sNwkAddrServerContext.2946
                0x0000000004003028                s_sActiveEpServerContext.2945
                0x000000000400302c                s_sDeviceAnnceServerContext.2944
                0x000000000400302c                s_sZdoClientContext.2943
                0x0000000004003034                s_u32LastExpiredTime.3089
                0x0000000004003038                s_u32CompareTime.3088
                0x000000000400303c                s_u16ActivityCounter
                0x0000000004003040                APP_msgSerialRx.7612
                0x0000000004003058                s_prvCurrentISR.56800
                0x000000000400305c                u8AhiUart.126576
                0x0000000004003060                s_u32CurrentPriorityMask.56792
                0x0000000004003064                s_u8OSLevelIPL.56796
                0x0000000004003068                s_asTasks.56795
                0x000000000400306c                s_u32PendingQueue.56794
                0x0000000004003070                pwrm_CPUContext
 .bss           0x0000000004004de0       0x9c C:\Users\1\AppData\Local\Temp\cc64Kubn.ltrans31.ltrans.o
                0x0000000004004de0                sMiniMacPib
 .bss.dontinitinboot
                0x0000000004004e7c       0x40 c:/NXP/bstudio_nxp/workspace/sdk/JN-SW-4168/Components/Library\libBoot_JN516x.a(ExceptionHandler.o)
                0x0000000004004e7c                isr_handlers
 *(.bss.*)
 *(.scommon*)
 *(.scommon.*)
 *(COMMON)
                0x0000000004004ebc                . = ALIGN (0x4)
                0x0000000004004ebc                _bss_end = ABSOLUTE (.)

.heap           0x0000000004004ebc      0x7d0 load address 0x00000000000a9d80
                0x0000000004004ebc                _heap_start = ABSOLUTE (.)
                0x000000000400568c                . = (. + __minimum_heap_size)
 *fill*         0x0000000004004ebc      0x7d0 00

.stack          0x0000000004006c78     0x1388 load address 0x00000000000abb3c
                0x0000000004006c78                _heap_end = ABSOLUTE (.)
                0x0000000004006c78                _stack_low_water_mark = ABSOLUTE (.)
                0x0000000004008000                . = (. + __stack_size)
 *fill*         0x0000000004006c78     0x1388 00

.test           0x00000000000a573c        0x1
                0x00000000000a573c        0x1 BYTE 0xff
                0x00000000000a4f10                _flash_data_start = LOADADDR (.data)
                0x000000000000082c                _ram_data_len = (((_ram_data_end - _ram_data_start) + 0x3) & 0xfffffffffffffffc)
                0x0000000000004644                _bss_len = (((_bss_end - _bss_start) + 0x3) & 0xfffffffffffffffc)
                0x000000000002573c                _image_len = ((((_flash_end - _flash_start) + _ram_data_len) + 0x3) & 0xfffffffffffffffc)
                0x0000000004008000                _ram_top = (ABSOLUTE (ORIGIN (ram)) + 0x7fb4)
                0x0000000004008000                ram_top = (ABSOLUTE (ORIGIN (ram)) + 0x7fb4)
                0x0000000001001580                _app_ram_start = 0x1001580
                0x00000000040000f4                PROVIDE (_heap_location, u32HeapStart)
                0x00000000040000f4                PROVIDE (heap_location, u32HeapStart)
OUTPUT(CIE_JN5169.elf elf32-ba)

.comment        0x0000000000000000       0x11
 .comment       0x0000000000000000       0x12 C:\Users\1\AppData\Local\Temp\cc64Kubn.ltrans0.ltrans.o
 .comment       0x0000000000000000       0x12 C:\Users\1\AppData\Local\Temp\cc64Kubn.ltrans1.ltrans.o
 .comment       0x0000000000000000       0x12 C:\Users\1\AppData\Local\Temp\cc64Kubn.ltrans2.ltrans.o
 .comment       0x0000000000000000       0x12 C:\Users\1\AppData\Local\Temp\cc64Kubn.ltrans3.ltrans.o
 .comment       0x0000000000000000       0x12 C:\Users\1\AppData\Local\Temp\cc64Kubn.ltrans4.ltrans.o
 .comment       0x0000000000000000       0x12 C:\Users\1\AppData\Local\Temp\cc64Kubn.ltrans5.ltrans.o
 .comment       0x0000000000000000       0x12 C:\Users\1\AppData\Local\Temp\cc64Kubn.ltrans6.ltrans.o
 .comment       0x0000000000000000       0x12 C:\Users\1\AppData\Local\Temp\cc64Kubn.ltrans7.ltrans.o
 .comment       0x0000000000000000       0x12 C:\Users\1\AppData\Local\Temp\cc64Kubn.ltrans8.ltrans.o
 .comment       0x0000000000000000       0x12 C:\Users\1\AppData\Local\Temp\cc64Kubn.ltrans9.ltrans.o
 .comment       0x0000000000000000       0x12 C:\Users\1\AppData\Local\Temp\cc64Kubn.ltrans10.ltrans.o
 .comment       0x0000000000000000       0x12 C:\Users\1\AppData\Local\Temp\cc64Kubn.ltrans11.ltrans.o
 .comment       0x0000000000000000       0x12 C:\Users\1\AppData\Local\Temp\cc64Kubn.ltrans12.ltrans.o
 .comment       0x0000000000000000       0x12 C:\Users\1\AppData\Local\Temp\cc64Kubn.ltrans13.ltrans.o
 .comment       0x0000000000000000       0x12 C:\Users\1\AppData\Local\Temp\cc64Kubn.ltrans14.ltrans.o
 .comment       0x0000000000000000       0x12 C:\Users\1\AppData\Local\Temp\cc64Kubn.ltrans15.ltrans.o
 .comment       0x0000000000000000       0x12 C:\Users\1\AppData\Local\Temp\cc64Kubn.ltrans16.ltrans.o
 .comment       0x0000000000000000       0x12 C:\Users\1\AppData\Local\Temp\cc64Kubn.ltrans17.ltrans.o
 .comment       0x0000000000000000       0x12 C:\Users\1\AppData\Local\Temp\cc64Kubn.ltrans18.ltrans.o
 .comment       0x0000000000000000       0x12 C:\Users\1\AppData\Local\Temp\cc64Kubn.ltrans19.ltrans.o
 .comment       0x0000000000000000       0x12 C:\Users\1\AppData\Local\Temp\cc64Kubn.ltrans20.ltrans.o
 .comment       0x0000000000000000       0x12 C:\Users\1\AppData\Local\Temp\cc64Kubn.ltrans21.ltrans.o
 .comment       0x0000000000000000       0x12 C:\Users\1\AppData\Local\Temp\cc64Kubn.ltrans22.ltrans.o
 .comment       0x0000000000000000       0x12 C:\Users\1\AppData\Local\Temp\cc64Kubn.ltrans23.ltrans.o