Archive member included because of file (symbol)

c:/NXP/bstudio_nxp/workspace/sdk/JN-SW-4168/Components/Library\libOS_JN516x.a(os.o)
                              os_gen.o (symbol from plugin) (os_vStart)
c:/NXP/bstudio_nxp/workspace/sdk/JN-SW-4168/Components/Library\libOS_JN516x.a(os_contirq_JN516x.o)
                              os_irq.o (os_UnclaimedException_W)
c:/NXP/bstudio_nxp/workspace/sdk/JN-SW-4168/Components/Library\libPWRM_JN516x.a(pwrm.o)
                              app_start_CIE.o (symbol from plugin) (PWRM_vInit)
c:/NXP/bstudio_nxp/workspace/sdk/JN-SW-4168/Components/Library\libPWRM_JN516x.a(pwrm_setjmp_JN516x.o)
                              pwrm.o (symbol from plugin) (setjmp)
c:/NXP/bstudio_nxp/workspace/sdk/JN-SW-4168/Components/Library\libPWRM_JN516x.a(pwrm_cold_start.o)
                              (AppColdStart)
c:/NXP/bstudio_nxp/workspace/sdk/JN-SW-4168/Components/Library\libPWRM_JN516x.a(pwrm_warm_start.o)
                              (AppWarmStart)
c:/NXP/bstudio_nxp/workspace/sdk/JN-SW-4168/Components/Library\libPDUM_JN516x.a(pdum_nwk.o)
                              pdum_gen.o (symbol from plugin) (pdum_vNPduInit)
c:/NXP/bstudio_nxp/workspace/sdk/JN-SW-4168/Components/Library\libPDUM_JN516x.a(pdum_apl.o)
                              appZdpExtraction.o (symbol from plugin) (PDUM_u16APduInstanceReadNBO)
c:/NXP/bstudio_nxp/workspace/sdk/JN-SW-4168/Components/Library\libPDUM_JN516x.a(pdum.o)
                              pdum_nwk.o (symbol from plugin) (PDUM_u16SizeNBO)
c:/NXP/bstudio_nxp/workspace/sdk/JN-SW-4168/Components/Library\libZPSAPL_JN516x.a(zps_apl_af.o)
                              zha_CIE_node.o (symbol from plugin) (ZPS_eAplAfInit)
c:/NXP/bstudio_nxp/workspace/sdk/JN-SW-4168/Components/Library\libZPSAPL_JN516x.a(zps_apl_af_apsde.o)
                              zps_gen.o (symbol from plugin) (zps_vHandleApsdeDataFragInd)
c:/NXP/bstudio_nxp/workspace/sdk/JN-SW-4168/Components/Library\libZPSAPL_JN516x.a(zps_apl_task.o)
                              zps_apl_af_apsde.o (symbol from plugin) (zps_vAplAfPostEvent)
c:/NXP/bstudio_nxp/workspace/sdk/JN-SW-4168/Components/Library\libZPSAPL_JN516x.a(zps_apl_apsde.o)
                              zps_apl_task.o (symbol from plugin) (ZPS_vAplRegisterApsdeDcfmIndCallbacks)
c:/NXP/bstudio_nxp/workspace/sdk/JN-SW-4168/Components/Library\libZPSAPL_JN516x.a(zps_apl_apsme.o)
                              zps_apl_task.o (symbol from plugin) (ZPS_vAplRegisterApsmeDcfmIndCallbacks)
c:/NXP/bstudio_nxp/workspace/sdk/JN-SW-4168/Components/Library\libZPSAPL_JN516x.a(zps_apl_aps_nlde.o)
                              zps_gen.o (symbol from plugin) (zps_vHandleExtendedDataAckFrame)
c:/NXP/bstudio_nxp/workspace/sdk/JN-SW-4168/Components/Library\libZPSAPL_JN516x.a(zps_apl_sec.o)
                              zps_apl_task.o (symbol from plugin) (zps_psFindKeyDescr)
c:/NXP/bstudio_nxp/workspace/sdk/JN-SW-4168/Components/Library\libZPSAPL_JN516x.a(zps_apl_aib.o)
                              haEzJoin.o (symbol from plugin) (zps_psAplAibGetAib)
c:/NXP/bstudio_nxp/workspace/sdk/JN-SW-4168/Components/Library\libZPSAPL_JN516x.a(zps_apl_zdo_nwkmanager.o)
                              zps_apl_apsme.o (symbol from plugin) (zps_vAplSaveRecord)
c:/NXP/bstudio_nxp/workspace/sdk/JN-SW-4168/Components/Library\libZPSAPL_JN516x.a(zps_apl_zdo_handle_zdp_event.o)
                              zps_apl_task.o (symbol from plugin) (zps_bAplZdoHandleZdpEvent)
c:/NXP/bstudio_nxp/workspace/sdk/JN-SW-4168/Components/Library\libZPSAPL_JN516x.a(zps_apl_zdo_trust_center.o)
                              zps_gen.o (symbol from plugin) (zps_vAplTrustCenterInit)
c:/NXP/bstudio_nxp/workspace/sdk/JN-SW-4168/Components/Library\libZPSAPL_JN516x.a(zps_apl_zdo_common.o)
                              zps_apl_zdo_nwkmanager.o (symbol from plugin) (zps_eAplZdoNlmeleaveWrapper)
c:/NXP/bstudio_nxp/workspace/sdk/JN-SW-4168/Components/Library\libZPSAPL_JN516x.a(zps_apl_zdo_group.o)
                              GroupsTableManager.o (symbol from plugin) (zps_eAplZdoGroupEndpointAdd)
c:/NXP/bstudio_nxp/workspace/sdk/JN-SW-4168/Components/Library\libZPSAPL_JN516x.a(zps_apl_zdo_default_server.o)
                              zps_gen.o (symbol from plugin) (zps_vAplZdoDefaultServerInit)
c:/NXP/bstudio_nxp/workspace/sdk/JN-SW-4168/Components/Library\libZPSAPL_JN516x.a(zps_apl_zdo_bind_manager.o)
                              app_zone_client.o (symbol from plugin) (zps_eAplZdoBind)
c:/NXP/bstudio_nxp/workspace/sdk/JN-SW-4168/Components/Library\libZPSAPL_JN516x.a(zps_apl_mac_isr.o)
                              zps_apl_task.o (symbol from plugin) (u32DataQueueCount)
c:/NXP/bstudio_nxp/workspace/sdk/JN-SW-4168/Components/Library\libZPSAPL_JN516x.a(zps_apl_zdo_end_device_bind_server.o)
                              zps_gen.o (symbol from plugin) (zps_vAplZdoEndDeviceBindServerInit)
c:/NXP/bstudio_nxp/workspace/sdk/JN-SW-4168/Components/Library\libZPSAPL_JN516x.a(zps_apl_zdo_nwk_addr_server.o)
[...]
Memory Configuration

Name             Origin             Length             Attributes
flash            0x0000000000080000 0x0000000000080000
ram              0x000000000400004c 0x0000000000007fb4
*default*        0x0000000000000000 0xffffffffffffffff

Linker script and memory map

                0x0000000000001388                __stack_size = 0x1388
                0x00000000000007d0                __minimum_heap_size = 0x7d0
START GROUP
LOAD os_gen.o
LOAD C:\Users\1\AppData\Local\Temp\ccyxJ5hu.ltrans0.ltrans.o
LOAD C:\Users\1\AppData\Local\Temp\ccyxJ5hu.ltrans1.ltrans.o
LOAD C:\Users\1\AppData\Local\Temp\ccyxJ5hu.ltrans2.ltrans.o
LOAD C:\Users\1\AppData\Local\Temp\ccyxJ5hu.ltrans3.ltrans.o
LOAD C:\Users\1\AppData\Local\Temp\ccyxJ5hu.ltrans4.ltrans.o
LOAD C:\Users\1\AppData\Local\Temp\ccyxJ5hu.ltrans5.ltrans.o
LOAD C:\Users\1\AppData\Local\Temp\ccyxJ5hu.ltrans6.ltrans.o
LOAD C:\Users\1\AppData\Local\Temp\ccyxJ5hu.ltrans7.ltrans.o
LOAD C:\Users\1\AppData\Local\Temp\ccyxJ5hu.ltrans8.ltrans.o
LOAD C:\Users\1\AppData\Local\Temp\ccyxJ5hu.ltrans9.ltrans.o
LOAD C:\Users\1\AppData\Local\Temp\ccyxJ5hu.ltrans10.ltrans.o
LOAD C:\Users\1\AppData\Local\Temp\ccyxJ5hu.ltrans11.ltrans.o
LOAD C:\Users\1\AppData\Local\Temp\ccyxJ5hu.ltrans12.ltrans.o
LOAD C:\Users\1\AppData\Local\Temp\ccyxJ5hu.ltrans13.ltrans.o
LOAD C:\Users\1\AppData\Local\Temp\ccyxJ5hu.ltrans14.ltrans.o
LOAD C:\Users\1\AppData\Local\Temp\ccyxJ5hu.ltrans15.ltrans.o
LOAD C:\Users\1\AppData\Local\Temp\ccyxJ5hu.ltrans16.ltrans.o
LOAD C:\Users\1\AppData\Local\Temp\ccyxJ5hu.ltrans17.ltrans.o
LOAD C:\Users\1\AppData\Local\Temp\ccyxJ5hu.ltrans18.ltrans.o
LOAD C:\Users\1\AppData\Local\Temp\ccyxJ5hu.ltrans19.ltrans.o
LOAD C:\Users\1\AppData\Local\Temp\ccyxJ5hu.ltrans20.ltrans.o
LOAD C:\Users\1\AppData\Local\Temp\ccyxJ5hu.ltrans21.ltrans.o
LOAD C:\Users\1\AppData\Local\Temp\ccyxJ5hu.ltrans22.ltrans.o
LOAD C:\Users\1\AppData\Local\Temp\ccyxJ5hu.ltrans23.ltrans.o
LOAD C:\Users\1\AppData\Local\Temp\ccyxJ5hu.ltrans24.ltrans.o
LOAD C:\Users\1\AppData\Local\Temp\ccyxJ5hu.ltrans25.ltrans.o
LOAD C:\Users\1\AppData\Local\Temp\ccyxJ5hu.ltrans26.ltrans.o
LOAD C:\Users\1\AppData\Local\Temp\ccyxJ5hu.ltrans27.ltrans.o
LOAD C:\Users\1\AppData\Local\Temp\ccyxJ5hu.ltrans28.ltrans.o
LOAD C:\Users\1\AppData\Local\Temp\ccyxJ5hu.ltrans29.ltrans.o
LOAD C:\Users\1\AppData\Local\Temp\ccyxJ5hu.ltrans30.ltrans.o
LOAD C:\Users\1\AppData\Local\Temp\ccyxJ5hu.ltrans31.ltrans.o
LOAD c:/nxp/bstudio_nxp/workspace/sdk/tools/ba-elf-ba2-r36379/bin/../lib/gcc/ba-elf/4.7.4/../../../../ba-elf/lib/mcpu_jn51xx_sizeopt\libc.a
LOAD c:/nxp/bstudio_nxp/workspace/sdk/tools/ba-elf-ba2-r36379/bin/../lib/gcc/ba-elf/4.7.4/mcpu_jn51xx_sizeopt\libgcc.a
LOAD c:/nxp/bstudio_nxp/workspace/sdk/tools/ba-elf-ba2-r36379/bin/../lib/gcc/ba-elf/4.7.4/../../../../ba-elf/lib/mcpu_jn51xx_sizeopt\libc.a
LOAD os_irq.o
LOAD os_irq_alignment.o
LOAD os_irq_buserror.o
LOAD os_irq_illegalinstruction.o
LOAD os_irq_stackoverflowexception.o
LOAD os_irq_unimplementedmodule.o
LOAD os_irq_visr_systemcontroller.o
LOAD pdum_gen.o
LOAD pdum_apdu.o
LOAD zps_gen.o
LOAD app_timer_driver.o
LOAD app_exceptions.o
LOAD app_pdm.o
LOAD haEzJoin.o
LOAD app_zbp_utilities.o
LOAD app_buttons.o
LOAD app_zone_client.o
LOAD appZdpExtraction.o
LOAD appZpsBeaconHandler.o
LOAD app_CIE_save.o
LOAD app_start_CIE.o
LOAD zha_CIE_node.o
LOAD app_CIE_uart.o
LOAD ZQueue.o
LOAD app_zcl_CIE_task.o
LOAD app_data_handle.o
LOAD app_cmd_handle.o
LOAD app_data_save_handle.o
LOAD Array_list.o
LOAD Alarms.o
LOAD AlarmsClientCommands.o
LOAD AlarmsCommandHandler.o
LOAD AlarmsServerCommands.o
LOAD AlarmsTableManager.o
LOAD AnalogInputBasic.o
LOAD AnalogOutputBasic.o
LOAD Basic.o
LOAD BasicClientCommands.o
LOAD BasicCommandHandler.o
LOAD BinaryInputBasic.o
LOAD BinaryOutputBasic.o
LOAD Commissioning.o
LOAD DeviceTemperatureConfiguration.o
LOAD Diagnostics.o
LOAD DoorLock.o
LOAD DoorLockCommandHandler.o
LOAD DoorLockCommands.o
LOAD ElectricalMeasurement.o
LOAD Groups.o
LOAD GroupsClientCommands.o
LOAD GroupsCommandHandler.o
LOAD GroupsServerCommands.o
LOAD GroupsTableManager.o
LOAD Identify.o
LOAD IdentifyClientCommands.o
LOAD IdentifyCommandHandler.o
LOAD IdentifyServerCommands.o
LOAD LevelControl.o
LOAD LevelControlClientCommands.o
LOAD LevelControlCommandHandler.o
LOAD MultistateInputBasic.o
LOAD MultistateOutputBasic.o
LOAD OOSC.o
LOAD OnOff.o
LOAD OnOffCommandHandler.o
LOAD OnOffCommands.o
LOAD PollControl.o
LOAD PollControlClientCommands.o
LOAD PollControlCommandHandler.o
LOAD PollControlServerCommands.o
LOAD PowerConfiguration.o
LOAD Scenes.o
LOAD ScenesClientCommands.o
LOAD ScenesClusterManagement.o
LOAD ScenesCommandHandler.o
LOAD ScenesServerCommands.o
LOAD ScenesTableManager.o
LOAD TC.o
LOAD Time.o
LOAD ha.o
LOAD door_lock.o
LOAD door_lock_controller.o
LOAD mains_power_outlet.o
LOAD on_off_output.o
LOAD on_off_switch.o
LOAD plug_control.o
LOAD remote_control.o
LOAD simple_sensor.o
LOAD smart_plug.o
LOAD IASACE.o
LOAD IASACEClientCommands.o
LOAD IASACECommandHandler.o
LOAD IASACEServerCommands.o
LOAD IASWD.o
LOAD IASWDCommandHandler.o
LOAD IASWDCommands.o
LOAD IASZone.o
LOAD IASZoneCommandHandler.o
LOAD IASZoneCommands.o
LOAD ancillary_control_equipment.o
LOAD control_and_indicating_equipment.o
LOAD warning_device.o
LOAD zone.o
LOAD dlist.o
LOAD zcl.o
LOAD zcl_CustomCommandReceive.o
LOAD zcl_CustomCommandSend.o
LOAD zcl_PDUbufferReadWrite.o
LOAD zcl_PDUbufferReadWriteString.o
LOAD zcl_WriteAttributesRequestHandle.o
LOAD zcl_WriteAttributesRequestSend.o
LOAD zcl_WriteAttributesResponseHandle.o
LOAD zcl_attribute.o
LOAD zcl_buffer.o
LOAD zcl_clusterCommand.o
LOAD zcl_command.o
LOAD zcl_configureReportingCommandHandle.o
LOAD zcl_configureReportingCommandSend.o
LOAD zcl_configureReportingResponseHandle.o
LOAD zcl_defaultResponse.o
LOAD zcl_discoverAttributesExtendedRequestHandle.o
LOAD zcl_discoverAttributesExtendedRequestSend.o
LOAD zcl_discoverAttributesExtendedResponseHandle.o
LOAD zcl_discoverAttributesRequestHandle.o
LOAD zcl_discoverAttributesRequestSend.o
LOAD zcl_discoverAttributesResponseHandle.o
LOAD zcl_discoverCommandsRequestHandle.o
LOAD zcl_discoverCommandsRequestSend.o
LOAD zcl_discoverCommandsResponseHandle.o
LOAD zcl_event.o
LOAD zcl_heap.o
LOAD zcl_library_options.o
LOAD zcl_readAttributesRequestHandle.o
LOAD zcl_readAttributesRequestSend.o
LOAD zcl_readAttributesResponseHandle.o
LOAD zcl_readReportingConfigurationCommandHandle.o
LOAD zcl_readReportingConfigurationCommandSend.o
LOAD zcl_readReportingConfigurationResponseHandle.o
LOAD zcl_reportManager.o
LOAD zcl_reportMaths.o
LOAD zcl_reportScheduler.o
LOAD zcl_reportStringHandling.o
LOAD zcl_reportStructure.o
LOAD zcl_search.o
LOAD zcl_timer.o
LOAD zcl_transmit.o
LOAD c:/NXP/bstudio_nxp/workspace/sdk/JN-SW-4168/Components/Library\libZPSMAC_Mini_JN516x.a
LOAD c:/NXP/bstudio_nxp/workspace/sdk/JN-SW-4168/Components/Library\libOS_JN516x.a
LOAD c:/NXP/bstudio_nxp/workspace/sdk/JN-SW-4168/Components/Library\libPWRM_JN516x.a
LOAD c:/NXP/bstudio_nxp/workspace/sdk/JN-SW-4168/Components/Library\libZPSTSV_JN516x.a
LOAD c:/NXP/bstudio_nxp/workspace/sdk/JN-SW-4168/Components/Library\libAES_SW_JN516x.a
LOAD c:/NXP/bstudio_nxp/workspace/sdk/JN-SW-4168/Components/Library\libPDUM_JN516x.a
LOAD c:/NXP/bstudio_nxp/workspace/sdk/JN-SW-4168/Components/Library\libZPSAPL_JN516x.a
LOAD c:/NXP/bstudio_nxp/workspace/sdk/JN-SW-4168/Components/Library\libRandom_JN516x.a
LOAD c:/NXP/bstudio_nxp/workspace/sdk/JN-SW-4168/Components/Library\libPDM_EEPROM_JN516x.a
LOAD c:/NXP/bstudio_nxp/workspace/sdk/JN-SW-4168/Components/Library\libDBG_JN516x.a
LOAD c:/NXP/bstudio_nxp/workspace/sdk/JN-SW-4168/Components/Library\libZPSGP_JN516x.a
LOAD c:/NXP/bstudio_nxp/workspace/sdk/JN-SW-4168/Components/Library\libZPSZLL_JN516x.a
LOAD c:/NXP/bstudio_nxp/workspace/sdk/JN-SW-4168/Components/Library\libZPSNWK_JN516x.a
LOAD c:/NXP/bstudio_nxp/workspace/sdk/JN-SW-4168/Components/Library\libMiniMac_JN5169.a
LOAD c:/NXP/bstudio_nxp/workspace/sdk/JN-SW-4168/Components/Library\libMiniMacShim_JN516x.a
LOAD c:/NXP/bstudio_nxp/workspace/sdk/JN-SW-4168/Components/Library\libMMAC_JN5169.a
LOAD c:/NXP/bstudio_nxp/workspace/sdk/JN-SW-4168/Components/Library\libJPT_JN5169.a
LOAD c:/NXP/bstudio_nxp/workspace/sdk/JN-SW-4168/Components/Library\libAes_JN516x.a
LOAD c:/NXP/bstudio_nxp/workspace/sdk/JN-SW-4168/Components/Library\libHardwareApi_JN5169.a
LOAD c:/NXP/bstudio_nxp/workspace/sdk/JN-SW-4168/Components/Library\libMicroSpecific_JN516x.a
LOAD c:/NXP/bstudio_nxp/workspace/sdk/JN-SW-4168/Components/Library\libBoot_JN516x.a
LOAD c:/NXP/bstudio_nxp/workspace/sdk/JN-SW-4168/Platform/DK4/Library\libBoardLib_JN516x.a
LOAD c:/nxp/bstudio_nxp/workspace/sdk/tools/ba-elf-ba2-r36379/bin/../lib/gcc/ba-elf/4.7.4/../../../../ba-elf/lib/mcpu_jn51xx_sizeopt\libm.a
END GROUP
LOAD c:/nxp/bstudio_nxp/workspace/sdk/tools/ba-elf-ba2-r36379/bin/../lib/gcc/ba-elf/4.7.4/../../../../ba-elf/lib/mcpu_jn51xx_sizeopt\libc.a
LOAD c:/nxp/bstudio_nxp/workspace/sdk/tools/ba-elf-ba2-r36379/bin/../lib/gcc/ba-elf/4.7.4/mcpu_jn51xx_sizeopt\libgcc.a
LOAD c:/nxp/bstudio_nxp/workspace/sdk/tools/ba-elf-ba2-r36379/bin/../lib/gcc/ba-elf/4.7.4/../../../../ba-elf/lib/mcpu_jn51xx_sizeopt\libc.a
                0x0000000000080038                exception_vsr_table = 0x80038
                0x0000000004000000                pSPIflashFncTable = 0x4000000
                0x0000000000000044                restore_state = 0x44
                0x000000000000004a                bZSPIWaitWIPClear = 0x4a
                0x0000000000000050                u16ZSPIflashRDID = 0x50
                0x0000000000000056                u8SelectFlashChipType = 0x56
                0x000000000000005c                memcpy = 0x5c
                0x0000000000000066                vBootFlashProg = 0x66
                [0x00000000000007d0]                __minimum_heap_size = DEFINED (__minimum_heap_size)?__minimum_heap_size:0xd16
                [0x0000000000001388]                __stack_size = DEFINED (__stack_size)?__stack_size:0x800
                0x0000000000000000                _SwConfig = (DEFINED (g_bSWConf_Debug) | (DEFINED (g_bSWConf_AltDebugPort) << 0x1))

.version        0x000000000007fffc        0x4
                0x000000000007fffc        0x4 LONG 0xf03000b

.bir            0x0000000000080000       0x10
                0x0000000000080000                _flash_start = ABSOLUTE (.)
                0x0000000000080000                _flash_beg = ABSOLUTE (.)
                0x0000000000080000        0x4 LONG 0x12345678
                0x0000000000080004        0x4 LONG 0x11223344
                0x0000000000080008        0x4 LONG 0x55667788
                0x000000000008000c        0x1 BYTE 0x8
                0x000000000008000d        0x1 BYTE 0x1
                0x000000000008000e        0x2 SHORT 0x0

.flashheader    0x0000000000080010       0x28
                0x0000000000080010        0x4 LONG 0x0
                0x0000000000080014        0x4 LONG 0x0
                0x0000000000080018        0x4 LONG 0x0
                0x000000000008001c        0x2 SHORT 0x0
                0x000000000008001e        0x2 SHORT 0x0 ABSOLUTE (_SwConfig)
                0x0000000000080020                _enc_start = ABSOLUTE (.)
                0x0000000000080020        0x4 LONG 0x256f4 ABSOLUTE (_image_len)
                0x0000000000080024        0x4 LONG 0xa4ec8 ABSOLUTE (_flash_data_start)
                0x0000000000080028        0x2 SHORT 0x13 ((ABSOLUTE (_ram_data_start) / 0x4) & 0xffff)
                0x000000000008002a        0x2 SHORT 0x20b ((ABSOLUTE (_ram_data_len) / 0x4) & 0xffff)
                0x000000000008002c        0x2 SHORT 0x21e ((ABSOLUTE (_bss_start) / 0x4) & 0xffff)
                0x000000000008002e        0x2 SHORT 0x1189 ((ABSOLUTE (_bss_len) / 0x4) & 0xffff)
                0x0000000000080030        0x4 LONG 0xa3a96 ABSOLUTE (AppWarmStart)
                0x0000000000080034        0x4 LONG 0xa3ab0 ABSOLUTE (AppColdStart)
                0x0000000000000000                _enc_offset = (_enc_start & 0xf)

.ro_mac_address
                0x0000000000080040        0x0
                0x0000000000080040                _FlsMACAddress = ABSOLUTE (.)
 *(.ro_mac_address)
                0x0000000000080040                . = ALIGN (0x10)

.ro_ota_header  0x0000000000080040        0x0
                0x0000000000080040                _FlsOtaHeader = ABSOLUTE (.)
 *(.ro_ota_header)
                0x0000000000080040                . = ALIGN (0x10)

.ro_se_lnkKey   0x0000000000080040        0x0
                0x0000000000080040                _FlsLinkKey = ABSOLUTE (.)
 *(.ro_se_lnkKey)
                0x0000000000080040                . = ALIGN (0x10)

.rodata         0x0000000000080038     0x1527
 *(.rodata*)
 .rodata.str1.1
                0x0000000000080038       0x8f C:\Users\1\AppData\Local\Temp\ccyxJ5hu.ltrans0.ltrans.o
 *fill*         0x00000000000800c7        0x1 00
 .rodata        0x00000000000800c8       0x58 C:\Users\1\AppData\Local\Temp\ccyxJ5hu.ltrans0.ltrans.o
                0x00000000000800c8                g_psGreenPowerContext
                0x00000000000800cc                gMAC_u8MaxBuffers
                0x00000000000800d0                g_u32ApsFcSaveCountBitShift
                0x00000000000800d4                u8MaxZpsConfigEp
                0x00000000000800d5                au8EpMapPresent
                0x00000000000800d8                s_groupPdmTable
 .rodata.str1.1
                0x0000000000080120      0x351 C:\Users\1\AppData\Local\Temp\ccyxJ5hu.ltrans2.ltrans.o
                                        0x370 (size before relaxing)
 .rodata        0x0000000000080471       0x10 C:\Users\1\AppData\Local\Temp\ccyxJ5hu.ltrans2.ltrans.o
 *fill*         0x0000000000080481        0x3 00
 .rodata        0x0000000000080484       0x10 C:\Users\1\AppData\Local\Temp\ccyxJ5hu.ltrans3.ltrans.o
 .rodata.str1.1
                0x0000000000080494        0x6 C:\Users\1\AppData\Local\Temp\ccyxJ5hu.ltrans4.ltrans.o
                                          0xe (size before relaxing)
 .rodata        0x000000000008049a       0x6b C:\Users\1\AppData\Local\Temp\ccyxJ5hu.ltrans4.ltrans.o
 *fill*         0x0000000000080505        0x3 00
 .rodata        0x0000000000080508       0x40 C:\Users\1\AppData\Local\Temp\ccyxJ5hu.ltrans5.ltrans.o
 .rodata.str1.1
                0x0000000000000000        0x6 C:\Users\1\AppData\Local\Temp\ccyxJ5hu.ltrans5.ltrans.o
                                          0x8 (size before relaxing)
 .rodata.str1.1
                0x0000000000080548       0x1a C:\Users\1\AppData\Local\Temp\ccyxJ5hu.ltrans6.ltrans.o
 .rodata.str1.1
                0x0000000000080562        0x7 C:\Users\1\AppData\Local\Temp\ccyxJ5hu.ltrans7.ltrans.o
                                          0xc (size before relaxing)
 .rodata.str1.1
                0x0000000000080569        0xa C:\Users\1\AppData\Local\Temp\ccyxJ5hu.ltrans8.ltrans.o
                                         0x19 (size before relaxing)
 .rodata.str1.1
                0x0000000000080573        0x5 C:\Users\1\AppData\Local\Temp\ccyxJ5hu.ltrans9.ltrans.o
                                         0x17 (size before relaxing)
 .rodata.str1.1
                0x0000000000080578        0x6 C:\Users\1\AppData\Local\Temp\ccyxJ5hu.ltrans10.ltrans.o
 .rodata        0x000000000008057e        0x6 C:\Users\1\AppData\Local\Temp\ccyxJ5hu.ltrans11.ltrans.o
 .rodata.str1.1
                0x0000000000080584        0x3 C:\Users\1\AppData\Local\Temp\ccyxJ5hu.ltrans11.ltrans.o
 .rodata.str1.1
                0x0000000000080587       0x1c C:\Users\1\AppData\Local\Temp\ccyxJ5hu.ltrans12.ltrans.o
                                         0x43 (size before relaxing)
 .rodata.str1.1
                0x00000000000805a3       0x3a C:\Users\1\AppData\Local\Temp\ccyxJ5hu.ltrans13.ltrans.o
                                         0x6a (size before relaxing)
 .rodata.str1.1
                0x0000000000000000       0x3a C:\Users\1\AppData\Local\Temp\ccyxJ5hu.ltrans14.ltrans.o
                                          0x7 (size before relaxing)
 .rodata        0x00000000000805dd        0x6 C:\Users\1\AppData\Local\Temp\ccyxJ5hu.ltrans14.ltrans.o
 .rodata.str1.1
                0x0000000000000000        0x4 C:\Users\1\AppData\Local\Temp\ccyxJ5hu.ltrans15.ltrans.o
 *fill*         0x00000000000805e3        0x1 00
 .rodata        0x00000000000805e4       0x18 C:\Users\1\AppData\Local\Temp\ccyxJ5hu.ltrans16.ltrans.o
                0x00000000000805e4                au32NwkPdmRecordOffsets
 .rodata.str1.1
                0x00000000000805fc      0x17e C:\Users\1\AppData\Local\Temp\ccyxJ5hu.ltrans17.ltrans.o
 .rodata.str1.1
                0x000000000008077a      0x258 C:\Users\1\AppData\Local\Temp\ccyxJ5hu.ltrans18.ltrans.o
 *fill*         0x00000000000809d2        0x2 00
 .rodata        0x00000000000809d4       0x1c C:\Users\1\AppData\Local\Temp\ccyxJ5hu.ltrans18.ltrans.o
                0x00000000000809e8                psAplDefaultZLLAPSLinkKey
                0x00000000000809ec                Frame_Seq
 .rodata        0x00000000000809f0      0x1e0 C:\Users\1\AppData\Local\Temp\ccyxJ5hu.ltrans19.ltrans.o
                0x00000000000809f0                s_apsStSceTbl.134453
                0x0000000000080a04                s_aprIdleStHandleCme.144434
                0x0000000000080a18                s_aprActvStHandleCme.140566
                0x0000000000080a3c                bRxOnOptimisationTurnedOff
                0x0000000000080a54                zps_sJoinSceTbl
                0x0000000000080a60                zps_sActvSceTbl
 .rodata.str1.1
                0x0000000000000000        0x3 C:\Users\1\AppData\Local\Temp\ccyxJ5hu.ltrans20.ltrans.o
 .rodata.str1.1
                0x0000000000000000        0x6 C:\Users\1\AppData\Local\Temp\ccyxJ5hu.ltrans21.ltrans.o
 .rodata.str1.1
                0x0000000000000000        0xa C:\Users\1\AppData\Local\Temp\ccyxJ5hu.ltrans22.ltrans.o
 .rodata        0x0000000000080bd0       0x48 C:\Users\1\AppData\Local\Temp\ccyxJ5hu.ltrans22.ltrans.o
 .rodata.str1.1
                0x0000000000080c18      0x132 C:\Users\1\AppData\Local\Temp\ccyxJ5hu.ltrans23.ltrans.o
                                        0x13a (size before relaxing)
 .rodata.str1.1
                0x0000000000000000      0x132 C:\Users\1\AppData\Local\Temp\ccyxJ5hu.ltrans25.ltrans.o
                                          0x8 (size before relaxing)
 *fill*         0x0000000000080d4a        0x2 00
 .rodata        0x0000000000080d4c      0x318 C:\Users\1\AppData\Local\Temp\ccyxJ5hu.ltrans27.ltrans.o
                0x0000000000080d4c                gu32ZCLVersion
                0x0000000000080d50                OS_g_u32Version
                0x0000000000080d54                PDUM_g_u32Version
                0x0000000000080d58                ZPS_g_u32MacVersion
                0x0000000000080d5c                ZPS_g_u32TsvVersion
 .rodata.str1.1
                0x0000000000081064        0x5 C:\Users\1\AppData\Local\Temp\ccyxJ5hu.ltrans28.ltrans.o
                                         0x2a (size before relaxing)
 .rodata.str1.1
                0x0000000000081069       0x14 C:\Users\1\AppData\Local\Temp\ccyxJ5hu.ltrans29.ltrans.o
                                         0x2c (size before relaxing)
 .rodata.str1.1
                0x000000000008107d       0xb2 C:\Users\1\AppData\Local\Temp\ccyxJ5hu.ltrans30.ltrans.o
 *fill*         0x000000000008112f        0x1 00
 .rodata        0x0000000000081130      0x41c C:\Users\1\AppData\Local\Temp\ccyxJ5hu.ltrans30.ltrans.o
                0x0000000000081130                zps_g_pvApl
                0x0000000000081134                au32UartAddrOffset
                0x000000000008113c                pwrm_psWakeupCallbacks
 .rodata.str1.1
                0x000000000008154c       0x13 C:\Users\1\AppData\Local\Temp\ccyxJ5hu.ltrans31.ltrans.o

.text           0x0000000000081560    0x23966
 *(.text*)
 .text          0x0000000000081560     0x1f74 C:\Users\1\AppData\Local\Temp\ccyxJ5hu.ltrans0.ltrans.o
                0x0000000000081560                vInitialiseApp.6594
                0x0000000000081560                APP_TIMER_Version_1v0
 .text          0x00000000000834d4     0x1790 C:\Users\1\AppData\Local\Temp\ccyxJ5hu.ltrans1.ltrans.o
                0x00000000000834d4                vZCL_EventHandler
 .text          0x0000000000084c64     0x15e0 C:\Users\1\AppData\Local\Temp\ccyxJ5hu.ltrans2.ltrans.o
                0x0000000000084c64                os_vAPP_taskCIE
 .text          0x0000000000086244     0x1472 C:\Users\1\AppData\Local\Temp\ccyxJ5hu.ltrans3.ltrans.o
                0x0000000000086244                DBG_vUartFlush
                0x0000000000086271                os_u32APP_cbGetTickTimer
                0x000000000008627a                os_bAPP_cbSetTickTimerCompare
                0x0000000000086429                vMiniMac_NextTransaction
                0x00000000000864d0                DBG_vUartPutch
                0x00000000000865a5                boIdValueSearchMatch.125210
                0x00000000000865ff                eTransmit
                0x00000000000866dc                vMiniMac_TxComplete
                0x00000000000867c3                vTimerFired
                0x000000000008687b                vMiniMac_Init
                0x0000000000086c2d                vDispatch.56664
                0x0000000000086cff                OS_eStartSWTimer.constprop.147
                0x0000000000086e1e                OS_eContinueSWTimer.constprop.15
                0x0000000000086eff                OS_eStopSWTimer
                0x0000000000087022                HalUARTRead.isra.1.part.2.7536
                0x00000000000870dc                vStartStopTimer
                0x0000000000087107                OS_ePostMessage
                0x000000000008726d                OS_eExitCriticalSection
                0x0000000000087352                OS_eActivateTask
                0x00000000000873ed                vPostMlmeDcfmInd.76948
                0x0000000000087490                iPDM_ReadUserDataFromEEPROMsegment
                0x000000000008750a                iPDM_ReCalculateWearCountAndChecksumAndWriteFileSystemHeader
                0x0000000000087554                vPDM_SetEEPROMandFileSystemValidState
                0x000000000008757b                iPDM_ReadUserDataFromFileSystemRecord
                0x000000000008759b                vPDM_WriteFileSystemRecordAndSegmentDataIntoEEPROMsegment
                0x00000000000875d6                PWRM_vWakeInterruptCallback
                0x000000000008765d                iPDM_ReadSegmentHeaderDataFromEEPROMsegment
 .text          0x00000000000876b6     0x124c C:\Users\1\AppData\Local\Temp\ccyxJ5hu.ltrans4.ltrans.o
                0x0000000000087810                u16ZCL_APduInstanceWriteNBO
                0x00000000000878ba                u16ZCL_WriteCommandHeader
                0x0000000000087932                u16ZCL_APduInstanceReadNBO
                0x0000000000087a17                u16ZCL_ReadCommandHeader.part.0.40825
                0x0000000000087a8e                eCLD_BasicCommandHandler
                0x0000000000087ab1                u16ZCL_APduInstanceWriteStringNBO
                0x0000000000087b78                u16ZCL_WriteAttributeValueIntoBuffer
                0x0000000000087bea                u16ZCL_APduInstanceReadStringNBO
                0x0000000000087cbf                eZCL_GetAttributeTypeSizeFromBuffer
                0x0000000000087d36                u16ZCL_GetTxPayloadSize
                0x0000000000087d6e                u8ZdoEndDeviceBindServerUnpackApdu
                0x0000000000087dfe                u8ZdoBindUnbindServerUnpackApdu
                0x0000000000087e4d                sEZ_GetDiscEntry.3244
                0x0000000000087e8e                ZPS_bIsMacAddressUsedInApsTable
                0x0000000000087f44                iPDM_FilterDuplicateAppendedSegmentsOnList.126382
                0x0000000000087f88                ZPS_eTsvOpen
                0x0000000000087fa2                zps_vNwkBttMgrInit
                0x0000000000087fd0                ZPS_vNwkNibClearTables
                0x00000000000880f1                vMicroIntEnableOnly.constprop.145
                0x000000000008811d                vSetChannelAndPower
                0x00000000000882bd                vMiniMac_PLME_SetReq_Power
                0x00000000000882d1                vMiniMac_PLME_SetReq_Channel
                0x00000000000882d9                TSV_eStart
                0x0000000000088329                vZGPParseMacMcpsData
                0x0000000000088457                vMiniMac_MLME_SetReq_PanId
                0x0000000000088494                vMiniMac_MLME_SetReq_ShortAddr
                0x00000000000884a2                iAHI_WriteDataIntoEEPROMsegment.constprop.127
                0x00000000000884f0                vACI_OptimisedCcmStar.constprop.116
                0x00000000000886db                u8ZgpCCMStarDecrypt
                0x000000000008887f                zps_eNwkRtDiscMatch.constprop.113
                0x00000000000888d2                vTransformKey.isra.0.65447
 .text          0x0000000000088902     0x153f C:\Users\1\AppData\Local\Temp\ccyxJ5hu.ltrans5.ltrans.o
                0x00000000000889a5                vMMAC_IntHandlerBbc
                0x00000000000889bf                eBasicTxCompleteHandler
                0x00000000000889c4                vTxRxTimeout.150580
                0x0000000000088a21                eSmeAcScBeaconInd.142529
                0x0000000000088a7d                eSmeASFlBeaconInd.142364
                0x0000000000088a9f                eSmeUDNTScanDcfm.141814
                0x0000000000088abb                vPermitJoinHandleExpiry.137365
                0x0000000000088b2f                zps_eNwkHandleSmePollDcfm
                0x0000000000088b59                eLeaveDataDcfmRemoteLeave.147111
                0x0000000000088ba2                eSmeGenlScanDcfm.142356
                0x0000000000088c00                eRouteRequestDataDcfm.138537
                0x0000000000088c54                eNldeDataDcfm.136372
                0x0000000000088c84                eSmeEdScScanDcfm.142352
                0x0000000000088e2b                eSmeAcScBeaconInd.142372
                0x0000000000088f33                eSmeUDNTBeaconInd.142348
                0x0000000000088f56                pvZCL_HeapAlloc.part.0.48219.constprop.59
                0x0000000000088f8f                u16AHI_UartBlockWriteData.part.13.153330.constprop.26
                0x0000000000088fcc                vMiniMac_ReturnTxBufferCallback
                0x0000000000088fde                vEnableReceive.150584
                0x0000000000089018                pvHeap_Alloc
                0x000000000008901b                vMicroIntRestoreState
                0x0000000000089027                bAHI_WriteEEPROMfixSegmentData
                0x0000000000089085                bAHI_InitialiseEEPROM
                0x00000000000890cd                vAHI_ReadDataFromEEPROMregister
                0x00000000000890fa                vAHI_WriteDataIntoEEPROMregister
                0x000000000008912a                iPDM_WriteSegmentHeaderDataIntoEEPROMsegment
                0x0000000000089159                u8AHI_WakeTimerFiredStatus
                0x000000000008916d                vAHI_WakeTimerStop.part.3.153559
                0x000000000008918d                vAHI_UartWriteData
                0x00000000000891a9                vAHI_UartReset.part.4.153313
                0x00000000000891e1                vAHI_UartSetBaudDivisor.part.1.153293
                0x0000000000089220                vAHI_OptimiseWaitStates
                0x000000000008926c                bAHI_GetClkSource
                0x0000000000089279                vAHI_SwReset
                0x00000000000892a9                vAHI_DioSetOutput
                0x00000000000892bd                vEcbEncodeStripe.152768
                0x0000000000089314                bACI_WriteKey
                0x0000000000089322                AESSW_vMMOBlockUpdate
                0x0000000000089391                vRadioToOff
                0x00000000000893ae                vStartReceive
                0x00000000000893ca                MAC_u64GetExtAddr
                0x00000000000893e5                ZPS_u64NwkNibFindExtAddr
                0x0000000000089490                ZPS_u16NwkNibFindNwkAddr
                0x0000000000089536                psSearchForFrameToSend
                0x000000000008958d                eMiniMac_FrameInProgress
                0x00000000000895b8                vRemoveFromTxQueue
                0x00000000000895f4                vAddToTxQueue
                0x000000000008962a                u8GetHeaderSize
                0x0000000000089652                vMiniMac_PLME_SetReq_CcaMode
                0x0000000000089666                vMiniMac_MLME_SetReq_MaxCsmaBackoffs
                0x0000000000089686                vMiniMac_MLME_SetReq_MaxBe
                0x00000000000896a9                vMiniMac_MLME_SetReq_MinBe
                0x00000000000896cc                zps_vSendJoinInd
                0x000000000008973e                zps_psFormatCmdFrameGeneral
                0x00000000000897cb                zps_eNwkFormStInit
                0x00000000000897e0                vSendDcfm.143050
                0x0000000000089806                bCheckMatchingEntry.142524
                0x000000000008982c                zps_psNwkSlistRemoveFromHead
                0x0000000000089843                zps_psNwkSlistRemove
                0x000000000008987b                zps_bNwkMcpsMgrRemoveDescrFromLists
                0x00000000000898b9                zps_vNwkSlistAddToTail
                0x00000000000898d3                ZPS_vNwkSecResetDevice
                0x0000000000089918                ZPS_bNwkSecHaveNetworkKey
                0x000000000008994c                ZPS_bNwkSecFindMatSet
                0x0000000000089988                zps_eNwkRtMatch
                0x0000000000089a95                zps_eNwkRctMatchNwkAddr
                0x0000000000089aff                ZPS_u8NwkCalcNldeReqOverhead
                0x0000000000089b3a                zps_vRemoveNextHop
                0x0000000000089bef                zps_vRemoveRoute
                0x0000000000089c86                zps_psNwkRtMatchNwkAddr
                0x0000000000089cfc                ZPS_vNwkNibClearDiscoveryNT
                0x0000000000089d10                ZPS_u8NwkNibNtDiscMatch
                0x0000000000089df3                bCheckNwkAddr
 .text.unlikely
                0x0000000000089e41       0xc8 C:\Users\1\AppData\Local\Temp\ccyxJ5hu.ltrans5.ltrans.o
                0x0000000000089e56                vAHI_MemoryHold.152991
 *fill*         0x0000000000089f09        0x3 00
 .text          0x0000000000089f0c     0x13d4 C:\Users\1\AppData\Local\Temp\ccyxJ5hu.ltrans6.ltrans.o
                0x0000000000089f0c                vMcpsMgrExpiry.134178
                0x0000000000089f6b                zps_vNwkHandleCmeRouteDiscoveryReq
                0x000000000008a259                zps_eStartFragmentedTransmission
                0x000000000008a36e                vMiniMac_MlmeCallback
                0x000000000008a798                vScanBeaconReceived
                0x000000000008a7d7                vPostDcfm.151371
                0x000000000008a840                vScanNextChannel.151377
                0x000000000008aa56                vRunningRxCallback
                0x000000000008ad65                ePollReqSent.151564
                0x000000000008adb0                ZPS_vNwkResetOutgoingFrameCounter
                0x000000000008ae04                zps_vAplTrustCenterInit
                0x000000000008aed3                zps_vSendExtendedAckDataFrame.59785
                0x000000000008afe6                eUnfragmentedUnicastTransmission.62489
 .text          0x000000000008b2e0     0x12e7 C:\Users\1\AppData\Local\Temp\ccyxJ5hu.ltrans7.ltrans.o
                0x000000000008b3cc                vIncrementFrameCounterInPdm.isra.0.135584
                0x000000000008b5ab                vProcessListsForSubmission.134294
                0x000000000008b938                zps_vNwkMcpsMgrPost
                0x000000000008b95c                psSendRouteReplyCmd.138519
                0x000000000008ba6e                zps_eNwkHandleSceRouteReply
                0x000000000008bdd5                zps_vNwkHandleCmeLeaveReq
                0x000000000008bea3                zps_eNwkHandleSceLeave
                0x000000000008c065                zps_eNwkHandleSdeActvDcfmData
                0x000000000008c1ef                vMcpsMgrTimeoutExpiry
                0x000000000008c25e                iPDM_VerifyDataSequenceWithBufferId
                0x000000000008c300                zps_eAplZdoBind.constprop.86
                0x000000000008c38e                bAplZdoBindUnbindServerProcessApdu
 .text          0x000000000008c5c7     0x1451 C:\Users\1\AppData\Local\Temp\ccyxJ5hu.ltrans8.ltrans.o
                0x000000000008c5c7                vSendNetworkReport.133278
                0x000000000008c6a1                zps_eNwkHandleSceRouteRequest
                0x000000000008cad0                zps_psNwkInitiateRouteDiscovery
                0x000000000008ce08                zps_psSendFrm
                0x000000000008d124                zps_psSendBroadcastFrm
                0x000000000008d1ba                ZPS_vNwkHandleNldeReqRsp
                0x000000000008d39a                zps_eAplApsmeCmdMgrSendCommand
                0x000000000008d477                zps_eNwkHandleSceRouteRecord
                0x000000000008d54b                zps_psNwkSendRejoinReqCmd.constprop.11
                0x000000000008d5bb                zps_u8NwkHandleRejoinReq
                0x000000000008d684                vContinueRejoin.144906
                0x000000000008d72b                zps_psSendNetworkStatusCmd
                0x000000000008d798                zps_vProcessLocalAddrConflict
                0x000000000008d843                zps_eDefaultDataDcfm
 *fill*         0x000000000008da18        0x0 00
 .text          0x000000000008da18     0x13fc C:\Users\1\AppData\Local\Temp\ccyxJ5hu.ltrans9.ltrans.o
                0x000000000008dc88                zps_eNwkHandleSceNwkStatus
                0x000000000008de47                zps_eNwkHandleSmeAssocInd
                0x000000000008de6b                vSdeHandleMcpsDataInd.134274
                0x000000000008eaee                ZPS_vNwkNibCheckAndUpdateAddresses
                0x000000000008eb85                zps_bAplZdoDeviceAnnceServer
 .text          0x000000000008ee14     0x137f C:\Users\1\AppData\Local\Temp\ccyxJ5hu.ltrans10.ltrans.o
                0x000000000008ee5d                zps_vAplSaveRecord
                0x000000000008eef6                zps_eAplApsmeBindReqRsp
                0x000000000008efd0                vHandleJoinedNwk.3491
                0x000000000008f0b2                zps_bNwkFindAddIeeeAddr
                0x000000000008f230                zps_psFindKeyDescr
                0x000000000008f35c                zps_eAplSecEncryptPacket
                0x000000000008f44e                zps_eNwkHandleSceLinkStatus
                0x000000000008f582                ZPS_bNwkNibAddrMapAddEntry
                0x000000000008f749                zps_vAgeRouter
                0x000000000008f787                zps_vLinkStatusHandleExpiry
                0x000000000008f829                zps_sNwkNibNtCheckJoin
                0x000000000008fad2                zps_vNwkHandleCmeDirectJoinReq
                0x000000000008fb51                zps_vJoinInitNtParent
                0x000000000008fca7                zps_vCheckActvNtForDuplicate
                0x000000000008fd44                eCheckAddrConflict.isra.4.133515
                0x000000000008fdda                vAplSecRemoveLinkKey.69054
                0x000000000008fe57                ZPS_vNwkSaveAllRecords
                0x000000000008fe6e                zps_vSaveAllZpsRecords
                0x000000000008fe8d                ZPS_vNwkNibSetNwkAddr
                0x000000000008feab                zps_eNwkHandleSceRejnResponse
                0x000000000008ff08                ZPS_vNwkNibSetExtPanId
                0x000000000008ff2d                vFinish.146113
                0x000000000008ff82                eSmeOrphScanDcfm.146123
                0x000000000008fffa                ZPS_vNwkNibSetKeySeqNum
                0x000000000009000e                ZPS_vNwkNibSetDepth
                0x0000000000090037                ZPS_vNwkNibSetUpdateId
                0x0000000000090046                vSendNetworkUpdate.133282
                0x0000000000090175                ZPS_vNwkNibSetPanId
 .text.unlikely
                0x0000000000090193       0x5f C:\Users\1\AppData\Local\Temp\ccyxJ5hu.ltrans10.ltrans.o
                0x0000000000090193                vInitUnknownNeighbor.134190
 *fill*         0x00000000000901f2        0x2 00
 .text          0x00000000000901f4     0x11b4 C:\Users\1\AppData\Local\Temp\ccyxJ5hu.ltrans11.ltrans.o
                0x000000000009022a                os_vAPP_cbDisableTickTimer
                0x000000000009026e                os_vAPP_cbEnableTickTimer
                0x00000000000902ee                DBG_iUartGetChar
                0x000000000009033e                vRetryCcaFailure
                0x0000000000090392                eOrphanNotificationSent.151352
                0x00000000000903db                dbg_vPrintfImplNoneVerbose
                0x0000000000090862                ZPS_bSecEncrypt
                0x0000000000090a0e                eZCL_SearchForClusterEntry
                0x0000000000090a83                eZCL_FindCluster.constprop.102
                0x0000000000090acc                eCLD_IASACEGetZoneTableEntry
                0x0000000000090b24                eCLD_IASACEGetZoneParameter.constprop.88
                0x0000000000090c3c                eCLD_IASACEGetEnrolledZones.part.1.29259
                0x0000000000090c9d                eCLD_IASACEGetPanelParameter.part.2.29264.constprop.91
                0x0000000000090cf3                eZCL_BuildTransmitAddressStructure
                0x0000000000090d60                boPDM_IsBitmapSaturated.126102
                0x0000000000090da9                vAHI_UartConfigureFIFOs.part.5.153412
                0x0000000000090e19                DBG_vUartInitHardware
                0x0000000000090eeb                ZPS_bSecDecrypt
                0x0000000000090fd8                vDLISTaddToHead
                0x0000000000091001                vDLISTaddToTail
                0x0000000000091024                psDLISTremove
                0x0000000000091086                eZCL_SearchForAttributeEntry
                0x000000000009111f                fCJP_Tx_Coor
                0x00000000000911e3                iPDM_SearchForBufferIdInList
                0x0000000000091218                iPDM_SearchForBufferIdInFileSystem
                0x000000000009122b                iPDM_ReadUserDataFromSegmentWithId
                0x0000000000091260                iPDM_SearchForSpecificSegmentInList
                0x0000000000091292                psGetTxFrameBuffer
                0x00000000000912d1                psGetAndBuildCoordRealignment
                0x0000000000091329                eBuildAndSend.151360
                0x000000000009139e                MAC_vPibSetRxOnWhenIdle.constprop.133
 .text          0x00000000000913a8     0x12fc C:\Users\1\AppData\Local\Temp\ccyxJ5hu.ltrans12.ltrans.o
                0x00000000000916f8                vPostNldeDcfmInd.59919
                0x00000000000921a0                zps_eAplApsmeTransportKeyReqRsp.constprop.7
                0x0000000000092323                vHandleZllDeviceJoin
                0x0000000000092382                zps_vAplTrustCenterRequestKey
                0x00000000000924f3                zps_eAplApsmeUpdateDeviceReqRsp.part.4.64053
                0x0000000000092636                zps_eAplApsmeRemoveDeviceReqRsp
 .text          0x00000000000926a4     0x11e4 C:\Users\1\AppData\Local\Temp\ccyxJ5hu.ltrans13.ltrans.o
                0x00000000000927db                vZdoBdrmSendNextTimedRequest
                0x0000000000092a64                zps_bAplZdoBindUnbindServer
                0x0000000000092b70                zps_bAplZdoDefaultServer
                0x0000000000092dd1                zps_eZdpNodeDescResponse
                0x0000000000092e79                zps_eAplZdpMgmtLqiResponse
                0x0000000000092f61                zps_eZdpPowerDescResponse
                0x0000000000092ffe                zps_eAplZdpMgmtRtgResponse
                0x00000000000930c5                zps_eZdpMgmtNwkUpdateNotifyResponse
                0x0000000000093177                zps_eZdpNwkAddrResponse
                0x000000000009325a                zps_eZdpIeeeAddrResponse
                0x000000000009333d                eAplAfCommonDataReq.58385
                0x0000000000093404                eZCL_TransmitDataRequest
 .text          0x0000000000093888     0x1452 C:\Users\1\AppData\Local\Temp\ccyxJ5hu.ltrans14.ltrans.o
                0x0000000000093888                zps_bAplZdoNodeDescServer
                0x00000000000939f4                zps_bAplZdoPowerDescServer
                0x0000000000093b11                zps_bAplZdoActiveEpServer
                0x0000000000093bfa                zps_bAplZdoSystemServerDiscoveryServer
                0x0000000000093e16                vZdoEndDeviceBindStateIdle
                0x00000000000941ce                zps_bAplZdoMatchDescServer
                0x00000000000941e2                zps_bAplZdoSimpleDescServer
                0x0000000000094443                PDUM_eNPduAllocate
                0x00000000000944b2                PDUM_eNPduClone
                0x00000000000944fe                PDUM_eNPduFree
                0x000000000009456b                zps_vHandleExtendedDataAckFrame
                0x000000000009464f                vPostVsMcpsDcfmInd.76955
                0x000000000009476e                ZPS_vInterceptMcpsDataCallback
                0x00000000000947d0                zps_vNwkMcpsMgrFreeReqDescr
                0x0000000000094802                zps_psAllocateAndFormatMacHdr
                0x0000000000094aeb                zps_vNwkRemoveConflictedBroadcast
                0x0000000000094b3d                zps_vNwkMcpsMgrTidyBtrReqDescr
                0x0000000000094b81                vNwkBttTimerExpiry.140614
                0x0000000000094c9e                hZCL_AllocateAPduInstance
 *fill*         0x0000000000094cda        0x2 00
 .text          0x0000000000094cdc     0x10c0 C:\Users\1\AppData\Local\Temp\ccyxJ5hu.ltrans15.ltrans.o
                0x0000000000094d84                eCLD_IASZoneCommandHandler
                0x0000000000094ef9                eCLD_IASACECommandHandler
                0x00000000000958a7                fEnd_Read_AttrsReq
                0x0000000000095982                fEnd_Write_AttrsReq
                0x0000000000095b4d                eCLD_IASACESetPanelParameter.constprop.93
                0x0000000000095bd1                vSetPanelParamter
                0x0000000000095bf5                eCLD_IASACE_ZoneStatusChangedSend.constprop.83
                0x0000000000095c66                vStartSquawk
                0x0000000000095ce2                os_vAPP_EntryExitDelay
 .text          0x0000000000095d9c      0xfac C:\Users\1\AppData\Local\Temp\ccyxJ5hu.ltrans16.ltrans.o
                0x0000000000095d9c                vPDM_MoveAllDataFromListToList
                0x0000000000095dda                vPDM_MoveAllDataWithBufferIdAndStateFromListToList
                0x0000000000095e65                vPDM_MoveAllDataToDeAllocList
                0x0000000000095e8d                vPDM_MoveAllDataWithBufferIdFromListToList
                0x0000000000095f12                vPDM_DeleteAllSegmentsWithIdFromFileSystemList.constprop.49
                0x0000000000095f54                vPDM_MoveFileRecordFromListToList
                0x0000000000095f78                vPDM_MoveRecordToDeAllocList
                0x0000000000095f98                vPDM_DeleteAppendedSequence
                0x000000000009603d                iPDM_SegmentCopyAndAppendData.constprop.135
                0x000000000009609a                iPDM_ReconstructReplacedDataTable
                0x0000000000096319                PDM_eSaveRecordData
                0x0000000000096738                ZPS_vNwkSaveRecord
                0x0000000000096764                ZPS_vNwkNibSetCapabilityInfo
                0x0000000000096790                ZPS_vNwkNibSetChannel
                0x00000000000967a7                ZPS_vNwkSaveNt
                0x00000000000967ba                ZPS_vNwkPurgeMacAddressAndRelatedEntries
                0x00000000000968c0                ZPS_vNtSetUsedStatus
                0x0000000000096966                zps_vBuildSortedActvNTList
                0x0000000000096a24                zps_vCleanUnAuthenHandleExpiry
                0x0000000000096b25                eUnsolicitedRejoinRspDataDcfm.133290
                0x0000000000096b50                eRejoinRspDataDcfm.144910
                0x0000000000096c1f                zps_eNwkHandleSmeCommStatusInd
                0x0000000000096cd3                ZPS_vNwkSaveSecMat
                0x0000000000096ce7                vPDM_ImageBitmapRepair.125125
 *fill*         0x0000000000096d48        0x0 00
 .text          0x0000000000096d48     0x141c C:\Users\1\AppData\Local\Temp\ccyxJ5hu.ltrans17.ltrans.o
                0x0000000000096d48                os_vAPP_ButtonsScanTask
                0x0000000000096d96                APP_ZCL_cbGeneralCallback.8652
                0x0000000000096e28                vOSError
                0x0000000000096e7f                OS_eEnterCriticalSection
                0x0000000000096f47                PDUM_hAPduAllocateAPduInstance
                0x0000000000096fbb                zps_eAplZdoSendZdpResponse
                0x0000000000097004                bSendResponse.95063
                0x0000000000097047                PDUM_eAPduFreeAPduInstance
                0x00000000000970ca                zps_bAplZdoMgmtLqiServer
                0x00000000000972f6                zps_bAplZdoMgmtRtgServer
                0x000000000009743c                vReset_StateMachine.79640
                0x0000000000097480                vZdoServersInit.2827
                0x00000000000975f4                zps_bAplZdoEndDeviceBindServer
                0x00000000000976ac                PDM_eReadDataFromRecord.part.0.124449
                0x000000000009772f                PDM_eReadDataFromRecord
                0x000000000009774f                vLoadAplRecord.68988
                0x000000000009777d                vLoadNwkRecord.135150
                0x00000000000977b5                ZPS_eTsvStart
                0x0000000000097810                zps_vAplApsCheckAndStartPollTimer
                0x000000000009786f                zps_eAplZdoBdrmRequestSend
                0x00000000000978ea                zps_eNwkHandleSceNwkUpdate
                0x000000000009790e                vProcessTimedList.134206
                0x0000000000097954                zps_vNwkMcpsMgrPostTimed
                0x0000000000097967                vNwkMcpsSendTimedDfcm
                0x00000000000979ab                zps_vAplAfPostTimerEvent
                0x0000000000097a28                zps_vExpireOldRoutes
                0x0000000000097ab1                zps_vNwkJoinStStartResponseTimer
                0x0000000000097aeb                ZPS_eTsvStop
                0x0000000000097b3f                eCopyFragmentToApdu.isra.0.59791
                0x0000000000097c61                zps_vNwkHandleCmePermitJoinReq
                0x0000000000097cc9                zps_eNwkBtrMatch
                0x0000000000097dc6                zps_vAplApsStopPollTimer
                0x0000000000097e55                zps_vFragmentWindowTimeout.59746
                0x0000000000097ebb                zps_vAplApsFragTransmitNotifyApp.62462
                0x0000000000097f56                zps_vSendJoinDcfm
                0x0000000000097f9c                vGiveUp.145676
                0x0000000000097fd4                bHasTimerFired.53945
                0x000000000009803e                eZCL_SetReceiveEventAddressStructure
                0x00000000000980bd                eCLD_IASWDCommandHandler
                0x000000000009810a                DBG_vDumpStack
                0x000000000009814c                vUnclaimedInterrupt
 .text          0x0000000000098164     0x11c8 C:\Users\1\AppData\Local\Temp\ccyxJ5hu.ltrans18.ltrans.o
                0x0000000000098164                APP_ZCL_cbEndpointCallback.8649
                0x0000000000098ad1                os_vAPP_CIE_taskuart
 .text          0x000000000009932c     0x1030 C:\Users\1\AppData\Local\Temp\ccyxJ5hu.ltrans19.ltrans.o
                0x000000000009932c                vBbcIntHandler.150008
                0x00000000000995f5                os_vzps_isrMAC
                0x0000000000099634                eAssocRespSent.150917
                0x0000000000099653                zps_vNwkHandleCmeSyncReq
                0x00000000000996d5                zps_vNwkHandleCmeIdleNwkFormReq
                0x000000000009977d                zps_vNwkHandleCmeNwkDiscReq
                0x00000000000997f7                zps_vNwkHandleCmeEdScanReq
                0x0000000000099a74                zps_vNwkHandleCmeNwkJoinReq
                0x0000000000099d31                zps_vNwkHandleCmeNwkActvJoinReq
                0x0000000000099f09                vHandleRejoinExpiry.145672
                0x0000000000099f66                zps_eRejoinDataDcfm
                0x000000000009a130                os_vzps_taskZPS
 .text          0x000000000009a35c     0x13c2 C:\Users\1\AppData\Local\Temp\ccyxJ5hu.ltrans20.ltrans.o
                0x000000000009a35c                vNwkMcpsTimerCallback
                0x000000000009a376                zps_eSceGenlIllegal
                0x000000000009a37d                zps_eSmeGenlIllegal
                0x000000000009a384                DBG_vUartFailedAssert
                0x000000000009a388                zps_bAplZdoBindRequestServer
                0x000000000009a4c3                vZdoEndDeviceBindTimeoutSecondMessage
                0x000000000009a4d7                psGetVsMcpsBuf.76952
                0x000000000009a4e0                psGetMlmeBuf.76945
                0x000000000009a4e9                zps_vExpireRequestKeyReq.71977
                0x000000000009a534                psGetNlmeBuf.59895
                0x000000000009a53e                psGetNldeBuf.59916
                0x000000000009a548                psGetApsmeBuf.59902
                0x000000000009a551                psGetApsdeBuf.59909
                0x000000000009a557                vLoopbackTimerCallback
                0x000000000009a6e7                zps_vNwkFreeMcpsHandle
                0x000000000009a711                zps_psNwkMcpsMgrFindPendingByNwkDstAddr
                0x000000000009a727                ZPS_u64NwkNibGetMappedIeeeAddr
                0x000000000009a749                ZPS_bNwkNibNtActvMatch
                0x000000000009a801                zps_eAplTrustCenterFindDevice
                0x000000000009a845                ZPS_vSetExtendedStatus
                0x000000000009a857                zps_psApsApsAllocateDcfmRecord
                0x000000000009a8c5                zps_u8CalcLinkCost
                0x000000000009a901                zps_u64NwkLibFromPayload
                0x000000000009a940                zps_vNwkLibU64ToPayload
                0x000000000009a96d                zps_vInitBeaconPayload
                0x000000000009a9e9                zps_eNwkDcfmIndPost
                0x000000000009aa0c                zps_psNwkDcfmIndGetBuf
                0x000000000009aa2e                zps_vSendNwkStatusInd
                0x000000000009aa5e                DBG_vInit
                0x000000000009aaa0                vPDM_ReadBitmapHeader.126067
                0x000000000009aabf                psSLISTsearch
                0x000000000009aaff                psSLISTremove
                0x000000000009ab7d                vSLISTaddToTail
                0x000000000009ab9c                psSLISTgetNext
                0x000000000009abc0                iSLISTnumberOfNodes
                0x000000000009abd7                u8PDM_CalculateLargestDataRecordStored
                0x000000000009ac08                bPDM_ImageBitmapRepairCheck
                0x000000000009ac30                u8PDM_ReadSequenceNumber
                0x000000000009ac53                boSegmentNumberDeleteSearchMatch.125637
                0x000000000009ac6e                u8PDM_ReadSegmentDataSize
                0x000000000009ac82                u32PDM_ReadFileSystemHeaderWearCount
                0x000000000009ac98                boSearchForWearCountSubstitute.125953
                0x000000000009acbe                boSearchForWearCountInsertPoint.125206
                0x000000000009acdc                vPDM_WriteFileSystemHeaderWearCount
                0x000000000009acee                RND_u32GetRand256
                0x000000000009ad0b                RND_u32GetRand
                0x000000000009ad32                u16CalculateFailedTxCount.96252
                0x000000000009ad5c                vZdoIeeeAddrServerSendExtendResponse.part.0.82049
                0x000000000009adbd                vZdoNwkAddrServerSendExtendResponse.part.0.80869
                0x000000000009ae1e                bFindMatch.79597
                0x000000000009ae7c                zps_bAplZdoServerHandleConfirmAcks
                0x000000000009aec6                zps_bPerformLeaveActionDecider
                0x000000000009aecb                vHandleUpdateDeviceIndication.68961
                0x000000000009aef5                u32GetScanChannels.68948
                0x000000000009af20                bDuplicateCheck.65328
                0x000000000009b02d                bIsBindTableMatch.63896
                0x000000000009b07e                eRemoveEntryInBindingTable.63924
                0x000000000009b0fd                zps_vAplApsFillAndPostApsAck
                0x000000000009b167                zps_u8AplApsFreeMsgHandle
                0x000000000009b1d1                u8BlocksToSendInWindow.61392
                0x000000000009b223                vFillDataIndStruct.59762
                0x000000000009b281                vFillApduErrorEvent.59755
                0x000000000009b2c4                bCheckProfile.59750
                0x000000000009b302                vWrite32Nbo
                0x000000000009b31a                ZPS_bIsGroupPresent
                0x000000000009b352                PDUM_u16APduInstanceWriteStrNBO
                0x000000000009b4d1                PDUM_eNPduReadHeaderNBO
                0x000000000009b524                PDUM_eNPduReadFooterNBO
                0x000000000009b57a                PDUM_u16APduInstanceReadNBO
                0x000000000009b5c5                PDUM_eNPduPrependHeaderNBO
                0x000000000009b620                zps_vInitAPSMECmdHdr
                0x000000000009b657                PDUM_eNPduAppendDataNBO
                0x000000000009b6b4                PDUM_u16APduInstanceWriteNBO
 *fill*         0x000000000009b71e        0x2 00
 .text          0x000000000009b720      0xf50 C:\Users\1\AppData\Local\Temp\ccyxJ5hu.ltrans21.ltrans.o
                0x000000000009b720                vAplSecAuthPollTimerExpiry.68938
                0x000000000009b888                zps_vAplTrustCenterUpdateDevice
                0x000000000009b9ef                vAplSecAuthTimerExpiry.68942
                0x000000000009babf                vZGPcStubMcpsInd.126677
                0x000000000009becd                vPostApsdeDcfmInd.59912
                0x000000000009c0d5                eJoinNetwork.69001
                0x000000000009c186                eDiscoverNetworks.69008
                0x000000000009c1e2                eStartNetworkDiscovery.69015
                0x000000000009c24c                eStartRouter.69025
                0x000000000009c31b                vPostApsmeDcfmInd.59905
 .text          0x000000000009c670     0x10f7 C:\Users\1\AppData\Local\Temp\ccyxJ5hu.ltrans22.ltrans.o
                0x000000000009c670                ZPS_vNwkHandleNlmeReqRsp
                0x000000000009c6ed                zps_vAplAfPostEvent
                0x000000000009c85c                vPostToEndpoint.part.1.59799
                0x000000000009c9d9                zps_vHandleApsdeDataFragInd
                0x000000000009ce79                vZGPdCfm
                0x000000000009cede                vHandleApsInterPanDcfmData
                0x000000000009d18f                vApsInterPanMcpsDataInd
                0x000000000009d336                zps_eAplZdoNlmeleaveWrapper
                0x000000000009d3b4                zps_bAplZdoMgmtLeaveServer
                0x000000000009d55c                zps_eAplZdoPermitJoining
                0x000000000009d585                zps_bAplZdoPermitJoiningServer
                0x000000000009d61f                vChangeChannelTimerExpiry.96244
                0x000000000009d682                eLeaveReset.147106
                0x000000000009d6ed                eLeaveDataDcfmLocalLeave.147116
 *fill*         0x000000000009d767        0x1 00
 .text          0x000000000009d768     0x110c C:\Users\1\AppData\Local\Temp\ccyxJ5hu.ltrans23.ltrans.o
                0x000000000009d817                zps_eNwkHandleSmeOrphanInd
                0x000000000009d827                vStartScanTimerExpiry.96248
                0x000000000009d863                zps_vAplApsPollTimer
                0x000000000009d961                vPostNlmeDcfmInd.59898
                0x000000000009e072                zps_eNwkSendJoinResponse
                0x000000000009e229                zps_eNwkProcessJoinInd
                0x000000000009e3ce                zps_eNwkHandleSceRejnRequest
                0x000000000009e44e                zps_eAplZdoStartStack
                0x000000000009e588                eEZ_UpdateEZState
                0x000000000009e5d8                vAttemptDiscovery.3522
                0x000000000009e74f                vReDiscover.3526
                0x000000000009e793                vEZ_JoinSavedNetwork.3274
                0x000000000009e850                vHandleJoinFailed.3495
 .text          0x000000000009e874     0x1200 C:\Users\1\AppData\Local\Temp\ccyxJ5hu.ltrans24.ltrans.o
                0x000000000009ea2c                vSendMlmeCommStatusFromTxFrame
                0x000000000009ea82                MAC_vHandleMlmeVsReqRsp.constprop.136
                0x000000000009f04c                vHandleNwkLocalUpdateAfterBcast.133295
                0x000000000009f09f                vHandleNwkRemoteUpdateAfterBcast.133286
                0x000000000009f0f3                ZPS_pvNwkCtor.constprop.131
                0x000000000009f4af                ZPS_vNwkHandleNlmeReqRsp.part.0.136528
                0x000000000009f693                eSmeAcScScanDcfm.143054
                0x000000000009f9c9                zps_vNwkHandleCmeActvStartRouterReq
 .text          0x000000000009fa74      0xef9 C:\Users\1\AppData\Local\Temp\ccyxJ5hu.ltrans25.ltrans.o
                0x000000000009fb2c                eBeaconReqSent.151356
                0x000000000009fb53                zps_bAplZdoIeeeAddrServer
                0x000000000009fca9                zps_bAplZdoNwkAddrServer
                0x000000000009fe2a                vPDM_AddFileSystemElementToListInAscendingWearCountOrder
                0x000000000009ff38                iPDM_WriteSegmentHeaderAndData
                0x00000000000a0134                eMakeEntryInBindingTable.63942
                0x00000000000a01de                zps_u8AplApsConstructAndPostLoopBackDataInd.62506
                0x00000000000a0317                u8PostUnicastMsgToNHLE.62514
                0x00000000000a0350                PWRM_vManagePower
                0x00000000000a049a                vMiniMac_McpsCallback
                0x00000000000a06c6                eMcpsTxCompleteHandler.150209
                0x00000000000a06f4                vFreePendingReqDescr
                0x00000000000a075e                vHandleRouteDiscoveryExpiry.138097
                0x00000000000a07bc                zps_psNwkInitCmdFrame
                0x00000000000a083b                eSendLinkStatusDataDcfm.part.1.132243
 *fill*         0x00000000000a096d        0x3 00
 .text          0x00000000000a0970      0xe68 C:\Users\1\AppData\Local\Temp\ccyxJ5hu.ltrans26.ltrans.o
                0x00000000000a0970                vReportTimerClickCallback
                0x00000000000a0d77                eZCL_SendDefaultResponse
                0x00000000000a0e76                vZCL_HandleAttributesWriteRequest
                0x00000000000a12f2                eZCL_CustomCommandReceive
                0x00000000000a1460                eCLD_GroupsCommandHandler
                0x00000000000a157b                eCLD_IdentifyCommandHandler
                0x00000000000a1605                eCLD_ScenesCommandHandler
 .text          0x00000000000a17d8      0xf55 C:\Users\1\AppData\Local\Temp\ccyxJ5hu.ltrans27.ltrans.o
                0x00000000000a17d8                os_bDummyMemberCheck.56674
                0x00000000000a17dd                os_vDefaultErrorHook.56670
                0x00000000000a17e0                vExtendedStatusCallBack.6591
                0x00000000000a17e3                os_bStrictCheck.1358
                0x00000000000a1a97                pdum_u16WriteNBO
                0x00000000000a1baa                PDUM_u16SizeNBO
                0x00000000000a1c08                PDUM_thAPduInstanceGetApdu
                0x00000000000a1c23                PDUM_eAPduInstanceSetPayloadSize
                0x00000000000a1c4b                PDUM_eNPduWriteDataFromBuffer
                0x00000000000a1ca5                PDUM_eNPduWriteDataToBuffer
                0x00000000000a1d03                PDUM_eNPduWriteFromBuffer
                0x00000000000a1d2c                PDUM_eNPduDescend
                0x00000000000a1d52                PDUM_eNPduAscend
                0x00000000000a1d78                PDUM_eNPduClaimData
                0x00000000000a1de5                PDUM_eNPduClaimHeader
                0x00000000000a1e08                PDUM_eNPduInitDescending
                0x00000000000a1e23                eExpireSWTimer.56683
                0x00000000000a1e8e                vEnterErrorHook.56666
                0x00000000000a1eb5                OS_eCollectMessage
                0x00000000000a1f7a                OS_eGetSWTimerStatus
                0x00000000000a1fbc                eZCL_SearchForEPentry
                0x00000000000a2004                eZCL_SearchForEPentryAndCheckManufacturerId
                0x00000000000a2042                vZCL_PassEventToUser
                0x00000000000a206f                eZCL_DoesAttributeHaveReportableChange
                0x00000000000a208c                eZCL_GetAttributeReportableEntry
                0x00000000000a2144                vZCL_AlignNumericAttributeValueTo64.53414
                0x00000000000a2253                eZCL_BuildClientTransmitAddressStructure
                0x00000000000a2284                u8GetTransactionSequenceNumber
                0x00000000000a2296                eZCL_GetAttributeTypeSize
                0x00000000000a22b5                vZCL_MarkAttributeInvalid
                0x00000000000a2384                u8ZCL_GetAttributeAllignToFourBytesBoundary
                0x00000000000a2399                pvZCL_GetAttributePointer
                0x00000000000a240f                eZCL_StoreChangeAttributeValue
                0x00000000000a24ae                u16ZCL_GetStringStructureSize
                0x00000000000a24eb                u16ZCL_GetStringAttributeTypeSizeFromBuffer
                0x00000000000a255c                u16ZCL_GetStringSizeAndBufferFromStructure
                0x00000000000a25eb                eZCL_GetAttributeTypeSizeFromStructure
                0x00000000000a2664                vZCL_InitializeClusterInstance
                0x00000000000a2679                CRC_Calculate.7517
                0x00000000000a26b1                u8GetTableIndex
                0x00000000000a26e3                u16GetShortAddress.4594
 .text          0x00000000000a272d      0xb74 C:\Users\1\AppData\Local\Temp\ccyxJ5hu.ltrans28.ltrans.o
                0x00000000000a272d                zps_eZdpSimpleDescResponse
                0x00000000000a283a                zps_eZdpActiveEpResponse
                0x00000000000a28d0                zps_eZdpMatchDescResponse
                0x00000000000a2966                zps_eZdpSystemServerDiscoveryResponse
                0x00000000000a29d5                zps_bAplZdoMgmtNWKUpdateServer
                0x00000000000a2e4e                vZdoEndDeviceBindStateWaitSendWithAck
                0x00000000000a3191                zps_bAplZdoZdoClient
 .text          0x00000000000a32a1      0x7f5 C:\Users\1\AppData\Local\Temp\ccyxJ5hu.ltrans29.ltrans.o
                0x00000000000a32a1                ZPS_vAplHandleApsdeReqRsp
                0x00000000000a36c1                zps_eAplZdpApsdeReqInternal
                0x00000000000a3730                zps_eAplZdpRequestApsdeReq
                0x00000000000a37b0                zps_bAplZdoMgmtBindServer
                0x00000000000a39f1                zps_eZdpEndDeviceBindResponse
                0x00000000000a3a12                zps_eAplZdpBindResponse
                0x00000000000a3a33                zps_eZdpUnbindResponse
                0x00000000000a3a54                zps_eZdpMgmtLeaveResponse
                0x00000000000a3a75                zps_eZdpMgmtPermitJoiningResponse
 .text          0x00000000000a3a96      0x54a C:\Users\1\AppData\Local\Temp\ccyxJ5hu.ltrans30.ltrans.o
                0x00000000000a3a96                AppWarmStart
                0x00000000000a3ab0                AppColdStart
                0x00000000000a3cd4                os_vUnclaimedInterrupt
                0x00000000000a3ce6                os_vControlledIntCheck
                0x00000000000a3d2b                os_vControlledInterrupt
                0x00000000000a3d64                os_vvISR_CIE_Uart1
                0x00000000000a3e1b                os_vvISR_SystemController
                0x00000000000a3e82                os_vAPP_isrIllegalInstructionException
                0x00000000000a3e98                os_vAPP_isrAlignmentException
                0x00000000000a3eae                os_vAPP_isrBusErrorException
                0x00000000000a3ec4                os_vAPP_isrUnimplementedModuleException
                0x00000000000a3eda                os_vAPP_isrStackOverflowException
                0x00000000000a3ef0                os_vAPP_isrTickTimer
 .text          0x00000000000a3fe0      0x38e C:\Users\1\AppData\Local\Temp\ccyxJ5hu.ltrans31.ltrans.o
                0x00000000000a3fe0                os_vZCL_Task
                0x00000000000a4013                os_vTick_Task
                0x00000000000a4047                eZCL_CustomCommandSend.constprop.94
                0x00000000000a42bd                vStartWarning
 .text          0x00000000000a436e       0x25 c:/nxp/bstudio_nxp/workspace/sdk/tools/ba-elf-ba2-r36379/bin/../lib/gcc/ba-elf/4.7.4/../../../../ba-elf/lib/mcpu_jn51xx_sizeopt\libc.a(lib_a-memcmp.o)
                0x00000000000a436e                memcmp
 .text          0x00000000000a4393       0x19 c:/nxp/bstudio_nxp/workspace/sdk/tools/ba-elf-ba2-r36379/bin/../lib/gcc/ba-elf/4.7.4/../../../../ba-elf/lib/mcpu_jn51xx_sizeopt\libc.a(lib_a-memcpy.o)
 .text          0x00000000000a43ac       0x12 c:/nxp/bstudio_nxp/workspace/sdk/tools/ba-elf-ba2-r36379/bin/../lib/gcc/ba-elf/4.7.4/../../../../ba-elf/lib/mcpu_jn51xx_sizeopt\libc.a(lib_a-memset.o)
                0x00000000000a43ac                memset
 *fill*         0x00000000000a43be        0x2 00
 .text          0x00000000000a43c0      0x204 c:/nxp/bstudio_nxp/workspace/sdk/tools/ba-elf-ba2-r36379/bin/../lib/gcc/ba-elf/4.7.4/mcpu_jn51xx_sizeopt\libgcc.a(__udivsi3.o)
                0x00000000000a43c0                __udivsi3
 .text          0x00000000000a45c4       0x30 c:/nxp/bstudio_nxp/workspace/sdk/tools/ba-elf-ba2-r36379/bin/../lib/gcc/ba-elf/4.7.4/mcpu_jn51xx_sizeopt\libgcc.a(__divsi3.o)
                0x00000000000a45c4                __divsi3
 .text          0x00000000000a45f4      0x1b0 c:/nxp/bstudio_nxp/workspace/sdk/tools/ba-elf-ba2-r36379/bin/../lib/gcc/ba-elf/4.7.4/mcpu_jn51xx_sizeopt\libgcc.a(__umodsi3.o)
                0x00000000000a45f4                __umodsi3
 .text          0x00000000000a47a4       0x24 c:/nxp/bstudio_nxp/workspace/sdk/tools/ba-elf-ba2-r36379/bin/../lib/gcc/ba-elf/4.7.4/mcpu_jn51xx_sizeopt\libgcc.a(__modsi3.o)
                0x00000000000a47a4                __modsi3
 .text          0x00000000000a47c8      0x350 c:/nxp/bstudio_nxp/workspace/sdk/tools/ba-elf-ba2-r36379/bin/../lib/gcc/ba-elf/4.7.4/mcpu_jn51xx_sizeopt\libgcc.a(_udivdi3.o)
                0x00000000000a47c8                __udivdi3
 *fill*         0x00000000000a4b18        0x0 00
 .text          0x00000000000a4b18      0x178 os_irq.o
                0x00000000000a4b18                os_ExternalException_W
                0x00000000000a4b5c                os_PIC_ChannelPriorities
                0x00000000000a4b6c                os_OSMIUM_HwVectTable
                0x00000000000a4ba8                os_PIC_SwVectTable
 .text          0x00000000000a4c90       0x29 os_irq_alignment.o
                0x00000000000a4c90                IRQ_Alignment
 .text          0x00000000000a4cb9       0x29 os_irq_buserror.o
                0x00000000000a4cb9                IRQ_BusError
 .text          0x00000000000a4ce2       0x29 os_irq_illegalinstruction.o
                0x00000000000a4ce2                IRQ_IllegalInstruction
 .text          0x00000000000a4d0b       0x29 os_irq_stackoverflowexception.o
                0x00000000000a4d0b                IRQ_StackOverflowException
 .text          0x00000000000a4d34       0x29 os_irq_unimplementedmodule.o
                0x00000000000a4d34                IRQ_UnimplementedModule
 .text          0x00000000000a4d5d       0x20 os_irq_visr_systemcontroller.o
                0x00000000000a4d5d                IRQ_vISR_SystemController
 *fill*         0x00000000000a4d7d        0x3 00
 .text          0x00000000000a4d80       0xc0 c:/NXP/bstudio_nxp/workspace/sdk/JN-SW-4168/Components/Library\libOS_JN516x.a(os_contirq_JN516x.o)
                0x00000000000a4d80                os_ExternalException_R
                0x00000000000a4db0                os_CFunc_W
                0x00000000000a4e00                os_UnclaimedException_W
                0x00000000000a4e20                os_UnclaimedInterrupt_W
 .text          0x00000000000a4e40       0x48 c:/NXP/bstudio_nxp/workspace/sdk/JN-SW-4168/Components/Library\libPWRM_JN516x.a(pwrm_setjmp_JN516x.o)
                0x00000000000a4e40                setjmp
                0x00000000000a4e64                PWRM_longjmp
 .text          0x00000000000a4e88       0x27 c:/NXP/bstudio_nxp/workspace/sdk/JN-SW-4168/Components/Library\libHardwareApi_JN5169.a(AHI_Interrupt.o)
                0x00000000000a4e88                vAHI_InterruptSetPriority
                0x00000000000a4ea6                vAHI_InterruptSetActivePriorityLevel
 .text.vMicroSyscall
                0x00000000000a4eaf       0x17 c:/NXP/bstudio_nxp/workspace/sdk/JN-SW-4168/Components/Library\libMicroSpecific_JN516x.a(MicroSyscall_ba.o)
                0x00000000000a4eaf                vMicroSyscall
 .text          0x00000000000a4ec6        0x0 c:/NXP/bstudio_nxp/workspace/sdk/JN-SW-4168/Components/Library\libOS_JN516x.a(os_version_lc.o)
                0x00000000000a4ec6                OS_Version_1v2
 .text          0x00000000000a4ec6        0x0 c:/NXP/bstudio_nxp/workspace/sdk/JN-SW-4168/Components/Library\libZPSAPL_JN516x.a(zps_apl_version_lc.o)
                0x00000000000a4ec6                ZPS_APL_Version_2v0
 .text          0x00000000000a4ec6        0x0 c:/NXP/bstudio_nxp/workspace/sdk/JN-SW-4168/Components/Library\libZPSNWK_JN516x.a(zps_nwk_version_lc.o)
                0x00000000000a4ec6                ZPS_NWK_Version_2v0
                0x00000000000a4ec6                _flash_end = ABSOLUTE (.)

.rela.dyn       0x00000000000a4ec8        0x0
 .rela.text     0x0000000000000000        0x0 os_irq.o
 .rela.data     0x0000000000000000        0x0 os_irq.o
 .rela.rodata   0x0000000000000000        0x0 os_irq.o
                0x000000000400004c                . = ORIGIN (ram)

.data           0x000000000400004c      0x82c load address 0x00000000000a4ec8
                0x000000000400004c                _ram_data_start = ABSOLUTE (.)
 *(.data*)
 .data          0x000000000400004c       0x9c C:\Users\1\AppData\Local\Temp\ccyxJ5hu.ltrans0.ltrans.o
                0x000000000400004c                u8MiniMacConfig_MaxConcurrentAssocResponses
                0x0000000004000050                psShadowRxBuffer
                0x00000000040000d4                gsGreenPowerContext
 .data          0x00000000040000e8        0x8 C:\Users\1\AppData\Local\Temp\ccyxJ5hu.ltrans2.ltrans.o
                0x00000000040000e8                u32DefaultChannelMask.3847
 .data          0x00000000040000f0        0x1 C:\Users\1\AppData\Local\Temp\ccyxJ5hu.ltrans3.ltrans.o
 *fill*         0x00000000040000f1        0x3 00
 .data          0x00000000040000f4        0x4 C:\Users\1\AppData\Local\Temp\ccyxJ5hu.ltrans5.ltrans.o
                0x00000000040000f4                u32HeapStart
 .data          0x00000000040000f8        0x1 C:\Users\1\AppData\Local\Temp\ccyxJ5hu.ltrans11.ltrans.o
 .data          0x00000000040000f9        0x2 C:\Users\1\AppData\Local\Temp\ccyxJ5hu.ltrans15.ltrans.o
 .data          0x00000000040000fb        0x1 C:\Users\1\AppData\Local\Temp\ccyxJ5hu.ltrans19.ltrans.o
 .data          0x00000000040000fc        0xc C:\Users\1\AppData\Local\Temp\ccyxJ5hu.ltrans25.ltrans.o
                0x00000000040000fc                bCanLoopback.62735
 .data          0x0000000004000108       0x5c C:\Users\1\AppData\Local\Temp\ccyxJ5hu.ltrans27.ltrans.o
                0x0000000004000108                s_asapduZCLInstances
                0x0000000004000138                s_asapduZDPInstances
 *fill*         0x0000000004000164        0x4 00
 .data          0x0000000004000168      0x6f8 C:\Users\1\AppData\Local\Temp\ccyxJ5hu.ltrans30.ltrans.o
                0x0000000004000168                os_Mutex_mutexMAC
                0x0000000004000170                os_Mutex_mutexZPS
                0x0000000004000178                s_sApl.2893
                0x00000000040002c8                os_SWTimer_APP_cntrTickTimer_APP_EntryExitDelayTmr
                0x00000000040002e4                os_SWTimer_APP_cntrTickTimer_APP_TickTimer
                0x0000000004000300                os_Message_APP_CIE_msgUartEvents
                0x0000000004000324                os_SWTimer_APP_cntrTickTimer_APP_uart_timeout
                0x0000000004000340                os_SWTimer_APP_cntrTickTimer_APP_uart_cycle
                0x000000000400035c                os_Message_APP_msgZpsEvents
                0x0000000004000380                os_Message_APP_msgEvents
                0x00000000040003a4                os_SWTimer_APP_cntrTickTimer_APP_StartUPTimer
                0x00000000040003c0                os_SWTimer_APP_cntrTickTimer_APP_BackOffTimer
                0x00000000040003dc                os_SWTimer_APP_cntrTickTimer_APP_JoinTimer
                0x00000000040003f8                os_Message_APP_msgZpsEvents_ZCL
                0x000000000400041c                os_Message_zps_msgMlmeDcfmInd
                0x0000000004000440                os_Message_zps_msgTimeEvents
                0x0000000004000464                os_Message_zps_msgMcpsDcfmInd
                0x0000000004000488                os_Message_zps_msgMcpsDcfm
                0x00000000040004ac                os_Task_APP_EntryExitDelay
                0x00000000040004b8                os_Task_Tick_Task
                0x00000000040004c4                os_Task_APP_CIE_taskuart
                0x00000000040004d0                os_Task_APP_taskCIE
                0x00000000040004dc                os_Task_ZCL_Task
                0x00000000040004e8                os_Task_APP_ButtonsScanTask
                0x00000000040004f4                os_Task_zps_taskZPS
                0x0000000004000500                u8AhiBaudRate.126568
                0x0000000004000504                s_prbMemberCheck.56790
                0x0000000004000508                s_prvErrorHook.56788
 .data.s_asAPduPool
                0x0000000004000860       0x18 pdum_apdu.o
                0x0000000004000860                pdum_apduZDP
                0x0000000004000860                s_asAPduPool
                0x000000000400086c                pdum_apduZCL
 *(.data.*)
                0x0000000004000878                . = ALIGN (0x4)
                0x0000000004000878                _ram_data_end = ABSOLUTE (.)

.bss            0x0000000004000878     0x4624 load address 0x00000000000a56f4
                0x0000000004000878                _bss_start = ABSOLUTE (.)
 *(.bss*)
 .bss           0x0000000004000878     0x1d78 C:\Users\1\AppData\Local\Temp\ccyxJ5hu.ltrans0.ltrans.o
                0x0000000004000878                psNextWake.56861
                0x000000000400087c                s_bWakeTimerActive.56862
                0x000000000400087d                s_ePowerMode.56863
                0x000000000400087e                gu16NumberOfSegments.153922
                0x0000000004000880                u8MaxNpdu.57071
                0x0000000004000881                u8Count.57070
                0x0000000004000884                s_psNPduPoolEnd.57073
                0x0000000004000888                s_psNPduPoolStart.57072
                0x000000000400088c                s_psFreeListHead.57069
                0x0000000004000890                s_hMutex.57068
                0x0000000004000894                s_hMutex.57188
                0x0000000004000898                s_asAPduPool.57187
                0x000000000400089c                pfExtendedStatusCallBack.132805
                0x00000000040008a0                s_u32x.124222
                0x00000000040008a4                pfnHandleZllDeviceJoin
                0x00000000040008a8                pfOptionsFilterCallback
                0x00000000040008ac                pfZGPSupported
                0x00000000040008b0                s_prExpireFn.154916
                0x00000000040008b4                s_hMutex.154915
                0x00000000040008b8                pvRxStore
                0x00000000040008bc                pvTxStore
                0x00000000040008c0                g_pvAplHandle
                0x00000000040008c4                s_hMacMutex
                0x00000000040008c8                s_sDcfmIndMgr.154680
                0x00000000040008d0                prAppMlmeGetBuffer
                0x00000000040008d4                prAppMlmeCallback
                0x00000000040008d8                psFreeMsgListHead
                0x00000000040008dc                psActiveMsgListHead
                0x00000000040008e0                u8MiniMac_RunTimeOptions
                0x00000000040008e4                s_groupTablePdmStorage.3046
 .bss           0x00000000040025f0       0x18 C:\Users\1\AppData\Local\Temp\ccyxJ5hu.ltrans1.ltrans.o
                0x00000000040025f0                zps_psNwk
 .bss           0x0000000004002608       0xb0 C:\Users\1\AppData\Local\Temp\ccyxJ5hu.ltrans2.ltrans.o
                0x0000000004002608                sBeaconFilter.3842
                0x0000000004002610                bRejoin.3845
                0x0000000004002618                sEZModeData.3840
                0x00000000040026a8                sDeviceDesc
 .bss           0x00000000040026b8        0xc C:\Users\1\AppData\Local\Temp\ccyxJ5hu.ltrans3.ltrans.o
                0x00000000040026b8                prIntHandler.152616
                0x00000000040026bc                psTimerServerList
 .bss.initinboot
                0x00000000040026c4        0x1 C:\Users\1\AppData\Local\Temp\ccyxJ5hu.ltrans3.ltrans.o
 *fill*         0x00000000040026c5        0x3 00
 .bss           0x00000000040026c8       0x14 C:\Users\1\AppData\Local\Temp\ccyxJ5hu.ltrans4.ltrans.o
 .bss           0x00000000040026dc        0xc C:\Users\1\AppData\Local\Temp\ccyxJ5hu.ltrans5.ltrans.o
 .bss           0x00000000040026e8        0x4 C:\Users\1\AppData\Local\Temp\ccyxJ5hu.ltrans6.ltrans.o
 .bss           0x00000000040026ec        0x2 C:\Users\1\AppData\Local\Temp\ccyxJ5hu.ltrans7.ltrans.o
                0x00000000040026ec                bIgnoreBroadcast
 *fill*         0x00000000040026ee        0x2 00
 .bss           0x00000000040026f0       0x28 C:\Users\1\AppData\Local\Temp\ccyxJ5hu.ltrans9.ltrans.o
 .bss           0x0000000004002718       0x28 C:\Users\1\AppData\Local\Temp\ccyxJ5hu.ltrans10.ltrans.o
                0x0000000004002718                apvAplPdmRecordsAddress
                0x0000000004002730                au16AplPdmRecordsSize
 .bss           0x0000000004002740       0x10 C:\Users\1\AppData\Local\Temp\ccyxJ5hu.ltrans11.ltrans.o
                0x0000000004002740                vFlushFn.126512
                0x0000000004002744                vPutchFn.126507
 .bss           0x0000000004002750       0x48 C:\Users\1\AppData\Local\Temp\ccyxJ5hu.ltrans12.ltrans.o
 .bss           0x0000000004002798        0xc C:\Users\1\AppData\Local\Temp\ccyxJ5hu.ltrans13.ltrans.o
                0x0000000004002798                bDefaultServerIgnoreHandleMgmtUpdate
                0x000000000400279c                bBindLookup
                0x00000000040027a0                psBindUnbindServerContext
 .bss           0x00000000040027a4        0x4 C:\Users\1\AppData\Local\Temp\ccyxJ5hu.ltrans14.ltrans.o
 .bss           0x00000000040027a8        0xc C:\Users\1\AppData\Local\Temp\ccyxJ5hu.ltrans16.ltrans.o
                0x00000000040027a8                a16NwkPdmRecordSizes
 .bss           0x00000000040027b4       0x14 C:\Users\1\AppData\Local\Temp\ccyxJ5hu.ltrans17.ltrans.o
                0x00000000040027b4                s_psCurrentTask.56784
 .bss           0x00000000040027c8      0x2e0 C:\Users\1\AppData\Local\Temp\ccyxJ5hu.ltrans18.ltrans.o
                0x00000000040027c8                CIE_Ycl
                0x00000000040027d5                CIE_soft_ver
                0x00000000040027e0                psPDM_Common
                0x00000000040027e4                Uart_STxBuf
                0x00000000040028b0                psZCL_Common
                0x00000000040028b4                bIsDiscovery.5633
                0x00000000040028b8                u8LastPanelStatus
                0x00000000040028bc                bStayInExitDelay
                0x00000000040028c0                u8Discovered
                0x00000000040028c8                sDiscovedZoneServers
 .bss           0x0000000004002aa8       0xa0 C:\Users\1\AppData\Local\Temp\ccyxJ5hu.ltrans19.ltrans.o
                0x0000000004002aa8                u32DataQueueCount
                0x0000000004002aac                sMiniMacPhyPib
                0x0000000004002ab0                aprTimerCallback
                0x0000000004002ad0                au32TimerCounter
                0x0000000004002af0                sMiniMacInternal
                0x0000000004002b1c                s_psVsMcpsDcfmInd.78254
                0x0000000004002b20                s_psMacDcfmInd.78253
 .bss           0x0000000004002b48       0x40 C:\Users\1\AppData\Local\Temp\ccyxJ5hu.ltrans20.ltrans.o
 .bss           0x0000000004002b88       0x10 C:\Users\1\AppData\Local\Temp\ccyxJ5hu.ltrans23.ltrans.o
                0x0000000004002b88                psBeaconFilter
 .bss           0x0000000004002b98        0xc C:\Users\1\AppData\Local\Temp\ccyxJ5hu.ltrans24.ltrans.o
                0x0000000004002b98                u8ScanBeaconsSeen.154719
                0x0000000004002b9c                sThisDeviceMacAddr
 .bss           0x0000000004002ba4       0x3c C:\Users\1\AppData\Local\Temp\ccyxJ5hu.ltrans25.ltrans.o
 .bss           0x0000000004002be0      0x2c4 C:\Users\1\AppData\Local\Temp\ccyxJ5hu.ltrans27.ltrans.o
 *fill*         0x0000000004002ea4        0xc 00
 .bss           0x0000000004002eb0     0x1f10 C:\Users\1\AppData\Local\Temp\ccyxJ5hu.ltrans30.ltrans.o
                0x0000000004002eb0                s_sDefaultServerContext.2955
                0x0000000004002eb4                s_sEndDeviceBindServerContext.2885
                0x0000000004002ef4                s_sMgmtRtgServerContext.2886
                0x0000000004002ef8                s_sPermitJoiningServerContext.2887
                0x0000000004002efc                s_sMgmtBindServerContext.2888
                0x0000000004002f00                s_sBindRequestServerContext.2889
                0x0000000004002f40                s_sBindUnbindServerContext.2891
                0x0000000004002f80                s_sMgmtNWKUpdateServerContext.2892
                0x0000000004002fc0                s_sMgmtLeaveServerContext.2954
                0x0000000004002fe8                s_sMgmtLqiServerContext.2953
                0x0000000004002fec                s_sSimpleDescServerContext.2952
                0x0000000004002ff0                s_sMatchDescServerContext.2951
                0x0000000004002ff4                s_sPowerDescServerContext.2950
                0x0000000004002ff8                s_sNodeDescServerContext.2949
                0x0000000004002ffc                s_sSystemServerDiscoveryServerContext.2948
                0x0000000004003000                s_sIeeeAddrServerContext.2947
                0x0000000004003004                s_sNwkAddrServerContext.2946
                0x0000000004003008                s_sActiveEpServerContext.2945
                0x000000000400300c                s_sDeviceAnnceServerContext.2944
                0x000000000400300c                s_sZdoClientContext.2943
                0x0000000004003014                s_u32LastExpiredTime.3089
                0x0000000004003018                s_u32CompareTime.3088
                0x000000000400301c                s_u16ActivityCounter
                0x0000000004003020                APP_msgSerialRx.7605
                0x0000000004003038                s_prvCurrentISR.56791
                0x000000000400303c                u8AhiUart.126567
                0x0000000004003040                s_u32CurrentPriorityMask.56783
                0x0000000004003044                s_u8OSLevelIPL.56787
                0x0000000004003048                s_asTasks.56786
                0x000000000400304c                s_u32PendingQueue.56785
                0x0000000004003050                pwrm_CPUContext
 .bss           0x0000000004004dc0       0x9c C:\Users\1\AppData\Local\Temp\ccyxJ5hu.ltrans31.ltrans.o
                0x0000000004004dc0                sMiniMacPib
 .bss.dontinitinboot
                0x0000000004004e5c       0x40 c:/NXP/bstudio_nxp/workspace/sdk/JN-SW-4168/Components/Library\libBoot_JN516x.a(ExceptionHandler.o)
                0x0000000004004e5c                isr_handlers
 *(.bss.*)
 *(.scommon*)
 *(.scommon.*)
 *(COMMON)
                0x0000000004004e9c                . = ALIGN (0x4)
                0x0000000004004e9c                _bss_end = ABSOLUTE (.)

.heap           0x0000000004004e9c      0x7d0 load address 0x00000000000a9d18
                0x0000000004004e9c                _heap_start = ABSOLUTE (.)
                0x000000000400566c                . = (. + __minimum_heap_size)
 *fill*         0x0000000004004e9c      0x7d0 00

.stack          0x0000000004006c78     0x1388 load address 0x00000000000abaf4
                0x0000000004006c78                _heap_end = ABSOLUTE (.)
                0x0000000004006c78                _stack_low_water_mark = ABSOLUTE (.)
                0x0000000004008000                . = (. + __stack_size)
 *fill*         0x0000000004006c78     0x1388 00

.test           0x00000000000a56f4        0x1
                0x00000000000a56f4        0x1 BYTE 0xff
                0x00000000000a4ec8                _flash_data_start = LOADADDR (.data)
                0x000000000000082c                _ram_data_len = (((_ram_data_end - _ram_data_start) + 0x3) & 0xfffffffffffffffc)
                0x0000000000004624                _bss_len = (((_bss_end - _bss_start) + 0x3) & 0xfffffffffffffffc)
                0x00000000000256f4                _image_len = ((((_flash_end - _flash_start) + _ram_data_len) + 0x3) & 0xfffffffffffffffc)
                0x0000000004008000                _ram_top = (ABSOLUTE (ORIGIN (ram)) + 0x7fb4)
                0x0000000004008000                ram_top = (ABSOLUTE (ORIGIN (ram)) + 0x7fb4)
                0x0000000001001580                _app_ram_start = 0x1001580
                0x00000000040000f4                PROVIDE (_heap_location, u32HeapStart)
                0x00000000040000f4                PROVIDE (heap_location, u32HeapStart)
OUTPUT(CIE_JN5169.elf elf32-ba)

.comment        0x0000000000000000       0x11
 .comment       0x0000000000000000       0x12 C:\Users\1\AppData\Local\Temp\ccyxJ5hu.ltrans0.ltrans.o
 .comment       0x0000000000000000       0x12 C:\Users\1\AppData\Local\Temp\ccyxJ5hu.ltrans1.ltrans.o
 .comment       0x0000000000000000       0x12 C:\Users\1\AppData\Local\Temp\ccyxJ5hu.ltrans2.ltrans.o
 .comment       0x0000000000000000       0x12 C:\Users\1\AppData\Local\Temp\ccyxJ5hu.ltrans3.ltrans.o
 .comment       0x0000000000000000       0x12 C:\Users\1\AppData\Local\Temp\ccyxJ5hu.ltrans4.ltrans.o
 .comment       0x0000000000000000       0x12 C:\Users\1\AppData\Local\Temp\ccyxJ5hu.ltrans5.ltrans.o
 .comment       0x0000000000000000       0x12 C:\Users\1\AppData\Local\Temp\ccyxJ5hu.ltrans6.ltrans.o
 .comment       0x0000000000000000       0x12 C:\Users\1\AppData\Local\Temp\ccyxJ5hu.ltrans7.ltrans.o
 .comment       0x0000000000000000       0x12 C:\Users\1\AppData\Local\Temp\ccyxJ5hu.ltrans8.ltrans.o
 .comment       0x0000000000000000       0x12 C:\Users\1\AppData\Local\Temp\ccyxJ5hu.ltrans9.ltrans.o
 .comment       0x0000000000000000       0x12 C:\Users\1\AppData\Local\Temp\ccyxJ5hu.ltrans10.ltrans.o
 .comment       0x0000000000000000       0x12 C:\Users\1\AppData\Local\Temp\ccyxJ5hu.ltrans11.ltrans.o
 .comment       0x0000000000000000       0x12 C:\Users\1\AppData\Local\Temp\ccyxJ5hu.ltrans12.ltrans.o
 .comment       0x0000000000000000       0x12 C:\Users\1\AppData\Local\Temp\ccyxJ5hu.ltrans13.ltrans.o
 .comment       0x0000000000000000       0x12 C:\Users\1\AppData\Local\Temp\ccyxJ5hu.ltrans14.ltrans.o
 .comment       0x0000000000000000       0x12 C:\Users\1\AppData\Local\Temp\ccyxJ5hu.ltrans15.ltrans.o
 .comment       0x0000000000000000       0x12 C:\Users\1\AppData\Local\Temp\ccyxJ5hu.ltrans16.ltrans.o
 .comment       0x0000000000000000       0x12 C:\Users\1\AppData\Local\Temp\ccyxJ5hu.ltrans17.ltrans.o
 .comment       0x0000000000000000       0x12 C:\Users\1\AppData\Local\Temp\ccyxJ5hu.ltrans18.ltrans.o
 .comment       0x0000000000000000       0x12 C:\Users\1\AppData\Local\Temp\ccyxJ5hu.ltrans19.ltrans.o
 .comment       0x0000000000000000       0x12 C:\Users\1\AppData\Local\Temp\ccyxJ5hu.ltrans20.ltrans.o
 .comment       0x0000000000000000       0x12 C:\Users\1\AppData\Local\Temp\ccyxJ5hu.ltrans21.ltrans.o
 .comment       0x0000000000000000       0x12 C:\Users\1\AppData\Local\Temp\ccyxJ5hu.ltrans22.ltrans.o
 .comment       0x0000000000000000       0x12 C:\Users\1\AppData\Local\Temp\ccyxJ5hu.ltrans23.ltrans.o
 .comment       0x0000000000000000       0x12 C:\Users\1\AppData\Local\Temp\ccyxJ5hu.ltrans24.ltrans.o
 .comment       0x0000000000000000       0x12 C:\Users\1\AppData\Local\Temp\ccyxJ5hu.ltrans25.ltrans.o
 .comment       0x0000000000000000       0x12 C:\Users\1\AppData\Local\Temp\ccyxJ5hu.ltrans26.ltrans.o
 .comment       0x0000000000000000       0x12 C:\Users\1\AppData\Local\Temp\ccyxJ5hu.ltrans27.ltrans.o
 .comment       0x0000000000000000       0x12 C:\Users\1\AppData\Local\Temp\ccyxJ5hu.ltrans28.ltrans.o
 .comment       0x0000000000000000       0x12 C:\Users\1\AppData\Local\Temp\ccyxJ5hu.ltrans29.ltrans.o
 .comment       0x0000000000000000       0x12 C:\Users\1\AppData\Local\Temp\ccyxJ5hu.ltrans30.ltrans.o
 .comment       0x0000000000000000       0x12 C:\Users\1\AppData\Local\Temp\ccyxJ5hu.ltrans31.ltrans.o
 .comment       0x0000000000000000       0x12 c:/nxp/bstudio_nxp/workspace/sdk/tools/ba-elf-ba2-r36379/bin/../lib/gcc/ba-elf/4.7.4/../../../../ba-elf/lib/mcpu_jn51xx_sizeopt\libc.a(lib_a-memcmp.o)
 .comment       0x0000000000000000       0x12 c:/nxp/bstudio_nxp/workspace/sdk/tools/ba-elf-ba2-r36379/bin/../lib/gcc/ba-elf/4.7.4/../../../../ba-elf/lib/mcpu_jn51xx_sizeopt\libc.a(lib_a-memcpy.o)
 .comment       0x0000000000000000       0x12 c:/nxp/bstudio_nxp/workspace/sdk/tools/ba-elf-ba2-r36379/bin/../lib/gcc/ba-elf/4.7.4/../../../../ba-elf/lib/mcpu_jn51xx_sizeopt\libc.a(lib_a-memset.o)
 .comment       0x0000000000000000       0x12 c:/nxp/bstudio_nxp/workspace/sdk/tools/ba-elf-ba2-r36379/bin/../lib/gcc/ba-elf/4.7.4/mcpu_jn51xx_sizeopt\libgcc.a(_udivdi3.o)
 .comment       0x0000000000000000       0x11 c:/NXP/bstudio_nxp/workspace/sdk/JN-SW-4168/Components/Library\libMicroSpecific_JN516x.a(MicroSyscall_ba.o)
                                         0x12 (size before relaxing)

.debug_info     0x0000000000000000      0xc9e
 .debug_info    0x0000000000000000       0xf3 c:/nxp/bstudio_nxp/workspace/sdk/tools/ba-elf-ba2-r36379/bin/../lib/gcc/ba-elf/4.7.4/../../../../ba-elf/lib/mcpu_jn51xx_sizeopt\libc.a(lib_a-memcmp.o)