Archive member included because of file (symbol)

c:/NXP/bstudio_nxp/workspace/sdk/JN-SW-4168/Components/Library\libOS_JN516x.a(os.o)
                              os_gen.o (symbol from plugin) (os_vStart)
c:/NXP/bstudio_nxp/workspace/sdk/JN-SW-4168/Components/Library\libOS_JN516x.a(os_contirq_JN516x.o)
                              os_irq.o (os_UnclaimedException_W)
c:/NXP/bstudio_nxp/workspace/sdk/JN-SW-4168/Components/Library\libPWRM_JN516x.a(pwrm.o)
                              app_start_CIE.o (symbol from plugin) (PWRM_vInit)
c:/NXP/bstudio_nxp/workspace/sdk/JN-SW-4168/Components/Library\libPWRM_JN516x.a(pwrm_setjmp_JN516x.o)
                              pwrm.o (symbol from plugin) (setjmp)
c:/NXP/bstudio_nxp/workspace/sdk/JN-SW-4168/Components/Library\libPWRM_JN516x.a(pwrm_cold_start.o)
                              (AppColdStart)
c:/NXP/bstudio_nxp/workspace/sdk/JN-SW-4168/Components/Library\libPWRM_JN516x.a(pwrm_warm_start.o)
                              (AppWarmStart)
c:/NXP/bstudio_nxp/workspace/sdk/JN-SW-4168/Components/Library\libPDUM_JN516x.a(pdum_nwk.o)
                              pdum_gen.o (symbol from plugin) (pdum_vNPduInit)
c:/NXP/bstudio_nxp/workspace/sdk/JN-SW-4168/Components/Library\libPDUM_JN516x.a(pdum_apl.o)
                              appZdpExtraction.o (symbol from plugin) (PDUM_u16APduInstanceReadNBO)
c:/NXP/bstudio_nxp/workspace/sdk/JN-SW-4168/Components/Library\libPDUM_JN516x.a(pdum.o)
                              pdum_nwk.o (symbol from plugin) (PDUM_u16SizeNBO)
c:/NXP/bstudio_nxp/workspace/sdk/JN-SW-4168/Components/Library\libZPSAPL_JN516x.a(zps_apl_af.o)
                              zha_CIE_node.o (symbol from plugin) (ZPS_eAplAfInit)
c:/NXP/bstudio_nxp/workspace/sdk/JN-SW-4168/Components/Library\libZPSAPL_JN516x.a(zps_apl_af_apsde.o)
                              zps_gen.o (symbol from plugin) (zps_vHandleApsdeDataFragIndNotSupported)
c:/NXP/bstudio_nxp/workspace/sdk/JN-SW-4168/Components/Library\libZPSAPL_JN516x.a(zps_apl_task.o)
                              zps_apl_af_apsde.o (symbol from plugin) (zps_vAplAfPostEvent)
c:/NXP/bstudio_nxp/workspace/sdk/JN-SW-4168/Components/Library\libZPSAPL_JN516x.a(zps_apl_apsde.o)
                              zps_apl_task.o (symbol from plugin) (ZPS_vAplRegisterApsdeDcfmIndCallbacks)
c:/NXP/bstudio_nxp/workspace/sdk/JN-SW-4168/Components/Library\libZPSAPL_JN516x.a(zps_apl_apsme.o)
                              zps_apl_task.o (symbol from plugin) (ZPS_vAplRegisterApsmeDcfmIndCallbacks)
c:/NXP/bstudio_nxp/workspace/sdk/JN-SW-4168/Components/Library\libZPSAPL_JN516x.a(zps_apl_aps_nlde.o)
                              zps_apl_task.o (symbol from plugin) (zps_vAplApsHandleNldeDcfmInd)
c:/NXP/bstudio_nxp/workspace/sdk/JN-SW-4168/Components/Library\libZPSAPL_JN516x.a(zps_apl_sec.o)
                              zps_apl_task.o (symbol from plugin) (zps_psFindKeyDescr)
c:/NXP/bstudio_nxp/workspace/sdk/JN-SW-4168/Components/Library\libZPSAPL_JN516x.a(zps_apl_aib.o)
                              haEzJoin.o (symbol from plugin) (zps_psAplAibGetAib)
c:/NXP/bstudio_nxp/workspace/sdk/JN-SW-4168/Components/Library\libZPSAPL_JN516x.a(zps_apl_zdo_nwkmanager.o)
                              zps_apl_apsme.o (symbol from plugin) (zps_vAplSaveRecord)
c:/NXP/bstudio_nxp/workspace/sdk/JN-SW-4168/Components/Library\libZPSAPL_JN516x.a(zps_apl_zdo_handle_zdp_event.o)
                              zps_apl_task.o (symbol from plugin) (zps_bAplZdoHandleZdpEvent)
c:/NXP/bstudio_nxp/workspace/sdk/JN-SW-4168/Components/Library\libZPSAPL_JN516x.a(zps_apl_zdo_trust_center.o)
                              zps_gen.o (symbol from plugin) (zps_vAplTrustCenterInit)
c:/NXP/bstudio_nxp/workspace/sdk/JN-SW-4168/Components/Library\libZPSAPL_JN516x.a(zps_apl_zdo_common.o)
                              zps_apl_zdo_nwkmanager.o (symbol from plugin) (zps_eAplZdoNlmeleaveWrapper)
c:/NXP/bstudio_nxp/workspace/sdk/JN-SW-4168/Components/Library\libZPSAPL_JN516x.a(zps_apl_zdo_group.o)
                              GroupsTableManager.o (symbol from plugin) (zps_eAplZdoGroupEndpointAdd)
c:/NXP/bstudio_nxp/workspace/sdk/JN-SW-4168/Components/Library\libZPSAPL_JN516x.a(zps_apl_zdo_default_server.o)
                              zps_gen.o (symbol from plugin) (zps_vAplZdoDefaultServerInit)
c:/NXP/bstudio_nxp/workspace/sdk/JN-SW-4168/Components/Library\libZPSAPL_JN516x.a(zps_apl_zdo_bind_manager.o)
                              app_zone_client.o (symbol from plugin) (zps_eAplZdoBind)
c:/NXP/bstudio_nxp/workspace/sdk/JN-SW-4168/Components/Library\libZPSAPL_JN516x.a(zps_apl_mac_isr.o)
                              zps_apl_task.o (symbol from plugin) (u32DataQueueCount)
c:/NXP/bstudio_nxp/workspace/sdk/JN-SW-4168/Components/Library\libZPSAPL_JN516x.a(zps_apl_zdo_end_device_bind_server.o)
                              zps_gen.o (symbol from plugin) (zps_vAplZdoEndDeviceBindServerInit)
[...]
Memory Configuration

Name             Origin             Length             Attributes
flash            0x0000000000080000 0x0000000000040000
ram              0x000000000400004c 0x0000000000007fb4
*default*        0x0000000000000000 0xffffffffffffffff

Linker script and memory map

                0x0000000000001388                __stack_size = 0x1388
                0x00000000000007d0                __minimum_heap_size = 0x7d0
START GROUP
LOAD os_gen.o
LOAD C:\Users\1\AppData\Local\Temp\ccrOmOuP.ltrans0.ltrans.o
LOAD C:\Users\1\AppData\Local\Temp\ccrOmOuP.ltrans1.ltrans.o
LOAD C:\Users\1\AppData\Local\Temp\ccrOmOuP.ltrans2.ltrans.o
LOAD C:\Users\1\AppData\Local\Temp\ccrOmOuP.ltrans3.ltrans.o
LOAD C:\Users\1\AppData\Local\Temp\ccrOmOuP.ltrans4.ltrans.o
LOAD C:\Users\1\AppData\Local\Temp\ccrOmOuP.ltrans5.ltrans.o
LOAD C:\Users\1\AppData\Local\Temp\ccrOmOuP.ltrans6.ltrans.o
LOAD C:\Users\1\AppData\Local\Temp\ccrOmOuP.ltrans7.ltrans.o
LOAD C:\Users\1\AppData\Local\Temp\ccrOmOuP.ltrans8.ltrans.o
LOAD C:\Users\1\AppData\Local\Temp\ccrOmOuP.ltrans9.ltrans.o
LOAD C:\Users\1\AppData\Local\Temp\ccrOmOuP.ltrans10.ltrans.o
LOAD C:\Users\1\AppData\Local\Temp\ccrOmOuP.ltrans11.ltrans.o
LOAD C:\Users\1\AppData\Local\Temp\ccrOmOuP.ltrans12.ltrans.o
LOAD C:\Users\1\AppData\Local\Temp\ccrOmOuP.ltrans13.ltrans.o
LOAD C:\Users\1\AppData\Local\Temp\ccrOmOuP.ltrans14.ltrans.o
LOAD C:\Users\1\AppData\Local\Temp\ccrOmOuP.ltrans15.ltrans.o
LOAD C:\Users\1\AppData\Local\Temp\ccrOmOuP.ltrans16.ltrans.o
LOAD C:\Users\1\AppData\Local\Temp\ccrOmOuP.ltrans17.ltrans.o
LOAD C:\Users\1\AppData\Local\Temp\ccrOmOuP.ltrans18.ltrans.o
LOAD C:\Users\1\AppData\Local\Temp\ccrOmOuP.ltrans19.ltrans.o
LOAD C:\Users\1\AppData\Local\Temp\ccrOmOuP.ltrans20.ltrans.o
LOAD C:\Users\1\AppData\Local\Temp\ccrOmOuP.ltrans21.ltrans.o
LOAD C:\Users\1\AppData\Local\Temp\ccrOmOuP.ltrans22.ltrans.o
LOAD C:\Users\1\AppData\Local\Temp\ccrOmOuP.ltrans23.ltrans.o
LOAD C:\Users\1\AppData\Local\Temp\ccrOmOuP.ltrans24.ltrans.o
LOAD C:\Users\1\AppData\Local\Temp\ccrOmOuP.ltrans25.ltrans.o
LOAD C:\Users\1\AppData\Local\Temp\ccrOmOuP.ltrans26.ltrans.o
LOAD C:\Users\1\AppData\Local\Temp\ccrOmOuP.ltrans27.ltrans.o
LOAD C:\Users\1\AppData\Local\Temp\ccrOmOuP.ltrans28.ltrans.o
LOAD C:\Users\1\AppData\Local\Temp\ccrOmOuP.ltrans29.ltrans.o
LOAD C:\Users\1\AppData\Local\Temp\ccrOmOuP.ltrans30.ltrans.o
LOAD C:\Users\1\AppData\Local\Temp\ccrOmOuP.ltrans31.ltrans.o
LOAD c:/nxp/bstudio_nxp/workspace/sdk/tools/ba-elf-ba2-r36379/bin/../lib/gcc/ba-elf/4.7.4/../../../../ba-elf/lib/mcpu_jn51xx_sizeopt\libc.a
LOAD c:/nxp/bstudio_nxp/workspace/sdk/tools/ba-elf-ba2-r36379/bin/../lib/gcc/ba-elf/4.7.4/mcpu_jn51xx_sizeopt\libgcc.a
LOAD c:/nxp/bstudio_nxp/workspace/sdk/tools/ba-elf-ba2-r36379/bin/../lib/gcc/ba-elf/4.7.4/../../../../ba-elf/lib/mcpu_jn51xx_sizeopt\libc.a
LOAD os_irq.o
LOAD os_irq_alignment.o
LOAD os_irq_buserror.o
LOAD os_irq_illegalinstruction.o
LOAD os_irq_stackoverflowexception.o
LOAD os_irq_unimplementedmodule.o
LOAD os_irq_visr_systemcontroller.o
LOAD pdum_gen.o
LOAD pdum_apdu.o
LOAD zps_gen.o
LOAD app_timer_driver.o
LOAD app_exceptions.o
LOAD app_pdm.o
LOAD haEzJoin.o
LOAD app_zbp_utilities.o
LOAD app_buttons.o
LOAD app_zone_client.o
LOAD appZdpExtraction.o
LOAD appZpsBeaconHandler.o
LOAD app_CIE_save.o
LOAD app_start_CIE.o
LOAD zha_CIE_node.o
LOAD app_zcl_CIE_task.o
LOAD app_CIE_display.o
LOAD Alarms.o
LOAD AlarmsClientCommands.o
LOAD AlarmsCommandHandler.o
LOAD AlarmsServerCommands.o
LOAD AlarmsTableManager.o
LOAD AnalogInputBasic.o
LOAD AnalogOutputBasic.o
LOAD Basic.o
LOAD BasicClientCommands.o
LOAD BasicCommandHandler.o
LOAD BinaryInputBasic.o
LOAD BinaryOutputBasic.o
LOAD Commissioning.o
LOAD DeviceTemperatureConfiguration.o
LOAD Diagnostics.o
LOAD DoorLock.o
LOAD DoorLockCommandHandler.o
LOAD DoorLockCommands.o
LOAD ElectricalMeasurement.o
LOAD Groups.o
LOAD GroupsClientCommands.o
LOAD GroupsCommandHandler.o
LOAD GroupsServerCommands.o
LOAD GroupsTableManager.o
LOAD Identify.o
LOAD IdentifyClientCommands.o
LOAD IdentifyCommandHandler.o
LOAD IdentifyServerCommands.o
LOAD LevelControl.o
LOAD LevelControlClientCommands.o
LOAD LevelControlCommandHandler.o
LOAD MultistateInputBasic.o
LOAD MultistateOutputBasic.o
LOAD OOSC.o
LOAD OnOff.o
LOAD OnOffCommandHandler.o
LOAD OnOffCommands.o
LOAD PollControl.o
LOAD PollControlClientCommands.o
LOAD PollControlCommandHandler.o
LOAD PollControlServerCommands.o
LOAD PowerConfiguration.o
LOAD Scenes.o
LOAD ScenesClientCommands.o
LOAD ScenesClusterManagement.o
LOAD ScenesCommandHandler.o
LOAD ScenesServerCommands.o
LOAD ScenesTableManager.o
LOAD TC.o
LOAD Time.o
LOAD ha.o
LOAD door_lock.o
LOAD door_lock_controller.o
LOAD mains_power_outlet.o
LOAD on_off_output.o
LOAD on_off_switch.o
LOAD plug_control.o
LOAD remote_control.o
LOAD simple_sensor.o
LOAD smart_plug.o
LOAD IASACE.o
LOAD IASACEClientCommands.o
LOAD IASACECommandHandler.o
LOAD IASACEServerCommands.o
LOAD IASWD.o
LOAD IASWDCommandHandler.o
LOAD IASWDCommands.o
LOAD IASZone.o
LOAD IASZoneCommandHandler.o
LOAD IASZoneCommands.o
LOAD ancillary_control_equipment.o
LOAD control_and_indicating_equipment.o
LOAD warning_device.o
LOAD zone.o
LOAD dlist.o
LOAD zcl.o
LOAD zcl_CustomCommandReceive.o
LOAD zcl_CustomCommandSend.o
LOAD zcl_PDUbufferReadWrite.o
LOAD zcl_PDUbufferReadWriteString.o
LOAD zcl_WriteAttributesRequestHandle.o
LOAD zcl_WriteAttributesRequestSend.o
LOAD zcl_WriteAttributesResponseHandle.o
LOAD zcl_attribute.o
LOAD zcl_buffer.o
LOAD zcl_clusterCommand.o
LOAD zcl_command.o
LOAD zcl_configureReportingCommandHandle.o
LOAD zcl_configureReportingCommandSend.o
LOAD zcl_configureReportingResponseHandle.o
LOAD zcl_defaultResponse.o
LOAD zcl_discoverAttributesExtendedRequestHandle.o
LOAD zcl_discoverAttributesExtendedRequestSend.o
LOAD zcl_discoverAttributesExtendedResponseHandle.o
LOAD zcl_discoverAttributesRequestHandle.o
LOAD zcl_discoverAttributesRequestSend.o
LOAD zcl_discoverAttributesResponseHandle.o
LOAD zcl_discoverCommandsRequestHandle.o
LOAD zcl_discoverCommandsRequestSend.o
LOAD zcl_discoverCommandsResponseHandle.o
LOAD zcl_event.o
LOAD zcl_heap.o
LOAD zcl_library_options.o
LOAD zcl_readAttributesRequestHandle.o
LOAD zcl_readAttributesRequestSend.o
LOAD zcl_readAttributesResponseHandle.o
LOAD zcl_readReportingConfigurationCommandHandle.o
LOAD zcl_readReportingConfigurationCommandSend.o
LOAD zcl_readReportingConfigurationResponseHandle.o
LOAD zcl_reportManager.o
LOAD zcl_reportMaths.o
LOAD zcl_reportScheduler.o
LOAD zcl_reportStringHandling.o
LOAD zcl_reportStructure.o
LOAD zcl_search.o
LOAD zcl_timer.o
LOAD zcl_transmit.o
LOAD c:/NXP/bstudio_nxp/workspace/sdk/JN-SW-4168/Components/Library\libZPSMAC_Mini_JN516x.a
LOAD c:/NXP/bstudio_nxp/workspace/sdk/JN-SW-4168/Components/Library\libOS_JN516x.a
LOAD c:/NXP/bstudio_nxp/workspace/sdk/JN-SW-4168/Components/Library\libPWRM_JN516x.a
LOAD c:/NXP/bstudio_nxp/workspace/sdk/JN-SW-4168/Components/Library\libZPSTSV_JN516x.a
LOAD c:/NXP/bstudio_nxp/workspace/sdk/JN-SW-4168/Components/Library\libAES_SW_JN516x.a
LOAD c:/NXP/bstudio_nxp/workspace/sdk/JN-SW-4168/Components/Library\libPDUM_JN516x.a
LOAD c:/NXP/bstudio_nxp/workspace/sdk/JN-SW-4168/Components/Library\libZPSAPL_JN516x.a
LOAD c:/NXP/bstudio_nxp/workspace/sdk/JN-SW-4168/Components/Library\libRandom_JN516x.a
LOAD c:/NXP/bstudio_nxp/workspace/sdk/JN-SW-4168/Components/Library\libPDM_EEPROM_JN516x.a
LOAD c:/NXP/bstudio_nxp/workspace/sdk/JN-SW-4168/Components/Library\libDBG_JN516x.a
LOAD c:/NXP/bstudio_nxp/workspace/sdk/JN-SW-4168/Components/Library\libZPSNWK_JN516x.a
LOAD c:/NXP/bstudio_nxp/workspace/sdk/JN-SW-4168/Components/Library\libMiniMac_JN516x.a
LOAD c:/NXP/bstudio_nxp/workspace/sdk/JN-SW-4168/Components/Library\libMiniMacShim_JN516x.a
LOAD c:/NXP/bstudio_nxp/workspace/sdk/JN-SW-4168/Components/Library\libMMAC_JN516x.a
LOAD c:/NXP/bstudio_nxp/workspace/sdk/JN-SW-4168/Components/Library\libAes_JN516x.a
LOAD c:/NXP/bstudio_nxp/workspace/sdk/JN-SW-4168/Components/Library\libHardwareApi_JN516x.a
LOAD c:/NXP/bstudio_nxp/workspace/sdk/JN-SW-4168/Components/Library\libMicroSpecific_JN516x.a
LOAD c:/NXP/bstudio_nxp/workspace/sdk/JN-SW-4168/Components/Library\libBoot_JN516x.a
LOAD c:/NXP/bstudio_nxp/workspace/sdk/JN-SW-4168/Platform/DK4/Library\libBoardLib_JN516x.a
LOAD c:/nxp/bstudio_nxp/workspace/sdk/tools/ba-elf-ba2-r36379/bin/../lib/gcc/ba-elf/4.7.4/../../../../ba-elf/lib/mcpu_jn51xx_sizeopt\libm.a
END GROUP
LOAD c:/nxp/bstudio_nxp/workspace/sdk/tools/ba-elf-ba2-r36379/bin/../lib/gcc/ba-elf/4.7.4/../../../../ba-elf/lib/mcpu_jn51xx_sizeopt\libc.a
LOAD c:/nxp/bstudio_nxp/workspace/sdk/tools/ba-elf-ba2-r36379/bin/../lib/gcc/ba-elf/4.7.4/mcpu_jn51xx_sizeopt\libgcc.a
LOAD c:/nxp/bstudio_nxp/workspace/sdk/tools/ba-elf-ba2-r36379/bin/../lib/gcc/ba-elf/4.7.4/../../../../ba-elf/lib/mcpu_jn51xx_sizeopt\libc.a
                0x0000000000080038                _exception_vsr_table = 0x80038
                0x0000000004000000                pSPIflashFncTable = 0x4000000
                0x0000000000000044                restore_state = 0x44
                0x000000000000004a                bZSPIWaitWIPClear = 0x4a
                0x0000000000000050                u16ZSPIflashRDID = 0x50
                0x0000000000000056                u8SelectFlashChipType = 0x56
                0x000000000000005c                memcpy = 0x5c
                0x0000000000000066                vBootFlashProg = 0x66
                [0x00000000000007d0]                __minimum_heap_size = DEFINED (__minimum_heap_size)?__minimum_heap_size:0xd16
                [0x0000000000001388]                __stack_size = DEFINED (__stack_size)?__stack_size:0x800
                0x0000000000000000                _SwConfig = (DEFINED (g_bSWConf_Debug) | (DEFINED (g_bSWConf_AltDebugPort) << 0x1))

.version        0x000000000007fffc        0x4
                0x000000000007fffc        0x4 LONG 0x7030008

.bir            0x0000000000080000       0x10
                0x0000000000080000                _flash_start = ABSOLUTE (.)
                0x0000000000080000                _flash_beg = ABSOLUTE (.)
                0x0000000000080000        0x4 LONG 0x12345678
                0x0000000000080004        0x4 LONG 0x11223344
                0x0000000000080008        0x4 LONG 0x55667788
                0x000000000008000c        0x1 BYTE 0x8
                0x000000000008000d        0x1 BYTE 0x1
                0x000000000008000e        0x2 SHORT 0x0

.flashheader    0x0000000000080010       0x28
                0x0000000000080010        0x4 LONG 0x0
                0x0000000000080014        0x4 LONG 0x0
                0x0000000000080018        0x4 LONG 0x0
                0x000000000008001c        0x2 SHORT 0x0
                0x000000000008001e        0x2 SHORT 0x0 ABSOLUTE (_SwConfig)
                0x0000000000080020                _enc_start = ABSOLUTE (.)
                0x0000000000080020        0x4 LONG 0x24274 ABSOLUTE (_image_len)
                0x0000000000080024        0x4 LONG 0xa3a90 ABSOLUTE (_flash_data_start)
                0x0000000000080028        0x2 SHORT 0x13 ((ABSOLUTE (_ram_data_start) / 0x4) & 0xffff)
                0x000000000008002a        0x2 SHORT 0x1f9 ((ABSOLUTE (_ram_data_len) / 0x4) & 0xffff)
                0x000000000008002c        0x2 SHORT 0x20c ((ABSOLUTE (_bss_start) / 0x4) & 0xffff)
                0x000000000008002e        0x2 SHORT 0x10de ((ABSOLUTE (_bss_len) / 0x4) & 0xffff)
                0x0000000000080030        0x4 LONG 0xa2ef8 ABSOLUTE (AppWarmStart)
                0x0000000000080034        0x4 LONG 0x8b508 ABSOLUTE (AppColdStart)
                0x0000000000000000                _enc_offset = (_enc_start & 0xf)

.ro_mac_address
                0x0000000000080040        0x0
                0x0000000000080040                _FlsMACAddress = ABSOLUTE (.)
 *(.ro_mac_address)
                0x0000000000080040                . = ALIGN (0x10)

.ro_ota_header  0x0000000000080040        0x0
                0x0000000000080040                _FlsOtaHeader = ABSOLUTE (.)
 *(.ro_ota_header)
                0x0000000000080040                . = ALIGN (0x10)

.ro_se_lnkKey   0x0000000000080040        0x0
                0x0000000000080040                _FlsLinkKey = ABSOLUTE (.)
 *(.ro_se_lnkKey)
                0x0000000000080040                . = ALIGN (0x10)

.rodata         0x0000000000080038      0xee8
 *(.rodata*)
 .rodata.str1.1
                0x0000000000080038        0x8 C:\Users\1\AppData\Local\Temp\ccrOmOuP.ltrans0.ltrans.o
 .rodata        0x0000000000080040       0x58 C:\Users\1\AppData\Local\Temp\ccrOmOuP.ltrans0.ltrans.o
                0x0000000000080040                psAplDefaultZLLAPSLinkKey
                0x0000000000080044                gMAC_u8MaxBuffers
                0x0000000000080048                g_u32ApsFcSaveCountBitShift
                0x000000000008004c                u8MaxZpsConfigEp
                0x000000000008004d                au8EpMapPresent
                0x0000000000080050                s_groupPdmTable
 .rodata.str1.1
                0x0000000000000000        0x8 C:\Users\1\AppData\Local\Temp\ccrOmOuP.ltrans1.ltrans.o
                                          0xb (size before relaxing)
 .rodata        0x0000000000080098      0x248 C:\Users\1\AppData\Local\Temp\ccrOmOuP.ltrans1.ltrans.o
 .rodata.str1.1
                0x00000000000802e0        0x6 C:\Users\1\AppData\Local\Temp\ccrOmOuP.ltrans2.ltrans.o
                                          0xe (size before relaxing)
 .rodata        0x00000000000802e6        0x5 C:\Users\1\AppData\Local\Temp\ccrOmOuP.ltrans2.ltrans.o
 .rodata.str1.1
                0x00000000000802eb      0x147 C:\Users\1\AppData\Local\Temp\ccrOmOuP.ltrans4.ltrans.o
                                        0x149 (size before relaxing)
 *fill*         0x0000000000080432        0x2 00
 .rodata        0x0000000000080434      0x120 C:\Users\1\AppData\Local\Temp\ccrOmOuP.ltrans4.ltrans.o
                0x0000000000080434                gu32ZCLVersion
                0x0000000000080438                OS_g_u32Version
                0x000000000008043c                PDUM_g_u32Version
                0x0000000000080440                ZPS_g_u32MacVersion
                0x0000000000080444                ZPS_g_u32TsvVersion
 .rodata.str1.1
                0x0000000000080554        0xc C:\Users\1\AppData\Local\Temp\ccrOmOuP.ltrans5.ltrans.o
                                         0x23 (size before relaxing)
 .rodata        0x0000000000080560       0x10 C:\Users\1\AppData\Local\Temp\ccrOmOuP.ltrans5.ltrans.o
 .rodata        0x0000000000080570      0x404 C:\Users\1\AppData\Local\Temp\ccrOmOuP.ltrans6.ltrans.o
                0x0000000000080570                zps_g_pvApl
                0x0000000000080574                pwrm_psWakeupCallbacks
 .rodata        0x0000000000080974       0x20 C:\Users\1\AppData\Local\Temp\ccrOmOuP.ltrans7.ltrans.o
                0x000000000008097c                au32UartAddrOffset
 .rodata.str1.1
                0x0000000000080994       0x2a C:\Users\1\AppData\Local\Temp\ccrOmOuP.ltrans7.ltrans.o
                                         0x2e (size before relaxing)
 .rodata.str1.1
                0x00000000000809be       0x11 C:\Users\1\AppData\Local\Temp\ccrOmOuP.ltrans8.ltrans.o
                                         0x20 (size before relaxing)
 .rodata.str1.1
                0x00000000000809cf        0x5 C:\Users\1\AppData\Local\Temp\ccrOmOuP.ltrans9.ltrans.o
                                         0x13 (size before relaxing)
 .rodata.str1.1
                0x00000000000809d4        0x6 C:\Users\1\AppData\Local\Temp\ccrOmOuP.ltrans10.ltrans.o
 .rodata.str1.1
                0x0000000000000000        0x6 C:\Users\1\AppData\Local\Temp\ccrOmOuP.ltrans11.ltrans.o
                                          0x4 (size before relaxing)
 .rodata.str1.1
                0x00000000000809da       0x1c C:\Users\1\AppData\Local\Temp\ccrOmOuP.ltrans12.ltrans.o
                                         0x3c (size before relaxing)
 .rodata.str1.1
                0x00000000000809f6       0x29 C:\Users\1\AppData\Local\Temp\ccrOmOuP.ltrans13.ltrans.o
                                         0x45 (size before relaxing)
 .rodata.str1.1
                0x0000000000000000        0x3 C:\Users\1\AppData\Local\Temp\ccrOmOuP.ltrans14.ltrans.o
 *fill*         0x0000000000080a1f        0x1 00
 .rodata        0x0000000000080a20       0x18 C:\Users\1\AppData\Local\Temp\ccrOmOuP.ltrans15.ltrans.o
                0x0000000000080a20                au32NwkPdmRecordOffsets
 .rodata.str1.1
                0x0000000000000000       0x29 C:\Users\1\AppData\Local\Temp\ccrOmOuP.ltrans16.ltrans.o
                                          0x7 (size before relaxing)
 .rodata.str1.1
                0x0000000000000000       0x29 C:\Users\1\AppData\Local\Temp\ccrOmOuP.ltrans17.ltrans.o
                                          0x8 (size before relaxing)
 .rodata        0x0000000000080a38        0x7 C:\Users\1\AppData\Local\Temp\ccrOmOuP.ltrans17.ltrans.o
                0x0000000000080a38                u8MacNwkTriesTimeout
 *fill*         0x0000000000080a3f        0x1 00
 .rodata        0x0000000000080a40       0x88 C:\Users\1\AppData\Local\Temp\ccrOmOuP.ltrans18.ltrans.o
                0x0000000000080a40                s_apsStSceTbl.131005
                0x0000000000080a54                zps_sJoinSceTbl
                0x0000000000080a60                zps_sActvSceTbl
 .rodata.str1.1
                0x0000000000000000        0xa C:\Users\1\AppData\Local\Temp\ccrOmOuP.ltrans20.ltrans.o
 .rodata        0x0000000000080ac8      0x1a8 C:\Users\1\AppData\Local\Temp\ccrOmOuP.ltrans20.ltrans.o
                0x0000000000080ac8                g_u32NwkFcSaveCountBitShift
 .rodata.str1.1
                0x0000000000080c70       0x29 C:\Users\1\AppData\Local\Temp\ccrOmOuP.ltrans23.ltrans.o
                                         0x62 (size before relaxing)
 *fill*         0x0000000000080c99        0x1 00
 .rodata        0x0000000000080c9a        0xa C:\Users\1\AppData\Local\Temp\ccrOmOuP.ltrans24.ltrans.o
 .rodata.str1.1
                0x0000000000080ca4       0x4b C:\Users\1\AppData\Local\Temp\ccrOmOuP.ltrans25.ltrans.o
                                         0x54 (size before relaxing)
 .rodata.str1.1
                0x0000000000080cef        0x7 C:\Users\1\AppData\Local\Temp\ccrOmOuP.ltrans26.ltrans.o
                                         0x11 (size before relaxing)
 .rodata.str1.1
                0x0000000000080cf6        0x7 C:\Users\1\AppData\Local\Temp\ccrOmOuP.ltrans27.ltrans.o
                                         0x16 (size before relaxing)
 .rodata.str1.1
                0x0000000000080cfd      0x1f2 C:\Users\1\AppData\Local\Temp\ccrOmOuP.ltrans28.ltrans.o
                                        0x2b1 (size before relaxing)
 .rodata.str1.1
                0x0000000000080eef       0x31 C:\Users\1\AppData\Local\Temp\ccrOmOuP.ltrans29.ltrans.o

.text           0x0000000000080f20    0x22b6e
 *(.text*)
 .text          0x0000000000080f20     0x1d8c C:\Users\1\AppData\Local\Temp\ccrOmOuP.ltrans0.ltrans.o
                0x0000000000080f20                APP_TIMER_Version_1v0
                0x0000000000080f20                vInitialiseApp.7691
 .text          0x0000000000082cac     0x2398 C:\Users\1\AppData\Local\Temp\ccrOmOuP.ltrans1.ltrans.o
                0x0000000000082cac                DBG_iUartGetChar
                0x0000000000082d09                vMMAC_IntHandlerBbc
                0x0000000000082d23                eBasicTxCompleteHandler
                0x0000000000082d28                vTxRxTimeout.147133
                0x0000000000082d85                eSmeAcScBeaconInd.139081
                0x0000000000082de1                eSmeASFlBeaconInd.138916
                0x0000000000082e03                eSmeUDNTScanDcfm.138366
                0x0000000000082e1f                vPermitJoinHandleExpiry.133917
                0x0000000000082e28                vNwkMcpsTimerCallback
                0x0000000000082e42                zps_eSceGenlIllegal
                0x0000000000082e49                zps_eSmeGenlIllegal
                0x0000000000082e50                DBG_vUartFailedAssert
                0x0000000000082e54                zps_bAplZdoBindRequestServer
                0x0000000000082f8f                vZdoEndDeviceBindTimeoutSecondMessage
                0x0000000000082fa3                psGetVsMcpsBuf.77371
                0x0000000000082fac                psGetMlmeBuf.77364
                0x0000000000082fb5                zps_vExpireRequestKeyReq.72396
                0x0000000000083000                psGetNlmeBuf.60314
                0x000000000008300a                psGetNldeBuf.60335
                0x0000000000083014                psGetApsmeBuf.60321
                0x000000000008301d                psGetApsdeBuf.60328
                0x000000000008308e                vLoopbackTimerCallback
                0x00000000000830bd                pvZCL_HeapAlloc.part.0.48644.constprop.52
                0x00000000000830f6                vMiniMac_ReturnTxBufferCallback
                0x0000000000083108                vEnableReceive.147137
                0x0000000000083142                vWriteText.150558
                0x00000000000831da                vLcdClear
                0x00000000000831ea                vLcdGrabSpiBus
                0x00000000000831f3                pvHeap_Alloc
                0x00000000000831f5                vMicroIntRestoreState
                0x0000000000083201                vAHI_SpiWaitBusy
                0x000000000008320e                bAHI_WriteEEPROMfixSegmentData
                0x000000000008326c                bAHI_InitialiseEEPROM
                0x00000000000832b4                vAHI_ReadDataFromEEPROMregister
                0x00000000000832e1                vAHI_WriteDataIntoEEPROMregister
                0x0000000000083311                iPDM_WriteSegmentHeaderDataIntoEEPROMsegment
                0x0000000000083340                u8AHI_WakeTimerFiredStatus
                0x0000000000083354                vAHI_WakeTimerStop.part.3.150019
                0x0000000000083374                vAHI_UartReset.part.4.149773
                0x00000000000833ac                vAHI_OptimiseWaitStates
                0x00000000000833f8                bAHI_GetClkSource
                0x0000000000083405                vAHI_CpuDoze
                0x0000000000083418                vAHI_SwReset
                0x0000000000083449                vAHI_DioSetOutput
                0x000000000008345d                vLcdRSSelect.part.1.150570
                0x0000000000083467                vLcdRSSelect.150572
                0x0000000000083476                vAHI_DioSetDirection
                0x000000000008348a                vEcbEncodeStripe.149233
                0x00000000000834e1                bIssueACIcommand
                0x0000000000083577                AESSW_vMMOBlockUpdate
                0x00000000000835e9                vRadioToOff
                0x0000000000083606                vStartReceive
                0x0000000000083622                MAC_u64GetExtAddr
                0x000000000008363d                psSearchForFrameToSend
                0x0000000000083694                eMiniMac_FrameInProgress
                0x00000000000836bf                vRemoveFromTxQueue
                0x00000000000836fb                vAddToTxQueue
                0x0000000000083731                u8GetHeaderSize
                0x0000000000083759                vMiniMac_MLME_SetReq_MaxCsmaBackoffs
                0x0000000000083779                vMiniMac_MLME_SetReq_MaxBe
                0x000000000008379c                vMiniMac_MLME_SetReq_MinBe
                0x00000000000837bf                zps_psFormatCmdFrameGeneral
                0x000000000008384b                zps_eNwkFormStInit
                0x0000000000083860                bCheckMatchingEntry.139076
                0x0000000000083886                zps_psNwkSlistRemoveFromHead
                0x000000000008389d                zps_psNwkSlistRemove
                0x00000000000838d5                zps_bNwkMcpsMgrRemoveDescrFromLists
                0x0000000000083913                zps_vNwkSlistAddToTail
                0x000000000008392d                ZPS_bNwkSecHaveNetworkKey
                0x0000000000083961                ZPS_bNwkSecFindMatSet
                0x000000000008399d                zps_eNwkRctMatchNwkAddr
                0x0000000000083a07                ZPS_u8NwkCalcNldeReqOverhead
                0x0000000000083a42                zps_vRemoveNextHop
                0x0000000000083af7                zps_vRemoveRoute
                0x0000000000083b8e                zps_psNwkRtMatchNwkAddr
                0x0000000000083c04                ZPS_vNwkNibClearDiscoveryNT
                0x0000000000083c18                zps_vNwkFreeMcpsHandle
                0x0000000000083c42                zps_psNwkMcpsMgrFindPendingByNwkDstAddr
                0x0000000000083c58                ZPS_u64NwkNibGetMappedIeeeAddr
                0x0000000000083c7a                ZPS_vNwkSecResetDevice
                0x0000000000083cbf                ZPS_bNwkNibNtActvMatch
                0x0000000000083d77                ZPS_u64NwkNibFindExtAddr
                0x0000000000083e22                ZPS_u16NwkNibFindNwkAddr
                0x0000000000083ec8                bCheckNwkAddr
                0x0000000000083f16                zps_eAplTrustCenterFindDevice
                0x0000000000083f5a                ZPS_vSetExtendedStatus
                0x0000000000083f6c                zps_eNwkRtMatch
                0x0000000000084079                zps_psApsApsAllocateDcfmRecord
                0x00000000000840e7                zps_u8CalcLinkCost
                0x0000000000084123                ZPS_u8NwkNibNtDiscMatch
                0x0000000000084207                zps_u64NwkLibFromPayload
                0x00000000000843a4                eSmeAcScBeaconInd.138924
                0x00000000000844ac                eSmeUDNTBeaconInd.138900
                0x00000000000844cf                zps_vNwkLibU64ToPayload
                0x00000000000844fc                zps_vInitBeaconPayload
                0x0000000000084578                zps_eNwkDcfmIndPost
                0x000000000008459b                zps_psNwkDcfmIndGetBuf
                0x00000000000845bd                zps_eNwkHandleSmePollDcfm
                0x00000000000845e7                eLeaveDataDcfmRemoteLeave.143663
                0x0000000000084630                zps_vSendJoinInd
                0x00000000000846a0                vSendDcfm.139602
                0x00000000000846c4                eSmeEdScScanDcfm.138904
                0x000000000008470d                eSmeGenlScanDcfm.138908
                0x000000000008476b                eRouteRequestDataDcfm.135089
                0x00000000000847bf                eNldeDataDcfm.132924
                0x00000000000847ef                zps_vSendNwkStatusInd
                0x0000000000084820                DBG_vInit
                0x0000000000084862                vPDM_ReadBitmapHeader.126486
                0x0000000000084881                psSLISTsearch
                0x00000000000848c1                iPDM_SearchForSpecificSegmentInList
                0x00000000000848f3                psSLISTremove
                0x0000000000084971                vSLISTaddToTail
                0x0000000000084990                psSLISTgetNext
                0x00000000000849b4                u8PDM_CalculateLargestDataRecordStored
                0x00000000000849e5                bPDM_ImageBitmapRepairCheck
                0x0000000000084a0d                u8PDM_ReadSequenceNumber
                0x0000000000084a30                boSegmentNumberDeleteSearchMatch.126056
                0x0000000000084a4b                u8PDM_ReadSegmentDataSize
                0x0000000000084a5f                u32PDM_ReadFileSystemHeaderWearCount
                0x0000000000084a75                boSearchForWearCountSubstitute.126372
                0x0000000000084a9b                boSearchForWearCountInsertPoint.125625
                0x0000000000084ab9                vPDM_WriteFileSystemHeaderWearCount
                0x0000000000084acb                RND_u32GetRand256
                0x0000000000084ae8                RND_u32GetRand
                0x0000000000084b0f                u16CalculateFailedTxCount.96671
                0x0000000000084b39                vZdoIeeeAddrServerSendExtendResponse.part.0.82468
                0x0000000000084b9a                vZdoNwkAddrServerSendExtendResponse.part.0.81288
                0x0000000000084bfb                bFindMatch.80016
                0x0000000000084c59                zps_bAplZdoServerHandleConfirmAcks
                0x0000000000084ca3                zps_bPerformLeaveActionDecider
                0x0000000000084ca8                vHandleUpdateDeviceIndication.69380
                0x0000000000084cd2                u32GetScanChannels.69367
                0x0000000000084cfd                bDuplicateCheck.65747
                0x0000000000084e0a                zps_vInitAPSMECmdHdr
                0x0000000000084e42                bIsBindTableMatch.64315
                0x0000000000084e93                eRemoveEntryInBindingTable.64343
                0x0000000000084f12                zps_vAplApsFillAndPostApsAck
                0x0000000000084f7c                zps_u8AplApsFreeMsgHandle
                0x0000000000084fe6                vFillDataIndStruct.60181
 .text.unlikely
                0x0000000000085044       0xc8 C:\Users\1\AppData\Local\Temp\ccrOmOuP.ltrans1.ltrans.o
                0x0000000000085059                vAHI_MemoryHold.149453
 .text          0x000000000008510c     0x1b3b C:\Users\1\AppData\Local\Temp\ccrOmOuP.ltrans2.ltrans.o
                0x000000000008510c                DBG_vUartFlush
                0x0000000000085139                DBG_vUartPutch
                0x000000000008517f                os_u32APP_cbGetTickTimer
                0x0000000000085188                os_bAPP_cbSetTickTimerCompare
                0x0000000000085287                boIdValueSearchMatch.125629
                0x000000000008543b                vDispatch.57083
                0x000000000008550d                OS_eStartSWTimer.constprop.138
                0x000000000008562c                OS_eContinueSWTimer.constprop.95
                0x0000000000085725                OS_eStopSWTimer
                0x0000000000085848                vStartStopTimer
                0x0000000000085873                OS_ePostMessage
                0x00000000000859d9                os_vAPP_ButtonsScanTask
                0x0000000000085aa7                OS_eActivateTask
                0x0000000000085b42                vPostMlmeDcfmInd.77367
                0x0000000000085be5                PWRM_vWakeInterruptCallback
                0x0000000000085c6c                u16ZCL_APduInstanceWriteNBO
                0x0000000000085d16                u16ZCL_WriteCommandHeader
                0x0000000000085d8e                u16ZCL_APduInstanceReadNBO
                0x0000000000085e73                u16ZCL_ReadCommandHeader.part.0.41250
                0x0000000000085eea                u16ZCL_APduInstanceWriteStringNBO
                0x0000000000085fb1                u16ZCL_WriteAttributeValueIntoBuffer
                0x0000000000086023                u16ZCL_APduInstanceReadStringNBO
                0x00000000000860f8                eZCL_GetAttributeTypeSizeFromBuffer
                0x000000000008616f                iPDM_ReadUserDataFromEEPROMsegment
                0x00000000000861e9                iPDM_ReCalculateWearCountAndChecksumAndWriteFileSystemHeader
                0x0000000000086233                vPDM_SetEEPROMandFileSystemValidState
                0x000000000008625a                iPDM_ReadUserDataFromFileSystemRecord
                0x000000000008627a                vPDM_WriteFileSystemRecordAndSegmentDataIntoEEPROMsegment
                0x00000000000862b5                iPDM_ReadSegmentHeaderDataFromEEPROMsegment
                0x000000000008630e                vLcdFreeSpiBus
                0x0000000000086317                u16ZCL_GetTxPayloadSize
                0x000000000008634f                u8ZdoEndDeviceBindServerUnpackApdu
                0x00000000000863df                u8ZdoBindUnbindServerUnpackApdu
                0x000000000008642e                ZPS_bIsMacAddressUsedInApsTable
                0x00000000000864e4                sEZ_GetDiscEntry.3219
                0x0000000000086525                iPDM_FilterDuplicateAppendedSegmentsOnList.126801
                0x0000000000086569                ZPS_eTsvOpen
                0x0000000000086583                zps_vNwkBttMgrInit
                0x00000000000865b1                ZPS_vNwkNibClearTables
                0x00000000000866d2                vMicroIntEnableOnly.constprop.136
                0x00000000000866fe                vSetChannelAndPower
                0x000000000008679c                vStartTransmit.147188
                0x00000000000868f0                TSV_eStart
                0x0000000000086940                vMiniMac_MLME_SetReq_PanId
                0x000000000008697d                vMiniMac_MLME_SetReq_ShortAddr
                0x000000000008698b                iAHI_WriteDataIntoEEPROMsegment.constprop.119
                0x00000000000869d9                vACI_OptimisedCcmStar.constprop.108
                0x0000000000086bc4                zps_eNwkRtDiscMatch.constprop.105
                0x0000000000086c17                vTransformKey.isra.0.65866
 *fill*         0x0000000000086c47        0x1 00
 .text          0x0000000000086c48     0x1788 C:\Users\1\AppData\Local\Temp\ccrOmOuP.ltrans3.ltrans.o
                0x0000000000086c48                vZCL_EventHandler
 .text          0x00000000000883d0     0x1cb4 C:\Users\1\AppData\Local\Temp\ccrOmOuP.ltrans4.ltrans.o
                0x00000000000884e3                os_bDummyMemberCheck.57093
                0x00000000000884e8                os_vDefaultErrorHook.57089
                0x0000000000088512                vOSError
                0x0000000000088515                APP_ZCL_cbGeneralCallback.9389
                0x0000000000088518                vExtendedStatusCallBack.7688
                0x000000000008851b                os_bStrictCheck.1358
                0x00000000000887df                vFillApduErrorEvent.60174
                0x0000000000088822                bCheckProfile.60169
                0x0000000000088860                ZPS_bIsGroupPresent
                0x0000000000088898                pdum_u16ReadNBO
                0x00000000000889f9                PDUM_u16SizeNBO
                0x0000000000088a57                PDUM_u16APduInstanceWriteStrNBO
                0x0000000000088bd6                PDUM_u16APduInstanceReadNBO
                0x0000000000088c21                PDUM_u16APduInstanceWriteNBO
                0x0000000000088c8b                PDUM_thAPduInstanceGetApdu
                0x0000000000088ca6                PDUM_eAPduInstanceSetPayloadSize
                0x0000000000088cce                PDUM_eNPduWriteDataFromBuffer
                0x0000000000088d28                PDUM_eNPduWriteDataToBuffer
                0x0000000000088d86                PDUM_eNPduWriteFromBuffer
                0x0000000000088daf                PDUM_eNPduDescend
                0x0000000000088dd5                PDUM_eNPduAscend
                0x0000000000088dfb                PDUM_eNPduClaimData
                0x0000000000088e68                PDUM_eNPduAppendDataNBO
                0x0000000000088ec5                PDUM_eNPduClaimHeader
                0x0000000000088ee8                PDUM_eNPduReadHeaderNBO
                0x0000000000088f3b                PDUM_eNPduPrependHeaderNBO
                0x0000000000088f96                PDUM_eNPduInitDescending
                0x0000000000088fb1                OS_eCollectMessage
                0x0000000000089076                OS_eGetSWTimerStatus
                0x00000000000890b8                OS_eEnterCriticalSection
                0x0000000000089180                eExpireSWTimer.57102
                0x00000000000891eb                eZCL_SearchForEPentry
                0x0000000000089233                eZCL_SearchForEPentryAndCheckManufacturerId
                0x0000000000089271                vZCL_PassEventToUser
                0x000000000008929e                eZCL_DoesAttributeHaveReportableChange
                0x00000000000892bb                eZCL_GetAttributeReportableEntry
                0x0000000000089373                vZCL_AlignNumericAttributeValueTo64.53833
                0x0000000000089482                eZCL_BuildClientTransmitAddressStructure
                0x00000000000894b3                u8GetTransactionSequenceNumber
                0x00000000000894c5                eZCL_GetAttributeTypeSize
                0x00000000000894e4                vZCL_MarkAttributeInvalid
                0x00000000000895b3                u8ZCL_GetAttributeAllignToFourBytesBoundary
                0x00000000000895c8                pvZCL_GetAttributePointer
                0x000000000008963e                eZCL_StoreChangeAttributeValue
                0x00000000000896dd                u16ZCL_GetStringStructureSize
                0x000000000008971a                u16ZCL_GetStringAttributeTypeSizeFromBuffer
                0x000000000008978b                u16ZCL_GetStringSizeAndBufferFromStructure
                0x000000000008981a                eZCL_GetAttributeTypeSizeFromStructure
                0x0000000000089893                vZCL_InitializeClusterInstance
                0x00000000000898a8                vGetZoneStatusBitString
                0x00000000000898e1                vGetZoneLabelString
                0x0000000000089948                vNumberToString
                0x00000000000899a2                vGetSoundString
                0x00000000000899dc                vGetAlarmStatusString
                0x0000000000089a63                vGetPanelStatusString
                0x0000000000089b1f                vGetZoneIDString
                0x0000000000089b4c                vGetZoneTypeString
                0x0000000000089bb0                vCheckForMenuIndex.10385
                0x0000000000089bec                vMoveScreenAndDeviceDown.10383
                0x0000000000089c38                vMoveScreenDown.10380
                0x0000000000089c68                vMoveScreenAndDeviceUp.10378
                0x0000000000089c9b                vMoveScreenUp.10375
                0x0000000000089cc1                vSetIntialDisplayPostition.10373
                0x0000000000089cd8                vCheckForCursorPosition
                0x0000000000089d03                vACEZoneStatusDisplay
                0x0000000000089efa                vACEBypassedListDisplay
                0x0000000000089fb8                bCheckNotReadyToArm
                0x000000000008a007                u8GetTableIndex
                0x000000000008a039                u16GetShortAddress.5396
 .text          0x000000000008a084     0x1484 C:\Users\1\AppData\Local\Temp\ccrOmOuP.ltrans5.ltrans.o
                0x000000000008a084                os_vAPP_taskCIE
 .text          0x000000000008b508      0x430 C:\Users\1\AppData\Local\Temp\ccrOmOuP.ltrans6.ltrans.o
                0x000000000008b508                AppColdStart
 *fill*         0x000000000008b938        0x0 00
 .text          0x000000000008b938     0x12f0 C:\Users\1\AppData\Local\Temp\ccrOmOuP.ltrans7.ltrans.o
                0x000000000008b938                os_vAPP_cbEnableTickTimer
                0x000000000008b9b8                os_vAPP_cbDisableTickTimer
                0x000000000008b9fc                eOrphanNotificationSent.147905
                0x000000000008ba45                DBG_vUartInitHardware
                0x000000000008bb82                eCLD_BasicCommandHandler
                0x000000000008bba5                vMiniMac_NextTransaction
                0x000000000008bc0f                eZCL_SearchForClusterEntry
                0x000000000008bc84                eZCL_FindCluster.constprop.88
                0x000000000008bccd                eCLD_IASACEGetZoneTableEntry
                0x000000000008bd25                eCLD_IASACEGetZoneParameter.constprop.74
                0x000000000008be3c                eCLD_IASACEGetEnrolledZones.part.1.29684
                0x000000000008be9d                vACEZoneInfoDisplay
                0x000000000008bfb6                eCLD_IASACEGetPanelParameter.constprop.79
                0x000000000008c011                vACEGetPanelStatusDisplay
                0x000000000008c121                eZCL_BuildTransmitAddressStructure
                0x000000000008c18e                ZPS_bSecDecrypt
                0x000000000008c2a0                boPDM_IsBitmapSaturated.126521
                0x000000000008c2e9                vDLISTaddToHead
                0x000000000008c312                vDLISTaddToTail
                0x000000000008c335                psDLISTremove
                0x000000000008c397                eZCL_SearchForAttributeEntry
                0x000000000008c430                iPDM_SearchForBufferIdInList
                0x000000000008c465                iPDM_SearchForBufferIdInFileSystem
                0x000000000008c478                iPDM_ReadUserDataFromSegmentWithId
                0x000000000008c4ad                psGetTxFrameBuffer
                0x000000000008c4ec                psGetAndBuildCoordRealignment
                0x000000000008c544                MAC_vPibSetRxOnWhenIdle.constprop.125
                0x000000000008c54d                eTransmit
                0x000000000008c62a                vRetryCcaFailure
                0x000000000008c67f                eBuildAndSend.147913
                0x000000000008c6f4                vPostTxActions.147181
                0x000000000008c731                vMiniMac_TxComplete
                0x000000000008c817                vTimerFired
                0x000000000008c8cf                vMiniMac_Init
 .text          0x000000000008cc28     0x15b5 C:\Users\1\AppData\Local\Temp\ccrOmOuP.ltrans8.ltrans.o
                0x000000000008cd3a                vSendNetworkReport.129830
                0x000000000008ce14                zps_eNwkHandleSceRouteRequest
                0x000000000008d243                zps_eNwkHandleSceRouteReply
                0x000000000008d51a                zps_vNwkHandleCmeLeaveReq
                0x000000000008d5e8                zps_psNwkInitiateRouteDiscovery
                0x000000000008d920                zps_psSendFrm
                0x000000000008dc3c                zps_eNwkHandleSceRouteRecord
                0x000000000008dd10                zps_psNwkSendRejoinReqCmd.constprop.12
                0x000000000008dd80                zps_u8NwkHandleRejoinReq
                0x000000000008de49                vContinueRejoin.141458
                0x000000000008def0                zps_psSendNetworkStatusCmd
                0x000000000008df5d                zps_vProcessLocalAddrConflict
                0x000000000008e008                zps_eDefaultDataDcfm
 *fill*         0x000000000008e1dd        0x3 00
 .text          0x000000000008e1e0     0x1518 C:\Users\1\AppData\Local\Temp\ccrOmOuP.ltrans9.ltrans.o
                0x000000000008e450                zps_eNwkHandleSceNwkStatus
                0x000000000008e7b4                zps_eNwkHandleSmeAssocInd
                0x000000000008e7d6                zps_eNwkHandleSceRejnRequest
                0x000000000008e856                eTryNextParent
                0x000000000008e992                vCheckSleepingSendPoll.part.1.142777
                0x000000000008e9fc                vSdeHandleMcpsDataInd.130826
                0x000000000008f65f                ZPS_vNwkNibCheckAndUpdateAddresses
 .text          0x000000000008f6f8     0x13fb C:\Users\1\AppData\Local\Temp\ccrOmOuP.ltrans10.ltrans.o
                0x000000000008f6f8                zps_vCleanUnAuthenHandleExpiry
                0x000000000008f843                eUnsolicitedRejoinRspDataDcfm.129842
                0x000000000008f86e                eRejoinRspDataDcfm.141462
                0x000000000008f93d                zps_vAplSaveRecord
                0x000000000008f9d6                vHandleJoinedNwk.3249
                0x000000000008fab9                zps_bNwkFindAddIeeeAddr
                0x000000000008fc37                zps_psFindKeyDescr
                0x000000000008fd63                zps_eNwkHandleSceLinkStatus
                0x000000000008fe97                ZPS_bNwkNibAddrMapAddEntry
                0x000000000009005e                zps_vAgeRouter
                0x000000000009009c                zps_vLinkStatusHandleExpiry
                0x000000000009013e                zps_sNwkNibNtCheckJoin
                0x00000000000903e7                zps_vNwkHandleCmeDirectJoinReq
                0x0000000000090466                zps_vJoinInitNtParent
                0x00000000000905bc                zps_vCheckActvNtForDuplicate
                0x0000000000090659                eCheckAddrConflict.isra.4.130067
                0x00000000000906ef                vAplSecRemoveLinkKey.69473
                0x000000000009076c                ZPS_vNwkSaveAllRecords
                0x0000000000090783                zps_vSaveAllZpsRecords
                0x00000000000907a2                ZPS_vNwkNibSetNwkAddr
                0x00000000000907c0                zps_eNwkHandleSceRejnResponse
                0x000000000009081d                ZPS_vNwkNibSetExtPanId
                0x0000000000090842                vFinish.142665
                0x0000000000090897                eSmeOrphScanDcfm.142675
                0x000000000009090f                ZPS_vNwkNibSetKeySeqNum
                0x0000000000090923                ZPS_vNwkNibSetDepth
                0x000000000009094c                ZPS_vNwkNibSetUpdateId
                0x000000000009095b                vSendNetworkUpdate.129834
                0x0000000000090a8a                ZPS_vNwkNibSetPanId
                0x0000000000090aa8                ZPS_vNwkNibSetCapabilityInfo
                0x0000000000090ad5                ZPS_vNwkNibSetChannel
 .text.unlikely
                0x0000000000090af3       0x5f C:\Users\1\AppData\Local\Temp\ccrOmOuP.ltrans10.ltrans.o
                0x0000000000090af3                vInitUnknownNeighbor.130742
 *fill*         0x0000000000090b52        0x2 00
 .text          0x0000000000090b54     0x157c C:\Users\1\AppData\Local\Temp\ccrOmOuP.ltrans11.ltrans.o
                0x0000000000090d09                vPollTimeout.148115
                0x0000000000090e54                vSendMlmeCommStatusFromTxFrame
                0x0000000000090eaa                MAC_vHandleMlmeVsReqRsp.constprop.129
                0x00000000000913e1                zps_eNwkSendJoinResponse
                0x0000000000091647                zps_eNwkHandleSmeOrphanInd
                0x0000000000091657                zps_sNwkStart
                0x00000000000916f6                vHandleNwkLocalUpdateAfterBcast.129847
                0x000000000009174a                vHandleNwkRemoteUpdateAfterBcast.129838
                0x000000000009179d                eSmeAcScScanDcfm.139606
                0x0000000000091ad3                zps_vNwkHandleCmeActvStartRouterReq
                0x0000000000091b7e                vScanBeaconReceived
                0x0000000000091bbe                vRunningRxCallback
                0x0000000000091ebf                vPostDcfm.147924
                0x0000000000091f2e                vScanNextChannel.147930
 .text          0x00000000000920d0     0x1304 C:\Users\1\AppData\Local\Temp\ccrOmOuP.ltrans12.ltrans.o
                0x00000000000920d0                zps_psSendBroadcastFrm
                0x0000000000092166                ZPS_vNwkHandleNldeReqRsp
                0x0000000000092423                zps_eAplSendApsmeCmdFrame
                0x0000000000092773                vPostNldeDcfmInd.60338
                0x00000000000931f7                zps_eAplApsmeUpdateDeviceReqRsp.part.4.64472
                0x000000000009333a                zps_eAplApsmeRemoveDeviceReqRsp
 .text          0x00000000000933d4     0x1190 C:\Users\1\AppData\Local\Temp\ccrOmOuP.ltrans13.ltrans.o
                0x00000000000935c6                vZdoBdrmSendNextTimedRequest
                0x000000000009384f                zps_bAplZdoBindUnbindServer
                0x000000000009395b                zps_bAplZdoDefaultServer
                0x0000000000093bbc                zps_bAplZdoMgmtNWKUpdateServer
                0x0000000000093f2c                zps_eZdpNwkAddrResponse
                0x000000000009400f                zps_eZdpIeeeAddrResponse
                0x00000000000940f2                eZCL_TransmitDataRequest
 .text          0x0000000000094564     0x1188 C:\Users\1\AppData\Local\Temp\ccrOmOuP.ltrans14.ltrans.o
                0x00000000000947b8                vIncrementFrameCounterInPdm.isra.0.132136
                0x0000000000094997                vProcessListsForSubmission.130846
                0x0000000000094d24                zps_vNwkMcpsMgrPost
                0x0000000000094d48                zps_psNwkSendLeaveCmd
                0x0000000000094db0                zps_psNwkPropagateLocalLeave
                0x0000000000094dd8                zps_eNwkHandleSceLeave
                0x0000000000094f9a                zps_eNwkHandleSdeActvDcfmData
                0x0000000000095124                vMcpsMgrTimeoutExpiry
                0x0000000000095193                iPDM_VerifyDataSequenceWithBufferId
                0x0000000000095235                vEnrollZoneWithCIE.5859
                0x00000000000953c1                bAplZdoBindUnbindServerProcessApdu
                0x00000000000955fa                zps_eAplSecEncryptPacket
 .text          0x00000000000956ec      0xf80 C:\Users\1\AppData\Local\Temp\ccrOmOuP.ltrans15.ltrans.o
                0x00000000000956ec                vPDM_MoveAllDataFromListToList
                0x000000000009572a                vPDM_MoveAllDataWithBufferIdAndStateFromListToList
                0x00000000000957b5                vPDM_MoveAllDataToDeAllocList
                0x00000000000957dd                vPDM_MoveAllDataWithBufferIdFromListToList
                0x0000000000095862                vPDM_DeleteAllSegmentsWithIdFromFileSystemList.constprop.42
                0x00000000000958a4                vPDM_MoveFileRecordFromListToList
                0x00000000000958c7                vPDM_MoveRecordToDeAllocList
                0x00000000000958e7                vPDM_DeleteAppendedSequence
                0x000000000009598c                iPDM_WriteSegmentHeaderAndData
                0x0000000000095b88                iPDM_SegmentCopyAndAppendData.constprop.128
                0x0000000000095be5                iPDM_ReconstructReplacedDataTable
                0x0000000000095e64                PDM_eSaveRecordData
                0x0000000000096299                ZPS_vNwkSaveRecord
                0x00000000000962c5                ZPS_vNwkSaveNt
                0x00000000000962d8                ZPS_vNwkPurgeMacAddressAndRelatedEntries
                0x00000000000963de                ZPS_vNtSetUsedStatus
                0x0000000000096485                zps_vBuildSortedActvNTList
                0x0000000000096543                zps_eNwkHandleSmeCommStatusInd
                0x00000000000965f7                ZPS_vNwkSaveSecMat
                0x000000000009660b                vPDM_ImageBitmapRepair.125544
 .text          0x000000000009666c     0x1519 C:\Users\1\AppData\Local\Temp\ccrOmOuP.ltrans16.ltrans.o
                0x000000000009666c                vZdoServersInit.2817
                0x00000000000967e0                PDUM_eNPduFree
                0x000000000009684d                vPostVsMcpsDcfmInd.77374
                0x0000000000096937                zps_vNwkMcpsMgrFreeReqDescr
                0x0000000000096969                zps_vNwkRemoveConflictedBroadcast
                0x00000000000969bb                zps_vNwkMcpsMgrTidyBtrReqDescr
                0x00000000000969fe                vNwkBttTimerExpiry.137166
                0x0000000000096b1c                PDUM_hAPduAllocateAPduInstance
                0x0000000000096b90                hZCL_AllocateAPduInstance
                0x0000000000096bcc                zps_eAplZdoSendZdpResponse
                0x0000000000096da8                vZdoEndDeviceBindStateIdle
                0x0000000000097160                zps_bAplZdoMatchDescServer
                0x0000000000097174                zps_bAplZdoNodeDescServer
                0x00000000000972e0                zps_bAplZdoSimpleDescServer
                0x0000000000097541                zps_bAplZdoPowerDescServer
                0x000000000009765e                zps_bAplZdoActiveEpServer
                0x0000000000097747                zps_bAplZdoSystemServerDiscoveryServer
                0x00000000000977d0                zps_bAplZdoMgmtLqiServer
                0x00000000000979fc                zps_bAplZdoMgmtRtgServer
                0x0000000000097b42                bSendResponse.95482
 .text          0x0000000000097b85     0x110d C:\Users\1\AppData\Local\Temp\ccrOmOuP.ltrans17.ltrans.o
                0x0000000000097b85                eBeaconReqSent.147909
                0x0000000000097bac                zps_bAplZdoIeeeAddrServer
                0x0000000000097db3                zps_bAplZdoNwkAddrServer
                0x0000000000097f34                vPDM_AddFileSystemElementToListInAscendingWearCountOrder
                0x0000000000098042                eMakeEntryInBindingTable.64361
                0x00000000000980ec                PWRM_vManagePower
                0x0000000000098229                vFreePendingReqDescr
                0x0000000000098294                vHandleRouteDiscoveryExpiry.134649
                0x00000000000982f2                zps_vSendJoinDcfm
                0x0000000000098339                vGiveUp.142228
                0x0000000000098371                PDUM_eNPduAllocate
                0x00000000000983e0                zps_u8AplApsConstructAndPostLoopBackDataInd.62925
                0x0000000000098519                u8PostUnicastMsgToNHLE.62933
                0x0000000000098552                zps_psAllocateAndFormatMacHdr
                0x000000000009883b                zps_psNwkInitCmdFrame
                0x00000000000988ba                eSendLinkStatusDataDcfm.part.1.128795
                0x00000000000989ec                vMiniMac_McpsCallback
                0x0000000000098c18                eMcpsTxCompleteHandler.146762
                0x0000000000098c46                PDUM_eNPduClone
 *fill*         0x0000000000098c92        0x2 00
 .text          0x0000000000098c94     0x1014 C:\Users\1\AppData\Local\Temp\ccrOmOuP.ltrans18.ltrans.o
                0x0000000000098c94                vBbcIntHandler.146560
                0x0000000000098f4c                os_vzps_isrMAC
                0x0000000000098f8b                eAssocRespSent.147470
                0x0000000000098faa                zps_vNwkHandleCmeSyncReq
                0x000000000009902c                zps_vNwkHandleCmeIdleNwkFormReq
                0x000000000009912c                zps_vNwkHandleCmeNwkDiscReq
                0x00000000000991a6                zps_vNwkHandleCmeEdScanReq
                0x0000000000099283                zps_eNwkHandleSmeBeaconNotifyInd
                0x0000000000099363                zps_vNwkHandleCmeNwkJoinReq
                0x0000000000099621                zps_vNwkHandleCmeNwkActvJoinReq
                0x000000000009962d                eSmeEdScScanDcfm.139611
                0x00000000000996bd                vHandleRejoinExpiry.142224
                0x000000000009971b                zps_eRejoinDataDcfm
                0x000000000009975f                eSmeRjPCPollDcfm.142831
                0x00000000000997a0                eSmeAsocAssocDcfm.142835
                0x00000000000998e5                ZPS_pvNwkCtor.constprop.123
 .text          0x0000000000099ca8     0x1108 C:\Users\1\AppData\Local\Temp\ccrOmOuP.ltrans19.ltrans.o
                0x0000000000099ca8                os_vZCL_Task
                0x0000000000099cce                os_vTick_Task
                0x0000000000099d19                eZCL_CustomCommandSend.constprop.78
                0x0000000000099fe4                eCLD_IASACECommandHandler
                0x000000000009a993                eCLD_IASACESetPanelParameter.constprop.77
                0x000000000009aa17                vSetPanelParamter
                0x000000000009aa4d                eCLD_IASACESetZoneParameterValue.constprop.68
                0x000000000009ab64                vStartSquawk
                0x000000000009abe0                vStartWarning
                0x000000000009ac91                vStartArmingSystem
                0x000000000009accd                os_vAPP_EntryExitDelay
 .text          0x000000000009adb0      0xe72 C:\Users\1\AppData\Local\Temp\ccrOmOuP.ltrans20.ltrans.o
                0x000000000009af94                ZPS_vNwkHandleNlmeReqRsp
                0x000000000009b011                zps_vAplAfPostEvent
                0x000000000009b180                vPostToEndpoint.part.1.60218
                0x000000000009b2fd                zps_vHandleApsdeDataFragIndNotSupported
                0x000000000009b365                os_vzps_taskZPS
                0x000000000009b60c                zps_bAplZdoMgmtLeaveServer
                0x000000000009b78c                zps_eAplZdoNlmePermitJoiningWrapper
                0x000000000009b7b4                zps_bAplZdoPermitJoiningServer
                0x000000000009b84e                zps_bAplZdoDeviceAnnceServer
                0x000000000009bada                vChangeChannelTimerExpiry.96663
                0x000000000009bb3d                eLeaveReset.143658
                0x000000000009bba8                eLeaveDataDcfmLocalLeave.143668
 *fill*         0x000000000009bc22        0x2 00
 .text          0x000000000009bc24      0xfa0 C:\Users\1\AppData\Local\Temp\ccrOmOuP.ltrans21.ltrans.o
                0x000000000009bc24                zps_vAplApsPollTimer
                0x000000000009bc86                vAplSecAuthPollTimerExpiry.69357
                0x000000000009bdee                zps_vAplTrustCenterUpdateDevice
                0x000000000009bf55                vAplSecAuthTimerExpiry.69361
                0x000000000009c025                vPostApsdeDcfmInd.60331
                0x000000000009c22d                eRejoinNetwork.69394.constprop.116
                0x000000000009c2c9                eJoinNetwork.69420
                0x000000000009c37a                vEZ_JoinSavedNetwork.3253
                0x000000000009c40c                vHandleJoinFailed.3471
                0x000000000009c42f                eDiscoverNetworks.69427
                0x000000000009c48b                vAttemptDiscovery.3491
                0x000000000009c5d9                vReDiscover.3495
                0x000000000009c5fc                eStartNetworkDiscovery.69434
                0x000000000009c666                zps_eAplZdoStartStack
                0x000000000009c7a0                eStartRouter.69444
                0x000000000009c86f                vPostApsmeDcfmInd.60324
 .text          0x000000000009cbc4      0xe68 C:\Users\1\AppData\Local\Temp\ccrOmOuP.ltrans22.ltrans.o
                0x000000000009cbc4                vReportTimerClickCallback
                0x000000000009cfcb                eZCL_SendDefaultResponse
                0x000000000009d0ca                vZCL_HandleAttributesWriteRequest
                0x000000000009d546                eZCL_CustomCommandReceive
                0x000000000009d6b4                eCLD_GroupsCommandHandler
                0x000000000009d7cf                eCLD_IdentifyCommandHandler
                0x000000000009d859                eCLD_ScenesCommandHandler
 .text          0x000000000009da2c      0xf33 C:\Users\1\AppData\Local\Temp\ccrOmOuP.ltrans23.ltrans.o
                0x000000000009da2c                zps_eZdpNodeDescResponse
                0x000000000009dad4                zps_eZdpSimpleDescResponse
                0x000000000009dbe1                zps_eZdpPowerDescResponse
                0x000000000009dc7e                zps_eZdpActiveEpResponse
                0x000000000009dd14                zps_eZdpMatchDescResponse
                0x000000000009ddaa                zps_eZdpSystemServerDiscoveryResponse
                0x000000000009de19                zps_eAplZdpMgmtLqiResponse
                0x000000000009df01                zps_eAplZdpMgmtRtgResponse
                0x000000000009dfc8                zps_eZdpMgmtNwkUpdateNotifyResponse
                0x000000000009e183                vZdoEndDeviceBindStateWaitSendWithAck
                0x000000000009e3be                zps_bAplZdoMgmtBindServer
                0x000000000009e6ac                zps_bAplZdoZdoClient
                0x000000000009e7bc                zps_eZdpEndDeviceBindResponse
                0x000000000009e7dd                zps_eAplZdpBindResponse
                0x000000000009e7fe                zps_eZdpUnbindResponse
                0x000000000009e81f                zps_eZdpMgmtLeaveResponse
                0x000000000009e840                zps_eZdpMgmtPermitJoiningResponse
                0x000000000009e861                zps_eAplZdpRequestApsdeReq
                0x000000000009e8e1                vEnablePermitJoin
 *fill*         0x000000000009e95f        0x1 00
 .text          0x000000000009e960      0xfc8 C:\Users\1\AppData\Local\Temp\ccrOmOuP.ltrans24.ltrans.o
                0x000000000009e960                APP_ZCL_cbEndpointCallback.9386
                0x000000000009efbb                eCLD_IASZoneCommandHandler
                0x000000000009f100                eZCL_SendWriteAttributesRequestInternal.part.0.39050.constprop.91
                0x000000000009f285                vChangeLCDState
 .text          0x000000000009f928      0x397 C:\Users\1\AppData\Local\Temp\ccrOmOuP.ltrans25.ltrans.o
                0x000000000009f928                vLcdSendData.150565
                0x000000000009f95c                vLcdSendCommand_ST7565.150621
                0x000000000009f97b                vLcdRESelect.150575
                0x000000000009f99d                vLcdRefreshAll
                0x000000000009fb88                vACEBypassResultDisplay
                0x000000000009fc70                vDisplayPanel
 *fill*         0x000000000009fcbf        0x1 00
 .text          0x000000000009fcc0      0xc14 C:\Users\1\AppData\Local\Temp\ccrOmOuP.ltrans26.ltrans.o
                0x000000000009fcc0                vStartScanTimerExpiry.96667
                0x000000000009fcfc                vPostNlmeDcfmInd.60317
                0x00000000000a03e9                ZPS_vAplHandleApsdeReqRsp
                0x00000000000a0809                zps_eAplZdpApsdeReqInternal
                0x00000000000a0878                zps_eAplZdpGenStatusOnlyResponse
 .text          0x00000000000a08d4      0xc04 C:\Users\1\AppData\Local\Temp\ccrOmOuP.ltrans27.ltrans.o
                0x00000000000a08d4                vMcpsMgrExpiry.130730
                0x00000000000a0934                zps_vNwkHandleCmeRouteDiscoveryReq
                0x00000000000a09ba                vMiniMac_MlmeCallback
                0x00000000000a0cbe                vMiniMacPoll_CheckPollResponse
                0x00000000000a0d19                ePollReqSent.148117
                0x00000000000a0d64                ZPS_vNwkResetOutgoingFrameCounter
                0x00000000000a0db8                zps_vAplTrustCenterInit
                0x00000000000a0e87                eUnfragmentedUnicastTransmission.62908
                0x00000000000a11e1                zps_eAplApsmeTransportKeyReqRsp.constprop.8
                0x00000000000a1364                zps_vAplTrustCenterRequestKey
 .text          0x00000000000a14d8      0xc68 C:\Users\1\AppData\Local\Temp\ccrOmOuP.ltrans28.ltrans.o
                0x00000000000a150e                dbg_vPrintfImplNoneVerbose
                0x00000000000a1995                vLCDDisplay
                0x00000000000a20ab                os_vAPP_DisplayModeSwitch
                0x00000000000a20f3                vACEPanelStatusDisplay
 .text          0x00000000000a2140      0xbab C:\Users\1\AppData\Local\Temp\ccrOmOuP.ltrans29.ltrans.o
                0x00000000000a2140                OS_eExitCriticalSection
                0x00000000000a2225                PDUM_eAPduFreeAPduInstance
                0x00000000000a22a8                vReset_StateMachine.80059
                0x00000000000a22ec                zps_bAplZdoEndDeviceBindServer
                0x00000000000a23a4                PDM_eReadDataFromRecord.part.0.124868
                0x00000000000a2427                vLoadNwkRecord.131702
                0x00000000000a2465                vLoadAplRecord.69407
                0x00000000000a2499                ZPS_eTsvStart
                0x00000000000a24f4                zps_eAplZdoBdrmRequestSend
                0x00000000000a256f                zps_eNwkHandleSceNwkUpdate
                0x00000000000a2593                vProcessTimedList.130758
                0x00000000000a25d9                zps_vNwkMcpsMgrPostTimed
                0x00000000000a25ec                vNwkMcpsSendTimedDfcm
                0x00000000000a2630                zps_vAplAfPostTimerEvent
                0x00000000000a26ad                zps_vExpireOldRoutes
                0x00000000000a2736                zps_vNwkJoinStStartResponseTimer
                0x00000000000a2770                ZPS_eTsvStop
                0x00000000000a27c4                zps_vNwkHandleCmePermitJoinReq
                0x00000000000a282c                zps_eNwkBtrMatch
                0x00000000000a2929                zps_vAplApsStopPollTimer.part.2.62814
                0x00000000000a29b0                ZPS_bSecEncrypt
                0x00000000000a2b66                bHasTimerFired.54364
                0x00000000000a2bd0                eZCL_SetReceiveEventAddressStructure
                0x00000000000a2c4f                eCLD_IASWDCommandHandler
                0x00000000000a2c9c                DBG_vDumpStack
                0x00000000000a2cde                vUnclaimedInterrupt
 .text          0x00000000000a2ceb      0x20d C:\Users\1\AppData\Local\Temp\ccrOmOuP.ltrans30.ltrans.o
                0x00000000000a2ceb                os_vUnclaimedInterrupt
                0x00000000000a2cfd                os_vControlledIntCheck
                0x00000000000a2d42                os_vControlledInterrupt
                0x00000000000a2d7b                os_vvISR_SystemController
                0x00000000000a2dc7                os_vAPP_isrIllegalInstructionException
                0x00000000000a2dd4                os_vAPP_isrAlignmentException
                0x00000000000a2de1                os_vAPP_isrBusErrorException
                0x00000000000a2dee                os_vAPP_isrUnimplementedModuleException
                0x00000000000a2dfb                os_vAPP_isrStackOverflowException
                0x00000000000a2e08                os_vAPP_isrTickTimer
 .text          0x00000000000a2ef8       0x1a C:\Users\1\AppData\Local\Temp\ccrOmOuP.ltrans31.ltrans.o
                0x00000000000a2ef8                AppWarmStart
 .text          0x00000000000a2f12       0x25 c:/nxp/bstudio_nxp/workspace/sdk/tools/ba-elf-ba2-r36379/bin/../lib/gcc/ba-elf/4.7.4/../../../../ba-elf/lib/mcpu_jn51xx_sizeopt\libc.a(lib_a-memcmp.o)
                0x00000000000a2f12                memcmp
 .text          0x00000000000a2f37       0x19 c:/nxp/bstudio_nxp/workspace/sdk/tools/ba-elf-ba2-r36379/bin/../lib/gcc/ba-elf/4.7.4/../../../../ba-elf/lib/mcpu_jn51xx_sizeopt\libc.a(lib_a-memcpy.o)
 .text          0x00000000000a2f50       0x12 c:/nxp/bstudio_nxp/workspace/sdk/tools/ba-elf-ba2-r36379/bin/../lib/gcc/ba-elf/4.7.4/../../../../ba-elf/lib/mcpu_jn51xx_sizeopt\libc.a(lib_a-memset.o)
                0x00000000000a2f50                memset
 .text          0x00000000000a2f62       0x1f c:/nxp/bstudio_nxp/workspace/sdk/tools/ba-elf-ba2-r36379/bin/../lib/gcc/ba-elf/4.7.4/../../../../ba-elf/lib/mcpu_jn51xx_sizeopt\libc.a(lib_a-strcat.o)
                0x00000000000a2f62                strcat
 .text          0x00000000000a2f81       0x15 c:/nxp/bstudio_nxp/workspace/sdk/tools/ba-elf-ba2-r36379/bin/../lib/gcc/ba-elf/4.7.4/../../../../ba-elf/lib/mcpu_jn51xx_sizeopt\libc.a(lib_a-strcpy.o)
                0x00000000000a2f81                strcpy
 *fill*         0x00000000000a2f96        0x2 00
 .text          0x00000000000a2f98      0x204 c:/nxp/bstudio_nxp/workspace/sdk/tools/ba-elf-ba2-r36379/bin/../lib/gcc/ba-elf/4.7.4/mcpu_jn51xx_sizeopt\libgcc.a(__udivsi3.o)
                0x00000000000a2f98                __udivsi3
 .text          0x00000000000a319c       0x30 c:/nxp/bstudio_nxp/workspace/sdk/tools/ba-elf-ba2-r36379/bin/../lib/gcc/ba-elf/4.7.4/mcpu_jn51xx_sizeopt\libgcc.a(__divsi3.o)
                0x00000000000a319c                __divsi3
 .text          0x00000000000a31cc      0x1b0 c:/nxp/bstudio_nxp/workspace/sdk/tools/ba-elf-ba2-r36379/bin/../lib/gcc/ba-elf/4.7.4/mcpu_jn51xx_sizeopt\libgcc.a(__umodsi3.o)
                0x00000000000a31cc                __umodsi3
 .text          0x00000000000a337c       0x24 c:/nxp/bstudio_nxp/workspace/sdk/tools/ba-elf-ba2-r36379/bin/../lib/gcc/ba-elf/4.7.4/mcpu_jn51xx_sizeopt\libgcc.a(__modsi3.o)
                0x00000000000a337c                __modsi3
 .text          0x00000000000a33a0       0x27 c:/nxp/bstudio_nxp/workspace/sdk/tools/ba-elf-ba2-r36379/bin/../lib/gcc/ba-elf/4.7.4/mcpu_jn51xx_sizeopt\libgcc.a(_lshrdi3.o)
                0x00000000000a33a0                __lshrdi3
 .text          0x00000000000a33c7      0x350 c:/nxp/bstudio_nxp/workspace/sdk/tools/ba-elf-ba2-r36379/bin/../lib/gcc/ba-elf/4.7.4/mcpu_jn51xx_sizeopt\libgcc.a(_udivdi3.o)
                0x00000000000a33c7                __udivdi3
 *fill*         0x00000000000a3717        0x1 00
 .text          0x00000000000a3718      0x140 os_irq.o
                0x00000000000a3718                os_ExternalException_W
                0x00000000000a375c                os_PIC_ChannelPriorities
                0x00000000000a376c                os_OSMIUM_HwVectTable
                0x00000000000a37a8                os_PIC_SwVectTable
 .text          0x00000000000a3858       0x29 os_irq_alignment.o
                0x00000000000a3858                IRQ_Alignment
 .text          0x00000000000a3881       0x29 os_irq_buserror.o
                0x00000000000a3881                IRQ_BusError
 .text          0x00000000000a38aa       0x29 os_irq_illegalinstruction.o
                0x00000000000a38aa                IRQ_IllegalInstruction
 .text          0x00000000000a38d3       0x29 os_irq_stackoverflowexception.o
                0x00000000000a38d3                IRQ_StackOverflowException
 .text          0x00000000000a38fc       0x29 os_irq_unimplementedmodule.o
                0x00000000000a38fc                IRQ_UnimplementedModule
 .text          0x00000000000a3925       0x20 os_irq_visr_systemcontroller.o
                0x00000000000a3925                IRQ_vISR_SystemController
 *fill*         0x00000000000a3945        0x3 00
 .text          0x00000000000a3948       0xc0 c:/NXP/bstudio_nxp/workspace/sdk/JN-SW-4168/Components/Library\libOS_JN516x.a(os_contirq_JN516x.o)
                0x00000000000a3948                os_ExternalException_R
                0x00000000000a3978                os_CFunc_W
                0x00000000000a39c8                os_UnclaimedException_W
                0x00000000000a39e8                os_UnclaimedInterrupt_W
 .text          0x00000000000a3a08       0x48 c:/NXP/bstudio_nxp/workspace/sdk/JN-SW-4168/Components/Library\libPWRM_JN516x.a(pwrm_setjmp_JN516x.o)
                0x00000000000a3a08                setjmp
                0x00000000000a3a2c                PWRM_longjmp
 .text          0x00000000000a3a50       0x27 c:/NXP/bstudio_nxp/workspace/sdk/JN-SW-4168/Components/Library\libHardwareApi_JN516x.a(AHI_Interrupt.o)
                0x00000000000a3a50                vAHI_InterruptSetPriority
                0x00000000000a3a6e                vAHI_InterruptSetActivePriorityLevel
 .text.vMicroSyscall
                0x00000000000a3a77       0x17 c:/NXP/bstudio_nxp/workspace/sdk/JN-SW-4168/Components/Library\libMicroSpecific_JN516x.a(MicroSyscall_ba.o)
                0x00000000000a3a77                vMicroSyscall
 .text          0x00000000000a3a8e        0x0 c:/NXP/bstudio_nxp/workspace/sdk/JN-SW-4168/Components/Library\libOS_JN516x.a(os_version_lc.o)
                0x00000000000a3a8e                OS_Version_1v2
 .text          0x00000000000a3a8e        0x0 c:/NXP/bstudio_nxp/workspace/sdk/JN-SW-4168/Components/Library\libZPSAPL_JN516x.a(zps_apl_version_lc.o)
                0x00000000000a3a8e                ZPS_APL_Version_2v0
 .text          0x00000000000a3a8e        0x0 c:/NXP/bstudio_nxp/workspace/sdk/JN-SW-4168/Components/Library\libZPSNWK_JN516x.a(zps_nwk_version_lc.o)
                0x00000000000a3a8e                ZPS_NWK_Version_2v0
                0x00000000000a3a8e                _flash_end = ABSOLUTE (.)

.rela.dyn       0x00000000000a3a90        0x0
 .rela.text     0x0000000000000000        0x0 os_irq.o
 .rela.data     0x0000000000000000        0x0 os_irq.o
 .rela.rodata   0x0000000000000000        0x0 os_irq.o
                0x000000000400004c                . = ORIGIN (ram)

.data           0x000000000400004c      0x7e4 load address 0x00000000000a3a90
                0x000000000400004c                _ram_data_start = ABSOLUTE (.)
 *(.data*)
 .data          0x000000000400004c       0x88 C:\Users\1\AppData\Local\Temp\ccrOmOuP.ltrans0.ltrans.o
                0x000000000400004c                u8MiniMacConfig_MaxConcurrentAssocResponses
                0x0000000004000050                psShadowRxBuffer
 .data          0x00000000040000d4        0x4 C:\Users\1\AppData\Local\Temp\ccrOmOuP.ltrans1.ltrans.o
                0x00000000040000d4                u32HeapStart
 .data          0x00000000040000d8        0x5 C:\Users\1\AppData\Local\Temp\ccrOmOuP.ltrans2.ltrans.o
 *fill*         0x00000000040000dd        0x3 00
 .data          0x00000000040000e0       0xa4 C:\Users\1\AppData\Local\Temp\ccrOmOuP.ltrans4.ltrans.o
                0x00000000040000e0                s_asapduZCLInstances
                0x0000000004000158                s_asapduZDPInstances
 .data          0x0000000004000184        0x4 C:\Users\1\AppData\Local\Temp\ccrOmOuP.ltrans5.ltrans.o
                0x0000000004000184                u32DefaultChannelMask.3814
 .data          0x0000000004000188      0x680 C:\Users\1\AppData\Local\Temp\ccrOmOuP.ltrans6.ltrans.o
                0x0000000004000188                os_Mutex_mutexMAC
                0x0000000004000190                os_Mutex_mutexZPS
                0x0000000004000198                s_sApl.2879
                0x00000000040002e8                os_SWTimer_APP_cntrTickTimer_APP_DisplayModeSwitchTmr
                0x0000000004000304                os_SWTimer_APP_cntrTickTimer_APP_EntryExitDelayTmr
                0x0000000004000320                os_SWTimer_APP_cntrTickTimer_APP_TickTimer
                0x000000000400033c                os_Message_APP_msgZpsEvents
                0x0000000004000360                os_Message_APP_msgEvents
                0x0000000004000384                os_SWTimer_APP_cntrTickTimer_APP_StartUPTimer
                0x00000000040003a0                os_SWTimer_APP_cntrTickTimer_APP_BackOffTimer
                0x00000000040003bc                os_SWTimer_APP_cntrTickTimer_APP_JoinTimer
                0x00000000040003d8                os_Message_APP_msgZpsEvents_ZCL
                0x00000000040003fc                os_HWCounter_APP_cntrTickTimer
                0x0000000004000418                os_SWTimer_APP_cntrTickTimer_APP_ButtonsScanTimer
                0x0000000004000434                os_Message_zps_msgMlmeDcfmInd
                0x0000000004000458                os_Message_zps_msgTimeEvents
                0x000000000400047c                os_Message_zps_msgMcpsDcfmInd
                0x00000000040004a0                os_Message_zps_msgMcpsDcfm
                0x00000000040004c4                os_Task_APP_DisplayModeSwitch
                0x00000000040004d0                os_Task_APP_EntryExitDelay
                0x00000000040004dc                os_Task_Tick_Task
                0x00000000040004e8                os_Task_APP_taskCIE
                0x00000000040004f4                os_Task_ZCL_Task
                0x0000000004000500                os_Task_APP_ButtonsScanTask
                0x000000000400050c                os_Task_zps_taskZPS
                0x0000000004000518                u8AhiBaudRate.126901
                0x000000000400051c                s_prbMemberCheck.57209
                0x0000000004000520                s_prvErrorHook.57207
 .data          0x0000000004000808        0xc C:\Users\1\AppData\Local\Temp\ccrOmOuP.ltrans17.ltrans.o
                0x0000000004000808                bCanLoopback.63154
 .data          0x0000000004000814        0x1 C:\Users\1\AppData\Local\Temp\ccrOmOuP.ltrans20.ltrans.o
 .data          0x0000000004000815        0x2 C:\Users\1\AppData\Local\Temp\ccrOmOuP.ltrans28.ltrans.o
                0x0000000004000815                u8AceMenuIndex
 *fill*         0x0000000004000817        0x1 00
 .data.s_asAPduPool
                0x0000000004000818       0x18 pdum_apdu.o
                0x0000000004000818                pdum_apduZDP
                0x0000000004000818                s_asAPduPool
                0x0000000004000824                pdum_apduZCL
 *(.data.*)
                0x0000000004000830                . = ALIGN (0x4)
                0x0000000004000830                _ram_data_end = ABSOLUTE (.)

.bss            0x0000000004000830     0x4378 load address 0x00000000000a4274
                0x0000000004000830                _bss_start = ABSOLUTE (.)
 *(.bss*)
 .bss           0x0000000004000830     0x1208 C:\Users\1\AppData\Local\Temp\ccrOmOuP.ltrans0.ltrans.o
                0x0000000004000830                psNextWake.57280
                0x0000000004000834                s_bWakeTimerActive.57281
                0x0000000004000835                s_ePowerMode.57282
                0x0000000004000836                gu16NumberOfSegments.150379
                0x0000000004000838                u8MaxNpdu.57490
                0x0000000004000839                u8Count.57489
                0x000000000400083c                s_psNPduPoolEnd.57492
                0x0000000004000840                s_psNPduPoolStart.57491
                0x0000000004000844                s_psFreeListHead.57488
                0x0000000004000848                s_hMutex.57487
                0x000000000400084c                s_hMutex.57607
                0x0000000004000850                s_asAPduPool.57606
                0x0000000004000854                pfExtendedStatusCallBack.129357
                0x0000000004000858                psPDM_Common
                0x000000000400085c                s_u32x.124641
                0x0000000004000860                s_prExpireFn.151550
                0x0000000004000864                s_hMutex.151549
                0x0000000004000868                pvRxStore
                0x000000000400086c                pvTxStore
                0x0000000004000870                g_pvAplHandle
                0x0000000004000874                s_hMacMutex
                0x0000000004000878                s_sDcfmIndMgr.151314
                0x0000000004000880                prAppMlmeGetBuffer
                0x0000000004000884                prAppMlmeCallback
                0x0000000004000888                psFreeMsgListHead
                0x000000000400088c                psActiveMsgListHead
                0x0000000004000890                u8MiniMac_RunTimeOptions
                0x0000000004000894                s_groupTablePdmStorage.3029
 .bss           0x0000000004001a38       0x4c C:\Users\1\AppData\Local\Temp\ccrOmOuP.ltrans1.ltrans.o
 .bss           0x0000000004001a84        0x5 C:\Users\1\AppData\Local\Temp\ccrOmOuP.ltrans2.ltrans.o
 *fill*         0x0000000004001a89        0x7 00
 .bss           0x0000000004001a90       0x10 C:\Users\1\AppData\Local\Temp\ccrOmOuP.ltrans3.ltrans.o
 .bss           0x0000000004001aa0      0x51c C:\Users\1\AppData\Local\Temp\ccrOmOuP.ltrans4.ltrans.o
 *fill*         0x0000000004001fbc        0x4 00
 .bss           0x0000000004001fc0      0x298 C:\Users\1\AppData\Local\Temp\ccrOmOuP.ltrans5.ltrans.o
                0x0000000004001fc0                sBeaconFilter.3810
                0x0000000004001fc8                bRejoin.3812
                0x0000000004001fcc                zps_psNwk
                0x0000000004001fd0                sEZModeData.3808
                0x0000000004002060                bIsDiscovery.5956
                0x0000000004002064                u8DeviceIndex
                0x0000000004002068                sMiniMacPib
                0x0000000004002104                u8Discovered
                0x0000000004002108                sDiscovedZoneServers
                0x0000000004002248                eLCDState
                0x000000000400224c                sDeviceDesc
 *fill*         0x0000000004002258        0x8 00
 .bss           0x0000000004002260     0x1bb0 C:\Users\1\AppData\Local\Temp\ccrOmOuP.ltrans6.ltrans.o
                0x0000000004002260                s_sDefaultServerContext.2941
                0x0000000004002264                s_sEndDeviceBindServerContext.2871
                0x00000000040022a4                s_sMgmtRtgServerContext.2872
                0x00000000040022a8                s_sPermitJoiningServerContext.2873
                0x00000000040022ac                s_sMgmtBindServerContext.2874
                0x00000000040022b0                s_sBindRequestServerContext.2875
                0x00000000040022f0                s_sBindUnbindServerContext.2877
                0x0000000004002330                s_sMgmtNWKUpdateServerContext.2878
                0x0000000004002370                s_sMgmtLeaveServerContext.2940
                0x0000000004002398                s_sMgmtLqiServerContext.2939
                0x000000000400239c                s_sSimpleDescServerContext.2938
                0x00000000040023a0                s_sMatchDescServerContext.2937
                0x00000000040023a4                s_sPowerDescServerContext.2936
                0x00000000040023a8                s_sNodeDescServerContext.2935
                0x00000000040023ac                s_sSystemServerDiscoveryServerContext.2934
                0x00000000040023b0                s_sIeeeAddrServerContext.2933
                0x00000000040023b4                s_sNwkAddrServerContext.2932
                0x00000000040023b8                s_sActiveEpServerContext.2931
                0x00000000040023bc                s_sZdoClientContext.2929
                0x00000000040023bc                s_sDeviceAnnceServerContext.2930
                0x00000000040023c4                u8AhiUart.126900
                0x00000000040023c5                bST7565.150699
                0x00000000040023c8                s_u32CurrentPriorityMask.57202
                0x00000000040023cc                s_u8OSLevelIPL.57206
                0x00000000040023d0                s_asTasks.57205
                0x00000000040023d4                s_u32PendingQueue.57204
                0x00000000040023d8                s_prvUnclaimedISR.57208
 .bss           0x0000000004003e10       0x18 C:\Users\1\AppData\Local\Temp\ccrOmOuP.ltrans7.ltrans.o
                0x0000000004003e10                eMMacModuleType
                0x0000000004003e14                prIntHandler.149163
                0x0000000004003e18                psTimerServerList
 .bss.initinboot
                0x0000000004003e28        0x1 C:\Users\1\AppData\Local\Temp\ccrOmOuP.ltrans7.ltrans.o
 .bss           0x0000000004003e29        0x1 C:\Users\1\AppData\Local\Temp\ccrOmOuP.ltrans8.ltrans.o
 *fill*         0x0000000004003e2a        0x2 00
 .bss           0x0000000004003e2c       0x24 C:\Users\1\AppData\Local\Temp\ccrOmOuP.ltrans9.ltrans.o
 .bss           0x0000000004003e50       0x28 C:\Users\1\AppData\Local\Temp\ccrOmOuP.ltrans10.ltrans.o
                0x0000000004003e50                apvAplPdmRecordsAddress
                0x0000000004003e68                au16AplPdmRecordsSize
 .bss           0x0000000004003e78        0x1 C:\Users\1\AppData\Local\Temp\ccrOmOuP.ltrans11.ltrans.o
                0x0000000004003e78                u8ScanBeaconsSeen.151353
 *fill*         0x0000000004003e79        0x7 00
 .bss           0x0000000004003e80       0x48 C:\Users\1\AppData\Local\Temp\ccrOmOuP.ltrans12.ltrans.o
 .bss           0x0000000004003ec8        0xc C:\Users\1\AppData\Local\Temp\ccrOmOuP.ltrans13.ltrans.o
                0x0000000004003ec8                bDefaultServerIgnoreHandleMgmtUpdate
                0x0000000004003ecc                bBindLookup
                0x0000000004003ed0                psBindUnbindServerContext
 .bss           0x0000000004003ed4        0x1 C:\Users\1\AppData\Local\Temp\ccrOmOuP.ltrans14.ltrans.o
                0x0000000004003ed4                bIgnoreBroadcast
 *fill*         0x0000000004003ed5        0x1 00
 .bss           0x0000000004003ed6        0xc C:\Users\1\AppData\Local\Temp\ccrOmOuP.ltrans15.ltrans.o
                0x0000000004003ed6                a16NwkPdmRecordSizes
 *fill*         0x0000000004003ee2        0x2 00
 .bss           0x0000000004003ee4       0x18 C:\Users\1\AppData\Local\Temp\ccrOmOuP.ltrans16.ltrans.o
                0x0000000004003ee4                u8ApduCount.57608
 .bss           0x0000000004003efc       0x3c C:\Users\1\AppData\Local\Temp\ccrOmOuP.ltrans17.ltrans.o
 .bss           0x0000000004003f38       0x9c C:\Users\1\AppData\Local\Temp\ccrOmOuP.ltrans18.ltrans.o
                0x0000000004003f38                aprTimerCallback
                0x0000000004003f58                au32TimerCounter
                0x0000000004003f78                sMiniMacInternal
                0x0000000004003fa4                s_psVsMcpsDcfmInd.78673
                0x0000000004003fa8                s_psMacDcfmInd.78672
                0x0000000004003fac                sMiniMacPhyPib
 .bss           0x0000000004003fd4       0x10 C:\Users\1\AppData\Local\Temp\ccrOmOuP.ltrans20.ltrans.o
                0x0000000004003fd4                sThisDeviceMacAddr
                0x0000000004003fdc                bCheckChild
                0x0000000004003fe0                u32DataQueueCount
 *fill*         0x0000000004003fe4        0x4 00
 .bss           0x0000000004003fe8       0x10 C:\Users\1\AppData\Local\Temp\ccrOmOuP.ltrans21.ltrans.o
                0x0000000004003fe8                psBeaconFilter
 .bss           0x0000000004003ff8      0x598 C:\Users\1\AppData\Local\Temp\ccrOmOuP.ltrans24.ltrans.o
                0x0000000004003ff8                bAceMessage
                0x0000000004003ffc                psZCL_Common
                0x0000000004004000                sDevice
                0x0000000004004580                u8LastPanelStatus
                0x0000000004004581                u8ConfigFlag
                0x0000000004004584                bStayInExitDelay
                0x0000000004004588                u8MenuIndex
 .bss           0x0000000004004590      0x400 C:\Users\1\AppData\Local\Temp\ccrOmOuP.ltrans25.ltrans.o
                0x0000000004004590                au8Shadow
 .bss           0x0000000004004990        0x2 C:\Users\1\AppData\Local\Temp\ccrOmOuP.ltrans26.ltrans.o
                0x0000000004004990                s_u16ActivityCounter
 *fill*         0x0000000004004992        0x2 00
 .bss           0x0000000004004994        0x4 C:\Users\1\AppData\Local\Temp\ccrOmOuP.ltrans27.ltrans.o
 .bss           0x0000000004004998      0x19c C:\Users\1\AppData\Local\Temp\ccrOmOuP.ltrans28.ltrans.o
                0x0000000004004998                acACELCDString
                0x0000000004004b24                gu8CursorPosition
                0x0000000004004b28                vFlushFn.126989
                0x0000000004004b2c                vPutchFn.126984
 .bss           0x0000000004004b34        0x4 C:\Users\1\AppData\Local\Temp\ccrOmOuP.ltrans29.ltrans.o
                0x0000000004004b34                s_psCurrentTask.57203
 .bss           0x0000000004004b38        0xc C:\Users\1\AppData\Local\Temp\ccrOmOuP.ltrans30.ltrans.o
                0x0000000004004b38                s_u32LastExpiredTime.3072
                0x0000000004004b3c                s_u32CompareTime.3071
                0x0000000004004b40                s_prvCurrentISR.57210
 .bss           0x0000000004004b44       0x24 C:\Users\1\AppData\Local\Temp\ccrOmOuP.ltrans31.ltrans.o
                0x0000000004004b44                pwrm_CPUContext
 .bss.dontinitinboot
                0x0000000004004b68       0x40 c:/NXP/bstudio_nxp/workspace/sdk/JN-SW-4168/Components/Library\libBoot_JN516x.a(ExceptionHandler.o)
                0x0000000004004b68                isr_handlers
 *(.bss.*)
 *(.scommon*)
 *(.scommon.*)
 *(COMMON)
                0x0000000004004ba8                . = ALIGN (0x4)
                0x0000000004004ba8                _bss_end = ABSOLUTE (.)

.heap           0x0000000004004ba8      0x7d0 load address 0x00000000000a85ec
                0x0000000004004ba8                _heap_start = ABSOLUTE (.)
                0x0000000004005378                . = (. + __minimum_heap_size)
 *fill*         0x0000000004004ba8      0x7d0 00

.stack          0x0000000004006c78     0x1388 load address 0x00000000000aa6bc
                0x0000000004006c78                _heap_end = ABSOLUTE (.)
                0x0000000004006c78                _stack_low_water_mark = ABSOLUTE (.)
                0x0000000004008000                . = (. + __stack_size)
 *fill*         0x0000000004006c78     0x1388 00

.test           0x00000000000a4274        0x1
                0x00000000000a4274        0x1 BYTE 0xff
                0x00000000000a3a90                _flash_data_start = LOADADDR (.data)
                0x00000000000007e4                _ram_data_len = (((_ram_data_end - _ram_data_start) + 0x3) & 0xfffffffffffffffc)
                0x0000000000004378                _bss_len = (((_bss_end - _bss_start) + 0x3) & 0xfffffffffffffffc)
                0x0000000000024274                _image_len = ((((_flash_end - _flash_start) + _ram_data_len) + 0x3) & 0xfffffffffffffffc)
                0x0000000004008000                _ram_top = (ABSOLUTE (ORIGIN (ram)) + 0x7fb4)
                0x0000000004008000                ram_top = (ABSOLUTE (ORIGIN (ram)) + 0x7fb4)
                0x0000000001001580                _app_ram_start = 0x1001580
                0x00000000040000d4                PROVIDE (_heap_location, u32HeapStart)
                0x00000000040000d4                PROVIDE (heap_location, u32HeapStart)
OUTPUT(CIE_JN5168.elf elf32-ba)

.comment        0x0000000000000000       0x11
 .comment       0x0000000000000000       0x12 C:\Users\1\AppData\Local\Temp\ccrOmOuP.ltrans0.ltrans.o
 .comment       0x0000000000000000       0x12 C:\Users\1\AppData\Local\Temp\ccrOmOuP.ltrans1.ltrans.o
 .comment       0x0000000000000000       0x12 C:\Users\1\AppData\Local\Temp\ccrOmOuP.ltrans2.ltrans.o
 .comment       0x0000000000000000       0x12 C:\Users\1\AppData\Local\Temp\ccrOmOuP.ltrans3.ltrans.o
 .comment       0x0000000000000000       0x12 C:\Users\1\AppData\Local\Temp\ccrOmOuP.ltrans4.ltrans.o
 .comment       0x0000000000000000       0x12 C:\Users\1\AppData\Local\Temp\ccrOmOuP.ltrans5.ltrans.o
 .comment       0x0000000000000000       0x12 C:\Users\1\AppData\Local\Temp\ccrOmOuP.ltrans6.ltrans.o
 .comment       0x0000000000000000       0x12 C:\Users\1\AppData\Local\Temp\ccrOmOuP.ltrans7.ltrans.o
 .comment       0x0000000000000000       0x12 C:\Users\1\AppData\Local\Temp\ccrOmOuP.ltrans8.ltrans.o
 .comment       0x0000000000000000       0x12 C:\Users\1\AppData\Local\Temp\ccrOmOuP.ltrans9.ltrans.o
 .comment       0x0000000000000000       0x12 C:\Users\1\AppData\Local\Temp\ccrOmOuP.ltrans10.ltrans.o
 .comment       0x0000000000000000       0x12 C:\Users\1\AppData\Local\Temp\ccrOmOuP.ltrans11.ltrans.o
 .comment       0x0000000000000000       0x12 C:\Users\1\AppData\Local\Temp\ccrOmOuP.ltrans12.ltrans.o
 .comment       0x0000000000000000       0x12 C:\Users\1\AppData\Local\Temp\ccrOmOuP.ltrans13.ltrans.o
 .comment       0x0000000000000000       0x12 C:\Users\1\AppData\Local\Temp\ccrOmOuP.ltrans14.ltrans.o
 .comment       0x0000000000000000       0x12 C:\Users\1\AppData\Local\Temp\ccrOmOuP.ltrans15.ltrans.o
 .comment       0x0000000000000000       0x12 C:\Users\1\AppData\Local\Temp\ccrOmOuP.ltrans16.ltrans.o
 .comment       0x0000000000000000       0x12 C:\Users\1\AppData\Local\Temp\ccrOmOuP.ltrans17.ltrans.o
 .comment       0x0000000000000000       0x12 C:\Users\1\AppData\Local\Temp\ccrOmOuP.ltrans18.ltrans.o
 .comment       0x0000000000000000       0x12 C:\Users\1\AppData\Local\Temp\ccrOmOuP.ltrans19.ltrans.o
 .comment       0x0000000000000000       0x12 C:\Users\1\AppData\Local\Temp\ccrOmOuP.ltrans20.ltrans.o
 .comment       0x0000000000000000       0x12 C:\Users\1\AppData\Local\Temp\ccrOmOuP.ltrans21.ltrans.o
 .comment       0x0000000000000000       0x12 C:\Users\1\AppData\Local\Temp\ccrOmOuP.ltrans22.ltrans.o
 .comment       0x0000000000000000       0x12 C:\Users\1\AppData\Local\Temp\ccrOmOuP.ltrans23.ltrans.o
 .comment       0x0000000000000000       0x12 C:\Users\1\AppData\Local\Temp\ccrOmOuP.ltrans24.ltrans.o
 .comment       0x0000000000000000       0x12 C:\Users\1\AppData\Local\Temp\ccrOmOuP.ltrans25.ltrans.o