Archive member included because of file (symbol)

c:/NXP/bstudio_nxp/workspace/sdk/JN-SW-4168/Components/Library\libOS_JN516x.a(os.o)
                              c:/NXP/bstudio_nxp/workspace/JN-AN-1201-YCL/JN-AN-1201-ZigBee-Intruder-Alarm-System/ACE/Build/os_gen.o (symbol from plugin) (os_vStart)
c:/NXP/bstudio_nxp/workspace/sdk/JN-SW-4168/Components/Library\libOS_JN516x.a(os_contirq_JN516x.o)
                              c:/NXP/bstudio_nxp/workspace/JN-AN-1201-YCL/JN-AN-1201-ZigBee-Intruder-Alarm-System/ACE/Build/os_irq.o (os_UnclaimedException_W)
c:/NXP/bstudio_nxp/workspace/sdk/JN-SW-4168/Components/Library\libPWRM_JN516x.a(pwrm.o)
                              c:/NXP/bstudio_nxp/workspace/JN-AN-1201-YCL/JN-AN-1201-ZigBee-Intruder-Alarm-System/ACE/Build/app_start_ACE.o (symbol from plugin) (PWRM_vInit)
c:/NXP/bstudio_nxp/workspace/sdk/JN-SW-4168/Components/Library\libPWRM_JN516x.a(pwrm_setjmp_JN516x.o)
                              pwrm.o (symbol from plugin) (setjmp)
c:/NXP/bstudio_nxp/workspace/sdk/JN-SW-4168/Components/Library\libPWRM_JN516x.a(pwrm_cold_start.o)
                              (AppColdStart)
c:/NXP/bstudio_nxp/workspace/sdk/JN-SW-4168/Components/Library\libPWRM_JN516x.a(pwrm_warm_start.o)
                              (AppWarmStart)
c:/NXP/bstudio_nxp/workspace/sdk/JN-SW-4168/Components/Library\libPDUM_JN516x.a(pdum_nwk.o)
                              c:/NXP/bstudio_nxp/workspace/JN-AN-1201-YCL/JN-AN-1201-ZigBee-Intruder-Alarm-System/ACE/Build/pdum_gen.o (symbol from plugin) (pdum_vNPduInit)
c:/NXP/bstudio_nxp/workspace/sdk/JN-SW-4168/Components/Library\libPDUM_JN516x.a(pdum_apl.o)
                              c:/NXP/bstudio_nxp/workspace/JN-AN-1201-YCL/JN-AN-1201-ZigBee-Intruder-Alarm-System/ACE/Build/appZdpExtraction.o (symbol from plugin) (PDUM_u16APduInstanceReadNBO)
c:/NXP/bstudio_nxp/workspace/sdk/JN-SW-4168/Components/Library\libPDUM_JN516x.a(pdum.o)
                              pdum_nwk.o (symbol from plugin) (PDUM_u16SizeNBO)
c:/NXP/bstudio_nxp/workspace/sdk/JN-SW-4168/Components/Library\libZPSAPL_JN516x.a(zps_apl_af.o)
                              c:/NXP/bstudio_nxp/workspace/JN-AN-1201-YCL/JN-AN-1201-ZigBee-Intruder-Alarm-System/ACE/Build/zha_ACE_node.o (symbol from plugin) (ZPS_eAplAfInit)
c:/NXP/bstudio_nxp/workspace/sdk/JN-SW-4168/Components/Library\libZPSAPL_JN516x.a(zps_apl_af_apsde.o)
                              c:/NXP/bstudio_nxp/workspace/JN-AN-1201-YCL/JN-AN-1201-ZigBee-Intruder-Alarm-System/ACE/Build/zps_gen.o (symbol from plugin) (zps_vHandleApsdeDataFragIndNotSupported)
c:/NXP/bstudio_nxp/workspace/sdk/JN-SW-4168/Components/Library\libZPSAPL_JN516x.a(zps_apl_task.o)
                              zps_apl_af_apsde.o (symbol from plugin) (zps_vAplAfPostEvent)
c:/NXP/bstudio_nxp/workspace/sdk/JN-SW-4168/Components/Library\libZPSAPL_JN516x.a(zps_apl_apsde.o)
                              zps_apl_task.o (symbol from plugin) (ZPS_vAplRegisterApsdeDcfmIndCallbacks)
c:/NXP/bstudio_nxp/workspace/sdk/JN-SW-4168/Components/Library\libZPSAPL_JN516x.a(zps_apl_apsme.o)
                              zps_apl_task.o (symbol from plugin) (ZPS_vAplRegisterApsmeDcfmIndCallbacks)
c:/NXP/bstudio_nxp/workspace/sdk/JN-SW-4168/Components/Library\libZPSAPL_JN516x.a(zps_apl_aps_nlde.o)
                              zps_apl_task.o (symbol from plugin) (zps_vAplApsHandleNldeDcfmInd)
c:/NXP/bstudio_nxp/workspace/sdk/JN-SW-4168/Components/Library\libZPSAPL_JN516x.a(zps_apl_sec.o)
                              zps_apl_task.o (symbol from plugin) (zps_psFindKeyDescr)
c:/NXP/bstudio_nxp/workspace/sdk/JN-SW-4168/Components/Library\libZPSAPL_JN516x.a(zps_apl_aib.o)
                              c:/NXP/bstudio_nxp/workspace/JN-AN-1201-YCL/JN-AN-1201-ZigBee-Intruder-Alarm-System/ACE/Build/app_zbp_utilities.o (symbol from plugin) (zps_psAplAibGetAib)
c:/NXP/bstudio_nxp/workspace/sdk/JN-SW-4168/Components/Library\libZPSAPL_JN516x.a(zps_apl_zdo_nwkmanager.o)
                              zps_apl_apsme.o (symbol from plugin) (zps_vAplSaveRecord)
c:/NXP/bstudio_nxp/workspace/sdk/JN-SW-4168/Components/Library\libZPSAPL_JN516x.a(zps_apl_zdo_handle_zdp_event.o)
                              zps_apl_task.o (symbol from plugin) (zps_bAplZdoHandleZdpEvent)
c:/NXP/bstudio_nxp/workspace/sdk/JN-SW-4168/Components/Library\libZPSAPL_JN516x.a(zps_apl_zdo_trust_center.o)
                              zps_apl_sec.o (symbol from plugin) (zps_eAplTrustCenterFindDevice)
c:/NXP/bstudio_nxp/workspace/sdk/JN-SW-4168/Components/Library\libZPSAPL_JN516x.a(zps_apl_zdo_common.o)
                              zps_apl_zdo_nwkmanager.o (symbol from plugin) (zps_eAplZdoNlmeleaveWrapper)
c:/NXP/bstudio_nxp/workspace/sdk/JN-SW-4168/Components/Library\libZPSAPL_JN516x.a(zps_apl_zdo_group.o)
                              c:/NXP/bstudio_nxp/workspace/JN-AN-1201-YCL/JN-AN-1201-ZigBee-Intruder-Alarm-System/ACE/Build/GroupsTableManager.o (symbol from plugin) (zps_eAplZdoGroupEndpointAdd)
[...]
Memory Configuration

Name             Origin             Length             Attributes
flash            0x0000000000080000 0x0000000000080000
ram              0x000000000400004c 0x0000000000007fb4
*default*        0x0000000000000000 0xffffffffffffffff

Linker script and memory map

                0x0000000000001388                __stack_size = 0x1388
                0x00000000000007d0                __minimum_heap_size = 0x7d0
START GROUP
LOAD c:/NXP/bstudio_nxp/workspace/JN-AN-1201-YCL/JN-AN-1201-ZigBee-Intruder-Alarm-System/ACE/Build/os_gen.o
LOAD C:\Users\1\AppData\Local\Temp\cc0xkuOe.ltrans0.ltrans.o
LOAD C:\Users\1\AppData\Local\Temp\cc0xkuOe.ltrans1.ltrans.o
LOAD C:\Users\1\AppData\Local\Temp\cc0xkuOe.ltrans2.ltrans.o
LOAD C:\Users\1\AppData\Local\Temp\cc0xkuOe.ltrans3.ltrans.o
LOAD C:\Users\1\AppData\Local\Temp\cc0xkuOe.ltrans4.ltrans.o
LOAD C:\Users\1\AppData\Local\Temp\cc0xkuOe.ltrans5.ltrans.o
LOAD C:\Users\1\AppData\Local\Temp\cc0xkuOe.ltrans6.ltrans.o
LOAD C:\Users\1\AppData\Local\Temp\cc0xkuOe.ltrans7.ltrans.o
LOAD C:\Users\1\AppData\Local\Temp\cc0xkuOe.ltrans8.ltrans.o
LOAD C:\Users\1\AppData\Local\Temp\cc0xkuOe.ltrans9.ltrans.o
LOAD C:\Users\1\AppData\Local\Temp\cc0xkuOe.ltrans10.ltrans.o
LOAD C:\Users\1\AppData\Local\Temp\cc0xkuOe.ltrans11.ltrans.o
LOAD C:\Users\1\AppData\Local\Temp\cc0xkuOe.ltrans12.ltrans.o
LOAD C:\Users\1\AppData\Local\Temp\cc0xkuOe.ltrans13.ltrans.o
LOAD C:\Users\1\AppData\Local\Temp\cc0xkuOe.ltrans14.ltrans.o
LOAD C:\Users\1\AppData\Local\Temp\cc0xkuOe.ltrans15.ltrans.o
LOAD C:\Users\1\AppData\Local\Temp\cc0xkuOe.ltrans16.ltrans.o
LOAD C:\Users\1\AppData\Local\Temp\cc0xkuOe.ltrans17.ltrans.o
LOAD C:\Users\1\AppData\Local\Temp\cc0xkuOe.ltrans18.ltrans.o
LOAD C:\Users\1\AppData\Local\Temp\cc0xkuOe.ltrans19.ltrans.o
LOAD C:\Users\1\AppData\Local\Temp\cc0xkuOe.ltrans20.ltrans.o
LOAD C:\Users\1\AppData\Local\Temp\cc0xkuOe.ltrans21.ltrans.o
LOAD C:\Users\1\AppData\Local\Temp\cc0xkuOe.ltrans22.ltrans.o
LOAD C:\Users\1\AppData\Local\Temp\cc0xkuOe.ltrans23.ltrans.o
LOAD C:\Users\1\AppData\Local\Temp\cc0xkuOe.ltrans24.ltrans.o
LOAD C:\Users\1\AppData\Local\Temp\cc0xkuOe.ltrans25.ltrans.o
LOAD C:\Users\1\AppData\Local\Temp\cc0xkuOe.ltrans26.ltrans.o
LOAD C:\Users\1\AppData\Local\Temp\cc0xkuOe.ltrans27.ltrans.o
LOAD C:\Users\1\AppData\Local\Temp\cc0xkuOe.ltrans28.ltrans.o
LOAD C:\Users\1\AppData\Local\Temp\cc0xkuOe.ltrans29.ltrans.o
LOAD C:\Users\1\AppData\Local\Temp\cc0xkuOe.ltrans30.ltrans.o
LOAD C:\Users\1\AppData\Local\Temp\cc0xkuOe.ltrans31.ltrans.o
LOAD c:/nxp/bstudio_nxp/workspace/sdk/tools/ba-elf-ba2-r36379/bin/../lib/gcc/ba-elf/4.7.4/../../../../ba-elf/lib/mcpu_jn51xx_sizeopt\libc.a
LOAD c:/nxp/bstudio_nxp/workspace/sdk/tools/ba-elf-ba2-r36379/bin/../lib/gcc/ba-elf/4.7.4/mcpu_jn51xx_sizeopt\libgcc.a
LOAD c:/nxp/bstudio_nxp/workspace/sdk/tools/ba-elf-ba2-r36379/bin/../lib/gcc/ba-elf/4.7.4/../../../../ba-elf/lib/mcpu_jn51xx_sizeopt\libc.a
LOAD c:/NXP/bstudio_nxp/workspace/JN-AN-1201-YCL/JN-AN-1201-ZigBee-Intruder-Alarm-System/ACE/Build/os_irq.o
LOAD c:/NXP/bstudio_nxp/workspace/JN-AN-1201-YCL/JN-AN-1201-ZigBee-Intruder-Alarm-System/ACE/Build/os_irq_alignment.o
LOAD c:/NXP/bstudio_nxp/workspace/JN-AN-1201-YCL/JN-AN-1201-ZigBee-Intruder-Alarm-System/ACE/Build/os_irq_buserror.o
LOAD c:/NXP/bstudio_nxp/workspace/JN-AN-1201-YCL/JN-AN-1201-ZigBee-Intruder-Alarm-System/ACE/Build/os_irq_illegalinstruction.o
LOAD c:/NXP/bstudio_nxp/workspace/JN-AN-1201-YCL/JN-AN-1201-ZigBee-Intruder-Alarm-System/ACE/Build/os_irq_stackoverflowexception.o
LOAD c:/NXP/bstudio_nxp/workspace/JN-AN-1201-YCL/JN-AN-1201-ZigBee-Intruder-Alarm-System/ACE/Build/os_irq_unimplementedmodule.o
LOAD c:/NXP/bstudio_nxp/workspace/JN-AN-1201-YCL/JN-AN-1201-ZigBee-Intruder-Alarm-System/ACE/Build/pdum_gen.o
LOAD c:/NXP/bstudio_nxp/workspace/JN-AN-1201-YCL/JN-AN-1201-ZigBee-Intruder-Alarm-System/ACE/Build/pdum_apdu.o
LOAD c:/NXP/bstudio_nxp/workspace/JN-AN-1201-YCL/JN-AN-1201-ZigBee-Intruder-Alarm-System/ACE/Build/zps_gen.o
LOAD c:/NXP/bstudio_nxp/workspace/JN-AN-1201-YCL/JN-AN-1201-ZigBee-Intruder-Alarm-System/ACE/Build/app_timer_driver.o
LOAD c:/NXP/bstudio_nxp/workspace/JN-AN-1201-YCL/JN-AN-1201-ZigBee-Intruder-Alarm-System/ACE/Build/app_led_control.o
LOAD c:/NXP/bstudio_nxp/workspace/JN-AN-1201-YCL/JN-AN-1201-ZigBee-Intruder-Alarm-System/ACE/Build/app_start_ACE.o
LOAD c:/NXP/bstudio_nxp/workspace/JN-AN-1201-YCL/JN-AN-1201-ZigBee-Intruder-Alarm-System/ACE/Build/app_captouch_buttons.o
LOAD c:/NXP/bstudio_nxp/workspace/JN-AN-1201-YCL/JN-AN-1201-ZigBee-Intruder-Alarm-System/ACE/Build/DriverCapTouch.o
LOAD c:/NXP/bstudio_nxp/workspace/JN-AN-1201-YCL/JN-AN-1201-ZigBee-Intruder-Alarm-System/ACE/Build/app_zbp_utilities.o
LOAD c:/NXP/bstudio_nxp/workspace/JN-AN-1201-YCL/JN-AN-1201-ZigBee-Intruder-Alarm-System/ACE/Build/app_exceptions.o
LOAD c:/NXP/bstudio_nxp/workspace/JN-AN-1201-YCL/JN-AN-1201-ZigBee-Intruder-Alarm-System/ACE/Build/low_bat_indicator.o
LOAD c:/NXP/bstudio_nxp/workspace/JN-AN-1201-YCL/JN-AN-1201-ZigBee-Intruder-Alarm-System/ACE/Build/zha_ACE_node.o
LOAD c:/NXP/bstudio_nxp/workspace/JN-AN-1201-YCL/JN-AN-1201-ZigBee-Intruder-Alarm-System/ACE/Build/app_zcl_ACE_task.o
LOAD c:/NXP/bstudio_nxp/workspace/JN-AN-1201-YCL/JN-AN-1201-ZigBee-Intruder-Alarm-System/ACE/Build/app_ias_indicator.o
LOAD c:/NXP/bstudio_nxp/workspace/JN-AN-1201-YCL/JN-AN-1201-ZigBee-Intruder-Alarm-System/ACE/Build/app_ias_enroll_req.o
LOAD c:/NXP/bstudio_nxp/workspace/JN-AN-1201-YCL/JN-AN-1201-ZigBee-Intruder-Alarm-System/ACE/Build/app_ias_unenroll_req.o
LOAD c:/NXP/bstudio_nxp/workspace/JN-AN-1201-YCL/JN-AN-1201-ZigBee-Intruder-Alarm-System/ACE/Build/app_ias_save.o
LOAD c:/NXP/bstudio_nxp/workspace/JN-AN-1201-YCL/JN-AN-1201-ZigBee-Intruder-Alarm-System/ACE/Build/haEzJoin.o
LOAD c:/NXP/bstudio_nxp/workspace/JN-AN-1201-YCL/JN-AN-1201-ZigBee-Intruder-Alarm-System/ACE/Build/appZdpExtraction.o
LOAD c:/NXP/bstudio_nxp/workspace/JN-AN-1201-YCL/JN-AN-1201-ZigBee-Intruder-Alarm-System/ACE/Build/appZpsBeaconHandler.o
LOAD c:/NXP/bstudio_nxp/workspace/JN-AN-1201-YCL/JN-AN-1201-ZigBee-Intruder-Alarm-System/ACE/Build/PingParent.o
LOAD c:/NXP/bstudio_nxp/workspace/JN-AN-1201-YCL/JN-AN-1201-ZigBee-Intruder-Alarm-System/ACE/Build/Alarms.o
LOAD c:/NXP/bstudio_nxp/workspace/JN-AN-1201-YCL/JN-AN-1201-ZigBee-Intruder-Alarm-System/ACE/Build/AlarmsClientCommands.o
LOAD c:/NXP/bstudio_nxp/workspace/JN-AN-1201-YCL/JN-AN-1201-ZigBee-Intruder-Alarm-System/ACE/Build/AlarmsCommandHandler.o
LOAD c:/NXP/bstudio_nxp/workspace/JN-AN-1201-YCL/JN-AN-1201-ZigBee-Intruder-Alarm-System/ACE/Build/AlarmsServerCommands.o
LOAD c:/NXP/bstudio_nxp/workspace/JN-AN-1201-YCL/JN-AN-1201-ZigBee-Intruder-Alarm-System/ACE/Build/AlarmsTableManager.o
LOAD c:/NXP/bstudio_nxp/workspace/JN-AN-1201-YCL/JN-AN-1201-ZigBee-Intruder-Alarm-System/ACE/Build/AnalogInputBasic.o
LOAD c:/NXP/bstudio_nxp/workspace/JN-AN-1201-YCL/JN-AN-1201-ZigBee-Intruder-Alarm-System/ACE/Build/AnalogOutputBasic.o
LOAD c:/NXP/bstudio_nxp/workspace/JN-AN-1201-YCL/JN-AN-1201-ZigBee-Intruder-Alarm-System/ACE/Build/Basic.o
LOAD c:/NXP/bstudio_nxp/workspace/JN-AN-1201-YCL/JN-AN-1201-ZigBee-Intruder-Alarm-System/ACE/Build/BasicClientCommands.o
LOAD c:/NXP/bstudio_nxp/workspace/JN-AN-1201-YCL/JN-AN-1201-ZigBee-Intruder-Alarm-System/ACE/Build/BasicCommandHandler.o
LOAD c:/NXP/bstudio_nxp/workspace/JN-AN-1201-YCL/JN-AN-1201-ZigBee-Intruder-Alarm-System/ACE/Build/BinaryInputBasic.o
LOAD c:/NXP/bstudio_nxp/workspace/JN-AN-1201-YCL/JN-AN-1201-ZigBee-Intruder-Alarm-System/ACE/Build/BinaryOutputBasic.o
LOAD c:/NXP/bstudio_nxp/workspace/JN-AN-1201-YCL/JN-AN-1201-ZigBee-Intruder-Alarm-System/ACE/Build/Commissioning.o
LOAD c:/NXP/bstudio_nxp/workspace/JN-AN-1201-YCL/JN-AN-1201-ZigBee-Intruder-Alarm-System/ACE/Build/DeviceTemperatureConfiguration.o
LOAD c:/NXP/bstudio_nxp/workspace/JN-AN-1201-YCL/JN-AN-1201-ZigBee-Intruder-Alarm-System/ACE/Build/Diagnostics.o
LOAD c:/NXP/bstudio_nxp/workspace/JN-AN-1201-YCL/JN-AN-1201-ZigBee-Intruder-Alarm-System/ACE/Build/DoorLock.o
LOAD c:/NXP/bstudio_nxp/workspace/JN-AN-1201-YCL/JN-AN-1201-ZigBee-Intruder-Alarm-System/ACE/Build/DoorLockCommandHandler.o
LOAD c:/NXP/bstudio_nxp/workspace/JN-AN-1201-YCL/JN-AN-1201-ZigBee-Intruder-Alarm-System/ACE/Build/DoorLockCommands.o
LOAD c:/NXP/bstudio_nxp/workspace/JN-AN-1201-YCL/JN-AN-1201-ZigBee-Intruder-Alarm-System/ACE/Build/ElectricalMeasurement.o
LOAD c:/NXP/bstudio_nxp/workspace/JN-AN-1201-YCL/JN-AN-1201-ZigBee-Intruder-Alarm-System/ACE/Build/Groups.o
LOAD c:/NXP/bstudio_nxp/workspace/JN-AN-1201-YCL/JN-AN-1201-ZigBee-Intruder-Alarm-System/ACE/Build/GroupsClientCommands.o
LOAD c:/NXP/bstudio_nxp/workspace/JN-AN-1201-YCL/JN-AN-1201-ZigBee-Intruder-Alarm-System/ACE/Build/GroupsCommandHandler.o
LOAD c:/NXP/bstudio_nxp/workspace/JN-AN-1201-YCL/JN-AN-1201-ZigBee-Intruder-Alarm-System/ACE/Build/GroupsServerCommands.o
LOAD c:/NXP/bstudio_nxp/workspace/JN-AN-1201-YCL/JN-AN-1201-ZigBee-Intruder-Alarm-System/ACE/Build/GroupsTableManager.o
LOAD c:/NXP/bstudio_nxp/workspace/JN-AN-1201-YCL/JN-AN-1201-ZigBee-Intruder-Alarm-System/ACE/Build/Identify.o
LOAD c:/NXP/bstudio_nxp/workspace/JN-AN-1201-YCL/JN-AN-1201-ZigBee-Intruder-Alarm-System/ACE/Build/IdentifyClientCommands.o
LOAD c:/NXP/bstudio_nxp/workspace/JN-AN-1201-YCL/JN-AN-1201-ZigBee-Intruder-Alarm-System/ACE/Build/IdentifyCommandHandler.o
LOAD c:/NXP/bstudio_nxp/workspace/JN-AN-1201-YCL/JN-AN-1201-ZigBee-Intruder-Alarm-System/ACE/Build/IdentifyServerCommands.o
LOAD c:/NXP/bstudio_nxp/workspace/JN-AN-1201-YCL/JN-AN-1201-ZigBee-Intruder-Alarm-System/ACE/Build/LevelControl.o
LOAD c:/NXP/bstudio_nxp/workspace/JN-AN-1201-YCL/JN-AN-1201-ZigBee-Intruder-Alarm-System/ACE/Build/LevelControlClientCommands.o
LOAD c:/NXP/bstudio_nxp/workspace/JN-AN-1201-YCL/JN-AN-1201-ZigBee-Intruder-Alarm-System/ACE/Build/LevelControlCommandHandler.o
LOAD c:/NXP/bstudio_nxp/workspace/JN-AN-1201-YCL/JN-AN-1201-ZigBee-Intruder-Alarm-System/ACE/Build/MultistateInputBasic.o
LOAD c:/NXP/bstudio_nxp/workspace/JN-AN-1201-YCL/JN-AN-1201-ZigBee-Intruder-Alarm-System/ACE/Build/MultistateOutputBasic.o
LOAD c:/NXP/bstudio_nxp/workspace/JN-AN-1201-YCL/JN-AN-1201-ZigBee-Intruder-Alarm-System/ACE/Build/OOSC.o
LOAD c:/NXP/bstudio_nxp/workspace/JN-AN-1201-YCL/JN-AN-1201-ZigBee-Intruder-Alarm-System/ACE/Build/OnOff.o
LOAD c:/NXP/bstudio_nxp/workspace/JN-AN-1201-YCL/JN-AN-1201-ZigBee-Intruder-Alarm-System/ACE/Build/OnOffCommandHandler.o
LOAD c:/NXP/bstudio_nxp/workspace/JN-AN-1201-YCL/JN-AN-1201-ZigBee-Intruder-Alarm-System/ACE/Build/OnOffCommands.o
LOAD c:/NXP/bstudio_nxp/workspace/JN-AN-1201-YCL/JN-AN-1201-ZigBee-Intruder-Alarm-System/ACE/Build/PollControl.o
LOAD c:/NXP/bstudio_nxp/workspace/JN-AN-1201-YCL/JN-AN-1201-ZigBee-Intruder-Alarm-System/ACE/Build/PollControlClientCommands.o
LOAD c:/NXP/bstudio_nxp/workspace/JN-AN-1201-YCL/JN-AN-1201-ZigBee-Intruder-Alarm-System/ACE/Build/PollControlCommandHandler.o
LOAD c:/NXP/bstudio_nxp/workspace/JN-AN-1201-YCL/JN-AN-1201-ZigBee-Intruder-Alarm-System/ACE/Build/PollControlServerCommands.o
LOAD c:/NXP/bstudio_nxp/workspace/JN-AN-1201-YCL/JN-AN-1201-ZigBee-Intruder-Alarm-System/ACE/Build/PowerConfiguration.o
LOAD c:/NXP/bstudio_nxp/workspace/JN-AN-1201-YCL/JN-AN-1201-ZigBee-Intruder-Alarm-System/ACE/Build/Scenes.o
LOAD c:/NXP/bstudio_nxp/workspace/JN-AN-1201-YCL/JN-AN-1201-ZigBee-Intruder-Alarm-System/ACE/Build/ScenesClientCommands.o
LOAD c:/NXP/bstudio_nxp/workspace/JN-AN-1201-YCL/JN-AN-1201-ZigBee-Intruder-Alarm-System/ACE/Build/ScenesClusterManagement.o
LOAD c:/NXP/bstudio_nxp/workspace/JN-AN-1201-YCL/JN-AN-1201-ZigBee-Intruder-Alarm-System/ACE/Build/ScenesCommandHandler.o
LOAD c:/NXP/bstudio_nxp/workspace/JN-AN-1201-YCL/JN-AN-1201-ZigBee-Intruder-Alarm-System/ACE/Build/ScenesServerCommands.o
LOAD c:/NXP/bstudio_nxp/workspace/JN-AN-1201-YCL/JN-AN-1201-ZigBee-Intruder-Alarm-System/ACE/Build/ScenesTableManager.o
LOAD c:/NXP/bstudio_nxp/workspace/JN-AN-1201-YCL/JN-AN-1201-ZigBee-Intruder-Alarm-System/ACE/Build/TC.o
LOAD c:/NXP/bstudio_nxp/workspace/JN-AN-1201-YCL/JN-AN-1201-ZigBee-Intruder-Alarm-System/ACE/Build/Time.o
LOAD c:/NXP/bstudio_nxp/workspace/JN-AN-1201-YCL/JN-AN-1201-ZigBee-Intruder-Alarm-System/ACE/Build/ha.o
LOAD c:/NXP/bstudio_nxp/workspace/JN-AN-1201-YCL/JN-AN-1201-ZigBee-Intruder-Alarm-System/ACE/Build/door_lock.o
LOAD c:/NXP/bstudio_nxp/workspace/JN-AN-1201-YCL/JN-AN-1201-ZigBee-Intruder-Alarm-System/ACE/Build/door_lock_controller.o
LOAD c:/NXP/bstudio_nxp/workspace/JN-AN-1201-YCL/JN-AN-1201-ZigBee-Intruder-Alarm-System/ACE/Build/mains_power_outlet.o
LOAD c:/NXP/bstudio_nxp/workspace/JN-AN-1201-YCL/JN-AN-1201-ZigBee-Intruder-Alarm-System/ACE/Build/on_off_output.o
LOAD c:/NXP/bstudio_nxp/workspace/JN-AN-1201-YCL/JN-AN-1201-ZigBee-Intruder-Alarm-System/ACE/Build/on_off_switch.o
LOAD c:/NXP/bstudio_nxp/workspace/JN-AN-1201-YCL/JN-AN-1201-ZigBee-Intruder-Alarm-System/ACE/Build/plug_control.o
LOAD c:/NXP/bstudio_nxp/workspace/JN-AN-1201-YCL/JN-AN-1201-ZigBee-Intruder-Alarm-System/ACE/Build/remote_control.o
LOAD c:/NXP/bstudio_nxp/workspace/JN-AN-1201-YCL/JN-AN-1201-ZigBee-Intruder-Alarm-System/ACE/Build/simple_sensor.o
LOAD c:/NXP/bstudio_nxp/workspace/JN-AN-1201-YCL/JN-AN-1201-ZigBee-Intruder-Alarm-System/ACE/Build/smart_plug.o
LOAD c:/NXP/bstudio_nxp/workspace/JN-AN-1201-YCL/JN-AN-1201-ZigBee-Intruder-Alarm-System/ACE/Build/IASACE.o
LOAD c:/NXP/bstudio_nxp/workspace/JN-AN-1201-YCL/JN-AN-1201-ZigBee-Intruder-Alarm-System/ACE/Build/IASACEClientCommands.o
LOAD c:/NXP/bstudio_nxp/workspace/JN-AN-1201-YCL/JN-AN-1201-ZigBee-Intruder-Alarm-System/ACE/Build/IASACECommandHandler.o
LOAD c:/NXP/bstudio_nxp/workspace/JN-AN-1201-YCL/JN-AN-1201-ZigBee-Intruder-Alarm-System/ACE/Build/IASACEServerCommands.o
LOAD c:/NXP/bstudio_nxp/workspace/JN-AN-1201-YCL/JN-AN-1201-ZigBee-Intruder-Alarm-System/ACE/Build/IASWD.o
LOAD c:/NXP/bstudio_nxp/workspace/JN-AN-1201-YCL/JN-AN-1201-ZigBee-Intruder-Alarm-System/ACE/Build/IASWDCommandHandler.o
LOAD c:/NXP/bstudio_nxp/workspace/JN-AN-1201-YCL/JN-AN-1201-ZigBee-Intruder-Alarm-System/ACE/Build/IASWDCommands.o
LOAD c:/NXP/bstudio_nxp/workspace/JN-AN-1201-YCL/JN-AN-1201-ZigBee-Intruder-Alarm-System/ACE/Build/IASZone.o
LOAD c:/NXP/bstudio_nxp/workspace/JN-AN-1201-YCL/JN-AN-1201-ZigBee-Intruder-Alarm-System/ACE/Build/IASZoneCommandHandler.o
LOAD c:/NXP/bstudio_nxp/workspace/JN-AN-1201-YCL/JN-AN-1201-ZigBee-Intruder-Alarm-System/ACE/Build/IASZoneCommands.o
LOAD c:/NXP/bstudio_nxp/workspace/JN-AN-1201-YCL/JN-AN-1201-ZigBee-Intruder-Alarm-System/ACE/Build/ancillary_control_equipment.o
LOAD c:/NXP/bstudio_nxp/workspace/JN-AN-1201-YCL/JN-AN-1201-ZigBee-Intruder-Alarm-System/ACE/Build/control_and_indicating_equipment.o
LOAD c:/NXP/bstudio_nxp/workspace/JN-AN-1201-YCL/JN-AN-1201-ZigBee-Intruder-Alarm-System/ACE/Build/warning_device.o
LOAD c:/NXP/bstudio_nxp/workspace/JN-AN-1201-YCL/JN-AN-1201-ZigBee-Intruder-Alarm-System/ACE/Build/zone.o
LOAD c:/NXP/bstudio_nxp/workspace/JN-AN-1201-YCL/JN-AN-1201-ZigBee-Intruder-Alarm-System/ACE/Build/dlist.o
LOAD c:/NXP/bstudio_nxp/workspace/JN-AN-1201-YCL/JN-AN-1201-ZigBee-Intruder-Alarm-System/ACE/Build/zcl.o
LOAD c:/NXP/bstudio_nxp/workspace/JN-AN-1201-YCL/JN-AN-1201-ZigBee-Intruder-Alarm-System/ACE/Build/zcl_CustomCommandReceive.o
LOAD c:/NXP/bstudio_nxp/workspace/JN-AN-1201-YCL/JN-AN-1201-ZigBee-Intruder-Alarm-System/ACE/Build/zcl_CustomCommandSend.o
LOAD c:/NXP/bstudio_nxp/workspace/JN-AN-1201-YCL/JN-AN-1201-ZigBee-Intruder-Alarm-System/ACE/Build/zcl_PDUbufferReadWrite.o
LOAD c:/NXP/bstudio_nxp/workspace/JN-AN-1201-YCL/JN-AN-1201-ZigBee-Intruder-Alarm-System/ACE/Build/zcl_PDUbufferReadWriteString.o
LOAD c:/NXP/bstudio_nxp/workspace/JN-AN-1201-YCL/JN-AN-1201-ZigBee-Intruder-Alarm-System/ACE/Build/zcl_WriteAttributesRequestHandle.o
LOAD c:/NXP/bstudio_nxp/workspace/JN-AN-1201-YCL/JN-AN-1201-ZigBee-Intruder-Alarm-System/ACE/Build/zcl_WriteAttributesRequestSend.o
LOAD c:/NXP/bstudio_nxp/workspace/JN-AN-1201-YCL/JN-AN-1201-ZigBee-Intruder-Alarm-System/ACE/Build/zcl_WriteAttributesResponseHandle.o
LOAD c:/NXP/bstudio_nxp/workspace/JN-AN-1201-YCL/JN-AN-1201-ZigBee-Intruder-Alarm-System/ACE/Build/zcl_attribute.o
LOAD c:/NXP/bstudio_nxp/workspace/JN-AN-1201-YCL/JN-AN-1201-ZigBee-Intruder-Alarm-System/ACE/Build/zcl_buffer.o
LOAD c:/NXP/bstudio_nxp/workspace/JN-AN-1201-YCL/JN-AN-1201-ZigBee-Intruder-Alarm-System/ACE/Build/zcl_clusterCommand.o
LOAD c:/NXP/bstudio_nxp/workspace/JN-AN-1201-YCL/JN-AN-1201-ZigBee-Intruder-Alarm-System/ACE/Build/zcl_command.o
LOAD c:/NXP/bstudio_nxp/workspace/JN-AN-1201-YCL/JN-AN-1201-ZigBee-Intruder-Alarm-System/ACE/Build/zcl_configureReportingCommandHandle.o
LOAD c:/NXP/bstudio_nxp/workspace/JN-AN-1201-YCL/JN-AN-1201-ZigBee-Intruder-Alarm-System/ACE/Build/zcl_configureReportingCommandSend.o
LOAD c:/NXP/bstudio_nxp/workspace/JN-AN-1201-YCL/JN-AN-1201-ZigBee-Intruder-Alarm-System/ACE/Build/zcl_configureReportingResponseHandle.o
LOAD c:/NXP/bstudio_nxp/workspace/JN-AN-1201-YCL/JN-AN-1201-ZigBee-Intruder-Alarm-System/ACE/Build/zcl_defaultResponse.o
LOAD c:/NXP/bstudio_nxp/workspace/JN-AN-1201-YCL/JN-AN-1201-ZigBee-Intruder-Alarm-System/ACE/Build/zcl_discoverAttributesExtendedRequestHandle.o
LOAD c:/NXP/bstudio_nxp/workspace/JN-AN-1201-YCL/JN-AN-1201-ZigBee-Intruder-Alarm-System/ACE/Build/zcl_discoverAttributesExtendedRequestSend.o
LOAD c:/NXP/bstudio_nxp/workspace/JN-AN-1201-YCL/JN-AN-1201-ZigBee-Intruder-Alarm-System/ACE/Build/zcl_discoverAttributesExtendedResponseHandle.o
LOAD c:/NXP/bstudio_nxp/workspace/JN-AN-1201-YCL/JN-AN-1201-ZigBee-Intruder-Alarm-System/ACE/Build/zcl_discoverAttributesRequestHandle.o
LOAD c:/NXP/bstudio_nxp/workspace/JN-AN-1201-YCL/JN-AN-1201-ZigBee-Intruder-Alarm-System/ACE/Build/zcl_discoverAttributesRequestSend.o
LOAD c:/NXP/bstudio_nxp/workspace/JN-AN-1201-YCL/JN-AN-1201-ZigBee-Intruder-Alarm-System/ACE/Build/zcl_discoverAttributesResponseHandle.o
LOAD c:/NXP/bstudio_nxp/workspace/JN-AN-1201-YCL/JN-AN-1201-ZigBee-Intruder-Alarm-System/ACE/Build/zcl_discoverCommandsRequestHandle.o
LOAD c:/NXP/bstudio_nxp/workspace/JN-AN-1201-YCL/JN-AN-1201-ZigBee-Intruder-Alarm-System/ACE/Build/zcl_discoverCommandsRequestSend.o
LOAD c:/NXP/bstudio_nxp/workspace/JN-AN-1201-YCL/JN-AN-1201-ZigBee-Intruder-Alarm-System/ACE/Build/zcl_discoverCommandsResponseHandle.o
LOAD c:/NXP/bstudio_nxp/workspace/JN-AN-1201-YCL/JN-AN-1201-ZigBee-Intruder-Alarm-System/ACE/Build/zcl_event.o
LOAD c:/NXP/bstudio_nxp/workspace/JN-AN-1201-YCL/JN-AN-1201-ZigBee-Intruder-Alarm-System/ACE/Build/zcl_heap.o
LOAD c:/NXP/bstudio_nxp/workspace/JN-AN-1201-YCL/JN-AN-1201-ZigBee-Intruder-Alarm-System/ACE/Build/zcl_library_options.o
LOAD c:/NXP/bstudio_nxp/workspace/JN-AN-1201-YCL/JN-AN-1201-ZigBee-Intruder-Alarm-System/ACE/Build/zcl_readAttributesRequestHandle.o
LOAD c:/NXP/bstudio_nxp/workspace/JN-AN-1201-YCL/JN-AN-1201-ZigBee-Intruder-Alarm-System/ACE/Build/zcl_readAttributesRequestSend.o
LOAD c:/NXP/bstudio_nxp/workspace/JN-AN-1201-YCL/JN-AN-1201-ZigBee-Intruder-Alarm-System/ACE/Build/zcl_readAttributesResponseHandle.o
LOAD c:/NXP/bstudio_nxp/workspace/JN-AN-1201-YCL/JN-AN-1201-ZigBee-Intruder-Alarm-System/ACE/Build/zcl_readReportingConfigurationCommandHandle.o
LOAD c:/NXP/bstudio_nxp/workspace/JN-AN-1201-YCL/JN-AN-1201-ZigBee-Intruder-Alarm-System/ACE/Build/zcl_readReportingConfigurationCommandSend.o
LOAD c:/NXP/bstudio_nxp/workspace/JN-AN-1201-YCL/JN-AN-1201-ZigBee-Intruder-Alarm-System/ACE/Build/zcl_readReportingConfigurationResponseHandle.o
LOAD c:/NXP/bstudio_nxp/workspace/JN-AN-1201-YCL/JN-AN-1201-ZigBee-Intruder-Alarm-System/ACE/Build/zcl_reportManager.o
LOAD c:/NXP/bstudio_nxp/workspace/JN-AN-1201-YCL/JN-AN-1201-ZigBee-Intruder-Alarm-System/ACE/Build/zcl_reportMaths.o
LOAD c:/NXP/bstudio_nxp/workspace/JN-AN-1201-YCL/JN-AN-1201-ZigBee-Intruder-Alarm-System/ACE/Build/zcl_reportScheduler.o
LOAD c:/NXP/bstudio_nxp/workspace/JN-AN-1201-YCL/JN-AN-1201-ZigBee-Intruder-Alarm-System/ACE/Build/zcl_reportStringHandling.o
LOAD c:/NXP/bstudio_nxp/workspace/JN-AN-1201-YCL/JN-AN-1201-ZigBee-Intruder-Alarm-System/ACE/Build/zcl_reportStructure.o
LOAD c:/NXP/bstudio_nxp/workspace/JN-AN-1201-YCL/JN-AN-1201-ZigBee-Intruder-Alarm-System/ACE/Build/zcl_search.o
LOAD c:/NXP/bstudio_nxp/workspace/JN-AN-1201-YCL/JN-AN-1201-ZigBee-Intruder-Alarm-System/ACE/Build/zcl_timer.o
LOAD c:/NXP/bstudio_nxp/workspace/JN-AN-1201-YCL/JN-AN-1201-ZigBee-Intruder-Alarm-System/ACE/Build/zcl_transmit.o
LOAD c:/NXP/bstudio_nxp/workspace/sdk/JN-SW-4168/Components/Library\libZPSMAC_Mini_JN516x.a
LOAD c:/NXP/bstudio_nxp/workspace/sdk/JN-SW-4168/Components/Library\libOS_JN516x.a
LOAD c:/NXP/bstudio_nxp/workspace/sdk/JN-SW-4168/Components/Library\libPWRM_JN516x.a
LOAD c:/NXP/bstudio_nxp/workspace/sdk/JN-SW-4168/Components/Library\libZPSTSV_JN516x.a
LOAD c:/NXP/bstudio_nxp/workspace/sdk/JN-SW-4168/Components/Library\libAES_SW_JN516x.a
LOAD c:/NXP/bstudio_nxp/workspace/sdk/JN-SW-4168/Components/Library\libPDUM_JN516x.a
LOAD c:/NXP/bstudio_nxp/workspace/sdk/JN-SW-4168/Components/Library\libZPSAPL_JN516x.a
LOAD c:/NXP/bstudio_nxp/workspace/sdk/JN-SW-4168/Components/Library\libRandom_JN516x.a
LOAD c:/NXP/bstudio_nxp/workspace/sdk/JN-SW-4168/Components/Library\libPDM_EEPROM_JN516x.a
LOAD c:/NXP/bstudio_nxp/workspace/sdk/JN-SW-4168/Components/Library\libDBG_JN516x.a
LOAD c:/NXP/bstudio_nxp/workspace/sdk/JN-SW-4168/Components/Library\libZPSNWK_ZED_JN516x.a
LOAD c:/NXP/bstudio_nxp/workspace/sdk/JN-SW-4168/Components/Library\libMiniMac_JN5169.a
LOAD c:/NXP/bstudio_nxp/workspace/sdk/JN-SW-4168/Components/Library\libMiniMacShim_JN516x.a
LOAD c:/NXP/bstudio_nxp/workspace/sdk/JN-SW-4168/Components/Library\libMMAC_JN5169.a
LOAD c:/NXP/bstudio_nxp/workspace/sdk/JN-SW-4168/Components/Library\libJPT_JN5169.a
LOAD c:/NXP/bstudio_nxp/workspace/sdk/JN-SW-4168/Components/Library\libAes_JN516x.a
LOAD c:/NXP/bstudio_nxp/workspace/sdk/JN-SW-4168/Components/Library\libHardwareApi_JN5169.a
LOAD c:/NXP/bstudio_nxp/workspace/sdk/JN-SW-4168/Components/Library\libMicroSpecific_JN516x.a
LOAD c:/NXP/bstudio_nxp/workspace/sdk/JN-SW-4168/Components/Library\libBoot_JN516x.a
LOAD c:/NXP/bstudio_nxp/workspace/sdk/JN-SW-4168/Platform/DK2/Library\libBoardLib_JN516x.a
LOAD c:/nxp/bstudio_nxp/workspace/sdk/tools/ba-elf-ba2-r36379/bin/../lib/gcc/ba-elf/4.7.4/../../../../ba-elf/lib/mcpu_jn51xx_sizeopt\libm.a
END GROUP
LOAD c:/nxp/bstudio_nxp/workspace/sdk/tools/ba-elf-ba2-r36379/bin/../lib/gcc/ba-elf/4.7.4/../../../../ba-elf/lib/mcpu_jn51xx_sizeopt\libc.a
LOAD c:/nxp/bstudio_nxp/workspace/sdk/tools/ba-elf-ba2-r36379/bin/../lib/gcc/ba-elf/4.7.4/mcpu_jn51xx_sizeopt\libgcc.a
LOAD c:/nxp/bstudio_nxp/workspace/sdk/tools/ba-elf-ba2-r36379/bin/../lib/gcc/ba-elf/4.7.4/../../../../ba-elf/lib/mcpu_jn51xx_sizeopt\libc.a
                0x0000000000080038                exception_vsr_table = 0x80038
                0x0000000004000000                pSPIflashFncTable = 0x4000000
                0x0000000000000044                restore_state = 0x44
                0x000000000000004a                bZSPIWaitWIPClear = 0x4a
                0x0000000000000050                u16ZSPIflashRDID = 0x50
                0x0000000000000056                u8SelectFlashChipType = 0x56
                0x000000000000005c                memcpy = 0x5c
                0x0000000000000066                vBootFlashProg = 0x66
                [0x00000000000007d0]                __minimum_heap_size = DEFINED (__minimum_heap_size)?__minimum_heap_size:0xd16
                [0x0000000000001388]                __stack_size = DEFINED (__stack_size)?__stack_size:0x800
                0x0000000000000000                _SwConfig = (DEFINED (g_bSWConf_Debug) | (DEFINED (g_bSWConf_AltDebugPort) << 0x1))

.version        0x000000000007fffc        0x4
                0x000000000007fffc        0x4 LONG 0xf03000b

.bir            0x0000000000080000       0x10
                0x0000000000080000                _flash_start = ABSOLUTE (.)
                0x0000000000080000                _flash_beg = ABSOLUTE (.)
                0x0000000000080000        0x4 LONG 0x12345678
                0x0000000000080004        0x4 LONG 0x11223344
                0x0000000000080008        0x4 LONG 0x55667788
                0x000000000008000c        0x1 BYTE 0x8
                0x000000000008000d        0x1 BYTE 0x1
                0x000000000008000e        0x2 SHORT 0x0

.flashheader    0x0000000000080010       0x28
                0x0000000000080010        0x4 LONG 0x0
                0x0000000000080014        0x4 LONG 0x0
                0x0000000000080018        0x4 LONG 0x0
                0x000000000008001c        0x2 SHORT 0x0
                0x000000000008001e        0x2 SHORT 0x0 ABSOLUTE (_SwConfig)
                0x0000000000080020                _enc_start = ABSOLUTE (.)
                0x0000000000080020        0x4 LONG 0x1d364 ABSOLUTE (_image_len)
                0x0000000000080024        0x4 LONG 0x9cb88 ABSOLUTE (_flash_data_start)
                0x0000000000080028        0x2 SHORT 0x13 ((ABSOLUTE (_ram_data_start) / 0x4) & 0xffff)
                0x000000000008002a        0x2 SHORT 0x1f7 ((ABSOLUTE (_ram_data_len) / 0x4) & 0xffff)
                0x000000000008002c        0x2 SHORT 0x20a ((ABSOLUTE (_bss_start) / 0x4) & 0xffff)
                0x000000000008002e        0x2 SHORT 0xf6e ((ABSOLUTE (_bss_len) / 0x4) & 0xffff)
                0x0000000000080030        0x4 LONG 0x9bbc0 ABSOLUTE (AppWarmStart)
                0x0000000000080034        0x4 LONG 0x9bbda ABSOLUTE (AppColdStart)
                0x0000000000000000                _enc_offset = (_enc_start & 0xf)

.ro_mac_address
                0x0000000000080040        0x0
                0x0000000000080040                _FlsMACAddress = ABSOLUTE (.)
 *(.ro_mac_address)
                0x0000000000080040                . = ALIGN (0x10)

.ro_ota_header  0x0000000000080040        0x0
                0x0000000000080040                _FlsOtaHeader = ABSOLUTE (.)
 *(.ro_ota_header)
                0x0000000000080040                . = ALIGN (0x10)

.ro_se_lnkKey   0x0000000000080040        0x0
                0x0000000000080040                _FlsLinkKey = ABSOLUTE (.)
 *(.ro_se_lnkKey)
                0x0000000000080040                . = ALIGN (0x10)

.rodata         0x0000000000080038      0xef8
 *(.rodata*)
 .rodata.str1.1
                0x0000000000080038       0x3b C:\Users\1\AppData\Local\Temp\cc0xkuOe.ltrans0.ltrans.o
 *fill*         0x0000000000080073        0x1 00
 .rodata        0x0000000000080074       0xfc C:\Users\1\AppData\Local\Temp\cc0xkuOe.ltrans0.ltrans.o
                0x0000000000080074                psAplDefaultZLLAPSLinkKey
                0x0000000000080078                gMAC_u8MaxBuffers
                0x000000000008007c                g_u32ApsFcSaveCountBitShift
                0x0000000000080080                u8MaxZpsConfigEp
                0x0000000000080081                au8EpMapPresent
                0x0000000000080084                s_groupPdmTable
 .rodata        0x0000000000080170       0x40 C:\Users\1\AppData\Local\Temp\cc0xkuOe.ltrans2.ltrans.o
 .rodata.str1.1
                0x00000000000801b0        0x5 C:\Users\1\AppData\Local\Temp\cc0xkuOe.ltrans5.ltrans.o
                                          0x8 (size before relaxing)
 *fill*         0x00000000000801b5        0x3 00
 .rodata        0x00000000000801b8       0x80 C:\Users\1\AppData\Local\Temp\cc0xkuOe.ltrans5.ltrans.o
 .rodata.str1.1
                0x0000000000080238        0x3 C:\Users\1\AppData\Local\Temp\cc0xkuOe.ltrans6.ltrans.o
 .rodata.str1.1
                0x000000000008023b       0x15 C:\Users\1\AppData\Local\Temp\cc0xkuOe.ltrans7.ltrans.o
                                         0x24 (size before relaxing)
 .rodata        0x0000000000080250       0x18 C:\Users\1\AppData\Local\Temp\cc0xkuOe.ltrans9.ltrans.o
                0x0000000000080250                au32NwkPdmRecordOffsets
 .rodata.str1.1
                0x0000000000000000        0x3 C:\Users\1\AppData\Local\Temp\cc0xkuOe.ltrans10.ltrans.o
 .rodata        0x0000000000080268       0x50 C:\Users\1\AppData\Local\Temp\cc0xkuOe.ltrans10.ltrans.o
                0x0000000000080268                pfnCallbackMcps
                0x000000000008026c                g_u32NwkFcSaveCountBitShift
 .rodata.str1.1
                0x00000000000802b8       0xe1 C:\Users\1\AppData\Local\Temp\cc0xkuOe.ltrans11.ltrans.o
 *fill*         0x0000000000080399        0x3 00
 .rodata        0x000000000008039c       0x1c C:\Users\1\AppData\Local\Temp\cc0xkuOe.ltrans11.ltrans.o
                0x000000000008039c                CSWTCH.49.133298.133298
                0x00000000000803a4                au32TimerBaseAddress
 .rodata.str1.1
                0x0000000000000000       0xe1 C:\Users\1\AppData\Local\Temp\cc0xkuOe.ltrans12.ltrans.o
                                          0xf (size before relaxing)
 .rodata        0x00000000000803b8        0x6 C:\Users\1\AppData\Local\Temp\cc0xkuOe.ltrans12.ltrans.o
 *fill*         0x00000000000803be        0x2 00
 .rodata        0x00000000000803c0       0x10 C:\Users\1\AppData\Local\Temp\cc0xkuOe.ltrans13.ltrans.o
                0x00000000000803c0                s_aprIdleStHandleCme.125177
 .rodata.str1.1
                0x0000000000000000       0xe1 C:\Users\1\AppData\Local\Temp\cc0xkuOe.ltrans15.ltrans.o
                                          0x8 (size before relaxing)
 .rodata.str1.1
                0x00000000000803d0       0x10 C:\Users\1\AppData\Local\Temp\cc0xkuOe.ltrans17.ltrans.o
                                         0x2f (size before relaxing)
 .rodata        0x00000000000803e0      0x128 C:\Users\1\AppData\Local\Temp\cc0xkuOe.ltrans18.ltrans.o
                0x00000000000803f0                gu32ZCLVersion
                0x00000000000803f4                OS_g_u32Version
                0x00000000000803f8                PDUM_g_u32Version
                0x00000000000803fc                ZPS_g_u32MacVersion
                0x0000000000080400                ZPS_g_u32TsvVersion
 .rodata.str1.1
                0x0000000000080508      0x2ea C:\Users\1\AppData\Local\Temp\cc0xkuOe.ltrans19.ltrans.o
                                        0x2f2 (size before relaxing)
 *fill*         0x00000000000807f2        0x2 00
 .rodata        0x00000000000807f4       0x14 C:\Users\1\AppData\Local\Temp\cc0xkuOe.ltrans19.ltrans.o
                0x0000000000080804                pu64NewMacOverrideMyAddressLocation
 .rodata.str1.1
                0x0000000000080808        0x5 C:\Users\1\AppData\Local\Temp\cc0xkuOe.ltrans22.ltrans.o
                                         0x17 (size before relaxing)
 *fill*         0x000000000008080d        0x3 00
 .rodata        0x0000000000080810       0x90 C:\Users\1\AppData\Local\Temp\cc0xkuOe.ltrans22.ltrans.o
                0x0000000000080810                s_aprActvStHandleCme.122063
                0x0000000000080828                bRxOnOptimisationTurnedOff
                0x0000000000080829                bDisableSourceRouting
                0x000000000008082c                zps_pacNwkFrmStdByteFmt
                0x0000000000080830                zps_pacNwkFrmStdLongFmt
                0x0000000000080834                zps_pacNwkFrmStdHalfFmt
 .rodata        0x00000000000808a0       0x20 C:\Users\1\AppData\Local\Temp\cc0xkuOe.ltrans24.ltrans.o
                0x00000000000808a8                au32UartAddrOffset
 .rodata.str1.1
                0x00000000000808c0       0xf4 C:\Users\1\AppData\Local\Temp\cc0xkuOe.ltrans25.ltrans.o
 .rodata.str1.1
                0x00000000000809b4       0x48 C:\Users\1\AppData\Local\Temp\cc0xkuOe.ltrans27.ltrans.o
                                         0x67 (size before relaxing)
 .rodata.str1.1
                0x00000000000809fc       0x15 C:\Users\1\AppData\Local\Temp\cc0xkuOe.ltrans28.ltrans.o
                                         0x38 (size before relaxing)
 .rodata.str1.1
                0x0000000000080a11        0x7 C:\Users\1\AppData\Local\Temp\cc0xkuOe.ltrans29.ltrans.o
                                         0x11 (size before relaxing)
 .rodata        0x0000000000080a18       0xec C:\Users\1\AppData\Local\Temp\cc0xkuOe.ltrans29.ltrans.o
                0x0000000000080a18                g_bStopZdpAcks
 .rodata.str1.1
                0x0000000000080b04       0x67 C:\Users\1\AppData\Local\Temp\cc0xkuOe.ltrans31.ltrans.o
 *fill*         0x0000000000080b6b        0x1 00
 .rodata        0x0000000000080b6c      0x3c4 C:\Users\1\AppData\Local\Temp\cc0xkuOe.ltrans31.ltrans.o
                0x0000000000080b6c                zps_g_pvApl

.text           0x0000000000080f30    0x1bc56
 *(.text*)
 .text          0x0000000000080f30     0x1b68 C:\Users\1\AppData\Local\Temp\cc0xkuOe.ltrans0.ltrans.o
                0x0000000000080f30                vInitialiseApp.3168
                0x0000000000080f30                APP_TIMER_Version_1v0
 .text          0x0000000000082a98     0x16bc C:\Users\1\AppData\Local\Temp\cc0xkuOe.ltrans1.ltrans.o
                0x0000000000082a98                vZCL_EventHandler
 .text          0x0000000000084154     0x12be C:\Users\1\AppData\Local\Temp\cc0xkuOe.ltrans2.ltrans.o
                0x0000000000084154                DBG_iUartGetChar
                0x0000000000084208                vMMAC_IntHandlerBbc
                0x0000000000084222                eBasicTxCompleteHandler
                0x0000000000084227                vTxRxTimeout.130615
                0x0000000000084284                zps_eNwkHandleSmeOrphanInd
                0x000000000008428b                eSmeASFlBeaconInd.123827
                0x00000000000842ad                eSmeUDNTScanDcfm.123282
                0x0000000000084334                zps_eNwkHandleSmePollDcfm
                0x000000000008435e                eSmeGenlScanDcfm.123819
                0x00000000000843bc                eNldeDataDcfm.119053
                0x00000000000843ec                eSmeEdScScanDcfm.123815
                0x0000000000084593                eSmeAcScBeaconInd.123835
                0x000000000008469b                eSmeUDNTBeaconInd.123811
                0x00000000000846be                vAHI_WakeTimerStart.part.1.133616.constprop.61
                0x00000000000846ff                vACI_OptimisedCcmStar.constprop.51
                0x00000000000848ea                vMiniMac_ReturnTxBufferCallback
                0x00000000000848fc                vEnableReceive.130619
                0x0000000000084936                pvHeap_Alloc
                0x0000000000084939                vMicroIntRestoreState
                0x0000000000084945                bAHI_WriteEEPROMfixSegmentData
                0x00000000000849a3                bAHI_InitialiseEEPROM
                0x00000000000849eb                vAHI_ReadDataFromEEPROMregister
                0x0000000000084a18                vAHI_WriteDataIntoEEPROMregister
                0x0000000000084a48                iPDM_WriteSegmentHeaderDataIntoEEPROMsegment
                0x0000000000084a77                u8AHI_WakeTimerFiredStatus
                0x0000000000084a8b                vAHI_WakeTimerStop.part.3.133628
                0x0000000000084aab                vAHI_UartReset.part.4.133382
                0x0000000000084ae3                vAHI_OptimiseWaitStates
                0x0000000000084b2f                bAHI_GetClkSource
                0x0000000000084b3c                vAHI_SwReset
                0x0000000000084b6c                vAHI_DioSetPullup
                0x0000000000084b8c                vAppSetLedState.part.0.3095
                0x0000000000084bbc                vAHI_DioSetOutput
                0x0000000000084bd0                vAHI_DioSetDirection
                0x0000000000084be4                vAHI_Sleep
                0x0000000000084c8c                bIssueACIcommand
                0x0000000000084eee                vTransformKey.isra.0.61526
                0x0000000000084f1e                vRadioToOff
                0x0000000000084f3b                vStartReceive
                0x0000000000084f57                MAC_u64GetExtAddr
                0x0000000000084f72                ZPS_u64NwkNibFindExtAddr
                0x000000000008501d                ZPS_u16NwkNibFindNwkAddr
                0x00000000000850c3                psSearchForFrameToSend
                0x000000000008511a                eMiniMac_FrameInProgress
                0x0000000000085145                vRemoveFromTxQueue
                0x0000000000085181                vAddToTxQueue
                0x00000000000851b7                u8GetHeaderSize
                0x00000000000851df                vMiniMac_MLME_SetReq_MaxCsmaBackoffs
                0x00000000000851ff                vMiniMac_MLME_SetReq_MaxBe
                0x0000000000085222                vMiniMac_MLME_SetReq_MinBe
                0x0000000000085245                zps_vSendJoinInd
                0x00000000000852b6                zps_psNwkSlistRemoveFromHead
                0x00000000000852cd                zps_psNwkSlistRemove
                0x0000000000085305                zps_bNwkMcpsMgrRemoveDescrFromLists
                0x0000000000085343                zps_vNwkSlistAddToTail
                0x000000000008535d                ZPS_vNwkSecResetDevice
                0x00000000000853a2                ZPS_bNwkSecHaveNetworkKey
                0x00000000000853d6                ZPS_bNwkSecFindMatSet
 .text.unlikely
                0x0000000000085412       0xc8 C:\Users\1\AppData\Local\Temp\cc0xkuOe.ltrans2.ltrans.o
 .text          0x00000000000854da     0x1073 C:\Users\1\AppData\Local\Temp\cc0xkuOe.ltrans3.ltrans.o
                0x00000000000854da                DBG_vUartFlush
                0x0000000000085507                DBG_vUartPutch
                0x000000000008554d                vStartTransmit.130670
                0x00000000000856a2                vDispatch.52743
                0x0000000000085774                OS_eStopSWTimer
                0x00000000000858af                vStopAllTimers
                0x00000000000858fc                OS_eStartSWTimer
                0x0000000000085a1d                vStartStopTimer
                0x0000000000085a4a                vLoadKeepAliveTime.4105
                0x0000000000085aac                OS_ePostMessage
                0x0000000000085c5b                eTouchProcess
                0x0000000000085db2                os_vAPP_isrKeyScan
                0x0000000000085dc0                OS_eExitCriticalSection
                0x0000000000085ea5                OS_eActivateTask
                0x0000000000085f40                vPostMlmeDcfmInd.73027
                0x0000000000085fe3                eZCL_GetAttributeTypeSizeFromBuffer
                0x000000000008605a                u16ZCL_APduInstanceWriteNBO
                0x0000000000086104                u16ZCL_WriteCommandHeader
                0x000000000008617c                u16ZCL_APduInstanceReadNBO
                0x0000000000086261                u16ZCL_ReadCommandHeader.part.0.36231
                0x00000000000862d8                eCLD_BasicCommandHandler
                0x00000000000862fb                u16ZCL_APduInstanceWriteStringNBO
                0x00000000000863c2                u16ZCL_WriteAttributeValueIntoBuffer
                0x0000000000086434                u16ZCL_APduInstanceReadStringNBO.part.3.33435
                0x000000000008650d                u16ZCL_GetTxPayloadSize
 .text          0x000000000008654d     0x12da C:\Users\1\AppData\Local\Temp\cc0xkuOe.ltrans4.ltrans.o
                0x000000000008654d                vNwkMcpsTimerCallback
                0x0000000000086567                zps_eSceGenlIllegal
                0x000000000008656e                zps_eSmeGenlIllegal
                0x0000000000086575                DBG_vUartFailedAssert
                0x0000000000086579                zps_bAplZdoBindRequestServer
                0x00000000000866b4                psGetVsMcpsBuf.73031
                0x00000000000866bd                psGetMlmeBuf.73024
                0x0000000000086704                psGetNlmeBuf.55974
                0x000000000008670e                psGetNldeBuf.55995
                0x0000000000086718                psGetApsmeBuf.55981
                0x0000000000086721                psGetApsdeBuf.55988
                0x0000000000086727                vLoopbackTimerCallback
                0x0000000000086756                zps_vNwkFreeMcpsHandle
                0x0000000000086780                ZPS_u64NwkNibGetMappedIeeeAddr
                0x00000000000867a2                ZPS_bNwkNibNtActvMatch
                0x000000000008685a                bCheckNwkAddr
                0x00000000000868a8                ZPS_vSetExtendedStatus
                0x00000000000868ba                zps_psApsApsAllocateDcfmRecord
                0x0000000000086928                zps_u8CalcLinkCost
                0x0000000000086964                ZPS_u8NwkNibNtDiscMatch
                0x0000000000086a48                zps_u64NwkLibFromPayload
                0x0000000000086a87                zps_vNwkLibU64ToPayload
                0x0000000000086ab4                zps_vInitBeaconPayload
                0x0000000000086b30                zps_eNwkDcfmIndPost
                0x0000000000086b52                zps_psNwkDcfmIndGetBuf
                0x0000000000086b74                zps_vSendNwkStatusInd
                0x0000000000086ba4                DBG_vInit
                0x0000000000086be6                vPDM_ReadBitmapHeader.112838
                0x0000000000086c05                psSLISTsearch
                0x0000000000086c45                psSLISTremove
                0x0000000000086cc3                vSLISTaddToTail
                0x0000000000086ce2                psSLISTgetNext
                0x0000000000086d06                bPDM_ImageBitmapRepairCheck
                0x0000000000086d2e                u8PDM_ReadSequenceNumber
                0x0000000000086d51                boSegmentNumberDeleteSearchMatch.112408
                0x0000000000086d6c                u8PDM_ReadSegmentDataSize
                0x0000000000086d80                u32PDM_ReadFileSystemHeaderWearCount
                0x0000000000086d96                boSearchForWearCountSubstitute.112724
                0x0000000000086dbc                boSearchForWearCountInsertPoint.111977
                0x0000000000086dda                vPDM_WriteFileSystemHeaderWearCount
                0x0000000000086dec                RND_u32GetRand256
                0x0000000000086e09                RND_u32GetRand
                0x0000000000086e30                u16CalculateFailedTxCount.88732
                0x0000000000086e5a                vZdoIeeeAddrServerSendExtendResponse.part.0.76852
                0x0000000000086ebb                vZdoNwkAddrServerSendExtendResponse.part.0.75672
                0x0000000000086f1c                zps_bAplZdoServerHandleConfirmAcks
                0x0000000000086f66                zps_bPerformLeaveActionDecider
                0x0000000000086f6b                vHandleUpdateDeviceIndication.65040
                0x0000000000086f95                u32GetScanChannels.65027
                0x0000000000086fc0                bDuplicateCheck.61407
                0x00000000000870cd                bIsBindTableMatch.59975
                0x000000000008711e                eRemoveEntryInBindingTable.60003
                0x000000000008719d                zps_vAplApsFillAndPostApsAck
                0x0000000000087207                zps_u8AplApsFreeMsgHandle
                0x0000000000087271                vFillDataIndStruct.55841
                0x00000000000872cf                vFillApduErrorEvent.55834
                0x0000000000087312                bCheckProfile.55829
                0x0000000000087350                ZPS_bIsGroupPresent
                0x0000000000087388                PDUM_u16APduInstanceWriteStrNBO
                0x0000000000087507                pdum_u16ReadNBO
                0x0000000000087668                PDUM_eNPduReadHeaderNBO
                0x00000000000876bb                PDUM_u16APduInstanceReadNBO
                0x0000000000087705                PDUM_eNPduPrependHeaderNBO
                0x0000000000087760                PDUM_eNPduAppendDataNBO
                0x00000000000877bd                PDUM_u16APduInstanceWriteNBO
 .text          0x0000000000087827      0xed5 C:\Users\1\AppData\Local\Temp\cc0xkuOe.ltrans5.ltrans.o
                0x0000000000087827                os_u32APP_cbGetTickTimer
                0x0000000000087830                os_bAPP_cbSetTickTimerCompare
                0x000000000008788c                vZdoServersInit.2840
                0x0000000000087a66                boIdValueSearchMatch.111981
                0x0000000000087ac0                pwrm_PreSleep.3174
                0x0000000000087b50                iPDM_ReadUserDataFromEEPROMsegment
                0x0000000000087bca                iPDM_ReCalculateWearCountAndChecksumAndWriteFileSystemHeader
                0x0000000000087c14                vPDM_SetEEPROMandFileSystemValidState
                0x0000000000087c3b                iPDM_ReadUserDataFromFileSystemRecord
                0x0000000000087c5b                vPDM_WriteFileSystemRecordAndSegmentDataIntoEEPROMsegment
                0x0000000000087c96                iPDM_ReadSegmentHeaderDataFromEEPROMsegment
                0x0000000000087cef                u8ZdoBindUnbindServerUnpackApdu
                0x0000000000087d3e                u32TouchReadCapacitance.3319
                0x0000000000087eb4                PWRM_vWakeInterruptCallback
                0x0000000000087f00                PWRM_vManagePower
                0x0000000000088076                ZPS_eTsvOpen
                0x0000000000088090                ZPS_bIsMacAddressUsedInApsTable
                0x0000000000088146                iPDM_FilterDuplicateAppendedSegmentsOnList.113153
                0x000000000008818a                sEZ_GetDiscEntry.6729
                0x00000000000881cb                u8PDM_CalculateLargestDataRecordStored
                0x00000000000881fc                zps_vNwkBttMgrInit
                0x000000000008822a                ZPS_vNwkNibClearTables
                0x000000000008834b                vMicroIntEnableOnly.constprop.140
                0x0000000000088377                vSetChannelAndPower
                0x0000000000088517                TSV_eStart
                0x0000000000088567                vMiniMac_MLME_SetReq_PanId
                0x00000000000885a4                vMiniMac_MLME_SetReq_ShortAddr
                0x00000000000885b2                vAHI_TimerEnable.part.1.133163.constprop.129
                0x0000000000088614                vLowBatIndicationInit.constprop.126
                0x0000000000088675                iAHI_WriteDataIntoEEPROMsegment.constprop.112
                0x00000000000886c3                pvZCL_HeapAlloc.part.0.44216.constprop.89
 .text          0x00000000000886fc      0xcfc C:\Users\1\AppData\Local\Temp\cc0xkuOe.ltrans6.ltrans.o
                0x0000000000088732                os_vAPP_cbEnableTickTimer
                0x00000000000887b2                os_vAPP_cbDisableTickTimer
                0x00000000000887f6                vRetryCcaFailure
                0x000000000008884a                eOrphanNotificationSent.131387
                0x0000000000088893                dbg_vPrintfImplNoneVerbose
                0x0000000000088d1a                eZCL_SearchForClusterEntry
                0x0000000000088d8f                eZCL_BuildTransmitAddressStructure
                0x0000000000088dfc                eZCL_FindCluster
                0x0000000000088e4d                eZCL_WriteLocalAttributeValue.constprop.102
                0x0000000000088f17                eCLD_IASZoneUpdateZoneID
                0x0000000000088f29                eCLD_IASZoneUpdateZoneState
                0x0000000000088f3a                eZCL_ReadLocalAttributeValue.constprop.28
                0x0000000000089000                vCLD_IdentifyTimerClickCallback.15058
                0x000000000008907b                APP_vSetLeds
                0x00000000000890cc                vUpdateKeepAliveTimer
                0x00000000000891f7                os_vAPP_SleepJoinFailed
                0x000000000008922d                os_vApp_cbBlinkLed
                0x0000000000089232                ZPS_bSecDecrypt
                0x0000000000089344                boPDM_IsBitmapSaturated.112873
                0x000000000008938d                vTouchInitHardware.3334
 .text          0x00000000000893f8     0x1078 C:\Users\1\AppData\Local\Temp\cc0xkuOe.ltrans7.ltrans.o
                0x0000000000089474                zps_vNwkHandleCmeLeaveReq
                0x00000000000894dc                zps_eNwkHandleSceLeave
                0x0000000000089662                vSendNetworkReport.116073
                0x000000000008973c                zps_psSendFrm.constprop.49
                0x0000000000089941                ZPS_vNwkHandleNldeReqRsp
                0x0000000000089b33                eUnfragmentedUnicastTransmission.58568
                0x0000000000089ebf                zps_eAplSendApsmeCmdFrame
                0x000000000008a05f                zps_eAplApsmeUpdateDeviceReqRsp.part.4.60132
                0x000000000008a1cb                zps_vAplApsmeCmdMgrRetryTimeout.59967
                0x000000000008a1f4                zps_psNwkSendRejoinReqCmd.constprop.8
                0x000000000008a256                zps_psSendNetworkStatusCmd
                0x000000000008a2ce                zps_eDefaultDataDcfm
 .text          0x000000000008a470     0x105d C:\Users\1\AppData\Local\Temp\cc0xkuOe.ltrans8.ltrans.o
                0x000000000008a4b9                zps_eNwkHandleSceRejnResponse
                0x000000000008a522                zps_vAplSaveRecord
                0x000000000008a5c3                vHandleJoinedNwk.6975
                0x000000000008a6a5                zps_bNwkFindAddIeeeAddr
                0x000000000008a823                zps_psFindKeyDescr
                0x000000000008a94f                zps_eAplSecEncryptPacket
                0x000000000008aa41                ZPS_bNwkNibAddrMapAddEntry
                0x000000000008ac08                eCheckAddrConflict.isra.3.116283
                0x000000000008ac9e                vAplSecRemoveLinkKey.65133
                0x000000000008ad1b                ZPS_vNwkSaveAllRecords
                0x000000000008ad32                zps_vSaveAllZpsRecords
                0x000000000008ad51                ZPS_vNwkNibSetExtPanId
                0x000000000008ad75                vFinish.126830
                0x000000000008adbd                ZPS_vNwkNibSetKeySeqNum
                0x000000000008add1                ZPS_vNwkNibSetDepth
                0x000000000008adfa                ZPS_vNwkNibSetPanId
                0x000000000008ae18                vHandleNwkRemoteUpdateAfterBcast.116077
                0x000000000008ae93                ZPS_vNwkNibSetCapabilityInfo
                0x000000000008aec0                ZPS_vNtSetUsedStatus
                0x000000000008af67                zps_sNwkNibNtCheckJoin
                0x000000000008b1ed                zps_vNwkHandleCmeDirectJoinReq
                0x000000000008b267                zps_vJoinInitNtParent
                0x000000000008b3bd                zps_vCheckActvNtForDuplicate
                0x000000000008b455                eSmeOrphScanDcfm.126840
 .text          0x000000000008b4cd      0xd48 C:\Users\1\AppData\Local\Temp\cc0xkuOe.ltrans9.ltrans.o
                0x000000000008b4cd                vPDM_MoveAllDataFromListToList
                0x000000000008b50b                vPDM_MoveAllDataWithBufferIdAndStateFromListToList
                0x000000000008b596                vPDM_MoveAllDataToDeAllocList
                0x000000000008b5be                vPDM_MoveAllDataWithBufferIdFromListToList
                0x000000000008b643                vPDM_DeleteAllSegmentsWithIdFromFileSystemList.constprop.81
                0x000000000008b685                vPDM_MoveFileRecordFromListToList
                0x000000000008b6a8                vPDM_MoveRecordToDeAllocList
                0x000000000008b6c8                iPDM_ReconstructReplacedDataTable
                0x000000000008b947                vPDM_ImageBitmapRepair.111896
                0x000000000008b9a8                vPDM_DeleteAppendedSequence
                0x000000000008ba4d                PDM_eSaveRecordData
                0x000000000008be82                ZPS_vNwkSaveRecord
                0x000000000008beae                ZPS_vNwkSaveNt
                0x000000000008bec1                ZPS_vNwkPurgeMacAddressAndRelatedEntries
                0x000000000008bfc7                zps_eNwkHandleSmeCommStatusInd
                0x000000000008c107                eUnsolicitedRejoinRspDataDcfm.116081
                0x000000000008c132                eRejoinRspDataDcfm.125648
                0x000000000008c201                ZPS_vNwkSaveSecMat
 *fill*         0x000000000008c215        0x3 00
 .text          0x000000000008c218      0xd08 C:\Users\1\AppData\Local\Temp\cc0xkuOe.ltrans10.ltrans.o
                0x000000000008c257                vSendMlmeCommStatusFromTxFrame
                0x000000000008c2ad                MAC_vHandleMlmeVsReqRsp.constprop.121
                0x000000000008c9d6                ZPS_vNwkHandleNlmeReqRsp
                0x000000000008ca50                zps_vAplAfPostEvent
                0x000000000008cc3d                zps_bAplZdoMgmtLeaveServer
                0x000000000008cdbd                vChangeChannelTimerExpiry.88724
                0x000000000008ce2c                eLeaveReset.127817
                0x000000000008ce97                eLeaveDataDcfmLocalLeave.127822
 .text          0x000000000008cf20      0xfa9 C:\Users\1\AppData\Local\Temp\cc0xkuOe.ltrans11.ltrans.o
                0x000000000008cf20                pwrm_Wakeup.3172
                0x000000000008d0bf                vOSError
                0x000000000008d116                os_vvDeviceStateIndicatorTask
                0x000000000008d1b1                OS_eEnterCriticalSection
                0x000000000008d279                PDUM_hAPduAllocateAPduInstance
                0x000000000008d2ed                zps_eAplZdoSendZdpResponse
                0x000000000008d336                bSendResponse.87543
                0x000000000008d379                PDUM_eAPduFreeAPduInstance
                0x000000000008d3fc                zps_bAplZdoMgmtLqiServer
                0x000000000008d628                PDM_eReadDataFromRecord.part.0.111220
                0x000000000008d6e9                ZPS_pvNwkCtor.part.0.115119
                0x000000000008d9d8                vLoadAplRecord.65067
                0x000000000008da0c                ZPS_eTsvStart
                0x000000000008da67                zps_eAplZdoBdrmRequestSend
                0x000000000008dae2                zps_eNwkHandleSceNwkUpdate
                0x000000000008db06                vProcessTimedList.116941
                0x000000000008db4c                zps_vAplAfPostTimerEvent
                0x000000000008db9b                zps_vNwkJoinStStartResponseTimer
                0x000000000008dbd4                ZPS_eTsvStop
                0x000000000008dc28                zps_eNwkBtrMatch
                0x000000000008dcb5                zps_vAplApsStopPollTimer.part.2.58474
                0x000000000008dd3c                bHasTimerFired.50000
                0x000000000008dda6                vConfigureScanTimer
                0x000000000008ddf2                eZCL_SetReceiveEventAddressStructure
                0x000000000008de71                DBG_vDumpStack
                0x000000000008deb3                vUnclaimedInterrupt
 .text          0x000000000008dec9     0x101d C:\Users\1\AppData\Local\Temp\cc0xkuOe.ltrans12.ltrans.o
                0x000000000008e185                zps_bAplZdoMatchDescServer
                0x000000000008e199                zps_bAplZdoNodeDescServer
                0x000000000008e305                zps_bAplZdoPowerDescServer
                0x000000000008e422                zps_bAplZdoActiveEpServer
                0x000000000008e50b                zps_bAplZdoSystemServerDiscoveryServer
                0x000000000008e594                zps_bAplZdoSimpleDescServer
                0x000000000008e7f5                PDUM_eNPduAllocate
                0x000000000008e864                zps_u8AplApsConstructAndPostLoopBackDataInd.58585
                0x000000000008e99d                PDUM_eNPduClone
                0x000000000008e9e9                PDUM_eNPduFree
                0x000000000008ea56                vPostVsMcpsDcfmInd.73034
                0x000000000008eb40                zps_vNwkMcpsMgrFreeReqDescr
                0x000000000008eb72                zps_psAllocateAndFormatMacHdr
                0x000000000008ecc5                zps_psNwkInitCmdFrame
                0x000000000008ed92                zps_vNwkRemoveConflictedBroadcast
                0x000000000008ede4                zps_vNwkMcpsMgrTidyBtrReqDescr
                0x000000000008ee28                vNwkBttTimerExpiry.122111
                0x000000000008eeaa                hZCL_AllocateAPduInstance
 *fill*         0x000000000008eee6        0x2 00
 .text          0x000000000008eee8      0xc7c C:\Users\1\AppData\Local\Temp\cc0xkuOe.ltrans13.ltrans.o
                0x000000000008eee8                zps_vNwkHandleCmeNwkDiscReq
                0x000000000008ef62                zps_vNwkHandleCmeSyncReq
                0x000000000008f15c                vHandleRejoinExpiry.126394
                0x000000000008f1fd                eSmeAsocAssocDcfm.127000
                0x000000000008f28d                eSmeRjPCPollDcfm.126996
                0x000000000008f2ce                eSceRjRsRejoinRsp.126964
                0x000000000008f3aa                vBbcIntHandler.130043
                0x000000000008f673                os_vzps_isrMAC
                0x000000000008f6b2                eAssocRespSent.130952
                0x000000000008f76e                zps_eNwkHandleSmeBeaconNotifyInd
                0x000000000008f7d0                zps_u8NwkHandleRejoinReq
                0x000000000008f8a4                zps_vNwkHandleCmeNwkJoinReq
 .text          0x000000000008fb64      0xcef C:\Users\1\AppData\Local\Temp\cc0xkuOe.ltrans14.ltrans.o
                0x000000000008fd2a                vIncrementFrameCounterInPdm.isra.0.118277
                0x000000000008ff09                vProcessListsForSubmission.117027
                0x00000000000902c5                zps_vNwkMcpsMgrPost
                0x00000000000902e9                zps_eNwkHandleSdeActvDcfmData
                0x00000000000903d0                vMcpsMgrTimeoutExpiry
                0x000000000009043f                PDM_vDeleteAllDataRecords
                0x00000000000904bc                iPDM_VerifyDataSequenceWithBufferId
                0x000000000009055e                vSaveIASZoneAttributes
                0x000000000009059d                zps_eAplZdoBind.constprop.18
                0x000000000009062b                zps_eAplApsmeUnBindReqRsp
                0x0000000000090691                bAplZdoBindUnbindServerProcessApdu
 .text          0x0000000000090853      0xbf6 C:\Users\1\AppData\Local\Temp\cc0xkuOe.ltrans15.ltrans.o
                0x0000000000090853                zps_bAplZdoIeeeAddrServer
                0x00000000000909a9                eBeaconReqSent.131391
                0x00000000000909d0                zps_bAplZdoNwkAddrServer
                0x0000000000090b51                vPDM_AddFileSystemElementToListInAscendingWearCountOrder
                0x0000000000090c5f                iPDM_WriteSegmentHeaderAndData
                0x0000000000090e5b                iPDM_SegmentCopyAndAppendData.constprop.109
                0x0000000000090eb8                eMakeEntryInBindingTable.60021
                0x0000000000090f62                vMiniMac_McpsCallback
                0x000000000009118e                eMcpsTxCompleteHandler.130244
                0x00000000000911bc                u8PDM_CalculateFileSystemCapacity
                0x00000000000911da                zps_vSendJoinDcfm
                0x0000000000091221                vGiveUp.126398
                0x0000000000091259                ZPS_bSecEncrypt
                0x000000000009140f                u8PostUnicastMsgToNHLE.58593
 *fill*         0x0000000000091449        0x3 00
 .text          0x000000000009144c      0xc84 C:\Users\1\AppData\Local\Temp\cc0xkuOe.ltrans16.ltrans.o
                0x000000000009144c                vAplSecAuthPollTimerExpiry.65017
                0x00000000000914a4                vAplSecAuthTimerExpiry.65021
                0x00000000000916f1                vPostApsdeDcfmInd.55991
                0x00000000000918f9                zps_vHandleApsdeDataFragIndNotSupported
                0x0000000000091961                eJoinNetwork.65080
                0x0000000000091a12                eDiscoverNetworks.65087
                0x0000000000091a6e                eStartNetworkDiscovery.65094
                0x0000000000091ad8                eStartRouter.65104
                0x0000000000091ba7                vPostApsmeDcfmInd.55984
                0x0000000000092007                zps_eAplZdoPoll
                0x0000000000092073                os_vAPP_PollTask
 .text          0x00000000000920d0      0xdcc C:\Users\1\AppData\Local\Temp\cc0xkuOe.ltrans17.ltrans.o
                0x00000000000922c3                vPostNldeDcfmInd.55998
                0x0000000000092d74                vMcpsMgrExpiry.116929
                0x0000000000092d9c                vAckTimeOutHandler
                0x0000000000092e47                ZPS_vNwkResetOutgoingFrameCounter
 .text          0x0000000000092e9c      0xf1f C:\Users\1\AppData\Local\Temp\cc0xkuOe.ltrans18.ltrans.o
                0x0000000000092e9c                os_bDummyMemberCheck.52753
                0x0000000000092ea1                os_vDefaultErrorHook.52749
                0x0000000000092ea4                APP_ZCL_cbGeneralCallback.5398
                0x0000000000092ea7                vWakeCallBack
                0x0000000000092eaa                vCbSystemController
                0x0000000000092f06                vExtendedStatusCallBack.3165
                0x0000000000092f09                os_bStrictCheck.1358
                0x00000000000931fc                pdum_u16WriteNBO
                0x000000000009330f                PDUM_u16SizeNBO
                0x000000000009336d                PDUM_thAPduInstanceGetApdu
                0x0000000000093388                PDUM_eAPduInstanceSetPayloadSize
                0x00000000000933b0                PDUM_eNPduWriteDataFromBuffer
                0x000000000009340a                PDUM_eNPduWriteDataToBuffer
                0x0000000000093468                PDUM_eNPduWriteFromBuffer
                0x0000000000093491                PDUM_eNPduDescend
                0x00000000000934b7                PDUM_eNPduAscend
                0x00000000000934dd                PDUM_eNPduClaimData
                0x000000000009354a                PDUM_eNPduClaimHeader
                0x000000000009356d                PDUM_eNPduInitDescending
                0x0000000000093588                eExpireSWTimer.52762
                0x00000000000935f3                vEnterErrorHook.52745
                0x000000000009361a                OS_eCollectMessage
                0x00000000000936df                OS_eGetSWTimerStatus
                0x0000000000093721                eZCL_SearchForEPentry
                0x0000000000093769                eZCL_SearchForEPentryAndCheckManufacturerId
                0x00000000000937a7                vZCL_PassEventToUser
                0x00000000000937d4                eZCL_DoesAttributeHaveReportableChange
                0x00000000000937f1                eZCL_GetAttributeReportableEntry
                0x00000000000938a9                vZCL_AlignNumericAttributeValueTo64.49463
                0x00000000000939b8                eZCL_GetAttributeTypeSize
                0x00000000000939d7                vZCL_MarkAttributeInvalid
                0x0000000000093aa6                u8ZCL_GetAttributeAllignToFourBytesBoundary
                0x0000000000093abb                pvZCL_GetAttributePointer
                0x0000000000093b31                eZCL_StoreChangeAttributeValue
                0x0000000000093bd0                u16ZCL_GetStringStructureSize
                0x0000000000093c0d                u16ZCL_GetStringAttributeTypeSizeFromBuffer
                0x0000000000093c7e                u16ZCL_GetStringSizeAndBufferFromStructure
                0x0000000000093d0d                eZCL_GetAttributeTypeSizeFromStructure
                0x0000000000093d86                vZCL_InitializeClusterInstance
                0x0000000000093d9b                eGetKeyCode.3234
 *fill*         0x0000000000093dbb        0x1 00
 .text          0x0000000000093dbc      0xe58 C:\Users\1\AppData\Local\Temp\cc0xkuOe.ltrans19.ltrans.o
                0x0000000000093f4e                zps_eNwkHandleSmeAssocInd
                0x00000000000940b4                vStartScanTimerExpiry.88728
                0x00000000000940f0                zps_vAplApsPollTimer
                0x0000000000094197                zps_sNwkLibSubmitScan
                0x00000000000941d0                zps_vNwkHandleCmeEdScanReq
                0x000000000009420f                vCheckSleepingSendPoll.part.1.126942
                0x0000000000094279                zps_vProcessChildAddrConflict
                0x000000000009433c                zps_eProcessAddrConflict
                0x00000000000944e9                eEZ_UpdateEZState
                0x00000000000946a4                vHandleJoinAndRejoinNWK.4111
 .text          0x0000000000094c14      0xbe8 C:\Users\1\AppData\Local\Temp\cc0xkuOe.ltrans20.ltrans.o
                0x0000000000094ccf                vZdoBdrmSendNextTimedRequest
                0x0000000000094f58                eZCL_TransmitDataRequest
                0x00000000000953f8                vReportTimerClickCallback
 .text          0x00000000000957fc      0xb08 C:\Users\1\AppData\Local\Temp\cc0xkuOe.ltrans21.ltrans.o
                0x00000000000957fc                eZCL_SendDefaultResponse
                0x00000000000958fb                vZCL_HandleAttributesWriteRequest
                0x0000000000095d8b                eZCL_CustomCommandReceive
                0x0000000000095f19                eCLD_IASZoneCommandHandler
                0x0000000000096014                eCLD_IASACECommandHandler
 .text          0x0000000000096304      0xbfc C:\Users\1\AppData\Local\Temp\cc0xkuOe.ltrans22.ltrans.o
                0x0000000000096457                vContinueRejoin.125644
                0x00000000000964fe                zps_vNwkHandleCmeNwkActvJoinReq
                0x000000000009650a                vSdeHandleMcpsDataInd.117007
                0x0000000000096bfa                ZPS_vNwkNibCheckAndUpdateAddresses
                0x0000000000096c96                zps_bAplZdoDeviceAnnceServer
 *fill*         0x0000000000096f00        0x0 00
 .text          0x0000000000096f00      0xb04 C:\Users\1\AppData\Local\Temp\cc0xkuOe.ltrans23.ltrans.o
                0x000000000009704e                eCLD_IdentifyCommandHandler
                0x000000000009719f                APP_ZCL_cbEndpointCallback.5395
                0x00000000000978d1                os_vAPP_ZHA_ACE_Task
 .text          0x0000000000097a04      0xb5e C:\Users\1\AppData\Local\Temp\cc0xkuOe.ltrans24.ltrans.o
                0x0000000000097a04                DBG_vUartInitHardware
                0x0000000000097b41                vMiniMac_NextTransaction
                0x0000000000097bab                vDLISTaddToHead
                0x0000000000097bd4                vDLISTaddToTail
                0x0000000000097bf7                psDLISTremove
                0x0000000000097c59                eCLD_IdentifyRegisterTimeServer.part.0.15065
                0x0000000000097c9c                eZCL_SearchForAttributeEntry
                0x0000000000097d35                iPDM_SearchForBufferIdInList
                0x0000000000097d6a                iPDM_SearchForBufferIdInFileSystem
                0x0000000000097d7d                iPDM_ReadUserDataFromSegmentWithId
                0x0000000000097db2                iPDM_SearchForSpecificSegmentInList
                0x0000000000097de4                psGetTxFrameBuffer
                0x0000000000097e23                psGetAndBuildCoordRealignment
                0x0000000000097e7b                eTransmit
                0x0000000000097f58                eBuildAndSend.131395
                0x0000000000097fcd                vPostTxActions.130663
                0x000000000009800a                vMiniMac_TxComplete
                0x00000000000980f0                vTimerFired
                0x00000000000981a8                vMiniMac_Init
 *fill*         0x0000000000098562        0x2 00
 .text          0x0000000000098564      0xa04 C:\Users\1\AppData\Local\Temp\cc0xkuOe.ltrans25.ltrans.o
                0x0000000000098564                eRejoinNetwork.65054
                0x0000000000098608                zps_eAplZdoRejoinNetwork
                0x0000000000098683                vAttemptDiscovery.7005
                0x0000000000098792                vPostNlmeDcfmInd.55977
                0x0000000000098e85                vEZ_JoinSavedNetwork.6759
                0x0000000000098f42                vHandleJoinFailed.6981
 .text          0x0000000000098f68      0xbc4 C:\Users\1\AppData\Local\Temp\cc0xkuOe.ltrans26.ltrans.o
                0x0000000000098f68                vMiniMac_MlmeCallback
                0x0000000000099271                eAssocReqSent.130964
                0x0000000000099506                vScanBeaconReceived
                0x0000000000099545                vPostDcfm.131406
                0x00000000000995b4                vScanNextChannel.131412
                0x00000000000997d1                vRunningRxCallback
                0x0000000000099ae1                ePollReqSent.131599
 .text          0x0000000000099b2c      0xb0e C:\Users\1\AppData\Local\Temp\cc0xkuOe.ltrans27.ltrans.o
                0x0000000000099b2c                zps_bAplZdoBindUnbindServer
                0x0000000000099c38                zps_bAplZdoDefaultServer
                0x0000000000099e99                zps_eZdpNodeDescResponse
                0x0000000000099f41                zps_eZdpSimpleDescResponse
                0x000000000009a04e                zps_eZdpIeeeAddrResponse
                0x000000000009a131                zps_eZdpPowerDescResponse
                0x000000000009a1ce                zps_eZdpActiveEpResponse
                0x000000000009a264                zps_eZdpMatchDescResponse
                0x000000000009a2fa                zps_eZdpSystemServerDiscoveryResponse
                0x000000000009a369                zps_eAplZdpMgmtLqiResponse
                0x000000000009a451                zps_eZdpMgmtNwkUpdateNotifyResponse
                0x000000000009a503                zps_eAplAfBoundDataReqNonBlocking
 .text          0x000000000009a63a      0x8b4 C:\Users\1\AppData\Local\Temp\cc0xkuOe.ltrans28.ltrans.o
                0x000000000009a63a                zps_bAplZdoMgmtNWKUpdateServer
                0x000000000009a9aa                zps_eZdpNwkAddrResponse
                0x000000000009aa8d                zps_bAplZdoMgmtBindServer
                0x000000000009ad7b                zps_bAplZdoZdoClient
                0x000000000009ae8b                zps_eAplZdpBindResponse
                0x000000000009aeac                zps_eZdpUnbindResponse
                0x000000000009aecd                zps_eZdpMgmtLeaveResponse
 .text          0x000000000009aeee      0x71c C:\Users\1\AppData\Local\Temp\cc0xkuOe.ltrans29.ltrans.o
                0x000000000009aeee                os_vzps_taskZPS
                0x000000000009b117                ZPS_vAplHandleApsdeReqRsp
                0x000000000009b540                zps_eAplZdpApsdeReqInternal
                0x000000000009b5af                zps_eAplZdpGenStatusOnlyResponse
 .text          0x000000000009b60a      0x5b6 C:\Users\1\AppData\Local\Temp\cc0xkuOe.ltrans30.ltrans.o
                0x000000000009b6d3                os_vAPP_SleepTask
                0x000000000009b74a                os_vAPP_PingTimerTask
                0x000000000009b7db                os_vZCL_Task
                0x000000000009b945                eZCL_CustomCommandSend.constprop.38
 .text          0x000000000009bbc0      0x49e C:\Users\1\AppData\Local\Temp\cc0xkuOe.ltrans31.ltrans.o
                0x000000000009bbc0                AppWarmStart
                0x000000000009bbda                AppColdStart
                0x000000000009be70                os_vUnclaimedInterrupt
                0x000000000009be82                os_vControlledIntCheck
                0x000000000009bec7                os_vControlledInterrupt
                0x000000000009bf00                os_vAPP_isrIllegalInstructionException
                0x000000000009bf16                os_vAPP_isrAlignmentException
                0x000000000009bf2c                os_vAPP_isrBusErrorException
                0x000000000009bf42                os_vAPP_isrUnimplementedModuleException
                0x000000000009bf58                os_vAPP_isrStackOverflowException
                0x000000000009bf6e                os_vAPP_isrTickTimer
 .text          0x000000000009c05e       0x25 c:/nxp/bstudio_nxp/workspace/sdk/tools/ba-elf-ba2-r36379/bin/../lib/gcc/ba-elf/4.7.4/../../../../ba-elf/lib/mcpu_jn51xx_sizeopt\libc.a(lib_a-memcmp.o)
                0x000000000009c05e                memcmp
 .text          0x000000000009c083       0x19 c:/nxp/bstudio_nxp/workspace/sdk/tools/ba-elf-ba2-r36379/bin/../lib/gcc/ba-elf/4.7.4/../../../../ba-elf/lib/mcpu_jn51xx_sizeopt\libc.a(lib_a-memcpy.o)
 .text          0x000000000009c09c       0x12 c:/nxp/bstudio_nxp/workspace/sdk/tools/ba-elf-ba2-r36379/bin/../lib/gcc/ba-elf/4.7.4/../../../../ba-elf/lib/mcpu_jn51xx_sizeopt\libc.a(lib_a-memset.o)
                0x000000000009c09c                memset
 *fill*         0x000000000009c0ae        0x2 00
 .text          0x000000000009c0b0      0x204 c:/nxp/bstudio_nxp/workspace/sdk/tools/ba-elf-ba2-r36379/bin/../lib/gcc/ba-elf/4.7.4/mcpu_jn51xx_sizeopt\libgcc.a(__udivsi3.o)
                0x000000000009c0b0                __udivsi3
 .text          0x000000000009c2b4       0x30 c:/nxp/bstudio_nxp/workspace/sdk/tools/ba-elf-ba2-r36379/bin/../lib/gcc/ba-elf/4.7.4/mcpu_jn51xx_sizeopt\libgcc.a(__divsi3.o)
                0x000000000009c2b4                __divsi3
 .text          0x000000000009c2e4      0x1b0 c:/nxp/bstudio_nxp/workspace/sdk/tools/ba-elf-ba2-r36379/bin/../lib/gcc/ba-elf/4.7.4/mcpu_jn51xx_sizeopt\libgcc.a(__umodsi3.o)
                0x000000000009c2e4                __umodsi3
 .text          0x000000000009c494       0x24 c:/nxp/bstudio_nxp/workspace/sdk/tools/ba-elf-ba2-r36379/bin/../lib/gcc/ba-elf/4.7.4/mcpu_jn51xx_sizeopt\libgcc.a(__modsi3.o)
                0x000000000009c494                __modsi3
 .text          0x000000000009c4b8      0x350 c:/nxp/bstudio_nxp/workspace/sdk/tools/ba-elf-ba2-r36379/bin/../lib/gcc/ba-elf/4.7.4/mcpu_jn51xx_sizeopt\libgcc.a(_udivdi3.o)
                0x000000000009c4b8                __udivdi3
 *fill*         0x000000000009c808        0x0 00
 .text          0x000000000009c808      0x168 c:/NXP/bstudio_nxp/workspace/JN-AN-1201-YCL/JN-AN-1201-ZigBee-Intruder-Alarm-System/ACE/Build/os_irq.o
                0x000000000009c808                os_ExternalException_W
                0x000000000009c84c                os_PIC_ChannelPriorities
                0x000000000009c85c                os_OSMIUM_HwVectTable
                0x000000000009c898                os_PIC_SwVectTable
 .text          0x000000000009c970       0x29 c:/NXP/bstudio_nxp/workspace/JN-AN-1201-YCL/JN-AN-1201-ZigBee-Intruder-Alarm-System/ACE/Build/os_irq_alignment.o
                0x000000000009c970                IRQ_Alignment
 .text          0x000000000009c999       0x29 c:/NXP/bstudio_nxp/workspace/JN-AN-1201-YCL/JN-AN-1201-ZigBee-Intruder-Alarm-System/ACE/Build/os_irq_buserror.o
                0x000000000009c999                IRQ_BusError
 .text          0x000000000009c9c2       0x29 c:/NXP/bstudio_nxp/workspace/JN-AN-1201-YCL/JN-AN-1201-ZigBee-Intruder-Alarm-System/ACE/Build/os_irq_illegalinstruction.o
                0x000000000009c9c2                IRQ_IllegalInstruction
 .text          0x000000000009c9eb       0x29 c:/NXP/bstudio_nxp/workspace/JN-AN-1201-YCL/JN-AN-1201-ZigBee-Intruder-Alarm-System/ACE/Build/os_irq_stackoverflowexception.o
                0x000000000009c9eb                IRQ_StackOverflowException
 .text          0x000000000009ca14       0x29 c:/NXP/bstudio_nxp/workspace/JN-AN-1201-YCL/JN-AN-1201-ZigBee-Intruder-Alarm-System/ACE/Build/os_irq_unimplementedmodule.o
                0x000000000009ca14                IRQ_UnimplementedModule
 *fill*         0x000000000009ca3d        0x3 00
 .text          0x000000000009ca40       0xc0 c:/NXP/bstudio_nxp/workspace/sdk/JN-SW-4168/Components/Library\libOS_JN516x.a(os_contirq_JN516x.o)
                0x000000000009ca40                os_ExternalException_R
                0x000000000009ca70                os_CFunc_W
                0x000000000009cac0                os_UnclaimedException_W
                0x000000000009cae0                os_UnclaimedInterrupt_W
 .text          0x000000000009cb00       0x48 c:/NXP/bstudio_nxp/workspace/sdk/JN-SW-4168/Components/Library\libPWRM_JN516x.a(pwrm_setjmp_JN516x.o)
                0x000000000009cb00                setjmp
                0x000000000009cb24                PWRM_longjmp
 .text          0x000000000009cb48       0x27 c:/NXP/bstudio_nxp/workspace/sdk/JN-SW-4168/Components/Library\libHardwareApi_JN5169.a(AHI_Interrupt.o)
                0x000000000009cb48                vAHI_InterruptSetPriority
                0x000000000009cb66                vAHI_InterruptSetActivePriorityLevel
 .text.vMicroSyscall
                0x000000000009cb6f       0x17 c:/NXP/bstudio_nxp/workspace/sdk/JN-SW-4168/Components/Library\libMicroSpecific_JN516x.a(MicroSyscall_ba.o)
                0x000000000009cb6f                vMicroSyscall
 .text          0x000000000009cb86        0x0 c:/NXP/bstudio_nxp/workspace/sdk/JN-SW-4168/Components/Library\libOS_JN516x.a(os_version_lc.o)
                0x000000000009cb86                OS_Version_1v2
 .text          0x000000000009cb86        0x0 c:/NXP/bstudio_nxp/workspace/sdk/JN-SW-4168/Components/Library\libZPSAPL_JN516x.a(zps_apl_version_lc.o)
                0x000000000009cb86                ZPS_APL_Version_2v0
 .text          0x000000000009cb86        0x0 c:/NXP/bstudio_nxp/workspace/sdk/JN-SW-4168/Components/Library\libZPSNWK_ZED_JN516x.a(zps_nwk_version_lc.o)
                0x000000000009cb86                ZPS_NWK_Version_2v0
                0x000000000009cb86                _flash_end = ABSOLUTE (.)

.rela.dyn       0x000000000009cb88        0x0
 .rela.text     0x0000000000000000        0x0 c:/NXP/bstudio_nxp/workspace/JN-AN-1201-YCL/JN-AN-1201-ZigBee-Intruder-Alarm-System/ACE/Build/os_irq.o
 .rela.data     0x0000000000000000        0x0 c:/NXP/bstudio_nxp/workspace/JN-AN-1201-YCL/JN-AN-1201-ZigBee-Intruder-Alarm-System/ACE/Build/os_irq.o
 .rela.rodata   0x0000000000000000        0x0 c:/NXP/bstudio_nxp/workspace/JN-AN-1201-YCL/JN-AN-1201-ZigBee-Intruder-Alarm-System/ACE/Build/os_irq.o
                0x000000000400004c                . = ORIGIN (ram)

.data           0x000000000400004c      0x7dc load address 0x000000000009cb88
                0x000000000400004c                _ram_data_start = ABSOLUTE (.)
 *(.data*)
 .data          0x000000000400004c       0x6c C:\Users\1\AppData\Local\Temp\cc0xkuOe.ltrans0.ltrans.o
                0x000000000400004c                u8MiniMacConfig_MaxConcurrentAssocResponses
                0x0000000004000050                psShadowRxBuffer
                0x0000000004000054                u32DefaultChannelMask.7320
 .data          0x00000000040000b8        0x4 C:\Users\1\AppData\Local\Temp\cc0xkuOe.ltrans2.ltrans.o
                0x00000000040000b8                u32HeapStart
 .data          0x00000000040000bc        0x2 C:\Users\1\AppData\Local\Temp\cc0xkuOe.ltrans6.ltrans.o
 *fill*         0x00000000040000be        0x2 00
 .data          0x00000000040000c0        0x4 C:\Users\1\AppData\Local\Temp\cc0xkuOe.ltrans12.ltrans.o
                0x00000000040000c0                bCanLoopback.58814
 .data          0x00000000040000c4        0x6 C:\Users\1\AppData\Local\Temp\cc0xkuOe.ltrans15.ltrans.o
 .data          0x00000000040000ca        0x1 C:\Users\1\AppData\Local\Temp\cc0xkuOe.ltrans16.ltrans.o
                0x00000000040000ca                u8KeepAliveTime.4671
 *fill*         0x00000000040000cb        0x1 00
 .data          0x00000000040000cc      0x17c C:\Users\1\AppData\Local\Temp\cc0xkuOe.ltrans18.ltrans.o
                0x00000000040000cc                s_asapduZCLInstances
                0x0000000004000180                s_asapduZDPInstances
 .data          0x0000000004000248        0x4 C:\Users\1\AppData\Local\Temp\cc0xkuOe.ltrans19.ltrans.o
 .data          0x000000000400024c        0x1 C:\Users\1\AppData\Local\Temp\cc0xkuOe.ltrans23.ltrans.o
                0x000000000400024c                bPingRespRcvd
 .data          0x000000000400024d        0x1 C:\Users\1\AppData\Local\Temp\cc0xkuOe.ltrans24.ltrans.o
 .data          0x000000000400024e        0x1 C:\Users\1\AppData\Local\Temp\cc0xkuOe.ltrans29.ltrans.o
 *fill*         0x000000000400024f        0x1 00
 .data          0x0000000004000250      0x5c0 C:\Users\1\AppData\Local\Temp\cc0xkuOe.ltrans31.ltrans.o
                0x0000000004000250                os_SWTimer_APP_cntrTickTimer_APP_LedBlinkTimer
                0x000000000400026c                os_Mutex_mutexMAC
                0x0000000004000274                os_Mutex_mutexZPS
                0x000000000400027c                s_sApl.2890
                0x00000000040003cc                os_SWTimer_APP_cntrTickTimer_APP_IndicatorTimer
                0x00000000040003e8                os_Message_APP_msgZpsEvents_ZCL
                0x000000000400040c                os_SWTimer_APP_cntrTickTimer_APP_TickTimer
                0x0000000004000428                os_Message_APP_msgZpsEvents
                0x000000000400044c                os_Message_APP_msgEvents
                0x0000000004000470                os_SWTimer_APP_cntrTickTimer_APP_JoinTimer
                0x000000000400048c                os_SWTimer_APP_cntrTickTimer_APP_BackOffTimer
                0x00000000040004a8                os_Message_zps_msgMlmeDcfmInd
                0x00000000040004cc                os_Message_zps_msgTimeEvents
                0x00000000040004f0                os_Message_zps_msgMcpsDcfmInd
                0x0000000004000514                os_Message_zps_msgMcpsDcfm
                0x0000000004000538                os_SWTimer_APP_cntrTickTimer_APP_PollTimer
                0x0000000004000554                os_SWTimer_APP_cntrTickTimer_App_PingTimer
                0x0000000004000570                os_SWTimer_APP_cntrTickTimer_APP_JoinFailedTimer
                0x000000000400058c                os_Task_vDeviceStateIndicatorTask
                0x0000000004000598                os_Task_ZCL_Task
                0x00000000040005a4                os_Task_APP_ZHA_ACE_Task
                0x00000000040005b0                os_Task_APP_SleepTask
                0x00000000040005bc                os_Task_zps_taskZPS
                0x00000000040005c8                os_Task_APP_PollTask
                0x00000000040005d4                os_Task_APP_PingTimerTask
                0x00000000040005e0                os_Task_APP_SleepJoinFailed
                0x00000000040005ec                u8AhiBaudRate.113339
                0x00000000040005f0                s_prbMemberCheck.52869
                0x00000000040005f4                s_prvErrorHook.52867
 .data.s_asAPduPool
                0x0000000004000810       0x18 c:/NXP/bstudio_nxp/workspace/JN-AN-1201-YCL/JN-AN-1201-ZigBee-Intruder-Alarm-System/ACE/Build/pdum_apdu.o
                0x0000000004000810                pdum_apduZDP
                0x0000000004000810                s_asAPduPool
                0x000000000400081c                pdum_apduZCL
 *(.data.*)
                0x0000000004000828                . = ALIGN (0x4)
                0x0000000004000828                _ram_data_end = ABSOLUTE (.)

.bss            0x0000000004000828     0x3db8 load address 0x000000000009d364
                0x0000000004000828                _bss_start = ABSOLUTE (.)
 *(.bss*)
 .bss           0x0000000004000828     0x15d0 C:\Users\1\AppData\Local\Temp\cc0xkuOe.ltrans0.ltrans.o
                0x0000000004000828                psNextWake.52940
                0x000000000400082c                s_bWakeTimerActive.52941
                0x0000000004000830                u32CalibrationValue.52939
                0x0000000004000834                s_ePowerMode.52942
                0x0000000004000836                gu16NumberOfSegments.133991
                0x0000000004000838                u8MaxNpdu.53150
                0x0000000004000839                u8Count.53149
                0x000000000400083c                s_psNPduPoolEnd.53152
                0x0000000004000840                s_psNPduPoolStart.53151
                0x0000000004000844                s_psFreeListHead.53148
                0x0000000004000848                s_hMutex.53147
                0x000000000400084c                s_hMutex.53267
                0x0000000004000850                s_asAPduPool.53266
                0x0000000004000854                pfExtendedStatusCallBack.115605
                0x0000000004000858                au32BaseCapacitances.3355
                0x0000000004000898                u32BaseMeasureSamples.3363
                0x000000000400089c                s_u32x.110993
                0x00000000040008a0                s_prExpireFn.134985
                0x00000000040008a4                s_hMutex.134984
                0x00000000040008a8                pvRxStore
                0x00000000040008ac                pvTxStore
                0x00000000040008b0                g_pvAplHandle
                0x00000000040008b4                s_hMacMutex
                0x00000000040008b8                s_sDcfmIndMgr.134749
                0x00000000040008c0                prAppMlmeGetBuffer
                0x00000000040008c4                prAppMlmeCallback
                0x00000000040008c8                zps_psNwk
                0x00000000040008cc                psFreeMsgListHead
                0x00000000040008d0                psActiveMsgListHead
                0x00000000040008d4                u8MiniMac_RunTimeOptions
                0x00000000040008d8                sMiniMacPib
                0x0000000004000974                sBeaconFilter.7315
                0x000000000400097c                psZCL_Common
                0x0000000004000980                bTimerRegistered.9309.15116
                0x0000000004000988                sDevice
                0x0000000004000c10                eIASDeviceState.5612
                0x0000000004000c18                sIASZoneDesc
                0x0000000004000c38                u16GroupId
                0x0000000004000c3c                psPDM_Common
                0x0000000004000c40                sDeviceDesc
                0x0000000004000c44                bDeepSleep
 .bss           0x0000000004001df8       0x10 C:\Users\1\AppData\Local\Temp\cc0xkuOe.ltrans1.ltrans.o
 .bss           0x0000000004001e08        0xc C:\Users\1\AppData\Local\Temp\cc0xkuOe.ltrans2.ltrans.o
 .bss           0x0000000004001e14       0x10 C:\Users\1\AppData\Local\Temp\cc0xkuOe.ltrans3.ltrans.o
 .bss           0x0000000004001e24       0x40 C:\Users\1\AppData\Local\Temp\cc0xkuOe.ltrans4.ltrans.o
 .bss           0x0000000004001e64      0x2c8 C:\Users\1\AppData\Local\Temp\cc0xkuOe.ltrans5.ltrans.o
                0x0000000004001e64                u32LocalLedMask.4025
 .bss.initinboot
                0x000000000400212c        0x4 C:\Users\1\AppData\Local\Temp\cc0xkuOe.ltrans5.ltrans.o
 .bss           0x0000000004002130       0x18 C:\Users\1\AppData\Local\Temp\cc0xkuOe.ltrans6.ltrans.o
                0x0000000004002130                vFlushFn.113283
                0x0000000004002134                vPutchFn.113278
 .bss           0x0000000004002148       0x48 C:\Users\1\AppData\Local\Temp\cc0xkuOe.ltrans7.ltrans.o
 .bss           0x0000000004002190       0x28 C:\Users\1\AppData\Local\Temp\cc0xkuOe.ltrans8.ltrans.o
                0x0000000004002190                apvAplPdmRecordsAddress
                0x00000000040021a8                au16AplPdmRecordsSize
 .bss           0x00000000040021b8        0xc C:\Users\1\AppData\Local\Temp\cc0xkuOe.ltrans9.ltrans.o
                0x00000000040021b8                a16NwkPdmRecordSizes
 .bss           0x00000000040021c4        0xc C:\Users\1\AppData\Local\Temp\cc0xkuOe.ltrans10.ltrans.o
                0x00000000040021c4                u8ScanBeaconsSeen.134788
                0x00000000040021c8                sThisDeviceMacAddr
 .bss           0x00000000040021d0       0x14 C:\Users\1\AppData\Local\Temp\cc0xkuOe.ltrans11.ltrans.o
                0x00000000040021d0                au16TimerSettings.133297
                0x00000000040021dc                s_psCurrentTask.52863
 .bss           0x00000000040021e4       0x34 C:\Users\1\AppData\Local\Temp\cc0xkuOe.ltrans12.ltrans.o
 .bss           0x0000000004002218       0x98 C:\Users\1\AppData\Local\Temp\cc0xkuOe.ltrans13.ltrans.o
                0x0000000004002218                aprTimerCallback
                0x0000000004002238                au32TimerCounter
                0x0000000004002258                sMiniMacInternal
                0x0000000004002284                s_psVsMcpsDcfmInd.74333
                0x0000000004002288                s_psMacDcfmInd.74332
 .bss           0x00000000040022b0        0x1 C:\Users\1\AppData\Local\Temp\cc0xkuOe.ltrans14.ltrans.o
                0x00000000040022b0                bIgnoreBroadcast
 .bss           0x00000000040022b1        0x2 C:\Users\1\AppData\Local\Temp\cc0xkuOe.ltrans15.ltrans.o
 *fill*         0x00000000040022b3        0x1 00
 .bss           0x00000000040022b4        0x2 C:\Users\1\AppData\Local\Temp\cc0xkuOe.ltrans16.ltrans.o
 .bss           0x00000000040022b6        0x1 C:\Users\1\AppData\Local\Temp\cc0xkuOe.ltrans17.ltrans.o
 *fill*         0x00000000040022b7        0x1 00
 .bss           0x00000000040022b8      0xc24 C:\Users\1\AppData\Local\Temp\cc0xkuOe.ltrans18.ltrans.o
 *fill*         0x0000000004002edc        0x4 00
 .bss           0x0000000004002ee0       0x98 C:\Users\1\AppData\Local\Temp\cc0xkuOe.ltrans19.ltrans.o
                0x0000000004002ee0                bRejoin.7318
                0x0000000004002ee8                sEZModeData.7313
 .bss           0x0000000004002f78        0x8 C:\Users\1\AppData\Local\Temp\cc0xkuOe.ltrans22.ltrans.o
                0x0000000004002f78                sMiniMacPhyPib
 .bss           0x0000000004002f80       0x14 C:\Users\1\AppData\Local\Temp\cc0xkuOe.ltrans23.ltrans.o
                0x0000000004002f80                u32PingTime
                0x0000000004002f84                u8PollCount.4672
                0x0000000004002f86                u16PingNwkAddr.8628
                0x0000000004002f88                bPingSent
 .bss           0x0000000004002f94       0x18 C:\Users\1\AppData\Local\Temp\cc0xkuOe.ltrans24.ltrans.o
                0x0000000004002f94                prIntHandler.132651
                0x0000000004002f98                sStoredMacData.130175
                0x0000000004002f9c                psTimerServerList
 .bss.initinboot
                0x0000000004002fac        0x1 C:\Users\1\AppData\Local\Temp\cc0xkuOe.ltrans24.ltrans.o
 *fill*         0x0000000004002fad        0x3 00
 .bss           0x0000000004002fb0       0x10 C:\Users\1\AppData\Local\Temp\cc0xkuOe.ltrans25.ltrans.o
                0x0000000004002fb0                psBeaconFilter
 .bss           0x0000000004002fc0        0xc C:\Users\1\AppData\Local\Temp\cc0xkuOe.ltrans27.ltrans.o
                0x0000000004002fc0                bDefaultServerIgnoreHandleMgmtUpdate
                0x0000000004002fc4                bBindLookup
                0x0000000004002fc8                psBindUnbindServerContext
 .bss           0x0000000004002fcc        0x8 C:\Users\1\AppData\Local\Temp\cc0xkuOe.ltrans29.ltrans.o
                0x0000000004002fcc                u32DataQueueCount
                0x0000000004002fd0                s_u16ActivityCounter
 .bss           0x0000000004002fd4        0x1 C:\Users\1\AppData\Local\Temp\cc0xkuOe.ltrans30.ltrans.o
 *fill*         0x0000000004002fd5        0xb 00
 .bss           0x0000000004002fe0     0x15c0 C:\Users\1\AppData\Local\Temp\cc0xkuOe.ltrans31.ltrans.o
                0x0000000004002fe0                s_sDefaultServerContext.2950
                0x0000000004002fe4                s_sMgmtBindServerContext.2885
                0x0000000004002fe8                s_sBindRequestServerContext.2886
                0x0000000004003028                s_sBindUnbindServerContext.2888
                0x0000000004003068                s_sMgmtNWKUpdateServerContext.2889
                0x00000000040030a8                s_sMgmtLeaveServerContext.2949
                0x00000000040030d0                s_sMgmtLqiServerContext.2948
                0x00000000040030d4                s_sSimpleDescServerContext.2947
                0x00000000040030d8                s_sMatchDescServerContext.2946
                0x00000000040030dc                s_sPowerDescServerContext.2945
                0x00000000040030e0                s_sNodeDescServerContext.2944
                0x00000000040030e4                s_sSystemServerDiscoveryServerContext.2943
                0x00000000040030e8                s_sIeeeAddrServerContext.2942
                0x00000000040030ec                s_sNwkAddrServerContext.2941